
{"utc": "2026-10-05T12:24:08.565765+00:00", "command": ["-m", "myjev.train", "--config", "results/longer-v1/4b/main/seed-22/sampled/config.json", "--data", "data/banking77/train.jsonl", "--output", "artifacts/longer-v1/4b/main/seed-22/sampled", "--method", "sampled", "--seed", "22", "--initial", "artifacts/longer-v1/4b/main/seed-22/sft/artifact"]}
Loading weights:   0%|          | 0/426 [00:00<?, ?it/s]Loading weights:  91%|█████████ | 388/426 [00:00<00:00, 3868.32it/s]Loading weights: 100%|██████████| 426/426 [00:00<00:00, 3940.10it/s]
wandb: Tracking run with wandb version 0.30.0
wandb: W&B syncing is set to `offline` in this directory. Run `wandb online` or set WANDB_MODE=online to enable cloud syncing.
wandb: Run data is saved locally in artifacts/longer-v1/4b/main/seed-22/sampled/tracking/wandb/offline-run-20261005_052423-y1q663rj
wandb: View this run in the terminal with `wandb leet`
[transformers] `causal_conv1d_fn` is falling back to its reference PyTorch implementation because `causal_conv1d` is not installed. This is correct but much slower; install `causal_conv1d` for the optimized kernel.
[transformers] `chunk_gated_delta_rule` is falling back to its reference PyTorch implementation because `flash-linear-attention` is not installed. This is correct but much slower; install `flash-linear-attention` for the optimized kernel.
{"step": 10, "loss": -3.747971117490367e-12, "examples": 10, "session_seconds": 13.241825199991581, "peak_vram_bytes": 9140812800}
{"step": 20, "loss": 4.457736805553447e-13, "examples": 20, "session_seconds": 26.74871272800374, "peak_vram_bytes": 9140812800}
{"step": 30, "loss": -6.211643062097711e-16, "examples": 30, "session_seconds": 39.83651680199546, "peak_vram_bytes": 9141540864}
{"step": 40, "loss": 0.0, "examples": 40, "session_seconds": 52.986210203001974, "peak_vram_bytes": 9180459008}
{"step": 50, "loss": 0.0, "examples": 50, "session_seconds": 66.65638304800086, "peak_vram_bytes": 9180459008}
{"step": 60, "loss": 0.0, "examples": 60, "session_seconds": 79.47379275299318, "peak_vram_bytes": 9180459008}
{"step": 70, "loss": 0.0, "examples": 70, "session_seconds": 91.8937261079991, "peak_vram_bytes": 9180459008}
{"step": 80, "loss": 1.1987161988664865e-14, "examples": 80, "session_seconds": 105.58310097099456, "peak_vram_bytes": 9180459008}
{"step": 90, "loss": 0.0, "examples": 90, "session_seconds": 118.36407191200124, "peak_vram_bytes": 9180459008}
{"step": 100, "loss": 2.4994523493287752e-15, "examples": 100, "session_seconds": 130.6655028709938, "peak_vram_bytes": 9180459008}
Warning: You are sending unauthenticated requests to the HF Hub. Please set a HF_TOKEN to enable higher rate limits and faster downloads.
{"step": 110, "loss": 0.0, "examples": 110, "session_seconds": 144.32025508300285, "peak_vram_bytes": 9185785344}
{"step": 120, "loss": 0.0, "examples": 120, "session_seconds": 156.02901162600028, "peak_vram_bytes": 9185785344}
{"step": 130, "loss": -5.017330312238292e-16, "examples": 130, "session_seconds": 167.99338486899796, "peak_vram_bytes": 9185785344}
{"step": 140, "loss": -1.2608229415481294e-15, "examples": 140, "session_seconds": 180.6841602719942, "peak_vram_bytes": 9185785344}
{"step": 150, "loss": -1.5875231257876394e-15, "examples": 150, "session_seconds": 192.8921491969959, "peak_vram_bytes": 9185785344}
{"step": 160, "loss": -0.01976582035422325, "examples": 160, "session_seconds": 204.922822980996, "peak_vram_bytes": 9185785344}
{"step": 170, "loss": -3.51671964898164e-15, "examples": 170, "session_seconds": 217.1274482680019, "peak_vram_bytes": 9192162816}
{"step": 180, "loss": 0.3302508294582367, "examples": 180, "session_seconds": 229.66471869200177, "peak_vram_bytes": 9192162816}
{"step": 190, "loss": -4.935321323438959e-15, "examples": 190, "session_seconds": 242.08150450600078, "peak_vram_bytes": 9192162816}
{"step": 200, "loss": 0.0, "examples": 200, "session_seconds": 254.2658488839952, "peak_vram_bytes": 9192162816}
{"step": 210, "loss": -7.50720473063687e-15, "examples": 210, "session_seconds": 266.63301827899704, "peak_vram_bytes": 9192162816}
{"step": 220, "loss": -2.1541153226673024e-15, "examples": 220, "session_seconds": 279.12946757399186, "peak_vram_bytes": 9192162816}
{"step": 230, "loss": 0.07108663022518158, "examples": 230, "session_seconds": 292.02800140099134, "peak_vram_bytes": 9192162816}
{"step": 240, "loss": -9.45499045064955e-16, "examples": 240, "session_seconds": 304.6484835339943, "peak_vram_bytes": 9192162816}
{"step": 250, "loss": -9.82447596312077e-15, "examples": 250, "session_seconds": 316.9324941849918, "peak_vram_bytes": 9192162816}
{"step": 260, "loss": 0.0, "examples": 260, "session_seconds": 329.787031283995, "peak_vram_bytes": 9192162816}
{"step": 270, "loss": 0.0, "examples": 270, "session_seconds": 341.5793098379945, "peak_vram_bytes": 9192162816}
{"step": 280, "loss": 0.0, "examples": 280, "session_seconds": 353.4507233829936, "peak_vram_bytes": 9192162816}
{"step": 290, "loss": -0.017081649973988533, "examples": 290, "session_seconds": 365.96991549499216, "peak_vram_bytes": 9192162816}
{"step": 300, "loss": 0.02756672166287899, "examples": 300, "session_seconds": 378.716544704992, "peak_vram_bytes": 9192162816}
{"step": 310, "loss": -8.055915956120877e-17, "examples": 310, "session_seconds": 391.28340814799594, "peak_vram_bytes": 9192162816}
{"step": 320, "loss": 0.2289537489414215, "examples": 320, "session_seconds": 403.4676179349917, "peak_vram_bytes": 9192162816}
{"step": 330, "loss": 0.0, "examples": 330, "session_seconds": 415.5577247140027, "peak_vram_bytes": 9192162816}
{"step": 340, "loss": -8.808417591241874e-14, "examples": 340, "session_seconds": 428.4852272470016, "peak_vram_bytes": 9192162816}
{"step": 350, "loss": 0.39854001998901367, "examples": 350, "session_seconds": 440.69462852900324, "peak_vram_bytes": 9192162816}
{"step": 360, "loss": 0.0, "examples": 360, "session_seconds": 452.7166001259902, "peak_vram_bytes": 9192162816}
{"step": 370, "loss": -2.000026527856566e-13, "examples": 370, "session_seconds": 464.66449906000344, "peak_vram_bytes": 9192162816}
{"step": 380, "loss": 0.0, "examples": 380, "session_seconds": 477.586707081995, "peak_vram_bytes": 9192162816}
{"step": 390, "loss": -3.0256595839883715e-12, "examples": 390, "session_seconds": 489.5652172659902, "peak_vram_bytes": 9192162816}
{"step": 400, "loss": 0.06856951862573624, "examples": 400, "session_seconds": 501.4408845319995, "peak_vram_bytes": 9192162816}
{"step": 410, "loss": -3.167472143947303e-12, "examples": 410, "session_seconds": 513.6142597659928, "peak_vram_bytes": 9192162816}
{"step": 420, "loss": 3.890921439209105e-12, "examples": 420, "session_seconds": 525.786893520999, "peak_vram_bytes": 9192162816}
{"step": 430, "loss": -0.060204457491636276, "examples": 430, "session_seconds": 537.7226264219935, "peak_vram_bytes": 9192162816}
{"step": 440, "loss": -9.634495892058004e-13, "examples": 440, "session_seconds": 549.9287961079972, "peak_vram_bytes": 9192162816}
{"step": 450, "loss": 0.0, "examples": 450, "session_seconds": 562.2394921239902, "peak_vram_bytes": 9192162816}
{"step": 460, "loss": -4.6175311838037025e-12, "examples": 460, "session_seconds": 574.1078367369919, "peak_vram_bytes": 9192162816}
{"step": 470, "loss": 0.18036797642707825, "examples": 470, "session_seconds": 586.024410137994, "peak_vram_bytes": 9192162816}
{"step": 480, "loss": -1.2368368482174041e-11, "examples": 480, "session_seconds": 598.0630658150039, "peak_vram_bytes": 9192162816}
{"step": 490, "loss": -0.5156247019767761, "examples": 490, "session_seconds": 609.8125169569976, "peak_vram_bytes": 9192162816}
{"step": 500, "loss": -0.4689846932888031, "examples": 500, "session_seconds": 621.7771111530019, "peak_vram_bytes": 9192162816}
{"step": 510, "loss": 0.0, "examples": 510, "session_seconds": 634.1346465599927, "peak_vram_bytes": 9192162816}
{"step": 520, "loss": 0.0, "examples": 520, "session_seconds": 646.227883902, "peak_vram_bytes": 9192162816}
{"step": 530, "loss": 0.0, "examples": 530, "session_seconds": 658.1482850159955, "peak_vram_bytes": 9192162816}
{"step": 540, "loss": -0.03884553536772728, "examples": 540, "session_seconds": 670.0670737890032, "peak_vram_bytes": 9192162816}
{"step": 550, "loss": -0.25004351139068604, "examples": 550, "session_seconds": 682.4249491880037, "peak_vram_bytes": 9192162816}
{"step": 560, "loss": 0.30377209186553955, "examples": 560, "session_seconds": 695.0271346819936, "peak_vram_bytes": 9192162816}
{"step": 570, "loss": 0.2377288043498993, "examples": 570, "session_seconds": 706.8334800489974, "peak_vram_bytes": 9192162816}
{"step": 580, "loss": -0.25479573011398315, "examples": 580, "session_seconds": 718.9050165259978, "peak_vram_bytes": 9192162816}
{"step": 590, "loss": 0.11469900608062744, "examples": 590, "session_seconds": 730.6905176799919, "peak_vram_bytes": 9192162816}
{"step": 600, "loss": -0.079874187707901, "examples": 600, "session_seconds": 742.6425978289917, "peak_vram_bytes": 9192162816}
{"step": 610, "loss": -0.04182041436433792, "examples": 610, "session_seconds": 755.159461408999, "peak_vram_bytes": 9192162816}
{"step": 620, "loss": 0.05052753910422325, "examples": 620, "session_seconds": 766.9683685479977, "peak_vram_bytes": 9192162816}
{"step": 630, "loss": 0.007261175662279129, "examples": 630, "session_seconds": 779.2026665019948, "peak_vram_bytes": 9192162816}
{"step": 640, "loss": -0.015771936625242233, "examples": 640, "session_seconds": 792.0548360620014, "peak_vram_bytes": 9192162816}
{"step": 650, "loss": 0.0312739834189415, "examples": 650, "session_seconds": 804.9017181029922, "peak_vram_bytes": 9192162816}
{"step": 660, "loss": 0.007026238366961479, "examples": 660, "session_seconds": 817.35504966999, "peak_vram_bytes": 9192162816}
{"step": 670, "loss": -1.304784893989563, "examples": 670, "session_seconds": 830.1504836069944, "peak_vram_bytes": 9192162816}
{"step": 680, "loss": -0.1097964271903038, "examples": 680, "session_seconds": 842.7205696180026, "peak_vram_bytes": 9192162816}
{"step": 690, "loss": -0.032940350472927094, "examples": 690, "session_seconds": 855.4510408030037, "peak_vram_bytes": 9192162816}
{"step": 700, "loss": -0.1188834086060524, "examples": 700, "session_seconds": 868.0411418290023, "peak_vram_bytes": 9192162816}
{"step": 710, "loss": -0.06389738619327545, "examples": 710, "session_seconds": 881.7304586629907, "peak_vram_bytes": 9192162816}
{"step": 720, "loss": -0.14666683971881866, "examples": 720, "session_seconds": 894.7470497199974, "peak_vram_bytes": 9192162816}
{"step": 730, "loss": -0.011600900441408157, "examples": 730, "session_seconds": 907.7756059499952, "peak_vram_bytes": 9192162816}
{"step": 740, "loss": -0.00813788827508688, "examples": 740, "session_seconds": 921.4168817320024, "peak_vram_bytes": 9192162816}
{"step": 750, "loss": -0.0626792162656784, "examples": 750, "session_seconds": 933.7097218249983, "peak_vram_bytes": 9192162816}
{"step": 760, "loss": -0.00343553745187819, "examples": 760, "session_seconds": 946.5449802219955, "peak_vram_bytes": 9192162816}
{"step": 770, "loss": -0.16339676082134247, "examples": 770, "session_seconds": 960.0169238239905, "peak_vram_bytes": 9192162816}
{"step": 780, "loss": -0.002432352863252163, "examples": 780, "session_seconds": 972.6109227080015, "peak_vram_bytes": 9192162816}
{"step": 790, "loss": -0.9025222063064575, "examples": 790, "session_seconds": 985.2656709570001, "peak_vram_bytes": 9192162816}
{"step": 800, "loss": -1.1667646169662476, "examples": 800, "session_seconds": 998.1786416169925, "peak_vram_bytes": 9192162816}
{"step": 810, "loss": 0.0001015649177134037, "examples": 810, "session_seconds": 1011.0157416159927, "peak_vram_bytes": 9192162816}
{"step": 820, "loss": 0.008297957479953766, "examples": 820, "session_seconds": 1023.7235013600002, "peak_vram_bytes": 9192162816}
{"step": 830, "loss": -0.002331797033548355, "examples": 830, "session_seconds": 1036.6783425879985, "peak_vram_bytes": 9192162816}
{"step": 840, "loss": 0.0022766231559216976, "examples": 840, "session_seconds": 1049.5696910489933, "peak_vram_bytes": 9192162816}
{"step": 850, "loss": -0.009844163432717323, "examples": 850, "session_seconds": 1062.2873322099913, "peak_vram_bytes": 9192162816}
{"step": 860, "loss": -0.05152564495801926, "examples": 860, "session_seconds": 1074.7623810229998, "peak_vram_bytes": 9192162816}
{"step": 870, "loss": -0.00022922968491911888, "examples": 870, "session_seconds": 1087.74145309499, "peak_vram_bytes": 9192162816}
{"step": 880, "loss": 0.32870417833328247, "examples": 880, "session_seconds": 1100.6905172359984, "peak_vram_bytes": 9192162816}
{"step": 890, "loss": -0.11625318974256516, "examples": 890, "session_seconds": 1113.2142273490026, "peak_vram_bytes": 9192162816}
{"step": 900, "loss": -0.0006741813849657774, "examples": 900, "session_seconds": 1126.2713918549998, "peak_vram_bytes": 9192162816}
{"step": 910, "loss": -0.0007097586058080196, "examples": 910, "session_seconds": 1139.1665252480016, "peak_vram_bytes": 9192162816}
{"step": 920, "loss": 0.0018096491694450378, "examples": 920, "session_seconds": 1151.6943166979909, "peak_vram_bytes": 9192162816}
{"step": 930, "loss": -0.003685364034026861, "examples": 930, "session_seconds": 1163.721096106994, "peak_vram_bytes": 9192162816}
{"step": 940, "loss": 0.080839604139328, "examples": 940, "session_seconds": 1176.0285036549903, "peak_vram_bytes": 9192162816}
{"step": 950, "loss": 0.22463972866535187, "examples": 950, "session_seconds": 1187.9255148119992, "peak_vram_bytes": 9192162816}
{"step": 960, "loss": -0.00016176747158169746, "examples": 960, "session_seconds": 1199.8215227740002, "peak_vram_bytes": 9192162816}
{"step": 970, "loss": -0.00880899652838707, "examples": 970, "session_seconds": 1212.1843493929919, "peak_vram_bytes": 9192162816}
{"step": 980, "loss": -0.006013987585902214, "examples": 980, "session_seconds": 1224.484652979998, "peak_vram_bytes": 9192162816}
{"step": 990, "loss": -0.003570874687284231, "examples": 990, "session_seconds": 1236.5582492340036, "peak_vram_bytes": 9192162816}
{"step": 1000, "loss": -0.007947254925966263, "examples": 1000, "session_seconds": 1248.6793200959946, "peak_vram_bytes": 9192162816}
{"step": 1010, "loss": -0.22596125304698944, "examples": 1010, "session_seconds": 1261.1682222859963, "peak_vram_bytes": 9192162816}
{"step": 1020, "loss": -0.01745171658694744, "examples": 1020, "session_seconds": 1272.9613915200025, "peak_vram_bytes": 9192162816}
{"step": 1030, "loss": -0.12589968740940094, "examples": 1030, "session_seconds": 1285.168744894996, "peak_vram_bytes": 9192162816}
{"step": 1040, "loss": 0.6695547699928284, "examples": 1040, "session_seconds": 1297.1175901520037, "peak_vram_bytes": 9192162816}
{"step": 1050, "loss": -0.00042004045099020004, "examples": 1050, "session_seconds": 1309.0307145019906, "peak_vram_bytes": 9192162816}
{"step": 1060, "loss": -0.08420991897583008, "examples": 1060, "session_seconds": 1321.1627565340023, "peak_vram_bytes": 9192162816}
{"step": 1070, "loss": -0.014750655740499496, "examples": 1070, "session_seconds": 1333.0781139219907, "peak_vram_bytes": 9192162816}
{"step": 1080, "loss": -0.002311017829924822, "examples": 1080, "session_seconds": 1345.0072561779962, "peak_vram_bytes": 9192162816}
{"step": 1090, "loss": -0.006289299577474594, "examples": 1090, "session_seconds": 1357.6253595750022, "peak_vram_bytes": 9192162816}
{"step": 1100, "loss": -0.018408462405204773, "examples": 1100, "session_seconds": 1370.260204694001, "peak_vram_bytes": 9192162816}
{"step": 1110, "loss": 0.00033179321326315403, "examples": 1110, "session_seconds": 1382.5238018029922, "peak_vram_bytes": 9192162816}
{"step": 1120, "loss": -0.012265362776815891, "examples": 1120, "session_seconds": 1394.4241379790037, "peak_vram_bytes": 9192162816}
{"step": 1130, "loss": -0.08632652461528778, "examples": 1130, "session_seconds": 1407.4559071730037, "peak_vram_bytes": 9192162816}
{"step": 1140, "loss": -0.000699200201779604, "examples": 1140, "session_seconds": 1420.0404135499994, "peak_vram_bytes": 9192162816}
{"step": 1150, "loss": 0.09230518341064453, "examples": 1150, "session_seconds": 1432.3430583509908, "peak_vram_bytes": 9192162816}
{"step": 1160, "loss": -0.0034091677516698837, "examples": 1160, "session_seconds": 1444.9925418319908, "peak_vram_bytes": 9192162816}
{"step": 1170, "loss": -0.00966839399188757, "examples": 1170, "session_seconds": 1457.3778725529992, "peak_vram_bytes": 9192162816}
{"step": 1180, "loss": -0.04204186052083969, "examples": 1180, "session_seconds": 1469.918111669991, "peak_vram_bytes": 9192162816}
{"step": 1190, "loss": -0.008771082386374474, "examples": 1190, "session_seconds": 1482.3481628199952, "peak_vram_bytes": 9192162816}
{"step": 1200, "loss": -0.0024702250957489014, "examples": 1200, "session_seconds": 1494.842797402991, "peak_vram_bytes": 9192162816}
{"step": 1210, "loss": -0.006531664170324802, "examples": 1210, "session_seconds": 1507.6043400859926, "peak_vram_bytes": 9192162816}
{"step": 1220, "loss": -0.006045456510037184, "examples": 1220, "session_seconds": 1520.1221444839903, "peak_vram_bytes": 9192162816}
{"step": 1230, "loss": -0.611825168132782, "examples": 1230, "session_seconds": 1532.2622331559978, "peak_vram_bytes": 9192162816}
{"step": 1240, "loss": -0.03574550151824951, "examples": 1240, "session_seconds": 1544.4918616779905, "peak_vram_bytes": 9192162816}
{"step": 1250, "loss": 0.2634388208389282, "examples": 1250, "session_seconds": 1556.6970366949972, "peak_vram_bytes": 9192162816}
{"step": 1260, "loss": -0.007095553912222385, "examples": 1260, "session_seconds": 1569.2375486899982, "peak_vram_bytes": 9192162816}
{"step": 1270, "loss": -0.004668091423809528, "examples": 1270, "session_seconds": 1581.0452366359968, "peak_vram_bytes": 9192162816}
{"step": 1280, "loss": -0.477678120136261, "examples": 1280, "session_seconds": 1593.7800714719924, "peak_vram_bytes": 9192162816}
{"step": 1290, "loss": 0.19300010800361633, "examples": 1290, "session_seconds": 1606.6721168209915, "peak_vram_bytes": 9192162816}
{"step": 1300, "loss": -0.03668583929538727, "examples": 1300, "session_seconds": 1618.9817820710014, "peak_vram_bytes": 9192162816}
{"step": 1310, "loss": 0.0787142664194107, "examples": 1310, "session_seconds": 1631.3213608299993, "peak_vram_bytes": 9192162816}
{"step": 1320, "loss": -0.00021521735470741987, "examples": 1320, "session_seconds": 1643.406851627995, "peak_vram_bytes": 9192162816}
{"step": 1330, "loss": -0.006274029612541199, "examples": 1330, "session_seconds": 1655.3081899639947, "peak_vram_bytes": 9192162816}
{"step": 1340, "loss": -0.0014978190883994102, "examples": 1340, "session_seconds": 1667.357385479001, "peak_vram_bytes": 9192162816}
{"step": 1350, "loss": 0.059301137924194336, "examples": 1350, "session_seconds": 1680.569855351001, "peak_vram_bytes": 9192162816}
{"step": 1360, "loss": -0.018051324412226677, "examples": 1360, "session_seconds": 1692.4767510620004, "peak_vram_bytes": 9192162816}
{"step": 1370, "loss": 0.02229076623916626, "examples": 1370, "session_seconds": 1704.4090866369952, "peak_vram_bytes": 9192162816}
{"step": 1380, "loss": -0.005261072423309088, "examples": 1380, "session_seconds": 1717.4447173189983, "peak_vram_bytes": 9192162816}
{"step": 1390, "loss": -0.0847323089838028, "examples": 1390, "session_seconds": 1729.7153466210002, "peak_vram_bytes": 9192162816}
{"step": 1400, "loss": 0.00021506065968424082, "examples": 1400, "session_seconds": 1741.6192537930037, "peak_vram_bytes": 9192162816}
{"step": 1410, "loss": -0.006737257353961468, "examples": 1410, "session_seconds": 1754.6579852330033, "peak_vram_bytes": 9192162816}
{"step": 1420, "loss": -0.005152319557964802, "examples": 1420, "session_seconds": 1766.8222804120014, "peak_vram_bytes": 9192162816}
{"step": 1430, "loss": -0.02806776389479637, "examples": 1430, "session_seconds": 1779.1687323649967, "peak_vram_bytes": 9192162816}
{"step": 1440, "loss": -0.012336336076259613, "examples": 1440, "session_seconds": 1792.1910649490019, "peak_vram_bytes": 9192162816}
{"step": 1450, "loss": -0.005116596352308989, "examples": 1450, "session_seconds": 1804.640695723996, "peak_vram_bytes": 9192162816}
{"step": 1460, "loss": -0.03625927120447159, "examples": 1460, "session_seconds": 1817.2336560519907, "peak_vram_bytes": 9192162816}
{"step": 1470, "loss": -0.01095707155764103, "examples": 1470, "session_seconds": 1829.9045527179987, "peak_vram_bytes": 9192162816}
{"step": 1480, "loss": -0.007396494969725609, "examples": 1480, "session_seconds": 1842.995668026997, "peak_vram_bytes": 9192162816}
{"step": 1490, "loss": -0.004520101938396692, "examples": 1490, "session_seconds": 1855.4947569529904, "peak_vram_bytes": 9192162816}
{"step": 1500, "loss": 0.0024216414894908667, "examples": 1500, "session_seconds": 1868.095955908997, "peak_vram_bytes": 9192162816}
{"step": 1510, "loss": 0.1611481010913849, "examples": 1510, "session_seconds": 1880.3500494100008, "peak_vram_bytes": 9192162816}
{"step": 1520, "loss": -0.00020428199786692858, "examples": 1520, "session_seconds": 1892.889978385996, "peak_vram_bytes": 9192162816}
{"step": 1530, "loss": -0.20723924040794373, "examples": 1530, "session_seconds": 1905.2279530649976, "peak_vram_bytes": 9192162816}
{"step": 1540, "loss": 0.11528046429157257, "examples": 1540, "session_seconds": 1918.0265408010018, "peak_vram_bytes": 9192162816}
{"step": 1550, "loss": -0.0068021416664123535, "examples": 1550, "session_seconds": 1930.9612577649968, "peak_vram_bytes": 9192162816}
{"step": 1560, "loss": -8.10949131846428e-06, "examples": 1560, "session_seconds": 1943.2786640179984, "peak_vram_bytes": 9192162816}
{"step": 1570, "loss": -0.004191308282315731, "examples": 1570, "session_seconds": 1955.86134055999, "peak_vram_bytes": 9192162816}
{"step": 1580, "loss": -0.05775315314531326, "examples": 1580, "session_seconds": 1968.541063932993, "peak_vram_bytes": 9192162816}
{"step": 1590, "loss": -0.0010314811952412128, "examples": 1590, "session_seconds": 1981.1962688350031, "peak_vram_bytes": 9192162816}
{"step": 1600, "loss": 0.0015730378217995167, "examples": 1600, "session_seconds": 1993.3346198959916, "peak_vram_bytes": 9192162816}
{"step": 1610, "loss": -0.0007236390374600887, "examples": 1610, "session_seconds": 2006.8490787920018, "peak_vram_bytes": 9192162816}
{"step": 1620, "loss": 0.21552100777626038, "examples": 1620, "session_seconds": 2019.764430900992, "peak_vram_bytes": 9192162816}
{"step": 1630, "loss": -0.0014730668626725674, "examples": 1630, "session_seconds": 2032.6538945089997, "peak_vram_bytes": 9192162816}
{"step": 1640, "loss": -0.0010657752864062786, "examples": 1640, "session_seconds": 2046.0261108010018, "peak_vram_bytes": 9192162816}
{"step": 1650, "loss": -0.00045835296623408794, "examples": 1650, "session_seconds": 2058.884744998999, "peak_vram_bytes": 9192162816}
{"step": 1660, "loss": -0.3054404854774475, "examples": 1660, "session_seconds": 2071.1869272719923, "peak_vram_bytes": 9192162816}
{"step": 1670, "loss": 0.6045682430267334, "examples": 1670, "session_seconds": 2083.2968235549924, "peak_vram_bytes": 9192162816}
{"step": 1680, "loss": -3.7376768887043e-05, "examples": 1680, "session_seconds": 2095.843206834994, "peak_vram_bytes": 9192162816}
{"step": 1690, "loss": -0.0002452582120895386, "examples": 1690, "session_seconds": 2107.9738079859962, "peak_vram_bytes": 9192162816}
{"step": 1700, "loss": -0.0011327564716339111, "examples": 1700, "session_seconds": 2119.948373071995, "peak_vram_bytes": 9192162816}
{"step": 1710, "loss": -0.0008588964119553566, "examples": 1710, "session_seconds": 2132.554883370991, "peak_vram_bytes": 9192162816}
{"step": 1720, "loss": -0.008490534499287605, "examples": 1720, "session_seconds": 2144.7032128919964, "peak_vram_bytes": 9192162816}
{"step": 1730, "loss": 0.00012091826647520065, "examples": 1730, "session_seconds": 2156.488848901994, "peak_vram_bytes": 9192162816}
{"step": 1740, "loss": -0.002449225867167115, "examples": 1740, "session_seconds": 2168.4886349829903, "peak_vram_bytes": 9192162816}
{"step": 1750, "loss": -0.011414021253585815, "examples": 1750, "session_seconds": 2180.3242354899994, "peak_vram_bytes": 9192162816}
{"step": 1760, "loss": 0.027085527777671814, "examples": 1760, "session_seconds": 2192.8987410249974, "peak_vram_bytes": 9192162816}
{"step": 1770, "loss": -0.0036994987167418003, "examples": 1770, "session_seconds": 2206.0655349739973, "peak_vram_bytes": 9192162816}
{"step": 1780, "loss": -0.10020999610424042, "examples": 1780, "session_seconds": 2218.8953071169963, "peak_vram_bytes": 9192162816}
{"step": 1790, "loss": -0.0007309372304007411, "examples": 1790, "session_seconds": 2231.3495259320043, "peak_vram_bytes": 9192162816}
{"step": 1800, "loss": -0.0013829891104251146, "examples": 1800, "session_seconds": 2244.0399823609914, "peak_vram_bytes": 9192162816}
{"step": 1810, "loss": 0.4820854961872101, "examples": 1810, "session_seconds": 2257.2474514109927, "peak_vram_bytes": 9192162816}
{"step": 1820, "loss": -0.0010191556066274643, "examples": 1820, "session_seconds": 2269.709755803997, "peak_vram_bytes": 9192162816}
{"step": 1830, "loss": -0.00685560517013073, "examples": 1830, "session_seconds": 2282.3849079100037, "peak_vram_bytes": 9192162816}
{"step": 1840, "loss": -0.00046140048652887344, "examples": 1840, "session_seconds": 2295.487436732001, "peak_vram_bytes": 9192162816}
{"step": 1850, "loss": -0.041664574295282364, "examples": 1850, "session_seconds": 2307.943156113004, "peak_vram_bytes": 9192162816}
{"step": 1860, "loss": -0.00021262560039758682, "examples": 1860, "session_seconds": 2320.0862414089934, "peak_vram_bytes": 9192162816}
{"step": 1870, "loss": -0.002830872079357505, "examples": 1870, "session_seconds": 2332.2817467720015, "peak_vram_bytes": 9192162816}
{"step": 1880, "loss": -0.0002643533516675234, "examples": 1880, "session_seconds": 2344.240296295, "peak_vram_bytes": 9192162816}
{"step": 1890, "loss": -0.0014223498292267323, "examples": 1890, "session_seconds": 2356.4655667299958, "peak_vram_bytes": 9192162816}
{"step": 1900, "loss": 0.09706888347864151, "examples": 1900, "session_seconds": 2369.2490442620037, "peak_vram_bytes": 9192162816}
{"step": 1910, "loss": 0.0694572925567627, "examples": 1910, "session_seconds": 2381.936717898003, "peak_vram_bytes": 9192162816}
{"step": 1920, "loss": -0.04676181077957153, "examples": 1920, "session_seconds": 2394.771228721991, "peak_vram_bytes": 9192162816}
{"step": 1930, "loss": -0.0028611174784600735, "examples": 1930, "session_seconds": 2407.097194253991, "peak_vram_bytes": 9192162816}
{"step": 1940, "loss": -0.10164420306682587, "examples": 1940, "session_seconds": 2419.5468398090015, "peak_vram_bytes": 9192162816}
{"step": 1950, "loss": -0.06271053850650787, "examples": 1950, "session_seconds": 2431.7322991340043, "peak_vram_bytes": 9192162816}
{"step": 1960, "loss": -0.0013020143378525972, "examples": 1960, "session_seconds": 2444.6025527349993, "peak_vram_bytes": 9192162816}
{"step": 1970, "loss": -0.001529137254692614, "examples": 1970, "session_seconds": 2457.4391976749903, "peak_vram_bytes": 9192162816}
{"step": 1980, "loss": -0.002218710258603096, "examples": 1980, "session_seconds": 2470.300633988998, "peak_vram_bytes": 9192162816}
{"step": 1990, "loss": -0.004196984227746725, "examples": 1990, "session_seconds": 2482.6576312760008, "peak_vram_bytes": 9192162816}
{"step": 2000, "loss": -0.0015054289251565933, "examples": 2000, "session_seconds": 2494.9519482609903, "peak_vram_bytes": 9192162816}
{"step": 2010, "loss": -0.0009757662191987038, "examples": 2010, "session_seconds": 2507.1948801209946, "peak_vram_bytes": 9192162816}
{"step": 2020, "loss": -0.14383460581302643, "examples": 2020, "session_seconds": 2519.083018364996, "peak_vram_bytes": 9192162816}
{"step": 2030, "loss": -0.0005984962917864323, "examples": 2030, "session_seconds": 2531.1809529159946, "peak_vram_bytes": 9192162816}
{"step": 2040, "loss": 0.2768125534057617, "examples": 2040, "session_seconds": 2543.003942765994, "peak_vram_bytes": 9192162816}
{"step": 2050, "loss": 0.023640766739845276, "examples": 2050, "session_seconds": 2554.9239551219944, "peak_vram_bytes": 9192162816}
{"step": 2060, "loss": -0.0045960210263729095, "examples": 2060, "session_seconds": 2568.034076126991, "peak_vram_bytes": 9192162816}
{"step": 2070, "loss": -0.0010477746836841106, "examples": 2070, "session_seconds": 2580.562057418996, "peak_vram_bytes": 9192162816}
{"step": 2080, "loss": -0.0037998706102371216, "examples": 2080, "session_seconds": 2592.4757328129926, "peak_vram_bytes": 9192162816}
{"step": 2090, "loss": -0.016044050455093384, "examples": 2090, "session_seconds": 2604.6302356209926, "peak_vram_bytes": 9192162816}
{"step": 2100, "loss": -0.000568134943023324, "examples": 2100, "session_seconds": 2616.4557692349917, "peak_vram_bytes": 9192162816}
{"step": 2110, "loss": -0.00243582297116518, "examples": 2110, "session_seconds": 2628.8243761149934, "peak_vram_bytes": 9192162816}
{"step": 2120, "loss": 0.7270535230636597, "examples": 2120, "session_seconds": 2640.9204260190018, "peak_vram_bytes": 9192162816}
{"step": 2130, "loss": -0.0020056702196598053, "examples": 2130, "session_seconds": 2652.816633957991, "peak_vram_bytes": 9192162816}
{"step": 2140, "loss": -0.004737228155136108, "examples": 2140, "session_seconds": 2664.588454331999, "peak_vram_bytes": 9192162816}
{"step": 2150, "loss": 0.31689417362213135, "examples": 2150, "session_seconds": 2676.754597577994, "peak_vram_bytes": 9192162816}
{"step": 2160, "loss": -0.01567472144961357, "examples": 2160, "session_seconds": 2688.5884823249944, "peak_vram_bytes": 9192162816}
{"step": 2170, "loss": -0.0011908684391528368, "examples": 2170, "session_seconds": 2700.699493477994, "peak_vram_bytes": 9192162816}
{"step": 2180, "loss": -0.004912271164357662, "examples": 2180, "session_seconds": 2712.8715563659935, "peak_vram_bytes": 9192162816}
{"step": 2190, "loss": -0.006239304784685373, "examples": 2190, "session_seconds": 2725.1237853519997, "peak_vram_bytes": 9192162816}
{"step": 2200, "loss": 0.0005043327109888196, "examples": 2200, "session_seconds": 2737.1395806509972, "peak_vram_bytes": 9192162816}
{"step": 2210, "loss": -0.0004625720903277397, "examples": 2210, "session_seconds": 2750.3667360529944, "peak_vram_bytes": 9192162816}
{"step": 2220, "loss": -0.0013215781655162573, "examples": 2220, "session_seconds": 2763.9181846339925, "peak_vram_bytes": 9192162816}
{"step": 2230, "loss": -0.006627079099416733, "examples": 2230, "session_seconds": 2776.5485455909948, "peak_vram_bytes": 9192162816}
{"step": 2240, "loss": -0.0015405334997922182, "examples": 2240, "session_seconds": 2789.0467891369917, "peak_vram_bytes": 9192162816}
{"step": 2250, "loss": -0.0014814992900937796, "examples": 2250, "session_seconds": 2801.5287855159986, "peak_vram_bytes": 9192162816}
{"step": 2260, "loss": -0.1107696145772934, "examples": 2260, "session_seconds": 2814.544541021998, "peak_vram_bytes": 9192162816}
{"step": 2270, "loss": -0.04736533761024475, "examples": 2270, "session_seconds": 2827.054530000998, "peak_vram_bytes": 9192162816}
{"step": 2280, "loss": -0.0021724533289670944, "examples": 2280, "session_seconds": 2839.390618491001, "peak_vram_bytes": 9192162816}
{"step": 2290, "loss": -0.1489855945110321, "examples": 2290, "session_seconds": 2851.2429189800023, "peak_vram_bytes": 9192162816}
{"step": 2300, "loss": -0.008983246982097626, "examples": 2300, "session_seconds": 2863.846421394992, "peak_vram_bytes": 9192162816}
{"step": 2310, "loss": 0.0006505572819150984, "examples": 2310, "session_seconds": 2877.248161812997, "peak_vram_bytes": 9192162816}
{"step": 2320, "loss": -0.005773848854005337, "examples": 2320, "session_seconds": 2889.669188535001, "peak_vram_bytes": 9192162816}
{"step": 2330, "loss": -0.0013856204459443688, "examples": 2330, "session_seconds": 2902.0668277450022, "peak_vram_bytes": 9192162816}
{"step": 2340, "loss": 0.00025140843354165554, "examples": 2340, "session_seconds": 2915.2215240539954, "peak_vram_bytes": 9192162816}
{"step": 2350, "loss": 1.0556488037109375, "examples": 2350, "session_seconds": 2928.004891313991, "peak_vram_bytes": 9192162816}
{"step": 2360, "loss": -0.0011796685867011547, "examples": 2360, "session_seconds": 2940.423420110994, "peak_vram_bytes": 9192162816}
{"step": 2370, "loss": -0.003472902812063694, "examples": 2370, "session_seconds": 2952.658800577992, "peak_vram_bytes": 9192162816}
{"step": 2380, "loss": 0.007007074076682329, "examples": 2380, "session_seconds": 2964.528835457997, "peak_vram_bytes": 9192162816}
{"step": 2390, "loss": -0.014653490856289864, "examples": 2390, "session_seconds": 2976.4014983679954, "peak_vram_bytes": 9192162816}
{"step": 2400, "loss": -0.003283345140516758, "examples": 2400, "session_seconds": 2989.0621343620005, "peak_vram_bytes": 9192162816}
{"step": 2410, "loss": -0.004890234209597111, "examples": 2410, "session_seconds": 3002.6114756710012, "peak_vram_bytes": 9192162816}
{"step": 2420, "loss": -0.0012281518429517746, "examples": 2420, "session_seconds": 3015.3297493260034, "peak_vram_bytes": 9192162816}
{"step": 2430, "loss": -0.013041682541370392, "examples": 2430, "session_seconds": 3028.0469278279925, "peak_vram_bytes": 9192162816}
{"step": 2440, "loss": -0.005189800169318914, "examples": 2440, "session_seconds": 3040.993776506002, "peak_vram_bytes": 9192162816}
{"step": 2450, "loss": -0.026635341346263885, "examples": 2450, "session_seconds": 3053.524938938004, "peak_vram_bytes": 9192162816}
{"step": 2460, "loss": -0.004520418122410774, "examples": 2460, "session_seconds": 3066.3286395489995, "peak_vram_bytes": 9192162816}
{"step": 2470, "loss": -0.0003566246305126697, "examples": 2470, "session_seconds": 3078.756219842995, "peak_vram_bytes": 9192162816}
{"step": 2480, "loss": -0.06857454776763916, "examples": 2480, "session_seconds": 3091.047958791998, "peak_vram_bytes": 9192162816}
{"step": 2490, "loss": 0.3391819894313812, "examples": 2490, "session_seconds": 3103.571945866992, "peak_vram_bytes": 9192162816}
{"step": 2500, "loss": -0.004282057285308838, "examples": 2500, "session_seconds": 3116.6801167910016, "peak_vram_bytes": 9193008640}
{"step": 2510, "loss": -0.0014119662810117006, "examples": 2510, "session_seconds": 3129.961227658001, "peak_vram_bytes": 9193008640}
{"step": 2520, "loss": 6.988593668211251e-05, "examples": 2520, "session_seconds": 3142.289637950991, "peak_vram_bytes": 9193008640}
{"step": 2530, "loss": -0.0012338778469711542, "examples": 2530, "session_seconds": 3155.107800302998, "peak_vram_bytes": 9193008640}
{"step": 2540, "loss": 0.000443226657807827, "examples": 2540, "session_seconds": 3167.8667877069965, "peak_vram_bytes": 9193008640}
{"step": 2550, "loss": -0.08244387805461884, "examples": 2550, "session_seconds": 3180.356222205999, "peak_vram_bytes": 9193008640}
{"step": 2560, "loss": -0.0060380250215530396, "examples": 2560, "session_seconds": 3193.195264947004, "peak_vram_bytes": 9193008640}
{"step": 2570, "loss": -0.37472206354141235, "examples": 2570, "session_seconds": 3205.60256086399, "peak_vram_bytes": 9193008640}
{"step": 2580, "loss": -0.13928158581256866, "examples": 2580, "session_seconds": 3218.370655175997, "peak_vram_bytes": 9193008640}
{"step": 2590, "loss": 0.07914741337299347, "examples": 2590, "session_seconds": 3231.2565272770007, "peak_vram_bytes": 9193008640}
{"step": 2600, "loss": -0.0007395034190267324, "examples": 2600, "session_seconds": 3244.5394808440033, "peak_vram_bytes": 9193008640}
{"step": 2610, "loss": -0.007756184786558151, "examples": 2610, "session_seconds": 3257.3483731559973, "peak_vram_bytes": 9193008640}
{"step": 2620, "loss": -0.004545989446341991, "examples": 2620, "session_seconds": 3269.6264841719967, "peak_vram_bytes": 9193008640}
{"step": 2630, "loss": -0.0030424995347857475, "examples": 2630, "session_seconds": 3282.96790901199, "peak_vram_bytes": 9193008640}
{"step": 2640, "loss": -0.0011750368867069483, "examples": 2640, "session_seconds": 3295.2252805369935, "peak_vram_bytes": 9193008640}
{"step": 2650, "loss": -0.04665163904428482, "examples": 2650, "session_seconds": 3307.1847746809945, "peak_vram_bytes": 9193008640}
{"step": 2660, "loss": -0.015761779621243477, "examples": 2660, "session_seconds": 3319.4217878319905, "peak_vram_bytes": 9193008640}
{"step": 2670, "loss": -0.006317528896033764, "examples": 2670, "session_seconds": 3331.5508341700042, "peak_vram_bytes": 9193008640}
{"step": 2680, "loss": 0.0003750843461602926, "examples": 2680, "session_seconds": 3344.013215700994, "peak_vram_bytes": 9193008640}
{"step": 2690, "loss": -0.00021135807037353516, "examples": 2690, "session_seconds": 3356.404804727994, "peak_vram_bytes": 9193008640}
{"step": 2700, "loss": 0.0011829298455268145, "examples": 2700, "session_seconds": 3369.93831563399, "peak_vram_bytes": 9193008640}
{"step": 2710, "loss": -0.03969317674636841, "examples": 2710, "session_seconds": 3382.320531563004, "peak_vram_bytes": 9193008640}
{"step": 2720, "loss": -0.0011761421337723732, "examples": 2720, "session_seconds": 3394.1953126890003, "peak_vram_bytes": 9193008640}
{"step": 2730, "loss": -0.0024767075665295124, "examples": 2730, "session_seconds": 3406.2860729609965, "peak_vram_bytes": 9193008640}
{"step": 2740, "loss": -0.0027308857534080744, "examples": 2740, "session_seconds": 3418.5192521209974, "peak_vram_bytes": 9193008640}
{"step": 2750, "loss": -0.015388049185276031, "examples": 2750, "session_seconds": 3430.5036837340012, "peak_vram_bytes": 9193008640}
{"step": 2760, "loss": 0.10698679834604263, "examples": 2760, "session_seconds": 3442.5532976609975, "peak_vram_bytes": 9193008640}
{"step": 2770, "loss": -0.000849470030516386, "examples": 2770, "session_seconds": 3454.769980470999, "peak_vram_bytes": 9193008640}
{"step": 2780, "loss": 0.04308000206947327, "examples": 2780, "session_seconds": 3466.8690581639967, "peak_vram_bytes": 9193008640}
{"step": 2790, "loss": -0.00537355849519372, "examples": 2790, "session_seconds": 3479.3249585379963, "peak_vram_bytes": 9193008640}
{"step": 2800, "loss": -0.0482073575258255, "examples": 2800, "session_seconds": 3491.1260032930004, "peak_vram_bytes": 9193008640}
{"step": 2810, "loss": -0.2541138827800751, "examples": 2810, "session_seconds": 3503.9221407279983, "peak_vram_bytes": 9193008640}
{"step": 2820, "loss": -0.00023384939413517714, "examples": 2820, "session_seconds": 3516.726594459993, "peak_vram_bytes": 9193008640}
{"step": 2830, "loss": -0.00553519744426012, "examples": 2830, "session_seconds": 3529.9545061149984, "peak_vram_bytes": 9193008640}
{"step": 2840, "loss": -0.004114189650863409, "examples": 2840, "session_seconds": 3542.629379816004, "peak_vram_bytes": 9193008640}
{"step": 2850, "loss": -0.0028169257566332817, "examples": 2850, "session_seconds": 3555.1720380879997, "peak_vram_bytes": 9193008640}
{"step": 2860, "loss": -0.00429571932181716, "examples": 2860, "session_seconds": 3568.117516854996, "peak_vram_bytes": 9193008640}
{"step": 2870, "loss": -0.0008365284884348512, "examples": 2870, "session_seconds": 3581.063966973001, "peak_vram_bytes": 9193008640}
{"step": 2880, "loss": -0.005436653271317482, "examples": 2880, "session_seconds": 3594.0473549229937, "peak_vram_bytes": 9193008640}
{"step": 2890, "loss": -0.015327920205891132, "examples": 2890, "session_seconds": 3607.3516626409983, "peak_vram_bytes": 9193008640}
{"step": 2900, "loss": 0.12123779207468033, "examples": 2900, "session_seconds": 3620.1870129399904, "peak_vram_bytes": 9193008640}
{"step": 2910, "loss": -0.007326383143663406, "examples": 2910, "session_seconds": 3633.095795004003, "peak_vram_bytes": 9193008640}
{"step": 2920, "loss": 0.09963241219520569, "examples": 2920, "session_seconds": 3646.612261941991, "peak_vram_bytes": 9193008640}
{"step": 2930, "loss": -0.011331599205732346, "examples": 2930, "session_seconds": 3659.5726641240035, "peak_vram_bytes": 9193008640}
{"step": 2940, "loss": -0.0016232943162322044, "examples": 2940, "session_seconds": 3672.013443221993, "peak_vram_bytes": 9193008640}
{"step": 2950, "loss": -0.006298830732703209, "examples": 2950, "session_seconds": 3684.803853723992, "peak_vram_bytes": 9193008640}
{"step": 2960, "loss": -0.01202676072716713, "examples": 2960, "session_seconds": 3697.885287554993, "peak_vram_bytes": 9193008640}
{"step": 2970, "loss": -0.0008835829794406891, "examples": 2970, "session_seconds": 3710.2184850159974, "peak_vram_bytes": 9193008640}
{"step": 2980, "loss": -0.0023264873307198286, "examples": 2980, "session_seconds": 3722.8673970859963, "peak_vram_bytes": 9193008640}
{"step": 2990, "loss": -0.05077437311410904, "examples": 2990, "session_seconds": 3735.959144633991, "peak_vram_bytes": 9193008640}
{"step": 3000, "loss": -0.011064570397138596, "examples": 3000, "session_seconds": 3748.67212944699, "peak_vram_bytes": 9193008640}
{"step": 3010, "loss": -0.08613757789134979, "examples": 3010, "session_seconds": 3761.828395809993, "peak_vram_bytes": 9193008640}
{"step": 3020, "loss": -0.016225555911660194, "examples": 3020, "session_seconds": 3774.61329990199, "peak_vram_bytes": 9193008640}
{"step": 3030, "loss": -0.00025717855896800756, "examples": 3030, "session_seconds": 3787.4390827769967, "peak_vram_bytes": 9193008640}
{"step": 3040, "loss": 0.040740665048360825, "examples": 3040, "session_seconds": 3800.102917078999, "peak_vram_bytes": 9193008640}
{"step": 3050, "loss": -0.0010812748223543167, "examples": 3050, "session_seconds": 3812.639977454004, "peak_vram_bytes": 9193008640}
{"step": 3060, "loss": -0.00223690178245306, "examples": 3060, "session_seconds": 3824.398188459003, "peak_vram_bytes": 9193008640}
{"step": 3070, "loss": -0.0017202377784997225, "examples": 3070, "session_seconds": 3837.149191552002, "peak_vram_bytes": 9193008640}
{"step": 3080, "loss": -2.5324057787656784e-05, "examples": 3080, "session_seconds": 3849.8471868100023, "peak_vram_bytes": 9193008640}
{"step": 3090, "loss": -0.0010465458035469055, "examples": 3090, "session_seconds": 3862.6541997159948, "peak_vram_bytes": 9193008640}
{"step": 3100, "loss": 0.22211295366287231, "examples": 3100, "session_seconds": 3875.226913990002, "peak_vram_bytes": 9193008640}
{"step": 3110, "loss": -0.014959212392568588, "examples": 3110, "session_seconds": 3888.1879463840014, "peak_vram_bytes": 9193008640}
{"step": 3120, "loss": -0.01375926099717617, "examples": 3120, "session_seconds": 3900.9046000639937, "peak_vram_bytes": 9193008640}
{"step": 3130, "loss": -0.05596259981393814, "examples": 3130, "session_seconds": 3913.959699999992, "peak_vram_bytes": 9193008640}
{"step": 3140, "loss": -0.018891673535108566, "examples": 3140, "session_seconds": 3926.835292871998, "peak_vram_bytes": 9193008640}
{"step": 3150, "loss": -0.007883191108703613, "examples": 3150, "session_seconds": 3939.402780082004, "peak_vram_bytes": 9193008640}
{"step": 3160, "loss": -0.0038316803984344006, "examples": 3160, "session_seconds": 3951.246566336995, "peak_vram_bytes": 9193008640}
{"step": 3170, "loss": 0.00047184363938868046, "examples": 3170, "session_seconds": 3963.9552394509956, "peak_vram_bytes": 9193008640}
{"step": 3180, "loss": -0.01428775954991579, "examples": 3180, "session_seconds": 3976.7920750460034, "peak_vram_bytes": 9193008640}
{"step": 3190, "loss": -0.000349787762388587, "examples": 3190, "session_seconds": 3989.589542376998, "peak_vram_bytes": 9193008640}
{"step": 3200, "loss": 0.06146227568387985, "examples": 3200, "session_seconds": 4002.111198106999, "peak_vram_bytes": 9193008640}
{"step": 3210, "loss": -0.015862341970205307, "examples": 3210, "session_seconds": 4015.833538174993, "peak_vram_bytes": 9193008640}
{"step": 3220, "loss": -0.0012066711205989122, "examples": 3220, "session_seconds": 4029.349184726001, "peak_vram_bytes": 9193008640}
{"step": 3230, "loss": 0.17233192920684814, "examples": 3230, "session_seconds": 4042.1193731559906, "peak_vram_bytes": 9193008640}
{"step": 3240, "loss": -0.0026628226041793823, "examples": 3240, "session_seconds": 4054.649081384996, "peak_vram_bytes": 9193008640}
{"step": 3250, "loss": -0.0013653547503054142, "examples": 3250, "session_seconds": 4067.26730231299, "peak_vram_bytes": 9193008640}
{"step": 3260, "loss": -0.03339025005698204, "examples": 3260, "session_seconds": 4079.448571836998, "peak_vram_bytes": 9193008640}
{"step": 3270, "loss": -0.009512040764093399, "examples": 3270, "session_seconds": 4091.659156758993, "peak_vram_bytes": 9193008640}
{"step": 3280, "loss": -0.18247583508491516, "examples": 3280, "session_seconds": 4104.680643699001, "peak_vram_bytes": 9193008640}
{"step": 3290, "loss": 0.21048808097839355, "examples": 3290, "session_seconds": 4117.5112251809915, "peak_vram_bytes": 9193008640}
{"step": 3300, "loss": -0.07655460387468338, "examples": 3300, "session_seconds": 4130.079652140994, "peak_vram_bytes": 9193008640}
{"step": 3310, "loss": -0.0002189120277762413, "examples": 3310, "session_seconds": 4142.745688103998, "peak_vram_bytes": 9193008640}
{"step": 3320, "loss": -0.004749799147248268, "examples": 3320, "session_seconds": 4155.786759363997, "peak_vram_bytes": 9193008640}
{"step": 3330, "loss": -0.057227641344070435, "examples": 3330, "session_seconds": 4168.8355371959915, "peak_vram_bytes": 9193008640}
{"step": 3340, "loss": -0.0015404901932924986, "examples": 3340, "session_seconds": 4180.9527325669915, "peak_vram_bytes": 9193008640}
{"step": 3350, "loss": -0.0013723913580179214, "examples": 3350, "session_seconds": 4192.923687767994, "peak_vram_bytes": 9193008640}
{"step": 3360, "loss": -0.0026194520760327578, "examples": 3360, "session_seconds": 4204.837532282996, "peak_vram_bytes": 9193008640}
{"step": 3370, "loss": -0.003202049760147929, "examples": 3370, "session_seconds": 4216.731332266994, "peak_vram_bytes": 9193008640}
{"step": 3380, "loss": -0.003257586620748043, "examples": 3380, "session_seconds": 4228.810764380993, "peak_vram_bytes": 9193008640}
{"step": 3390, "loss": -0.045613646507263184, "examples": 3390, "session_seconds": 4240.7445488369995, "peak_vram_bytes": 9193008640}
{"step": 3400, "loss": -0.007827945053577423, "examples": 3400, "session_seconds": 4252.6608879999985, "peak_vram_bytes": 9193008640}
{"step": 3410, "loss": -0.01188051886856556, "examples": 3410, "session_seconds": 4265.176418182993, "peak_vram_bytes": 9193008640}
{"step": 3420, "loss": -0.0011901927646249533, "examples": 3420, "session_seconds": 4277.004590408993, "peak_vram_bytes": 9193008640}
{"step": 3430, "loss": -0.0028456435538828373, "examples": 3430, "session_seconds": 4288.761390514992, "peak_vram_bytes": 9193008640}
{"step": 3440, "loss": -0.00039318209746852517, "examples": 3440, "session_seconds": 4300.843038990992, "peak_vram_bytes": 9193008640}
{"step": 3450, "loss": -0.0025207502767443657, "examples": 3450, "session_seconds": 4312.577163042995, "peak_vram_bytes": 9193008640}
{"step": 3460, "loss": -0.0007963341195136309, "examples": 3460, "session_seconds": 4324.315646827003, "peak_vram_bytes": 9193008640}
{"step": 3470, "loss": -0.00020386057440191507, "examples": 3470, "session_seconds": 4336.520145076996, "peak_vram_bytes": 9193008640}
{"step": 3480, "loss": -0.3315313458442688, "examples": 3480, "session_seconds": 4348.414630517, "peak_vram_bytes": 9193008640}
{"step": 3490, "loss": -0.012535220943391323, "examples": 3490, "session_seconds": 4360.254960074002, "peak_vram_bytes": 9193008640}
{"step": 3500, "loss": 0.1305471956729889, "examples": 3500, "session_seconds": 4372.368534891997, "peak_vram_bytes": 9193008640}
{"step": 3510, "loss": -0.005408959463238716, "examples": 3510, "session_seconds": 4384.671872384002, "peak_vram_bytes": 9193008640}
{"step": 3520, "loss": -0.00379697373136878, "examples": 3520, "session_seconds": 4396.516783359999, "peak_vram_bytes": 9193008640}
{"step": 3530, "loss": 0.24562963843345642, "examples": 3530, "session_seconds": 4408.376079006994, "peak_vram_bytes": 9193008640}
{"step": 3540, "loss": 0.002794422209262848, "examples": 3540, "session_seconds": 4420.4789966690005, "peak_vram_bytes": 9193008640}
{"step": 3550, "loss": -0.0010406776564195752, "examples": 3550, "session_seconds": 4432.302288356004, "peak_vram_bytes": 9193008640}
{"step": 3560, "loss": -0.0031786602921783924, "examples": 3560, "session_seconds": 4444.138408465995, "peak_vram_bytes": 9193008640}
{"step": 3570, "loss": -0.1455230712890625, "examples": 3570, "session_seconds": 4456.322376261, "peak_vram_bytes": 9193008640}
{"step": 3580, "loss": -0.14434465765953064, "examples": 3580, "session_seconds": 4468.108816608001, "peak_vram_bytes": 9193008640}
{"step": 3590, "loss": -0.00821263249963522, "examples": 3590, "session_seconds": 4479.852204109993, "peak_vram_bytes": 9193008640}
{"step": 3600, "loss": -0.005054710432887077, "examples": 3600, "session_seconds": 4492.014951958001, "peak_vram_bytes": 9193008640}
{"step": 3610, "loss": 0.0003507354995235801, "examples": 3610, "session_seconds": 4504.268498441001, "peak_vram_bytes": 9193008640}
{"step": 3620, "loss": -0.004653275012969971, "examples": 3620, "session_seconds": 4516.133711603994, "peak_vram_bytes": 9193008640}
{"step": 3630, "loss": -0.016281789168715477, "examples": 3630, "session_seconds": 4528.551576718004, "peak_vram_bytes": 9193008640}
{"step": 3640, "loss": -4.975753836333752e-05, "examples": 3640, "session_seconds": 4541.56888566399, "peak_vram_bytes": 9193008640}
{"step": 3650, "loss": -0.013685179874300957, "examples": 3650, "session_seconds": 4553.680032762, "peak_vram_bytes": 9193008640}
{"step": 3660, "loss": -0.00027926883194595575, "examples": 3660, "session_seconds": 4565.921731962997, "peak_vram_bytes": 9193008640}
{"step": 3670, "loss": -0.051351599395275116, "examples": 3670, "session_seconds": 4577.929990360004, "peak_vram_bytes": 9193008640}
{"step": 3680, "loss": -0.00669449707493186, "examples": 3680, "session_seconds": 4589.811685414999, "peak_vram_bytes": 9193008640}
{"step": 3690, "loss": -0.15678250789642334, "examples": 3690, "session_seconds": 4602.321692633996, "peak_vram_bytes": 9193008640}
{"step": 3700, "loss": -0.0010523535311222076, "examples": 3700, "session_seconds": 4615.330313867991, "peak_vram_bytes": 9193008640}
{"step": 3710, "loss": 3.7661055102944374e-05, "examples": 3710, "session_seconds": 4627.7054839409975, "peak_vram_bytes": 9193008640}
{"step": 3720, "loss": -0.003563892561942339, "examples": 3720, "session_seconds": 4640.7065944450005, "peak_vram_bytes": 9193008640}
{"step": 3730, "loss": -0.0006799946422688663, "examples": 3730, "session_seconds": 4653.47777171999, "peak_vram_bytes": 9193008640}
{"step": 3740, "loss": -0.1889912188053131, "examples": 3740, "session_seconds": 4666.4365416770015, "peak_vram_bytes": 9193008640}
{"step": 3750, "loss": -0.003946524113416672, "examples": 3750, "session_seconds": 4679.499737630002, "peak_vram_bytes": 9193008640}
{"step": 3760, "loss": -0.002124479738995433, "examples": 3760, "session_seconds": 4692.920600986996, "peak_vram_bytes": 9193008640}
{"step": 3770, "loss": 0.0005484021385200322, "examples": 3770, "session_seconds": 4705.911056386001, "peak_vram_bytes": 9193008640}
{"step": 3780, "loss": 8.024752605706453e-05, "examples": 3780, "session_seconds": 4718.5489772059955, "peak_vram_bytes": 9193008640}
{"step": 3790, "loss": 0.0001021367497742176, "examples": 3790, "session_seconds": 4730.894345463996, "peak_vram_bytes": 9193008640}
{"step": 3800, "loss": -0.0009815092198550701, "examples": 3800, "session_seconds": 4743.618962566994, "peak_vram_bytes": 9193008640}
{"step": 3810, "loss": -0.002425829879939556, "examples": 3810, "session_seconds": 4756.623877114995, "peak_vram_bytes": 9193008640}
{"step": 3820, "loss": -0.0017092213965952396, "examples": 3820, "session_seconds": 4769.527506874001, "peak_vram_bytes": 9193008640}
{"step": 3830, "loss": -0.002534091705456376, "examples": 3830, "session_seconds": 4782.184485684003, "peak_vram_bytes": 9193008640}
{"step": 3840, "loss": -0.0016434966819360852, "examples": 3840, "session_seconds": 4794.855592680993, "peak_vram_bytes": 9193008640}
{"step": 3850, "loss": 0.004539851099252701, "examples": 3850, "session_seconds": 4807.643654354004, "peak_vram_bytes": 9193008640}
{"step": 3860, "loss": 0.08214815706014633, "examples": 3860, "session_seconds": 4820.401812912998, "peak_vram_bytes": 9193008640}
{"step": 3870, "loss": -0.0022730128839612007, "examples": 3870, "session_seconds": 4833.455570097998, "peak_vram_bytes": 9193008640}
{"step": 3880, "loss": -0.4117695093154907, "examples": 3880, "session_seconds": 4846.2647245650005, "peak_vram_bytes": 9193008640}
{"step": 3890, "loss": -0.0008784318342804909, "examples": 3890, "session_seconds": 4859.533432978002, "peak_vram_bytes": 9193008640}
{"step": 3900, "loss": -0.004954591393470764, "examples": 3900, "session_seconds": 4872.223415266999, "peak_vram_bytes": 9193008640}
{"step": 3910, "loss": -0.005728566087782383, "examples": 3910, "session_seconds": 4884.940087110997, "peak_vram_bytes": 9193008640}
{"step": 3920, "loss": -0.006689101457595825, "examples": 3920, "session_seconds": 4897.360898165993, "peak_vram_bytes": 9193008640}
{"step": 3930, "loss": -0.005491005256772041, "examples": 3930, "session_seconds": 4909.160398578999, "peak_vram_bytes": 9193008640}
{"step": 3940, "loss": -0.00817013531923294, "examples": 3940, "session_seconds": 4921.631872814003, "peak_vram_bytes": 9193008640}
{"step": 3950, "loss": 0.06696653366088867, "examples": 3950, "session_seconds": 4933.527500105993, "peak_vram_bytes": 9193008640}
{"step": 3960, "loss": 0.0003266632556915283, "examples": 3960, "session_seconds": 4945.631667149995, "peak_vram_bytes": 9193008640}
{"step": 3970, "loss": -0.005575057119131088, "examples": 3970, "session_seconds": 4957.488413455998, "peak_vram_bytes": 9193008640}
{"step": 3980, "loss": -0.008307062089443207, "examples": 3980, "session_seconds": 4969.511901999998, "peak_vram_bytes": 9193008640}
{"step": 3990, "loss": -0.0782502070069313, "examples": 3990, "session_seconds": 4981.99353184599, "peak_vram_bytes": 9193008640}
{"step": 4000, "loss": -0.00629563769325614, "examples": 4000, "session_seconds": 4994.720346086004, "peak_vram_bytes": 9193008640}
wandb: 
wandb: Run history:
wandb:        examples ▁▁▁▁▁▂▂▂▂▃▃▃▃▄▄▄▄▄▄▄▅▅▅▅▆▆▆▆▆▆▇▇▇▇▇█████
wandb:            loss ▅▅▅▅▅▅▅▅▅▄▄▃▅▂█▅▅▅▅▃▅▄▅▅▃▅▅▅▅▁▅▅▄▅▅▅▅▅▅▅
wandb: peak_vram_bytes ▁▁▇▇▇▇▇▇▇▇▇▇▇▇▇▇▇▇▇▇▇▇▇▇▇███████████████
wandb: session_seconds ▁▁▁▁▁▂▂▂▂▂▂▂▃▃▃▃▃▃▃▃▄▄▄▄▄▄▄▅▅▅▆▆▆▆▆▇▇▇▇█
wandb:            step ▁▁▁▁▂▂▂▂▂▂▃▃▃▃▃▃▃▃▄▄▄▄▄▅▅▆▆▆▆▆▆▇▇▇▇█████
wandb: 
wandb: Run summary:
wandb:        examples 4000
wandb:            loss -0.0063
wandb: peak_vram_bytes 9193008640
wandb: session_seconds 4994.72035
wandb:            step 4000
wandb: 
wandb: You can sync this run to the cloud by running:
wandb: wandb sync artifacts/longer-v1/4b/main/seed-22/sampled/tracking/wandb/offline-run-20261005_052423-y1q663rj
wandb: Find logs at: artifacts/longer-v1/4b/main/seed-22/sampled/tracking/wandb/offline-run-20261005_052423-y1q663rj/logs
{"artifact": "artifacts/longer-v1/4b/main/seed-22/sampled/artifact", "elapsed_seconds": 4995.199201208001}
