
{"utc": "2026-10-05T10:46:58.709249+00:00", "command": ["-m", "myjev.train", "--config", "results/longer-v1/4b/main/seed-22/exact/config.json", "--data", "data/banking77/train.jsonl", "--output", "artifacts/longer-v1/4b/main/seed-22/exact", "--method", "exact", "--seed", "22", "--initial", "artifacts/longer-v1/4b/main/seed-22/sft/artifact"]}
Loading weights:   0%|          | 0/426 [00:00<?, ?it/s]Loading weights:  85%|████████▍ | 361/426 [00:00<00:00, 3602.83it/s]Loading weights: 100%|██████████| 426/426 [00:00<00:00, 3659.07it/s]
wandb: Tracking run with wandb version 0.30.0
wandb: W&B syncing is set to `offline` in this directory. Run `wandb online` or set WANDB_MODE=online to enable cloud syncing.
wandb: Run data is saved locally in artifacts/longer-v1/4b/main/seed-22/exact/tracking/wandb/offline-run-20261005_034712-wq7rkouq
wandb: View this run in the terminal with `wandb leet`
[transformers] `causal_conv1d_fn` is falling back to its reference PyTorch implementation because `causal_conv1d` is not installed. This is correct but much slower; install `causal_conv1d` for the optimized kernel.
[transformers] `chunk_gated_delta_rule` is falling back to its reference PyTorch implementation because `flash-linear-attention` is not installed. This is correct but much slower; install `flash-linear-attention` for the optimized kernel.
{"step": 10, "loss": 0.004629579372704029, "examples": 10, "session_seconds": 13.221232714000507, "peak_vram_bytes": 9140812800}
{"step": 20, "loss": -0.0029192715883255005, "examples": 20, "session_seconds": 25.502931684997748, "peak_vram_bytes": 9140812800}
{"step": 30, "loss": -0.00030222555506043136, "examples": 30, "session_seconds": 37.98520061199815, "peak_vram_bytes": 9141540864}
{"step": 40, "loss": -0.00031502460478805006, "examples": 40, "session_seconds": 50.167343834997155, "peak_vram_bytes": 9180459008}
{"step": 50, "loss": -0.00031039101304486394, "examples": 50, "session_seconds": 62.56313378600316, "peak_vram_bytes": 9180459008}
{"step": 60, "loss": -0.0005548604531213641, "examples": 60, "session_seconds": 74.7036095479998, "peak_vram_bytes": 9180459008}
{"step": 70, "loss": -0.0007655826047994196, "examples": 70, "session_seconds": 86.7570579960011, "peak_vram_bytes": 9180459008}
{"step": 80, "loss": -0.018803823739290237, "examples": 80, "session_seconds": 99.47093198999937, "peak_vram_bytes": 9180459008}
{"step": 90, "loss": -0.03892187401652336, "examples": 90, "session_seconds": 111.6008318940003, "peak_vram_bytes": 9180459008}
{"step": 100, "loss": -0.15420857071876526, "examples": 100, "session_seconds": 123.34182167400286, "peak_vram_bytes": 9180459008}
{"step": 110, "loss": -0.34042271971702576, "examples": 110, "session_seconds": 135.9997857269991, "peak_vram_bytes": 9185785344}
{"step": 120, "loss": -0.3458990156650543, "examples": 120, "session_seconds": 147.97790815799817, "peak_vram_bytes": 9185785344}
{"step": 130, "loss": -0.39007827639579773, "examples": 130, "session_seconds": 160.56781139899977, "peak_vram_bytes": 9185785344}
{"step": 140, "loss": -0.3966524004936218, "examples": 140, "session_seconds": 173.328602005, "peak_vram_bytes": 9185785344}
{"step": 150, "loss": -0.4043906033039093, "examples": 150, "session_seconds": 185.34972724899853, "peak_vram_bytes": 9185785344}
{"step": 160, "loss": 1.0232993364334106, "examples": 160, "session_seconds": 197.5432022140012, "peak_vram_bytes": 9185785344}
{"step": 170, "loss": -0.437426894903183, "examples": 170, "session_seconds": 211.13399797699822, "peak_vram_bytes": 9192162816}
{"step": 180, "loss": -0.6150403618812561, "examples": 180, "session_seconds": 223.0549658739983, "peak_vram_bytes": 9192162816}
{"step": 190, "loss": -0.4216557741165161, "examples": 190, "session_seconds": 235.15440543700242, "peak_vram_bytes": 9192162816}
{"step": 200, "loss": -0.4426117539405823, "examples": 200, "session_seconds": 247.34970472600253, "peak_vram_bytes": 9192162816}
{"step": 210, "loss": -0.41922587156295776, "examples": 210, "session_seconds": 259.6755110689992, "peak_vram_bytes": 9192162816}
{"step": 220, "loss": -0.4305166006088257, "examples": 220, "session_seconds": 272.30925540300086, "peak_vram_bytes": 9192162816}
{"step": 230, "loss": 0.8769415616989136, "examples": 230, "session_seconds": 284.812714544998, "peak_vram_bytes": 9192162816}
{"step": 240, "loss": -0.42177367210388184, "examples": 240, "session_seconds": 296.65244824399997, "peak_vram_bytes": 9192162816}
{"step": 250, "loss": -0.4300285577774048, "examples": 250, "session_seconds": 308.6508054930018, "peak_vram_bytes": 9192162816}
{"step": 260, "loss": -0.42877769470214844, "examples": 260, "session_seconds": 320.5340698840009, "peak_vram_bytes": 9192162816}
{"step": 270, "loss": -0.43338221311569214, "examples": 270, "session_seconds": 333.3357827189975, "peak_vram_bytes": 9192162816}
{"step": 280, "loss": -0.4225856065750122, "examples": 280, "session_seconds": 345.2865963660006, "peak_vram_bytes": 9192162816}
{"step": 290, "loss": -0.3245260715484619, "examples": 290, "session_seconds": 357.46151714299776, "peak_vram_bytes": 9192162816}
{"step": 300, "loss": -0.5309265851974487, "examples": 300, "session_seconds": 369.6421729740032, "peak_vram_bytes": 9192162816}
Warning: You are sending unauthenticated requests to the HF Hub. Please set a HF_TOKEN to enable higher rate limits and faster downloads.
{"step": 310, "loss": -0.4430076777935028, "examples": 310, "session_seconds": 381.93203128700407, "peak_vram_bytes": 9192162816}
{"step": 320, "loss": -0.4445096254348755, "examples": 320, "session_seconds": 393.8778794960017, "peak_vram_bytes": 9192162816}
{"step": 330, "loss": -0.4463218152523041, "examples": 330, "session_seconds": 406.14432786399993, "peak_vram_bytes": 9192162816}
{"step": 340, "loss": -0.42479830980300903, "examples": 340, "session_seconds": 418.13456580899947, "peak_vram_bytes": 9192162816}
{"step": 350, "loss": -0.43166202306747437, "examples": 350, "session_seconds": 430.2138859359984, "peak_vram_bytes": 9192162816}
{"step": 360, "loss": -0.4272400140762329, "examples": 360, "session_seconds": 442.21437271899777, "peak_vram_bytes": 9192162816}
{"step": 370, "loss": -0.4367941617965698, "examples": 370, "session_seconds": 454.3171027760036, "peak_vram_bytes": 9192162816}
{"step": 380, "loss": -0.43614864349365234, "examples": 380, "session_seconds": 466.2323799029982, "peak_vram_bytes": 9192162816}
{"step": 390, "loss": -0.4423121511936188, "examples": 390, "session_seconds": 478.0455948059971, "peak_vram_bytes": 9192162816}
{"step": 400, "loss": -0.42903655767440796, "examples": 400, "session_seconds": 490.30909654399875, "peak_vram_bytes": 9192162816}
{"step": 410, "loss": -0.4265221357345581, "examples": 410, "session_seconds": 502.61591892199795, "peak_vram_bytes": 9192162816}
{"step": 420, "loss": 1.042559027671814, "examples": 420, "session_seconds": 515.0939723409974, "peak_vram_bytes": 9192162816}
{"step": 430, "loss": -0.4435107111930847, "examples": 430, "session_seconds": 527.8167868399978, "peak_vram_bytes": 9192162816}
{"step": 440, "loss": -0.4280204176902771, "examples": 440, "session_seconds": 540.5070591890035, "peak_vram_bytes": 9192162816}
{"step": 450, "loss": -0.6277378797531128, "examples": 450, "session_seconds": 552.4396497170019, "peak_vram_bytes": 9192162816}
{"step": 460, "loss": -0.43435752391815186, "examples": 460, "session_seconds": 564.8346207529976, "peak_vram_bytes": 9192162816}
{"step": 470, "loss": -0.42674845457077026, "examples": 470, "session_seconds": 576.7207092120007, "peak_vram_bytes": 9192162816}
{"step": 480, "loss": -0.42877131700515747, "examples": 480, "session_seconds": 588.5114840419992, "peak_vram_bytes": 9192162816}
{"step": 490, "loss": 1.2151334285736084, "examples": 490, "session_seconds": 600.5824720980017, "peak_vram_bytes": 9192162816}
{"step": 500, "loss": -0.54292893409729, "examples": 500, "session_seconds": 613.5334372040015, "peak_vram_bytes": 9192162816}
{"step": 510, "loss": -0.4285683035850525, "examples": 510, "session_seconds": 626.0581264089997, "peak_vram_bytes": 9192162816}
{"step": 520, "loss": -0.45547378063201904, "examples": 520, "session_seconds": 638.0277037679989, "peak_vram_bytes": 9192162816}
{"step": 530, "loss": -0.43117237091064453, "examples": 530, "session_seconds": 651.0108598880033, "peak_vram_bytes": 9192162816}
{"step": 540, "loss": -0.43791061639785767, "examples": 540, "session_seconds": 663.7754044030007, "peak_vram_bytes": 9192162816}
{"step": 550, "loss": 1.2270073890686035, "examples": 550, "session_seconds": 676.4521803570024, "peak_vram_bytes": 9192162816}
{"step": 560, "loss": -0.4356979727745056, "examples": 560, "session_seconds": 689.3779961250038, "peak_vram_bytes": 9192162816}
{"step": 570, "loss": -0.43910980224609375, "examples": 570, "session_seconds": 701.7255908599982, "peak_vram_bytes": 9192162816}
{"step": 580, "loss": -0.49526897072792053, "examples": 580, "session_seconds": 714.360861111003, "peak_vram_bytes": 9192162816}
{"step": 590, "loss": -0.4402965307235718, "examples": 590, "session_seconds": 727.8457434180018, "peak_vram_bytes": 9192162816}
{"step": 600, "loss": -0.43166035413742065, "examples": 600, "session_seconds": 740.6527923289977, "peak_vram_bytes": 9192162816}
{"step": 610, "loss": -0.4491199851036072, "examples": 610, "session_seconds": 753.5634032290036, "peak_vram_bytes": 9192162816}
{"step": 620, "loss": -0.4735490381717682, "examples": 620, "session_seconds": 765.5525139290039, "peak_vram_bytes": 9192162816}
{"step": 630, "loss": -0.42856472730636597, "examples": 630, "session_seconds": 777.7227746990029, "peak_vram_bytes": 9192162816}
{"step": 640, "loss": -0.428244948387146, "examples": 640, "session_seconds": 789.4827350420019, "peak_vram_bytes": 9192162816}
{"step": 650, "loss": -0.43627291917800903, "examples": 650, "session_seconds": 801.394411897003, "peak_vram_bytes": 9192162816}
{"step": 660, "loss": -0.43147557973861694, "examples": 660, "session_seconds": 813.655530201002, "peak_vram_bytes": 9192162816}
{"step": 670, "loss": -0.5488327741622925, "examples": 670, "session_seconds": 825.5239683079999, "peak_vram_bytes": 9192162816}
{"step": 680, "loss": -0.43440544605255127, "examples": 680, "session_seconds": 837.4031905599986, "peak_vram_bytes": 9192162816}
{"step": 690, "loss": -0.4444008469581604, "examples": 690, "session_seconds": 850.1466982740021, "peak_vram_bytes": 9192162816}
{"step": 700, "loss": -0.43183958530426025, "examples": 700, "session_seconds": 862.9096266050037, "peak_vram_bytes": 9192162816}
{"step": 710, "loss": -0.4429140090942383, "examples": 710, "session_seconds": 875.4262843059987, "peak_vram_bytes": 9192162816}
{"step": 720, "loss": -0.4312373995780945, "examples": 720, "session_seconds": 887.8273086120025, "peak_vram_bytes": 9192162816}
{"step": 730, "loss": -0.43314874172210693, "examples": 730, "session_seconds": 899.6092008580017, "peak_vram_bytes": 9192162816}
{"step": 740, "loss": -0.4309755563735962, "examples": 740, "session_seconds": 911.3788144729988, "peak_vram_bytes": 9192162816}
{"step": 750, "loss": -0.43560314178466797, "examples": 750, "session_seconds": 923.4377498270042, "peak_vram_bytes": 9192162816}
{"step": 760, "loss": -0.43215513229370117, "examples": 760, "session_seconds": 935.2806144909991, "peak_vram_bytes": 9192162816}
{"step": 770, "loss": -0.4311654567718506, "examples": 770, "session_seconds": 947.281458133999, "peak_vram_bytes": 9192162816}
{"step": 780, "loss": -0.4312598705291748, "examples": 780, "session_seconds": 959.2982218789984, "peak_vram_bytes": 9192162816}
{"step": 790, "loss": -0.29330921173095703, "examples": 790, "session_seconds": 972.2018935110027, "peak_vram_bytes": 9192162816}
{"step": 800, "loss": -0.4346499443054199, "examples": 800, "session_seconds": 984.9536464010016, "peak_vram_bytes": 9192162816}
{"step": 810, "loss": -0.4415857791900635, "examples": 810, "session_seconds": 997.5850573290008, "peak_vram_bytes": 9192162816}
{"step": 820, "loss": -0.44713103771209717, "examples": 820, "session_seconds": 1010.2249840500008, "peak_vram_bytes": 9192162816}
{"step": 830, "loss": -0.43232107162475586, "examples": 830, "session_seconds": 1022.750684106999, "peak_vram_bytes": 9192162816}
{"step": 840, "loss": -0.4319378137588501, "examples": 840, "session_seconds": 1034.8876107670003, "peak_vram_bytes": 9192162816}
{"step": 850, "loss": -0.44315898418426514, "examples": 850, "session_seconds": 1047.3835745640026, "peak_vram_bytes": 9192162816}
{"step": 860, "loss": -0.47181472182273865, "examples": 860, "session_seconds": 1059.2731171780033, "peak_vram_bytes": 9192162816}
{"step": 870, "loss": -0.44694191217422485, "examples": 870, "session_seconds": 1071.659141532, "peak_vram_bytes": 9192162816}
{"step": 880, "loss": 1.1149486303329468, "examples": 880, "session_seconds": 1084.5982261190002, "peak_vram_bytes": 9192162816}
{"step": 890, "loss": -0.43702369928359985, "examples": 890, "session_seconds": 1096.7520247270004, "peak_vram_bytes": 9192162816}
{"step": 900, "loss": -0.44044673442840576, "examples": 900, "session_seconds": 1108.7031273719986, "peak_vram_bytes": 9192162816}
{"step": 910, "loss": -0.43727487325668335, "examples": 910, "session_seconds": 1121.2146828359982, "peak_vram_bytes": 9192162816}
{"step": 920, "loss": -0.5398836135864258, "examples": 920, "session_seconds": 1133.0721068249986, "peak_vram_bytes": 9192162816}
{"step": 930, "loss": -0.43316298723220825, "examples": 930, "session_seconds": 1144.9418145960008, "peak_vram_bytes": 9192162816}
{"step": 940, "loss": 1.049175500869751, "examples": 940, "session_seconds": 1156.7145450800017, "peak_vram_bytes": 9192162816}
{"step": 950, "loss": 1.2162528038024902, "examples": 950, "session_seconds": 1169.4358739439995, "peak_vram_bytes": 9192162816}
{"step": 960, "loss": -0.4643288850784302, "examples": 960, "session_seconds": 1181.2976504219987, "peak_vram_bytes": 9192162816}
{"step": 970, "loss": -0.4401266574859619, "examples": 970, "session_seconds": 1193.5653074470029, "peak_vram_bytes": 9192162816}
{"step": 980, "loss": -0.4340256452560425, "examples": 980, "session_seconds": 1206.082744405001, "peak_vram_bytes": 9192162816}
{"step": 990, "loss": -0.4369468688964844, "examples": 990, "session_seconds": 1218.8407621989973, "peak_vram_bytes": 9192162816}
{"step": 1000, "loss": -0.4477847218513489, "examples": 1000, "session_seconds": 1231.0922285720007, "peak_vram_bytes": 9192162816}
{"step": 1010, "loss": -0.43407171964645386, "examples": 1010, "session_seconds": 1243.9299097589974, "peak_vram_bytes": 9192162816}
{"step": 1020, "loss": -0.4391985535621643, "examples": 1020, "session_seconds": 1256.2543010640002, "peak_vram_bytes": 9192162816}
{"step": 1030, "loss": -0.44008171558380127, "examples": 1030, "session_seconds": 1268.1375045189998, "peak_vram_bytes": 9192162816}
{"step": 1040, "loss": 1.1934306621551514, "examples": 1040, "session_seconds": 1280.2396071179974, "peak_vram_bytes": 9192162816}
{"step": 1050, "loss": -0.4581575393676758, "examples": 1050, "session_seconds": 1292.0997487979985, "peak_vram_bytes": 9192162816}
{"step": 1060, "loss": -0.44411689043045044, "examples": 1060, "session_seconds": 1304.2181856949974, "peak_vram_bytes": 9192162816}
{"step": 1070, "loss": -0.4350634217262268, "examples": 1070, "session_seconds": 1316.7456830340016, "peak_vram_bytes": 9192162816}
{"step": 1080, "loss": -0.4326203465461731, "examples": 1080, "session_seconds": 1328.5936435309995, "peak_vram_bytes": 9192162816}
{"step": 1090, "loss": -0.44577622413635254, "examples": 1090, "session_seconds": 1340.5156022869996, "peak_vram_bytes": 9192162816}
{"step": 1100, "loss": -0.43491750955581665, "examples": 1100, "session_seconds": 1352.328871505997, "peak_vram_bytes": 9192162816}
{"step": 1110, "loss": -0.44064557552337646, "examples": 1110, "session_seconds": 1365.5650384940018, "peak_vram_bytes": 9192162816}
{"step": 1120, "loss": -0.44243109226226807, "examples": 1120, "session_seconds": 1378.1481787169978, "peak_vram_bytes": 9192162816}
{"step": 1130, "loss": -0.44653409719467163, "examples": 1130, "session_seconds": 1390.0149191189994, "peak_vram_bytes": 9192162816}
{"step": 1140, "loss": -0.44711148738861084, "examples": 1140, "session_seconds": 1402.1339834469982, "peak_vram_bytes": 9192162816}
{"step": 1150, "loss": 1.2887202501296997, "examples": 1150, "session_seconds": 1413.921594902, "peak_vram_bytes": 9192162816}
{"step": 1160, "loss": -0.43176740407943726, "examples": 1160, "session_seconds": 1425.7078199140014, "peak_vram_bytes": 9192162816}
{"step": 1170, "loss": -0.44071733951568604, "examples": 1170, "session_seconds": 1438.7769402310005, "peak_vram_bytes": 9192162816}
{"step": 1180, "loss": -0.45614272356033325, "examples": 1180, "session_seconds": 1451.295031791, "peak_vram_bytes": 9192162816}
{"step": 1190, "loss": -0.4564949870109558, "examples": 1190, "session_seconds": 1464.089675438001, "peak_vram_bytes": 9192162816}
{"step": 1200, "loss": -0.5659949779510498, "examples": 1200, "session_seconds": 1477.0872461489998, "peak_vram_bytes": 9192162816}
{"step": 1210, "loss": -0.43410801887512207, "examples": 1210, "session_seconds": 1489.4899735080035, "peak_vram_bytes": 9192162816}
{"step": 1220, "loss": -0.43185698986053467, "examples": 1220, "session_seconds": 1501.317586737001, "peak_vram_bytes": 9192162816}
{"step": 1230, "loss": -0.5826319456100464, "examples": 1230, "session_seconds": 1513.1158886859994, "peak_vram_bytes": 9192162816}
{"step": 1240, "loss": -0.4329894185066223, "examples": 1240, "session_seconds": 1525.0787073870015, "peak_vram_bytes": 9192162816}
{"step": 1250, "loss": 1.0189520120620728, "examples": 1250, "session_seconds": 1537.0656194350013, "peak_vram_bytes": 9192162816}
{"step": 1260, "loss": -0.4361952543258667, "examples": 1260, "session_seconds": 1549.740633305999, "peak_vram_bytes": 9192162816}
{"step": 1270, "loss": -0.44651567935943604, "examples": 1270, "session_seconds": 1562.0259497020015, "peak_vram_bytes": 9192162816}
{"step": 1280, "loss": -0.3942304849624634, "examples": 1280, "session_seconds": 1574.5060395289984, "peak_vram_bytes": 9192162816}
{"step": 1290, "loss": 1.0048593282699585, "examples": 1290, "session_seconds": 1586.6441548820003, "peak_vram_bytes": 9192162816}
{"step": 1300, "loss": -0.4447401165962219, "examples": 1300, "session_seconds": 1599.7029106960035, "peak_vram_bytes": 9192162816}
{"step": 1310, "loss": 1.4559884071350098, "examples": 1310, "session_seconds": 1612.712806935997, "peak_vram_bytes": 9192162816}
{"step": 1320, "loss": -0.4445698857307434, "examples": 1320, "session_seconds": 1625.365192105004, "peak_vram_bytes": 9192162816}
{"step": 1330, "loss": -0.4416186213493347, "examples": 1330, "session_seconds": 1638.6025136239987, "peak_vram_bytes": 9192162816}
{"step": 1340, "loss": -0.4368162155151367, "examples": 1340, "session_seconds": 1651.3270954800028, "peak_vram_bytes": 9192162816}
{"step": 1350, "loss": 1.2229816913604736, "examples": 1350, "session_seconds": 1663.2873938949997, "peak_vram_bytes": 9192162816}
{"step": 1360, "loss": -0.442249596118927, "examples": 1360, "session_seconds": 1675.5343281489986, "peak_vram_bytes": 9192162816}
{"step": 1370, "loss": 1.343902826309204, "examples": 1370, "session_seconds": 1687.4667394170028, "peak_vram_bytes": 9192162816}
{"step": 1380, "loss": -0.4479074478149414, "examples": 1380, "session_seconds": 1699.3631070530028, "peak_vram_bytes": 9192162816}
{"step": 1390, "loss": -0.4459185004234314, "examples": 1390, "session_seconds": 1712.0315965170012, "peak_vram_bytes": 9192162816}
{"step": 1400, "loss": -0.43570202589035034, "examples": 1400, "session_seconds": 1724.078573675004, "peak_vram_bytes": 9192162816}
{"step": 1410, "loss": -0.29460716247558594, "examples": 1410, "session_seconds": 1737.3754444080041, "peak_vram_bytes": 9192162816}
{"step": 1420, "loss": -0.4377899169921875, "examples": 1420, "session_seconds": 1749.2364564610034, "peak_vram_bytes": 9192162816}
{"step": 1430, "loss": -0.43597185611724854, "examples": 1430, "session_seconds": 1761.1765695819995, "peak_vram_bytes": 9192162816}
{"step": 1440, "loss": -0.4604094326496124, "examples": 1440, "session_seconds": 1773.0430834520012, "peak_vram_bytes": 9192162816}
{"step": 1450, "loss": -0.43631988763809204, "examples": 1450, "session_seconds": 1784.8289558000033, "peak_vram_bytes": 9192162816}
{"step": 1460, "loss": -0.5298129320144653, "examples": 1460, "session_seconds": 1797.7499231160036, "peak_vram_bytes": 9192162816}
{"step": 1470, "loss": -0.4445517659187317, "examples": 1470, "session_seconds": 1810.2697704660022, "peak_vram_bytes": 9192162816}
{"step": 1480, "loss": -0.4365008473396301, "examples": 1480, "session_seconds": 1822.2097229380015, "peak_vram_bytes": 9192162816}
{"step": 1490, "loss": -0.4364442825317383, "examples": 1490, "session_seconds": 1834.3357172940014, "peak_vram_bytes": 9192162816}
{"step": 1500, "loss": -0.46024760603904724, "examples": 1500, "session_seconds": 1846.249586703998, "peak_vram_bytes": 9192162816}
{"step": 1510, "loss": 1.2712700366973877, "examples": 1510, "session_seconds": 1858.567597029003, "peak_vram_bytes": 9192162816}
{"step": 1520, "loss": -0.4431195855140686, "examples": 1520, "session_seconds": 1870.4435381630028, "peak_vram_bytes": 9192162816}
{"step": 1530, "loss": -0.4508123993873596, "examples": 1530, "session_seconds": 1882.557607724004, "peak_vram_bytes": 9192162816}
{"step": 1540, "loss": 1.2467148303985596, "examples": 1540, "session_seconds": 1894.3069714520025, "peak_vram_bytes": 9192162816}
{"step": 1550, "loss": -0.4473748803138733, "examples": 1550, "session_seconds": 1906.718463903002, "peak_vram_bytes": 9192162816}
{"step": 1560, "loss": -0.4515548348426819, "examples": 1560, "session_seconds": 1919.2879940040002, "peak_vram_bytes": 9192162816}
{"step": 1570, "loss": -0.4340667724609375, "examples": 1570, "session_seconds": 1931.8622068480036, "peak_vram_bytes": 9192162816}
{"step": 1580, "loss": -0.4439709186553955, "examples": 1580, "session_seconds": 1944.0776193510028, "peak_vram_bytes": 9192162816}
{"step": 1590, "loss": -0.4392452836036682, "examples": 1590, "session_seconds": 1956.7439733220017, "peak_vram_bytes": 9192162816}
{"step": 1600, "loss": -0.4516357183456421, "examples": 1600, "session_seconds": 1969.0588897100024, "peak_vram_bytes": 9192162816}
{"step": 1610, "loss": -0.43407052755355835, "examples": 1610, "session_seconds": 1981.5997161710038, "peak_vram_bytes": 9192162816}
{"step": 1620, "loss": 1.6398717164993286, "examples": 1620, "session_seconds": 1993.582728661997, "peak_vram_bytes": 9192162816}
{"step": 1630, "loss": -0.44965893030166626, "examples": 1630, "session_seconds": 2006.3694984600006, "peak_vram_bytes": 9192162816}
{"step": 1640, "loss": -0.4347306489944458, "examples": 1640, "session_seconds": 2018.9777918129985, "peak_vram_bytes": 9192162816}
{"step": 1650, "loss": -0.43870753049850464, "examples": 1650, "session_seconds": 2031.8350576770026, "peak_vram_bytes": 9192162816}
{"step": 1660, "loss": -0.5638275146484375, "examples": 1660, "session_seconds": 2044.778170092999, "peak_vram_bytes": 9192162816}
{"step": 1670, "loss": -0.3864065408706665, "examples": 1670, "session_seconds": 2056.767634759999, "peak_vram_bytes": 9192162816}
{"step": 1680, "loss": -0.49716299772262573, "examples": 1680, "session_seconds": 2068.616469589004, "peak_vram_bytes": 9192162816}
{"step": 1690, "loss": -0.4566197991371155, "examples": 1690, "session_seconds": 2081.482170057003, "peak_vram_bytes": 9192162816}
{"step": 1700, "loss": -0.4371706247329712, "examples": 1700, "session_seconds": 2093.336783468003, "peak_vram_bytes": 9192162816}
{"step": 1710, "loss": -0.446235716342926, "examples": 1710, "session_seconds": 2105.640638140001, "peak_vram_bytes": 9192162816}
{"step": 1720, "loss": -0.6203054189682007, "examples": 1720, "session_seconds": 2118.7013782159993, "peak_vram_bytes": 9192162816}
{"step": 1730, "loss": -0.4380979537963867, "examples": 1730, "session_seconds": 2130.9311411029994, "peak_vram_bytes": 9192162816}
{"step": 1740, "loss": -0.4366617798805237, "examples": 1740, "session_seconds": 2143.4059368939998, "peak_vram_bytes": 9192162816}
{"step": 1750, "loss": -0.5029937028884888, "examples": 1750, "session_seconds": 2156.740943129, "peak_vram_bytes": 9192162816}
{"step": 1760, "loss": 1.531773567199707, "examples": 1760, "session_seconds": 2169.363004794999, "peak_vram_bytes": 9192162816}
{"step": 1770, "loss": -0.4346250891685486, "examples": 1770, "session_seconds": 2182.110509953003, "peak_vram_bytes": 9192162816}
{"step": 1780, "loss": -0.43846386671066284, "examples": 1780, "session_seconds": 2194.880631275002, "peak_vram_bytes": 9192162816}
{"step": 1790, "loss": -0.5875577926635742, "examples": 1790, "session_seconds": 2207.616459432, "peak_vram_bytes": 9192162816}
{"step": 1800, "loss": -0.4504047632217407, "examples": 1800, "session_seconds": 2219.4762609530007, "peak_vram_bytes": 9192162816}
{"step": 1810, "loss": 1.2415745258331299, "examples": 1810, "session_seconds": 2231.9562494530037, "peak_vram_bytes": 9192162816}
{"step": 1820, "loss": -0.4756790101528168, "examples": 1820, "session_seconds": 2244.0161298340026, "peak_vram_bytes": 9192162816}
{"step": 1830, "loss": -0.4409492611885071, "examples": 1830, "session_seconds": 2256.714498346999, "peak_vram_bytes": 9192162816}
{"step": 1840, "loss": -0.4582001268863678, "examples": 1840, "session_seconds": 2268.818895106, "peak_vram_bytes": 9192162816}
{"step": 1850, "loss": -0.4582938551902771, "examples": 1850, "session_seconds": 2280.968333012999, "peak_vram_bytes": 9192162816}
{"step": 1860, "loss": -0.453341543674469, "examples": 1860, "session_seconds": 2292.720014216, "peak_vram_bytes": 9192162816}
{"step": 1870, "loss": -0.4344800114631653, "examples": 1870, "session_seconds": 2304.5035470410003, "peak_vram_bytes": 9192162816}
{"step": 1880, "loss": -0.4429529309272766, "examples": 1880, "session_seconds": 2316.509040263998, "peak_vram_bytes": 9192162816}
{"step": 1890, "loss": -0.44511884450912476, "examples": 1890, "session_seconds": 2328.3754718229975, "peak_vram_bytes": 9192162816}
{"step": 1900, "loss": 1.1854443550109863, "examples": 1900, "session_seconds": 2340.179293676003, "peak_vram_bytes": 9192162816}
{"step": 1910, "loss": 1.2597582340240479, "examples": 1910, "session_seconds": 2352.4180068179994, "peak_vram_bytes": 9192162816}
{"step": 1920, "loss": -0.4808996617794037, "examples": 1920, "session_seconds": 2364.449454280002, "peak_vram_bytes": 9192162816}
{"step": 1930, "loss": -0.44832730293273926, "examples": 1930, "session_seconds": 2376.247433493001, "peak_vram_bytes": 9192162816}
{"step": 1940, "loss": -0.4502478241920471, "examples": 1940, "session_seconds": 2388.0421123370033, "peak_vram_bytes": 9192162816}
{"step": 1950, "loss": -0.5095316171646118, "examples": 1950, "session_seconds": 2400.105100629, "peak_vram_bytes": 9192162816}
{"step": 1960, "loss": -0.4452965259552002, "examples": 1960, "session_seconds": 2412.0148582980037, "peak_vram_bytes": 9192162816}
{"step": 1970, "loss": -0.4452180862426758, "examples": 1970, "session_seconds": 2423.861013709, "peak_vram_bytes": 9192162816}
{"step": 1980, "loss": -0.4351028800010681, "examples": 1980, "session_seconds": 2435.920488112002, "peak_vram_bytes": 9192162816}
{"step": 1990, "loss": -0.437339723110199, "examples": 1990, "session_seconds": 2447.892264412003, "peak_vram_bytes": 9192162816}
{"step": 2000, "loss": -0.08902275562286377, "examples": 2000, "session_seconds": 2459.972221887001, "peak_vram_bytes": 9192162816}
{"step": 2010, "loss": -0.4448508620262146, "examples": 2010, "session_seconds": 2472.8831231970034, "peak_vram_bytes": 9192162816}
{"step": 2020, "loss": -0.4434431791305542, "examples": 2020, "session_seconds": 2485.596282530998, "peak_vram_bytes": 9192162816}
{"step": 2030, "loss": -0.44932883977890015, "examples": 2030, "session_seconds": 2498.419814672001, "peak_vram_bytes": 9192162816}
{"step": 2040, "loss": -0.4362184405326843, "examples": 2040, "session_seconds": 2511.019104949002, "peak_vram_bytes": 9192162816}
{"step": 2050, "loss": 0.970590353012085, "examples": 2050, "session_seconds": 2523.113733459999, "peak_vram_bytes": 9192162816}
{"step": 2060, "loss": -0.4364390969276428, "examples": 2060, "session_seconds": 2535.642048497997, "peak_vram_bytes": 9192162816}
{"step": 2070, "loss": -0.4349469542503357, "examples": 2070, "session_seconds": 2547.9181270129993, "peak_vram_bytes": 9192162816}
{"step": 2080, "loss": -0.4355219602584839, "examples": 2080, "session_seconds": 2560.436883768998, "peak_vram_bytes": 9192162816}
{"step": 2090, "loss": -0.4350650906562805, "examples": 2090, "session_seconds": 2572.2801691679997, "peak_vram_bytes": 9192162816}
{"step": 2100, "loss": -0.4394911527633667, "examples": 2100, "session_seconds": 2584.366031316, "peak_vram_bytes": 9192162816}
{"step": 2110, "loss": -0.6283938884735107, "examples": 2110, "session_seconds": 2597.170926519, "peak_vram_bytes": 9192162816}
{"step": 2120, "loss": 0.9563432931900024, "examples": 2120, "session_seconds": 2609.1657411159977, "peak_vram_bytes": 9192162816}
{"step": 2130, "loss": -0.4749235212802887, "examples": 2130, "session_seconds": 2621.0053131649984, "peak_vram_bytes": 9192162816}
{"step": 2140, "loss": -0.4534110426902771, "examples": 2140, "session_seconds": 2633.033875082001, "peak_vram_bytes": 9192162816}
{"step": 2150, "loss": 1.2623059749603271, "examples": 2150, "session_seconds": 2645.735912848999, "peak_vram_bytes": 9192162816}
{"step": 2160, "loss": -0.4353880286216736, "examples": 2160, "session_seconds": 2657.790460383003, "peak_vram_bytes": 9192162816}
{"step": 2170, "loss": -0.4369245171546936, "examples": 2170, "session_seconds": 2670.3206080890013, "peak_vram_bytes": 9192162816}
{"step": 2180, "loss": -0.43937385082244873, "examples": 2180, "session_seconds": 2683.127575288003, "peak_vram_bytes": 9192162816}
{"step": 2190, "loss": -0.44811129570007324, "examples": 2190, "session_seconds": 2695.927635959997, "peak_vram_bytes": 9192162816}
{"step": 2200, "loss": -0.4422152638435364, "examples": 2200, "session_seconds": 2708.6187314900017, "peak_vram_bytes": 9192162816}
{"step": 2210, "loss": -0.45666640996932983, "examples": 2210, "session_seconds": 2721.926650153, "peak_vram_bytes": 9192162816}
{"step": 2220, "loss": -0.4374513030052185, "examples": 2220, "session_seconds": 2734.4010541370008, "peak_vram_bytes": 9192162816}
{"step": 2230, "loss": -0.4355263113975525, "examples": 2230, "session_seconds": 2747.3379855910025, "peak_vram_bytes": 9192162816}
{"step": 2240, "loss": -0.4496132731437683, "examples": 2240, "session_seconds": 2760.241559799004, "peak_vram_bytes": 9192162816}
{"step": 2250, "loss": -0.44717442989349365, "examples": 2250, "session_seconds": 2773.026300149002, "peak_vram_bytes": 9192162816}
{"step": 2260, "loss": -0.34779608249664307, "examples": 2260, "session_seconds": 2785.670647769999, "peak_vram_bytes": 9192162816}
{"step": 2270, "loss": -0.4453791379928589, "examples": 2270, "session_seconds": 2798.3880388250036, "peak_vram_bytes": 9192162816}
{"step": 2280, "loss": -0.4442889094352722, "examples": 2280, "session_seconds": 2811.3262377499996, "peak_vram_bytes": 9192162816}
{"step": 2290, "loss": -0.4459025263786316, "examples": 2290, "session_seconds": 2824.0146408520013, "peak_vram_bytes": 9192162816}
{"step": 2300, "loss": -0.649124264717102, "examples": 2300, "session_seconds": 2837.0663124380008, "peak_vram_bytes": 9192162816}
{"step": 2310, "loss": -0.4420732855796814, "examples": 2310, "session_seconds": 2850.3333897269986, "peak_vram_bytes": 9192162816}
{"step": 2320, "loss": -0.4503079056739807, "examples": 2320, "session_seconds": 2862.534232045, "peak_vram_bytes": 9192162816}
{"step": 2330, "loss": -0.4363151788711548, "examples": 2330, "session_seconds": 2874.801996066999, "peak_vram_bytes": 9192162816}
{"step": 2340, "loss": -0.4355805516242981, "examples": 2340, "session_seconds": 2887.3849960299995, "peak_vram_bytes": 9192162816}
{"step": 2350, "loss": 1.2148561477661133, "examples": 2350, "session_seconds": 2900.0521319670006, "peak_vram_bytes": 9192162816}
{"step": 2360, "loss": -0.4500749111175537, "examples": 2360, "session_seconds": 2912.512495846997, "peak_vram_bytes": 9192162816}
{"step": 2370, "loss": -0.4365153908729553, "examples": 2370, "session_seconds": 2925.8076535479995, "peak_vram_bytes": 9192162816}
{"step": 2380, "loss": -0.5003708600997925, "examples": 2380, "session_seconds": 2938.220270333004, "peak_vram_bytes": 9192162816}
{"step": 2390, "loss": -0.4569316506385803, "examples": 2390, "session_seconds": 2950.851691939999, "peak_vram_bytes": 9192162816}
{"step": 2400, "loss": -0.4374542832374573, "examples": 2400, "session_seconds": 2963.6409725949998, "peak_vram_bytes": 9192162816}
{"step": 2410, "loss": -0.43573111295700073, "examples": 2410, "session_seconds": 2976.676584392997, "peak_vram_bytes": 9192162816}
{"step": 2420, "loss": -0.45736098289489746, "examples": 2420, "session_seconds": 2989.0677843209996, "peak_vram_bytes": 9192162816}
{"step": 2430, "loss": -0.43513816595077515, "examples": 2430, "session_seconds": 3002.729739467999, "peak_vram_bytes": 9192162816}
{"step": 2440, "loss": -0.44527173042297363, "examples": 2440, "session_seconds": 3015.4232624319993, "peak_vram_bytes": 9192162816}
{"step": 2450, "loss": -0.4465797543525696, "examples": 2450, "session_seconds": 3027.978846748003, "peak_vram_bytes": 9192162816}
{"step": 2460, "loss": -0.45263606309890747, "examples": 2460, "session_seconds": 3041.255251401999, "peak_vram_bytes": 9192162816}
{"step": 2470, "loss": -0.4444310665130615, "examples": 2470, "session_seconds": 3054.0651272469986, "peak_vram_bytes": 9192162816}
{"step": 2480, "loss": 1.06376314163208, "examples": 2480, "session_seconds": 3066.4913404949984, "peak_vram_bytes": 9192162816}
{"step": 2490, "loss": 1.2109122276306152, "examples": 2490, "session_seconds": 3078.4978203080027, "peak_vram_bytes": 9192162816}
{"step": 2500, "loss": -0.44047772884368896, "examples": 2500, "session_seconds": 3090.9811426919987, "peak_vram_bytes": 9193008640}
{"step": 2510, "loss": -0.4350266456604004, "examples": 2510, "session_seconds": 3103.524371968, "peak_vram_bytes": 9193008640}
{"step": 2520, "loss": -0.43786364793777466, "examples": 2520, "session_seconds": 3115.451889598, "peak_vram_bytes": 9193008640}
{"step": 2530, "loss": -0.43687695264816284, "examples": 2530, "session_seconds": 3128.060077695998, "peak_vram_bytes": 9193008640}
{"step": 2540, "loss": -0.43541234731674194, "examples": 2540, "session_seconds": 3140.6980973160025, "peak_vram_bytes": 9193008640}
{"step": 2550, "loss": -0.16424834728240967, "examples": 2550, "session_seconds": 3153.261072309004, "peak_vram_bytes": 9193008640}
{"step": 2560, "loss": 1.2546110153198242, "examples": 2560, "session_seconds": 3166.7536059870035, "peak_vram_bytes": 9193008640}
{"step": 2570, "loss": -0.4761178195476532, "examples": 2570, "session_seconds": 3179.5546106320035, "peak_vram_bytes": 9193008640}
{"step": 2580, "loss": -0.43474501371383667, "examples": 2580, "session_seconds": 3192.306158958003, "peak_vram_bytes": 9193008640}
{"step": 2590, "loss": 1.25386643409729, "examples": 2590, "session_seconds": 3204.7384369659994, "peak_vram_bytes": 9193008640}
{"step": 2600, "loss": -0.43529707193374634, "examples": 2600, "session_seconds": 3217.0576164410013, "peak_vram_bytes": 9193008640}
{"step": 2610, "loss": -0.457547128200531, "examples": 2610, "session_seconds": 3229.5824122760023, "peak_vram_bytes": 9193008640}
{"step": 2620, "loss": -0.43510371446609497, "examples": 2620, "session_seconds": 3242.2545255689984, "peak_vram_bytes": 9193008640}
{"step": 2630, "loss": -0.43568772077560425, "examples": 2630, "session_seconds": 3254.871580152998, "peak_vram_bytes": 9193008640}
{"step": 2640, "loss": -0.43547964096069336, "examples": 2640, "session_seconds": 3267.310033451002, "peak_vram_bytes": 9193008640}
{"step": 2650, "loss": -0.5659815669059753, "examples": 2650, "session_seconds": 3280.365337139003, "peak_vram_bytes": 9193008640}
{"step": 2660, "loss": -0.4369339346885681, "examples": 2660, "session_seconds": 3292.253474367004, "peak_vram_bytes": 9193008640}
{"step": 2670, "loss": -0.4365381598472595, "examples": 2670, "session_seconds": 3304.184484985002, "peak_vram_bytes": 9193008640}
{"step": 2680, "loss": -0.46557801961898804, "examples": 2680, "session_seconds": 3316.639229558001, "peak_vram_bytes": 9193008640}
{"step": 2690, "loss": -0.4513320326805115, "examples": 2690, "session_seconds": 3328.6026482009984, "peak_vram_bytes": 9193008640}
{"step": 2700, "loss": -0.4737902581691742, "examples": 2700, "session_seconds": 3340.948146945004, "peak_vram_bytes": 9193008640}
{"step": 2710, "loss": -0.3869362473487854, "examples": 2710, "session_seconds": 3354.5961399720036, "peak_vram_bytes": 9193008640}
{"step": 2720, "loss": -0.4807113707065582, "examples": 2720, "session_seconds": 3366.940623912, "peak_vram_bytes": 9193008640}
{"step": 2730, "loss": -0.43455970287323, "examples": 2730, "session_seconds": 3379.242304307001, "peak_vram_bytes": 9193008640}
{"step": 2740, "loss": -0.44140100479125977, "examples": 2740, "session_seconds": 3391.580418329002, "peak_vram_bytes": 9193008640}
{"step": 2750, "loss": -0.4343927502632141, "examples": 2750, "session_seconds": 3404.2990392680003, "peak_vram_bytes": 9193008640}
{"step": 2760, "loss": 1.2520312070846558, "examples": 2760, "session_seconds": 3416.2567082809983, "peak_vram_bytes": 9193008640}
{"step": 2770, "loss": -0.4528464078903198, "examples": 2770, "session_seconds": 3428.952465440001, "peak_vram_bytes": 9193008640}
{"step": 2780, "loss": 1.2643556594848633, "examples": 2780, "session_seconds": 3441.8590716660037, "peak_vram_bytes": 9193008640}
{"step": 2790, "loss": -0.43525785207748413, "examples": 2790, "session_seconds": 3454.5031957070023, "peak_vram_bytes": 9193008640}
{"step": 2800, "loss": -0.43784087896347046, "examples": 2800, "session_seconds": 3467.2180394669995, "peak_vram_bytes": 9193008640}
{"step": 2810, "loss": -0.31671661138534546, "examples": 2810, "session_seconds": 3480.449875229002, "peak_vram_bytes": 9193008640}
{"step": 2820, "loss": -0.4470590353012085, "examples": 2820, "session_seconds": 3493.1002547270036, "peak_vram_bytes": 9193008640}
{"step": 2830, "loss": -0.45249950885772705, "examples": 2830, "session_seconds": 3505.852372940004, "peak_vram_bytes": 9193008640}
{"step": 2840, "loss": -0.44309669733047485, "examples": 2840, "session_seconds": 3518.6085495669977, "peak_vram_bytes": 9193008640}
{"step": 2850, "loss": -0.43577688932418823, "examples": 2850, "session_seconds": 3531.5642692070032, "peak_vram_bytes": 9193008640}
{"step": 2860, "loss": -0.44602006673812866, "examples": 2860, "session_seconds": 3544.0974987890004, "peak_vram_bytes": 9193008640}
{"step": 2870, "loss": -0.4540039300918579, "examples": 2870, "session_seconds": 3556.7118439390033, "peak_vram_bytes": 9193008640}
{"step": 2880, "loss": -0.43808305263519287, "examples": 2880, "session_seconds": 3569.2519703459984, "peak_vram_bytes": 9193008640}
{"step": 2890, "loss": -0.4535943269729614, "examples": 2890, "session_seconds": 3581.429083941999, "peak_vram_bytes": 9193008640}
{"step": 2900, "loss": 1.2864481210708618, "examples": 2900, "session_seconds": 3593.5840833019975, "peak_vram_bytes": 9193008640}
{"step": 2910, "loss": -0.4497448205947876, "examples": 2910, "session_seconds": 3606.096277825003, "peak_vram_bytes": 9193008640}
{"step": 2920, "loss": 1.2668039798736572, "examples": 2920, "session_seconds": 3617.916590920002, "peak_vram_bytes": 9193008640}
{"step": 2930, "loss": -0.4488932490348816, "examples": 2930, "session_seconds": 3629.864726271, "peak_vram_bytes": 9193008640}
{"step": 2940, "loss": -0.5534599423408508, "examples": 2940, "session_seconds": 3641.9281445040033, "peak_vram_bytes": 9193008640}
{"step": 2950, "loss": -0.5403702259063721, "examples": 2950, "session_seconds": 3653.748383179998, "peak_vram_bytes": 9193008640}
{"step": 2960, "loss": -0.5367539525032043, "examples": 2960, "session_seconds": 3665.5521507939993, "peak_vram_bytes": 9193008640}
{"step": 2970, "loss": -0.4520658254623413, "examples": 2970, "session_seconds": 3677.3677431120013, "peak_vram_bytes": 9193008640}
{"step": 2980, "loss": -0.4624475836753845, "examples": 2980, "session_seconds": 3689.4113109430036, "peak_vram_bytes": 9193008640}
{"step": 2990, "loss": -0.45021742582321167, "examples": 2990, "session_seconds": 3701.203671907999, "peak_vram_bytes": 9193008640}
{"step": 3000, "loss": -0.4494549036026001, "examples": 3000, "session_seconds": 3713.029494217997, "peak_vram_bytes": 9193008640}
{"step": 3010, "loss": -0.44584769010543823, "examples": 3010, "session_seconds": 3725.922829809999, "peak_vram_bytes": 9193008640}
{"step": 3020, "loss": -0.44256073236465454, "examples": 3020, "session_seconds": 3738.2400126959983, "peak_vram_bytes": 9193008640}
{"step": 3030, "loss": -0.4408254623413086, "examples": 3030, "session_seconds": 3750.2493632650003, "peak_vram_bytes": 9193008640}
{"step": 3040, "loss": 1.2585175037384033, "examples": 3040, "session_seconds": 3762.455524335004, "peak_vram_bytes": 9193008640}
{"step": 3050, "loss": -0.4336465001106262, "examples": 3050, "session_seconds": 3774.230547682004, "peak_vram_bytes": 9193008640}
{"step": 3060, "loss": -0.4199139475822449, "examples": 3060, "session_seconds": 3785.963539917997, "peak_vram_bytes": 9193008640}
{"step": 3070, "loss": -0.4419013261795044, "examples": 3070, "session_seconds": 3797.995865117002, "peak_vram_bytes": 9193008640}
{"step": 3080, "loss": -0.4930626451969147, "examples": 3080, "session_seconds": 3809.9110360560007, "peak_vram_bytes": 9193008640}
{"step": 3090, "loss": -0.4379606246948242, "examples": 3090, "session_seconds": 3821.6712857250022, "peak_vram_bytes": 9193008640}
{"step": 3100, "loss": 1.132294774055481, "examples": 3100, "session_seconds": 3834.6465774530006, "peak_vram_bytes": 9193008640}
{"step": 3110, "loss": -0.4947233200073242, "examples": 3110, "session_seconds": 3847.2401779520005, "peak_vram_bytes": 9193008640}
{"step": 3120, "loss": -0.4370609521865845, "examples": 3120, "session_seconds": 3859.467243537998, "peak_vram_bytes": 9193008640}
{"step": 3130, "loss": -0.44757479429244995, "examples": 3130, "session_seconds": 3872.314635593997, "peak_vram_bytes": 9193008640}
{"step": 3140, "loss": -0.4401599168777466, "examples": 3140, "session_seconds": 3884.5359824210027, "peak_vram_bytes": 9193008640}
{"step": 3150, "loss": -0.4605109393596649, "examples": 3150, "session_seconds": 3896.898649861003, "peak_vram_bytes": 9193008640}
{"step": 3160, "loss": -0.4390653371810913, "examples": 3160, "session_seconds": 3908.7153072240035, "peak_vram_bytes": 9193008640}
{"step": 3170, "loss": -0.5158077478408813, "examples": 3170, "session_seconds": 3920.960503565999, "peak_vram_bytes": 9193008640}
{"step": 3180, "loss": -0.43777769804000854, "examples": 3180, "session_seconds": 3932.9462188079997, "peak_vram_bytes": 9193008640}
{"step": 3190, "loss": -0.4390977621078491, "examples": 3190, "session_seconds": 3944.8454533719996, "peak_vram_bytes": 9193008640}
{"step": 3200, "loss": 1.2451772689819336, "examples": 3200, "session_seconds": 3957.015934461, "peak_vram_bytes": 9193008640}
{"step": 3210, "loss": -0.43709713220596313, "examples": 3210, "session_seconds": 3969.321224115003, "peak_vram_bytes": 9193008640}
{"step": 3220, "loss": -0.4453389048576355, "examples": 3220, "session_seconds": 3981.237862658003, "peak_vram_bytes": 9193008640}
{"step": 3230, "loss": 0.8547258377075195, "examples": 3230, "session_seconds": 3993.486478521001, "peak_vram_bytes": 9193008640}
{"step": 3240, "loss": -0.44536083936691284, "examples": 3240, "session_seconds": 4005.358979689001, "peak_vram_bytes": 9193008640}
{"step": 3250, "loss": -0.44913768768310547, "examples": 3250, "session_seconds": 4017.2079276549994, "peak_vram_bytes": 9193008640}
{"step": 3260, "loss": -0.6074804663658142, "examples": 3260, "session_seconds": 4029.287167527, "peak_vram_bytes": 9193008640}
{"step": 3270, "loss": -0.47621428966522217, "examples": 3270, "session_seconds": 4041.4884932139976, "peak_vram_bytes": 9193008640}
{"step": 3280, "loss": 0.4011390805244446, "examples": 3280, "session_seconds": 4053.4014705980007, "peak_vram_bytes": 9193008640}
{"step": 3290, "loss": 1.1797664165496826, "examples": 3290, "session_seconds": 4065.245661508001, "peak_vram_bytes": 9193008640}
{"step": 3300, "loss": -0.4477740526199341, "examples": 3300, "session_seconds": 4077.3224514910034, "peak_vram_bytes": 9193008640}
{"step": 3310, "loss": -0.44460076093673706, "examples": 3310, "session_seconds": 4089.5237761430035, "peak_vram_bytes": 9193008640}
{"step": 3320, "loss": -0.4376294016838074, "examples": 3320, "session_seconds": 4101.442869799001, "peak_vram_bytes": 9193008640}
{"step": 3330, "loss": -0.6374236941337585, "examples": 3330, "session_seconds": 4113.511107990998, "peak_vram_bytes": 9193008640}
{"step": 3340, "loss": -0.4423164129257202, "examples": 3340, "session_seconds": 4125.308934323999, "peak_vram_bytes": 9193008640}
{"step": 3350, "loss": -0.4451669454574585, "examples": 3350, "session_seconds": 4137.291143069997, "peak_vram_bytes": 9193008640}
{"step": 3360, "loss": -0.4394545555114746, "examples": 3360, "session_seconds": 4149.287407795004, "peak_vram_bytes": 9193008640}
{"step": 3370, "loss": -0.43602752685546875, "examples": 3370, "session_seconds": 4161.096957050999, "peak_vram_bytes": 9193008640}
{"step": 3380, "loss": -0.4413095712661743, "examples": 3380, "session_seconds": 4172.932505114004, "peak_vram_bytes": 9193008640}
{"step": 3390, "loss": -0.436693012714386, "examples": 3390, "session_seconds": 4185.088242231999, "peak_vram_bytes": 9193008640}
{"step": 3400, "loss": -0.505073070526123, "examples": 3400, "session_seconds": 4196.989943622, "peak_vram_bytes": 9193008640}
{"step": 3410, "loss": -0.4703064560890198, "examples": 3410, "session_seconds": 4209.678066742999, "peak_vram_bytes": 9193008640}
{"step": 3420, "loss": -0.44308918714523315, "examples": 3420, "session_seconds": 4221.743808760002, "peak_vram_bytes": 9193008640}
{"step": 3430, "loss": -0.44075530767440796, "examples": 3430, "session_seconds": 4233.979564558002, "peak_vram_bytes": 9193008640}
{"step": 3440, "loss": -0.4366186261177063, "examples": 3440, "session_seconds": 4245.794577656001, "peak_vram_bytes": 9193008640}
{"step": 3450, "loss": -0.43639475107192993, "examples": 3450, "session_seconds": 4257.605361062, "peak_vram_bytes": 9193008640}
{"step": 3460, "loss": -0.4369943141937256, "examples": 3460, "session_seconds": 4269.612842697999, "peak_vram_bytes": 9193008640}
{"step": 3470, "loss": -0.44454944133758545, "examples": 3470, "session_seconds": 4281.389536335002, "peak_vram_bytes": 9193008640}
{"step": 3480, "loss": -0.3828173279762268, "examples": 3480, "session_seconds": 4293.188187519001, "peak_vram_bytes": 9193008640}
{"step": 3490, "loss": -0.4596875309944153, "examples": 3490, "session_seconds": 4305.312045216997, "peak_vram_bytes": 9193008640}
{"step": 3500, "loss": 1.168252944946289, "examples": 3500, "session_seconds": 4317.2249488279995, "peak_vram_bytes": 9193008640}
{"step": 3510, "loss": -0.4464002251625061, "examples": 3510, "session_seconds": 4330.033906671, "peak_vram_bytes": 9193008640}
{"step": 3520, "loss": -0.4428222179412842, "examples": 3520, "session_seconds": 4342.126985666, "peak_vram_bytes": 9193008640}
{"step": 3530, "loss": -0.5135641098022461, "examples": 3530, "session_seconds": 4354.146990357003, "peak_vram_bytes": 9193008640}
{"step": 3540, "loss": 1.256361961364746, "examples": 3540, "session_seconds": 4366.005509620998, "peak_vram_bytes": 9193008640}
{"step": 3550, "loss": -0.43793565034866333, "examples": 3550, "session_seconds": 4377.905735312001, "peak_vram_bytes": 9193008640}
{"step": 3560, "loss": -0.4576878547668457, "examples": 3560, "session_seconds": 4390.016037243004, "peak_vram_bytes": 9193008640}
{"step": 3570, "loss": -0.444152295589447, "examples": 3570, "session_seconds": 4402.032227233001, "peak_vram_bytes": 9193008640}
{"step": 3580, "loss": -0.5076414942741394, "examples": 3580, "session_seconds": 4414.694770724003, "peak_vram_bytes": 9193008640}
{"step": 3590, "loss": -0.44496583938598633, "examples": 3590, "session_seconds": 4427.184320729, "peak_vram_bytes": 9193008640}
{"step": 3600, "loss": -0.4519340395927429, "examples": 3600, "session_seconds": 4439.693705529004, "peak_vram_bytes": 9193008640}
{"step": 3610, "loss": -0.4401966333389282, "examples": 3610, "session_seconds": 4452.491473467002, "peak_vram_bytes": 9193008640}
{"step": 3620, "loss": -0.4369991421699524, "examples": 3620, "session_seconds": 4464.605984046, "peak_vram_bytes": 9193008640}
{"step": 3630, "loss": -0.43623876571655273, "examples": 3630, "session_seconds": 4476.3423573570035, "peak_vram_bytes": 9193008640}
{"step": 3640, "loss": -0.4525994062423706, "examples": 3640, "session_seconds": 4488.920639846998, "peak_vram_bytes": 9193008640}
{"step": 3650, "loss": -0.44871222972869873, "examples": 3650, "session_seconds": 4501.056337652997, "peak_vram_bytes": 9193008640}
{"step": 3660, "loss": -0.4527927041053772, "examples": 3660, "session_seconds": 4514.024606990002, "peak_vram_bytes": 9193008640}
{"step": 3670, "loss": -0.4398893117904663, "examples": 3670, "session_seconds": 4527.008023278002, "peak_vram_bytes": 9193008640}
{"step": 3680, "loss": -0.45957231521606445, "examples": 3680, "session_seconds": 4539.639831933004, "peak_vram_bytes": 9193008640}
{"step": 3690, "loss": -0.5235188007354736, "examples": 3690, "session_seconds": 4551.366748426, "peak_vram_bytes": 9193008640}
{"step": 3700, "loss": -0.4466736912727356, "examples": 3700, "session_seconds": 4563.214381602003, "peak_vram_bytes": 9193008640}
{"step": 3710, "loss": -0.4406571388244629, "examples": 3710, "session_seconds": 4575.555906829002, "peak_vram_bytes": 9193008640}
{"step": 3720, "loss": -0.43766331672668457, "examples": 3720, "session_seconds": 4587.793830524002, "peak_vram_bytes": 9193008640}
{"step": 3730, "loss": -0.4477394223213196, "examples": 3730, "session_seconds": 4599.600452778999, "peak_vram_bytes": 9193008640}
{"step": 3740, "loss": -0.49973466992378235, "examples": 3740, "session_seconds": 4611.531858535003, "peak_vram_bytes": 9193008640}
{"step": 3750, "loss": -0.4489148259162903, "examples": 3750, "session_seconds": 4623.6657253779995, "peak_vram_bytes": 9193008640}
{"step": 3760, "loss": -0.43820130825042725, "examples": 3760, "session_seconds": 4635.5531445290035, "peak_vram_bytes": 9193008640}
{"step": 3770, "loss": -0.43964284658432007, "examples": 3770, "session_seconds": 4647.361118396999, "peak_vram_bytes": 9193008640}
{"step": 3780, "loss": -0.43606889247894287, "examples": 3780, "session_seconds": 4659.372358638997, "peak_vram_bytes": 9193008640}
{"step": 3790, "loss": -0.4423266649246216, "examples": 3790, "session_seconds": 4671.254206878002, "peak_vram_bytes": 9193008640}
{"step": 3800, "loss": -0.4481334090232849, "examples": 3800, "session_seconds": 4682.974324413, "peak_vram_bytes": 9193008640}
{"step": 3810, "loss": -0.44125896692276, "examples": 3810, "session_seconds": 4695.415545543998, "peak_vram_bytes": 9193008640}
{"step": 3820, "loss": -0.4387093782424927, "examples": 3820, "session_seconds": 4707.149138911998, "peak_vram_bytes": 9193008640}
{"step": 3830, "loss": -0.4417870044708252, "examples": 3830, "session_seconds": 4718.994900949001, "peak_vram_bytes": 9193008640}
{"step": 3840, "loss": -0.4468376636505127, "examples": 3840, "session_seconds": 4730.817385993003, "peak_vram_bytes": 9193008640}
{"step": 3850, "loss": -0.59750896692276, "examples": 3850, "session_seconds": 4742.847749437002, "peak_vram_bytes": 9193008640}
{"step": 3860, "loss": 1.1028674840927124, "examples": 3860, "session_seconds": 4754.621742880001, "peak_vram_bytes": 9193008640}
{"step": 3870, "loss": -0.44140034914016724, "examples": 3870, "session_seconds": 4766.513516179002, "peak_vram_bytes": 9193008640}
{"step": 3880, "loss": 0.7905205488204956, "examples": 3880, "session_seconds": 4778.614583330003, "peak_vram_bytes": 9193008640}
{"step": 3890, "loss": -0.446532666683197, "examples": 3890, "session_seconds": 4790.439761512003, "peak_vram_bytes": 9193008640}
{"step": 3900, "loss": -0.44344180822372437, "examples": 3900, "session_seconds": 4802.3061221840035, "peak_vram_bytes": 9193008640}
{"step": 3910, "loss": -0.4478248357772827, "examples": 3910, "session_seconds": 4814.803658335004, "peak_vram_bytes": 9193008640}
{"step": 3920, "loss": -0.5677019357681274, "examples": 3920, "session_seconds": 4826.668073872002, "peak_vram_bytes": 9193008640}
{"step": 3930, "loss": -0.4362944960594177, "examples": 3930, "session_seconds": 4838.7139784030005, "peak_vram_bytes": 9193008640}
{"step": 3940, "loss": -0.4476902484893799, "examples": 3940, "session_seconds": 4851.330409695001, "peak_vram_bytes": 9193008640}
{"step": 3950, "loss": 1.2497726678848267, "examples": 3950, "session_seconds": 4864.029769804998, "peak_vram_bytes": 9193008640}
{"step": 3960, "loss": 1.2683591842651367, "examples": 3960, "session_seconds": 4875.999038827998, "peak_vram_bytes": 9193008640}
{"step": 3970, "loss": -0.5560767650604248, "examples": 3970, "session_seconds": 4888.553102282, "peak_vram_bytes": 9193008640}
{"step": 3980, "loss": -0.34194886684417725, "examples": 3980, "session_seconds": 4901.627657035999, "peak_vram_bytes": 9193008640}
{"step": 3990, "loss": 1.057233214378357, "examples": 3990, "session_seconds": 4914.4183425360025, "peak_vram_bytes": 9193008640}
{"step": 4000, "loss": -0.43938297033309937, "examples": 4000, "session_seconds": 4926.800149866998, "peak_vram_bytes": 9193008640}
wandb: 
wandb: Run history:
wandb:        examples ▁▁▁▁▁▂▂▂▂▂▃▃▃▃▄▄▄▄▄▄▄▄▅▅▅▆▆▆▆▆▇▇▇▇▇▇▇███
wandb:            loss ▃▃▂▂▂▁▁▂▂▂▂▂▂▂▂▂▂▂█▁▂▂▂██▁█▂▂▇▂█▁▂▂▁▂▁▂▂
wandb: peak_vram_bytes ▁███████████████████████████████████████
wandb: session_seconds ▁▁▁▁▁▂▂▂▂▂▃▃▃▃▃▄▄▄▄▄▄▅▅▅▅▆▆▆▆▆▆▆▇▇▇▇▇███
wandb:            step ▁▁▁▂▂▂▂▂▂▃▃▃▃▃▃▄▄▄▅▅▅▅▅▆▆▆▆▆▆▆▆▆▇▇▇█████
wandb: 
wandb: Run summary:
wandb:        examples 4000
wandb:            loss -0.43938
wandb: peak_vram_bytes 9193008640
wandb: session_seconds 4926.80015
wandb:            step 4000
wandb: 
wandb: You can sync this run to the cloud by running:
wandb: wandb sync artifacts/longer-v1/4b/main/seed-22/exact/tracking/wandb/offline-run-20261005_034712-wq7rkouq
wandb: Find logs at: artifacts/longer-v1/4b/main/seed-22/exact/tracking/wandb/offline-run-20261005_034712-wq7rkouq/logs
{"artifact": "artifacts/longer-v1/4b/main/seed-22/exact/artifact", "elapsed_seconds": 4927.224536464004}
