
{"utc": "2026-10-05T05:05:33.213690+00:00", "command": ["-m", "myjev.train", "--config", "results/longer-v1/0.8b/main/seed-22/sft/config.json", "--data", "data/banking77/train.jsonl", "--output", "artifacts/longer-v1/0.8b/main/seed-22/sft", "--method", "sft", "--seed", "22"]}
Loading weights:   0%|          | 0/320 [00:00<?, ?it/s]Loading weights: 100%|██████████| 320/320 [00:00<00:00, 4185.61it/s]
wandb: Tracking run with wandb version 0.30.0
wandb: W&B syncing is set to `offline` in this directory. Run `wandb online` or set WANDB_MODE=online to enable cloud syncing.
wandb: Run data is saved locally in artifacts/longer-v1/0.8b/main/seed-22/sft/tracking/wandb/offline-run-20261004_220544-nd4ru2sq
wandb: View this run in the terminal with `wandb leet`
[transformers] `causal_conv1d_fn` is falling back to its reference PyTorch implementation because `causal_conv1d` is not installed. This is correct but much slower; install `causal_conv1d` for the optimized kernel.
[transformers] `chunk_gated_delta_rule` is falling back to its reference PyTorch implementation because `flash-linear-attention` is not installed. This is correct but much slower; install `flash-linear-attention` for the optimized kernel.
{"step": 10, "loss": 7.428587436676025, "examples": 10, "session_seconds": 9.546353536003153, "peak_vram_bytes": 1825295360}
{"step": 20, "loss": 9.446434020996094, "examples": 20, "session_seconds": 17.71683593399939, "peak_vram_bytes": 1825295360}
{"step": 30, "loss": 4.599746227264404, "examples": 30, "session_seconds": 25.477790354001627, "peak_vram_bytes": 1825332224}
{"step": 40, "loss": 3.9870765209198, "examples": 40, "session_seconds": 33.561019995002425, "peak_vram_bytes": 1825332224}
{"step": 50, "loss": 1.611960768699646, "examples": 50, "session_seconds": 40.998818029001995, "peak_vram_bytes": 1825332224}
{"step": 60, "loss": 1.0014053583145142, "examples": 60, "session_seconds": 48.338333193001745, "peak_vram_bytes": 1825332224}
{"step": 70, "loss": 0.9638421535491943, "examples": 70, "session_seconds": 55.87317756799894, "peak_vram_bytes": 1825332224}
{"step": 80, "loss": 3.8927273750305176, "examples": 80, "session_seconds": 63.47731783200288, "peak_vram_bytes": 1825332224}
{"step": 90, "loss": 0.8590543866157532, "examples": 90, "session_seconds": 71.34077799900115, "peak_vram_bytes": 1825332224}
{"step": 100, "loss": 2.304746627807617, "examples": 100, "session_seconds": 79.45502168100211, "peak_vram_bytes": 1825512448}
Warning: You are sending unauthenticated requests to the HF Hub. Please set a HF_TOKEN to enable higher rate limits and faster downloads.
{"step": 110, "loss": 0.9070535898208618, "examples": 110, "session_seconds": 88.16754760099866, "peak_vram_bytes": 1825512448}
{"step": 120, "loss": 0.50445556640625, "examples": 120, "session_seconds": 96.10586675900413, "peak_vram_bytes": 1825512448}
{"step": 130, "loss": 9.316182136535645, "examples": 130, "session_seconds": 104.40951699799916, "peak_vram_bytes": 1825512448}
{"step": 140, "loss": 0.2426254153251648, "examples": 140, "session_seconds": 112.55690857700392, "peak_vram_bytes": 1825512448}
{"step": 150, "loss": 8.773907661437988, "examples": 150, "session_seconds": 120.31421955900441, "peak_vram_bytes": 1825512448}
{"step": 160, "loss": 0.43863847851753235, "examples": 160, "session_seconds": 128.5043082320044, "peak_vram_bytes": 1825512448}
{"step": 170, "loss": 0.1546778678894043, "examples": 170, "session_seconds": 136.6456463930008, "peak_vram_bytes": 1825512448}
{"step": 180, "loss": 0.9807820320129395, "examples": 180, "session_seconds": 144.23470802900556, "peak_vram_bytes": 1825512448}
{"step": 190, "loss": 5.237471103668213, "examples": 190, "session_seconds": 152.174068954002, "peak_vram_bytes": 1825512448}
{"step": 200, "loss": 0.08503997325897217, "examples": 200, "session_seconds": 160.06415882600413, "peak_vram_bytes": 1827582464}
{"step": 210, "loss": 5.652252674102783, "examples": 210, "session_seconds": 168.67955080200045, "peak_vram_bytes": 1827582464}
{"step": 220, "loss": 14.414071083068848, "examples": 220, "session_seconds": 176.91591513399908, "peak_vram_bytes": 1827582464}
{"step": 230, "loss": 0.08569683134555817, "examples": 230, "session_seconds": 184.79866406400106, "peak_vram_bytes": 1827582464}
{"step": 240, "loss": 12.328010559082031, "examples": 240, "session_seconds": 193.08995697800128, "peak_vram_bytes": 1827582464}
{"step": 250, "loss": 0.03730738162994385, "examples": 250, "session_seconds": 200.58162186700065, "peak_vram_bytes": 1827582464}
{"step": 260, "loss": 16.26029396057129, "examples": 260, "session_seconds": 208.75423376500112, "peak_vram_bytes": 1827582464}
{"step": 270, "loss": 0.03557237982749939, "examples": 270, "session_seconds": 216.6517582680026, "peak_vram_bytes": 1827582464}
{"step": 280, "loss": 0.03588021174073219, "examples": 280, "session_seconds": 225.10977672100125, "peak_vram_bytes": 1827582464}
{"step": 290, "loss": 0.031157776713371277, "examples": 290, "session_seconds": 233.5809110190021, "peak_vram_bytes": 1827582464}
{"step": 300, "loss": 0.029441922903060913, "examples": 300, "session_seconds": 241.81915427400236, "peak_vram_bytes": 1827582464}
{"step": 310, "loss": 0.03881008177995682, "examples": 310, "session_seconds": 251.513806545001, "peak_vram_bytes": 1827582464}
{"step": 320, "loss": 0.14978128671646118, "examples": 320, "session_seconds": 259.35041617599927, "peak_vram_bytes": 1827582464}
{"step": 330, "loss": 9.555741310119629, "examples": 330, "session_seconds": 267.398466618004, "peak_vram_bytes": 1827582464}
{"step": 340, "loss": 1.081556797027588, "examples": 340, "session_seconds": 275.3533608159996, "peak_vram_bytes": 1827582464}
{"step": 350, "loss": 14.650489807128906, "examples": 350, "session_seconds": 283.9675689479991, "peak_vram_bytes": 1827582464}
{"step": 360, "loss": 8.778185844421387, "examples": 360, "session_seconds": 292.5744486440017, "peak_vram_bytes": 1827582464}
{"step": 370, "loss": 12.244751930236816, "examples": 370, "session_seconds": 301.0836383510032, "peak_vram_bytes": 1827582464}
{"step": 380, "loss": 17.935991287231445, "examples": 380, "session_seconds": 309.3769028960014, "peak_vram_bytes": 1827582464}
{"step": 390, "loss": 13.065129280090332, "examples": 390, "session_seconds": 317.48578964300395, "peak_vram_bytes": 1827582464}
{"step": 400, "loss": 16.21910858154297, "examples": 400, "session_seconds": 325.63843591600016, "peak_vram_bytes": 1827582464}
{"step": 410, "loss": 0.03986512869596481, "examples": 410, "session_seconds": 333.60379238000314, "peak_vram_bytes": 1827582464}
{"step": 420, "loss": 0.023392433300614357, "examples": 420, "session_seconds": 341.1636241919987, "peak_vram_bytes": 1827582464}
{"step": 430, "loss": 7.088410377502441, "examples": 430, "session_seconds": 348.947130862005, "peak_vram_bytes": 1827582464}
{"step": 440, "loss": 0.028930146247148514, "examples": 440, "session_seconds": 357.23688460400444, "peak_vram_bytes": 1827582464}
{"step": 450, "loss": 17.155221939086914, "examples": 450, "session_seconds": 365.68448490399896, "peak_vram_bytes": 1827582464}
{"step": 460, "loss": 22.26388168334961, "examples": 460, "session_seconds": 373.9628749300027, "peak_vram_bytes": 1827582464}
{"step": 470, "loss": 6.7471818923950195, "examples": 470, "session_seconds": 382.2130949650018, "peak_vram_bytes": 1827582464}
{"step": 480, "loss": 4.702479839324951, "examples": 480, "session_seconds": 390.4049704420031, "peak_vram_bytes": 1827582464}
{"step": 490, "loss": 9.060039520263672, "examples": 490, "session_seconds": 397.8717464670044, "peak_vram_bytes": 1827582464}
{"step": 500, "loss": 4.819455146789551, "examples": 500, "session_seconds": 405.042060151005, "peak_vram_bytes": 1827582464}
{"step": 510, "loss": 0.10485000908374786, "examples": 510, "session_seconds": 412.69968170700304, "peak_vram_bytes": 1827582464}
{"step": 520, "loss": 5.8412628173828125, "examples": 520, "session_seconds": 420.98930120200384, "peak_vram_bytes": 1827582464}
{"step": 530, "loss": 3.556201934814453, "examples": 530, "session_seconds": 428.7492545280038, "peak_vram_bytes": 1827582464}
{"step": 540, "loss": 0.030086103826761246, "examples": 540, "session_seconds": 436.80122817100346, "peak_vram_bytes": 1827582464}
{"step": 550, "loss": 6.724040508270264, "examples": 550, "session_seconds": 444.4328452690024, "peak_vram_bytes": 1827582464}
{"step": 560, "loss": 0.01937173493206501, "examples": 560, "session_seconds": 452.33665359600127, "peak_vram_bytes": 1827582464}
{"step": 570, "loss": 16.606258392333984, "examples": 570, "session_seconds": 460.54670238499966, "peak_vram_bytes": 1827582464}
{"step": 580, "loss": 13.167590141296387, "examples": 580, "session_seconds": 467.99671861900424, "peak_vram_bytes": 1827582464}
{"step": 590, "loss": 8.326671600341797, "examples": 590, "session_seconds": 475.89106530199933, "peak_vram_bytes": 1827582464}
{"step": 600, "loss": 0.030347760766744614, "examples": 600, "session_seconds": 484.0548618200046, "peak_vram_bytes": 1827582464}
{"step": 610, "loss": 0.01967303641140461, "examples": 610, "session_seconds": 493.1897208800001, "peak_vram_bytes": 1827582464}
{"step": 620, "loss": 17.668575286865234, "examples": 620, "session_seconds": 501.6778411769992, "peak_vram_bytes": 1827582464}
{"step": 630, "loss": 0.018321562558412552, "examples": 630, "session_seconds": 509.93804570200155, "peak_vram_bytes": 1827582464}
{"step": 640, "loss": 0.017938442528247833, "examples": 640, "session_seconds": 517.8112774050023, "peak_vram_bytes": 1827582464}
{"step": 650, "loss": 14.340668678283691, "examples": 650, "session_seconds": 525.852937538999, "peak_vram_bytes": 1827582464}
{"step": 660, "loss": 0.018116507679224014, "examples": 660, "session_seconds": 534.1262408699986, "peak_vram_bytes": 1827582464}
{"step": 670, "loss": 0.01972520537674427, "examples": 670, "session_seconds": 542.4076246210025, "peak_vram_bytes": 1827582464}
{"step": 680, "loss": 0.4127263128757477, "examples": 680, "session_seconds": 550.8560492070028, "peak_vram_bytes": 1827582464}
{"step": 690, "loss": 0.020277686417102814, "examples": 690, "session_seconds": 558.6597047899995, "peak_vram_bytes": 1827582464}
{"step": 700, "loss": 0.02002335526049137, "examples": 700, "session_seconds": 566.3201075239995, "peak_vram_bytes": 1827582464}
{"step": 710, "loss": 0.5607249736785889, "examples": 710, "session_seconds": 574.6733587679992, "peak_vram_bytes": 1827582464}
{"step": 720, "loss": 0.843481719493866, "examples": 720, "session_seconds": 582.9294174180031, "peak_vram_bytes": 1827582464}
{"step": 730, "loss": 0.017170710489153862, "examples": 730, "session_seconds": 590.6484667460027, "peak_vram_bytes": 1827582464}
{"step": 740, "loss": 0.020562374964356422, "examples": 740, "session_seconds": 598.8140049060021, "peak_vram_bytes": 1828239872}
{"step": 750, "loss": 0.016819212585687637, "examples": 750, "session_seconds": 606.919068438001, "peak_vram_bytes": 1828239872}
{"step": 760, "loss": 0.01649320311844349, "examples": 760, "session_seconds": 615.0524608570049, "peak_vram_bytes": 1828239872}
{"step": 770, "loss": 0.01777414046227932, "examples": 770, "session_seconds": 622.8518043260046, "peak_vram_bytes": 1828239872}
{"step": 780, "loss": 0.01703830249607563, "examples": 780, "session_seconds": 631.0384817670056, "peak_vram_bytes": 1828239872}
{"step": 790, "loss": 7.643521308898926, "examples": 790, "session_seconds": 638.290496485999, "peak_vram_bytes": 1828239872}
{"step": 800, "loss": 6.31790828704834, "examples": 800, "session_seconds": 645.4145798180034, "peak_vram_bytes": 1828239872}
{"step": 810, "loss": 0.01899048313498497, "examples": 810, "session_seconds": 654.9961086610056, "peak_vram_bytes": 1828239872}
{"step": 820, "loss": 14.417911529541016, "examples": 820, "session_seconds": 662.3990562130057, "peak_vram_bytes": 1828239872}
{"step": 830, "loss": 7.710076808929443, "examples": 830, "session_seconds": 669.4753035540052, "peak_vram_bytes": 1828239872}
{"step": 840, "loss": 0.017244739457964897, "examples": 840, "session_seconds": 676.7589195870023, "peak_vram_bytes": 1828239872}
{"step": 850, "loss": 0.4686463177204132, "examples": 850, "session_seconds": 684.157142420001, "peak_vram_bytes": 1828239872}
{"step": 860, "loss": 1.1834017038345337, "examples": 860, "session_seconds": 692.054464603003, "peak_vram_bytes": 1828239872}
{"step": 870, "loss": 0.05405903235077858, "examples": 870, "session_seconds": 699.9749636340057, "peak_vram_bytes": 1828239872}
{"step": 880, "loss": 0.32428398728370667, "examples": 880, "session_seconds": 708.3151019310026, "peak_vram_bytes": 1828239872}
{"step": 890, "loss": 0.016759904101490974, "examples": 890, "session_seconds": 716.8296100700027, "peak_vram_bytes": 1828239872}
{"step": 900, "loss": 0.017827391624450684, "examples": 900, "session_seconds": 724.7907734000037, "peak_vram_bytes": 1828239872}
{"step": 910, "loss": 0.021806394681334496, "examples": 910, "session_seconds": 733.0604136300026, "peak_vram_bytes": 1828239872}
{"step": 920, "loss": 8.232131004333496, "examples": 920, "session_seconds": 741.297998258, "peak_vram_bytes": 1828239872}
{"step": 930, "loss": 0.01615821197628975, "examples": 930, "session_seconds": 748.8210315860051, "peak_vram_bytes": 1828239872}
{"step": 940, "loss": 14.63404369354248, "examples": 940, "session_seconds": 756.7383205959995, "peak_vram_bytes": 1828239872}
{"step": 950, "loss": 7.693673133850098, "examples": 950, "session_seconds": 764.8516917270026, "peak_vram_bytes": 1828239872}
{"step": 960, "loss": 2.530320167541504, "examples": 960, "session_seconds": 773.1979578579994, "peak_vram_bytes": 1828239872}
{"step": 970, "loss": 0.045869071036577225, "examples": 970, "session_seconds": 780.9654375210011, "peak_vram_bytes": 1828239872}
{"step": 980, "loss": 6.742555618286133, "examples": 980, "session_seconds": 789.1410722830042, "peak_vram_bytes": 1828239872}
{"step": 990, "loss": 0.01720878854393959, "examples": 990, "session_seconds": 796.9973838779988, "peak_vram_bytes": 1828239872}
{"step": 1000, "loss": 0.015982788056135178, "examples": 1000, "session_seconds": 804.8973995750057, "peak_vram_bytes": 1828239872}
{"step": 1010, "loss": 4.6092329025268555, "examples": 1010, "session_seconds": 813.4781097560044, "peak_vram_bytes": 1828239872}
{"step": 1020, "loss": 0.6694092154502869, "examples": 1020, "session_seconds": 821.8642258430045, "peak_vram_bytes": 1828239872}
{"step": 1030, "loss": 0.045801445841789246, "examples": 1030, "session_seconds": 829.7015492069986, "peak_vram_bytes": 1828239872}
{"step": 1040, "loss": 0.015818703919649124, "examples": 1040, "session_seconds": 837.9664746350027, "peak_vram_bytes": 1828239872}
{"step": 1050, "loss": 0.5780883431434631, "examples": 1050, "session_seconds": 846.2968647890011, "peak_vram_bytes": 1828239872}
{"step": 1060, "loss": 0.0173646192997694, "examples": 1060, "session_seconds": 854.288990866, "peak_vram_bytes": 1828239872}
{"step": 1070, "loss": 0.016671201214194298, "examples": 1070, "session_seconds": 862.0617681709991, "peak_vram_bytes": 1828239872}
{"step": 1080, "loss": 5.113095283508301, "examples": 1080, "session_seconds": 869.6171065800008, "peak_vram_bytes": 1828239872}
{"step": 1090, "loss": 0.015917235985398293, "examples": 1090, "session_seconds": 876.8259287570036, "peak_vram_bytes": 1828239872}
{"step": 1100, "loss": 0.018824592232704163, "examples": 1100, "session_seconds": 884.6396394930052, "peak_vram_bytes": 1828239872}
{"step": 1110, "loss": 0.016614120453596115, "examples": 1110, "session_seconds": 893.0483767930054, "peak_vram_bytes": 1828239872}
{"step": 1120, "loss": 0.016034498810768127, "examples": 1120, "session_seconds": 900.7729338019999, "peak_vram_bytes": 1828239872}
{"step": 1130, "loss": 21.850357055664062, "examples": 1130, "session_seconds": 907.8136304549989, "peak_vram_bytes": 1828239872}
{"step": 1140, "loss": 0.07976575940847397, "examples": 1140, "session_seconds": 915.2373855370024, "peak_vram_bytes": 1828338176}
{"step": 1150, "loss": 0.015757722780108452, "examples": 1150, "session_seconds": 922.5792319719985, "peak_vram_bytes": 1828338176}
{"step": 1160, "loss": 0.01569715142250061, "examples": 1160, "session_seconds": 929.7757359730022, "peak_vram_bytes": 1828338176}
{"step": 1170, "loss": 0.016761772334575653, "examples": 1170, "session_seconds": 936.8841063910004, "peak_vram_bytes": 1828338176}
{"step": 1180, "loss": 11.387210845947266, "examples": 1180, "session_seconds": 944.0217142490001, "peak_vram_bytes": 1828338176}
{"step": 1190, "loss": 19.267824172973633, "examples": 1190, "session_seconds": 951.1844791280018, "peak_vram_bytes": 1828338176}
{"step": 1200, "loss": 22.838224411010742, "examples": 1200, "session_seconds": 958.3073638780043, "peak_vram_bytes": 1828338176}
{"step": 1210, "loss": 0.020236913114786148, "examples": 1210, "session_seconds": 965.7816579179998, "peak_vram_bytes": 1828338176}
{"step": 1220, "loss": 0.02322855405509472, "examples": 1220, "session_seconds": 973.6955656819991, "peak_vram_bytes": 1828338176}
{"step": 1230, "loss": 0.018418088555336, "examples": 1230, "session_seconds": 981.076305335002, "peak_vram_bytes": 1828338176}
{"step": 1240, "loss": 4.113799095153809, "examples": 1240, "session_seconds": 988.767675875999, "peak_vram_bytes": 1828338176}
{"step": 1250, "loss": 0.016418524086475372, "examples": 1250, "session_seconds": 996.0202544460044, "peak_vram_bytes": 1828338176}
{"step": 1260, "loss": 0.02206878364086151, "examples": 1260, "session_seconds": 1003.4215492709991, "peak_vram_bytes": 1828338176}
{"step": 1270, "loss": 0.06418542563915253, "examples": 1270, "session_seconds": 1011.2782882419997, "peak_vram_bytes": 1828338176}
{"step": 1280, "loss": 0.016457002609968185, "examples": 1280, "session_seconds": 1019.4035368580007, "peak_vram_bytes": 1828338176}
{"step": 1290, "loss": 1.0788530111312866, "examples": 1290, "session_seconds": 1027.2610094050033, "peak_vram_bytes": 1828338176}
{"step": 1300, "loss": 12.423195838928223, "examples": 1300, "session_seconds": 1034.5552846830033, "peak_vram_bytes": 1828338176}
{"step": 1310, "loss": 0.015015922486782074, "examples": 1310, "session_seconds": 1042.610795436005, "peak_vram_bytes": 1828338176}
{"step": 1320, "loss": 0.015112018212676048, "examples": 1320, "session_seconds": 1050.5853287640057, "peak_vram_bytes": 1828338176}
{"step": 1330, "loss": 0.01486876979470253, "examples": 1330, "session_seconds": 1057.9265988370025, "peak_vram_bytes": 1828338176}
{"step": 1340, "loss": 15.994256019592285, "examples": 1340, "session_seconds": 1065.2767426630016, "peak_vram_bytes": 1828338176}
{"step": 1350, "loss": 5.798898220062256, "examples": 1350, "session_seconds": 1073.328932960001, "peak_vram_bytes": 1828338176}
{"step": 1360, "loss": 4.363745212554932, "examples": 1360, "session_seconds": 1081.2367793110025, "peak_vram_bytes": 1828338176}
{"step": 1370, "loss": 0.014836112037301064, "examples": 1370, "session_seconds": 1089.0716480390038, "peak_vram_bytes": 1828338176}
{"step": 1380, "loss": 0.015210400335490704, "examples": 1380, "session_seconds": 1097.1891511990034, "peak_vram_bytes": 1828338176}
{"step": 1390, "loss": 9.185161590576172, "examples": 1390, "session_seconds": 1105.4795614750037, "peak_vram_bytes": 1828338176}
{"step": 1400, "loss": 0.014883031137287617, "examples": 1400, "session_seconds": 1113.7246662550024, "peak_vram_bytes": 1828338176}
{"step": 1410, "loss": 17.155162811279297, "examples": 1410, "session_seconds": 1122.3229244590038, "peak_vram_bytes": 1828338176}
{"step": 1420, "loss": 15.879693031311035, "examples": 1420, "session_seconds": 1130.4213288890023, "peak_vram_bytes": 1828338176}
{"step": 1430, "loss": 12.022002220153809, "examples": 1430, "session_seconds": 1138.6051218280045, "peak_vram_bytes": 1828338176}
{"step": 1440, "loss": 0.01484765112400055, "examples": 1440, "session_seconds": 1146.566944490005, "peak_vram_bytes": 1828338176}
{"step": 1450, "loss": 0.7631823420524597, "examples": 1450, "session_seconds": 1154.6919698050042, "peak_vram_bytes": 1828338176}
{"step": 1460, "loss": 8.765393257141113, "examples": 1460, "session_seconds": 1162.9731152680033, "peak_vram_bytes": 1828338176}
{"step": 1470, "loss": 12.931700706481934, "examples": 1470, "session_seconds": 1171.0956842230007, "peak_vram_bytes": 1828338176}
{"step": 1480, "loss": 0.7409693598747253, "examples": 1480, "session_seconds": 1179.7440678800049, "peak_vram_bytes": 1828338176}
{"step": 1490, "loss": 0.014821430668234825, "examples": 1490, "session_seconds": 1187.9472952290016, "peak_vram_bytes": 1828338176}
{"step": 1500, "loss": 0.014833392575383186, "examples": 1500, "session_seconds": 1195.4948035609996, "peak_vram_bytes": 1828338176}
{"step": 1510, "loss": 0.014587967656552792, "examples": 1510, "session_seconds": 1203.9933427600045, "peak_vram_bytes": 1828338176}
{"step": 1520, "loss": 0.02231333963572979, "examples": 1520, "session_seconds": 1211.2902227550003, "peak_vram_bytes": 1828338176}
{"step": 1530, "loss": 16.700389862060547, "examples": 1530, "session_seconds": 1218.7187770720047, "peak_vram_bytes": 1828338176}
{"step": 1540, "loss": 0.017811117693781853, "examples": 1540, "session_seconds": 1225.9484773369986, "peak_vram_bytes": 1828338176}
{"step": 1550, "loss": 23.182403564453125, "examples": 1550, "session_seconds": 1233.6637715450051, "peak_vram_bytes": 1828338176}
{"step": 1560, "loss": 0.01636231318116188, "examples": 1560, "session_seconds": 1240.963758417005, "peak_vram_bytes": 1828338176}
{"step": 1570, "loss": 0.014521235600113869, "examples": 1570, "session_seconds": 1248.8594396960034, "peak_vram_bytes": 1828338176}
{"step": 1580, "loss": 0.014645658433437347, "examples": 1580, "session_seconds": 1256.6480040310053, "peak_vram_bytes": 1828338176}
{"step": 1590, "loss": 0.014588147401809692, "examples": 1590, "session_seconds": 1264.6487100020022, "peak_vram_bytes": 1828338176}
{"step": 1600, "loss": 0.014437763020396233, "examples": 1600, "session_seconds": 1272.9388469760015, "peak_vram_bytes": 1828338176}
{"step": 1610, "loss": 4.8739447593688965, "examples": 1610, "session_seconds": 1281.2353879790026, "peak_vram_bytes": 1828338176}
{"step": 1620, "loss": 0.016309652477502823, "examples": 1620, "session_seconds": 1288.728268373001, "peak_vram_bytes": 1828338176}
{"step": 1630, "loss": 0.014319285750389099, "examples": 1630, "session_seconds": 1297.2046483490049, "peak_vram_bytes": 1828338176}
{"step": 1640, "loss": 0.014464637264609337, "examples": 1640, "session_seconds": 1305.5375877859988, "peak_vram_bytes": 1828338176}
{"step": 1650, "loss": 0.01470997091382742, "examples": 1650, "session_seconds": 1313.4857206740053, "peak_vram_bytes": 1828338176}
{"step": 1660, "loss": 0.052322857081890106, "examples": 1660, "session_seconds": 1321.2239110890005, "peak_vram_bytes": 1828338176}
{"step": 1670, "loss": 11.53613567352295, "examples": 1670, "session_seconds": 1329.2649037640003, "peak_vram_bytes": 1828338176}
{"step": 1680, "loss": 3.3131325244903564, "examples": 1680, "session_seconds": 1337.2888376150004, "peak_vram_bytes": 1828338176}
{"step": 1690, "loss": 4.309159278869629, "examples": 1690, "session_seconds": 1345.1773524230011, "peak_vram_bytes": 1828344320}
{"step": 1700, "loss": 0.016316527500748634, "examples": 1700, "session_seconds": 1353.165609708005, "peak_vram_bytes": 1828344320}
{"step": 1710, "loss": 25.392702102661133, "examples": 1710, "session_seconds": 1361.1504410640046, "peak_vram_bytes": 1828344320}
{"step": 1720, "loss": 0.01431458443403244, "examples": 1720, "session_seconds": 1368.4032901760002, "peak_vram_bytes": 1828344320}
{"step": 1730, "loss": 0.01499740406870842, "examples": 1730, "session_seconds": 1376.3264914989995, "peak_vram_bytes": 1828344320}
{"step": 1740, "loss": 0.7888050079345703, "examples": 1740, "session_seconds": 1384.3629410430003, "peak_vram_bytes": 1828344320}
{"step": 1750, "loss": 0.0765865221619606, "examples": 1750, "session_seconds": 1391.8754134030023, "peak_vram_bytes": 1828344320}
{"step": 1760, "loss": 0.014327994547784328, "examples": 1760, "session_seconds": 1399.569851499, "peak_vram_bytes": 1828344320}
{"step": 1770, "loss": 0.017452804371714592, "examples": 1770, "session_seconds": 1407.5365826600028, "peak_vram_bytes": 1828344320}
{"step": 1780, "loss": 0.4164123833179474, "examples": 1780, "session_seconds": 1415.8308032700006, "peak_vram_bytes": 1828344320}
{"step": 1790, "loss": 0.01525901909917593, "examples": 1790, "session_seconds": 1423.7158768580048, "peak_vram_bytes": 1828344320}
{"step": 1800, "loss": 0.024945463985204697, "examples": 1800, "session_seconds": 1431.6968691560032, "peak_vram_bytes": 1828344320}
{"step": 1810, "loss": 0.014265643432736397, "examples": 1810, "session_seconds": 1440.2322374300056, "peak_vram_bytes": 1828344320}
{"step": 1820, "loss": 0.20124298334121704, "examples": 1820, "session_seconds": 1447.9428528230055, "peak_vram_bytes": 1828344320}
{"step": 1830, "loss": 13.351237297058105, "examples": 1830, "session_seconds": 1455.8164052080028, "peak_vram_bytes": 1828344320}
{"step": 1840, "loss": 12.776118278503418, "examples": 1840, "session_seconds": 1463.801899473001, "peak_vram_bytes": 1828344320}
{"step": 1850, "loss": 0.0144569780677557, "examples": 1850, "session_seconds": 1471.0574810469989, "peak_vram_bytes": 1828344320}
{"step": 1860, "loss": 0.026027105748653412, "examples": 1860, "session_seconds": 1478.4768308560015, "peak_vram_bytes": 1828344320}
{"step": 1870, "loss": 0.014884834177792072, "examples": 1870, "session_seconds": 1486.5567188700006, "peak_vram_bytes": 1828344320}
{"step": 1880, "loss": 0.04609754681587219, "examples": 1880, "session_seconds": 1493.810890190005, "peak_vram_bytes": 1828344320}
{"step": 1890, "loss": 0.04419393092393875, "examples": 1890, "session_seconds": 1501.0240360300013, "peak_vram_bytes": 1828344320}
{"step": 1900, "loss": 0.014192042872309685, "examples": 1900, "session_seconds": 1508.1899342480028, "peak_vram_bytes": 1828344320}
{"step": 1910, "loss": 0.014192533679306507, "examples": 1910, "session_seconds": 1515.7659051340015, "peak_vram_bytes": 1828344320}
{"step": 1920, "loss": 18.597309112548828, "examples": 1920, "session_seconds": 1522.8805529070014, "peak_vram_bytes": 1828344320}
{"step": 1930, "loss": 10.852851867675781, "examples": 1930, "session_seconds": 1529.8933696550012, "peak_vram_bytes": 1828344320}
{"step": 1940, "loss": 0.015289000235497952, "examples": 1940, "session_seconds": 1537.6527686560003, "peak_vram_bytes": 1828344320}
{"step": 1950, "loss": 0.03925415128469467, "examples": 1950, "session_seconds": 1544.9165374740041, "peak_vram_bytes": 1828344320}
{"step": 1960, "loss": 0.11904115229845047, "examples": 1960, "session_seconds": 1552.586005254001, "peak_vram_bytes": 1828344320}
{"step": 1970, "loss": 0.014248751103878021, "examples": 1970, "session_seconds": 1560.2185995920008, "peak_vram_bytes": 1828344320}
{"step": 1980, "loss": 0.015150008723139763, "examples": 1980, "session_seconds": 1567.5523118019992, "peak_vram_bytes": 1828344320}
{"step": 1990, "loss": 0.015788085758686066, "examples": 1990, "session_seconds": 1575.771287882002, "peak_vram_bytes": 1828344320}
{"step": 2000, "loss": 7.094211101531982, "examples": 2000, "session_seconds": 1583.9950326130056, "peak_vram_bytes": 1828344320}
{"step": 2010, "loss": 0.01520333532243967, "examples": 2010, "session_seconds": 1592.7736724990027, "peak_vram_bytes": 1828344320}
{"step": 2020, "loss": 0.014144270680844784, "examples": 2020, "session_seconds": 1600.029651595003, "peak_vram_bytes": 1828344320}
{"step": 2030, "loss": 10.6415376663208, "examples": 2030, "session_seconds": 1607.4424638540004, "peak_vram_bytes": 1828344320}
{"step": 2040, "loss": 0.016704145818948746, "examples": 2040, "session_seconds": 1614.8961453320007, "peak_vram_bytes": 1828344320}
{"step": 2050, "loss": 3.161503314971924, "examples": 2050, "session_seconds": 1622.088995815, "peak_vram_bytes": 1828344320}
{"step": 2060, "loss": 0.0164441280066967, "examples": 2060, "session_seconds": 1629.2507376510039, "peak_vram_bytes": 1828344320}
{"step": 2070, "loss": 7.176004886627197, "examples": 2070, "session_seconds": 1636.699468439001, "peak_vram_bytes": 1828344320}
{"step": 2080, "loss": 8.08212947845459, "examples": 2080, "session_seconds": 1643.7164830580004, "peak_vram_bytes": 1828344320}
{"step": 2090, "loss": 0.01405393611639738, "examples": 2090, "session_seconds": 1650.7172226969997, "peak_vram_bytes": 1828344320}
{"step": 2100, "loss": 9.646936416625977, "examples": 2100, "session_seconds": 1657.6725265070054, "peak_vram_bytes": 1828344320}
{"step": 2110, "loss": 0.014099353924393654, "examples": 2110, "session_seconds": 1665.1166939510003, "peak_vram_bytes": 1828344320}
{"step": 2120, "loss": 19.561296463012695, "examples": 2120, "session_seconds": 1672.0620464739986, "peak_vram_bytes": 1828344320}
{"step": 2130, "loss": 18.372173309326172, "examples": 2130, "session_seconds": 1679.3976009950056, "peak_vram_bytes": 1828344320}
{"step": 2140, "loss": 0.014088718220591545, "examples": 2140, "session_seconds": 1687.2827198990053, "peak_vram_bytes": 1828344320}
{"step": 2150, "loss": 0.014906127005815506, "examples": 2150, "session_seconds": 1694.9174306870045, "peak_vram_bytes": 1829758976}
{"step": 2160, "loss": 12.724534034729004, "examples": 2160, "session_seconds": 1701.8063356130006, "peak_vram_bytes": 1829758976}
{"step": 2170, "loss": 4.8315911293029785, "examples": 2170, "session_seconds": 1709.3610142260004, "peak_vram_bytes": 1829758976}
{"step": 2180, "loss": 0.01410171389579773, "examples": 2180, "session_seconds": 1716.5009646850012, "peak_vram_bytes": 1829758976}
{"step": 2190, "loss": 0.0159210953861475, "examples": 2190, "session_seconds": 1723.6105013999986, "peak_vram_bytes": 1829758976}
{"step": 2200, "loss": 0.11138704419136047, "examples": 2200, "session_seconds": 1730.7595421970036, "peak_vram_bytes": 1829758976}
{"step": 2210, "loss": 1.5908031463623047, "examples": 2210, "session_seconds": 1738.3037729800053, "peak_vram_bytes": 1829758976}
{"step": 2220, "loss": 12.920013427734375, "examples": 2220, "session_seconds": 1745.882147850003, "peak_vram_bytes": 1829758976}
{"step": 2230, "loss": 0.015679964795708656, "examples": 2230, "session_seconds": 1753.3065569149985, "peak_vram_bytes": 1829758976}
{"step": 2240, "loss": 0.014674616977572441, "examples": 2240, "session_seconds": 1760.3734163629997, "peak_vram_bytes": 1829758976}
{"step": 2250, "loss": 0.014662460424005985, "examples": 2250, "session_seconds": 1768.248631221999, "peak_vram_bytes": 1829758976}
{"step": 2260, "loss": 8.851719856262207, "examples": 2260, "session_seconds": 1775.9276385129997, "peak_vram_bytes": 1829758976}
{"step": 2270, "loss": 3.8146159648895264, "examples": 2270, "session_seconds": 1783.3516584630052, "peak_vram_bytes": 1829758976}
{"step": 2280, "loss": 0.014075785875320435, "examples": 2280, "session_seconds": 1790.5657163330034, "peak_vram_bytes": 1829758976}
{"step": 2290, "loss": 0.013961517252027988, "examples": 2290, "session_seconds": 1797.698443647001, "peak_vram_bytes": 1829758976}
{"step": 2300, "loss": 0.5758992433547974, "examples": 2300, "session_seconds": 1804.8192653310034, "peak_vram_bytes": 1829758976}
{"step": 2310, "loss": 8.337417602539062, "examples": 2310, "session_seconds": 1812.3160405550007, "peak_vram_bytes": 1829758976}
{"step": 2320, "loss": 0.01391333993524313, "examples": 2320, "session_seconds": 1819.3987964710032, "peak_vram_bytes": 1829758976}
{"step": 2330, "loss": 0.01426876150071621, "examples": 2330, "session_seconds": 1826.5509217630024, "peak_vram_bytes": 1829758976}
{"step": 2340, "loss": 0.015009786933660507, "examples": 2340, "session_seconds": 1833.7697440699994, "peak_vram_bytes": 1829758976}
{"step": 2350, "loss": 0.013863313011825085, "examples": 2350, "session_seconds": 1840.7902286980025, "peak_vram_bytes": 1829758976}
{"step": 2360, "loss": 11.820998191833496, "examples": 2360, "session_seconds": 1847.8132516320038, "peak_vram_bytes": 1829758976}
{"step": 2370, "loss": 2.7006044387817383, "examples": 2370, "session_seconds": 1855.380312950001, "peak_vram_bytes": 1829758976}
{"step": 2380, "loss": 20.110532760620117, "examples": 2380, "session_seconds": 1863.0782270060008, "peak_vram_bytes": 1829758976}
{"step": 2390, "loss": 4.263341903686523, "examples": 2390, "session_seconds": 1870.9143955780019, "peak_vram_bytes": 1829758976}
{"step": 2400, "loss": 0.15528452396392822, "examples": 2400, "session_seconds": 1878.794335767001, "peak_vram_bytes": 1829758976}
{"step": 2410, "loss": 7.553791046142578, "examples": 2410, "session_seconds": 1887.089442384, "peak_vram_bytes": 1829758976}
{"step": 2420, "loss": 10.611648559570312, "examples": 2420, "session_seconds": 1895.0033559580042, "peak_vram_bytes": 1829758976}
{"step": 2430, "loss": 0.013982036150991917, "examples": 2430, "session_seconds": 1903.0047508480056, "peak_vram_bytes": 1829758976}
{"step": 2440, "loss": 10.135587692260742, "examples": 2440, "session_seconds": 1911.2155632550057, "peak_vram_bytes": 1829758976}
{"step": 2450, "loss": 0.014448480680584908, "examples": 2450, "session_seconds": 1919.0569633900013, "peak_vram_bytes": 1829758976}
{"step": 2460, "loss": 0.01404343731701374, "examples": 2460, "session_seconds": 1927.2492820219995, "peak_vram_bytes": 1829758976}
{"step": 2470, "loss": 12.983031272888184, "examples": 2470, "session_seconds": 1935.4775912149998, "peak_vram_bytes": 1829758976}
{"step": 2480, "loss": 6.199598789215088, "examples": 2480, "session_seconds": 1942.8528824110035, "peak_vram_bytes": 1829758976}
{"step": 2490, "loss": 0.01395620871335268, "examples": 2490, "session_seconds": 1949.981501246999, "peak_vram_bytes": 1829758976}
{"step": 2500, "loss": 0.01396652776747942, "examples": 2500, "session_seconds": 1957.220374290002, "peak_vram_bytes": 1829758976}
{"step": 2510, "loss": 0.014048055745661259, "examples": 2510, "session_seconds": 1965.2670795490048, "peak_vram_bytes": 1829758976}
{"step": 2520, "loss": 0.014102926477789879, "examples": 2520, "session_seconds": 1973.0438795049995, "peak_vram_bytes": 1829758976}
{"step": 2530, "loss": 19.787179946899414, "examples": 2530, "session_seconds": 1980.470075956, "peak_vram_bytes": 1829758976}
{"step": 2540, "loss": 0.02367229014635086, "examples": 2540, "session_seconds": 1988.162816502001, "peak_vram_bytes": 1829758976}
{"step": 2550, "loss": 0.014324741438031197, "examples": 2550, "session_seconds": 1996.1519692180009, "peak_vram_bytes": 1829758976}
{"step": 2560, "loss": 0.014656713232398033, "examples": 2560, "session_seconds": 2003.4132503360015, "peak_vram_bytes": 1829758976}
{"step": 2570, "loss": 0.013912827707827091, "examples": 2570, "session_seconds": 2011.3372418210056, "peak_vram_bytes": 1831693312}
{"step": 2580, "loss": 0.13194714486598969, "examples": 2580, "session_seconds": 2019.0700393350053, "peak_vram_bytes": 1831693312}
{"step": 2590, "loss": 0.014599896967411041, "examples": 2590, "session_seconds": 2027.1648997930024, "peak_vram_bytes": 1831693312}
{"step": 2600, "loss": 0.07771731913089752, "examples": 2600, "session_seconds": 2034.294445214, "peak_vram_bytes": 1831693312}
{"step": 2610, "loss": 0.014071946032345295, "examples": 2610, "session_seconds": 2041.8715567510008, "peak_vram_bytes": 1831693312}
{"step": 2620, "loss": 0.014125403016805649, "examples": 2620, "session_seconds": 2049.239191407003, "peak_vram_bytes": 1831693312}
{"step": 2630, "loss": 1.1006516218185425, "examples": 2630, "session_seconds": 2056.378749001, "peak_vram_bytes": 1831693312}
{"step": 2640, "loss": 0.2616845667362213, "examples": 2640, "session_seconds": 2063.464861145003, "peak_vram_bytes": 1831693312}
{"step": 2650, "loss": 0.013917084783315659, "examples": 2650, "session_seconds": 2070.735750562999, "peak_vram_bytes": 1831693312}
{"step": 2660, "loss": 0.018618494272232056, "examples": 2660, "session_seconds": 2077.811199872005, "peak_vram_bytes": 1831693312}
{"step": 2670, "loss": 18.640798568725586, "examples": 2670, "session_seconds": 2085.5174552140015, "peak_vram_bytes": 1831693312}
{"step": 2680, "loss": 8.906719207763672, "examples": 2680, "session_seconds": 2093.137045143005, "peak_vram_bytes": 1831693312}
{"step": 2690, "loss": 0.014713209122419357, "examples": 2690, "session_seconds": 2100.9010662760047, "peak_vram_bytes": 1831693312}
{"step": 2700, "loss": 5.9222846031188965, "examples": 2700, "session_seconds": 2109.0643048839993, "peak_vram_bytes": 1831693312}
{"step": 2710, "loss": 0.028204772621393204, "examples": 2710, "session_seconds": 2117.2931462060005, "peak_vram_bytes": 1831693312}
{"step": 2720, "loss": 0.01392730139195919, "examples": 2720, "session_seconds": 2125.1812868039997, "peak_vram_bytes": 1831693312}
{"step": 2730, "loss": 0.014655005186796188, "examples": 2730, "session_seconds": 2133.5665947119996, "peak_vram_bytes": 1831693312}
{"step": 2740, "loss": 10.352340698242188, "examples": 2740, "session_seconds": 2141.7110982910017, "peak_vram_bytes": 1831693312}
{"step": 2750, "loss": 6.908230304718018, "examples": 2750, "session_seconds": 2149.6676944110004, "peak_vram_bytes": 1831693312}
{"step": 2760, "loss": 0.26366961002349854, "examples": 2760, "session_seconds": 2157.930690895002, "peak_vram_bytes": 1831693312}
{"step": 2770, "loss": 0.013906463980674744, "examples": 2770, "session_seconds": 2166.1968708950008, "peak_vram_bytes": 1831693312}
{"step": 2780, "loss": 0.01663213036954403, "examples": 2780, "session_seconds": 2174.4123410739994, "peak_vram_bytes": 1831693312}
{"step": 2790, "loss": 18.826831817626953, "examples": 2790, "session_seconds": 2182.234350455001, "peak_vram_bytes": 1831693312}
{"step": 2800, "loss": 0.0143742049112916, "examples": 2800, "session_seconds": 2189.5015033290038, "peak_vram_bytes": 1831693312}
{"step": 2810, "loss": 0.014126903377473354, "examples": 2810, "session_seconds": 2197.322108154003, "peak_vram_bytes": 1831693312}
{"step": 2820, "loss": 0.013834226876497269, "examples": 2820, "session_seconds": 2205.672199597, "peak_vram_bytes": 1831693312}
{"step": 2830, "loss": 0.013723287731409073, "examples": 2830, "session_seconds": 2213.990892066002, "peak_vram_bytes": 1831693312}
{"step": 2840, "loss": 0.013785012066364288, "examples": 2840, "session_seconds": 2221.611711231999, "peak_vram_bytes": 1831693312}
{"step": 2850, "loss": 0.013882681727409363, "examples": 2850, "session_seconds": 2228.9220798810056, "peak_vram_bytes": 1831693312}
{"step": 2860, "loss": 24.670928955078125, "examples": 2860, "session_seconds": 2237.214472587002, "peak_vram_bytes": 1831693312}
{"step": 2870, "loss": 0.016483789309859276, "examples": 2870, "session_seconds": 2244.970658666003, "peak_vram_bytes": 1831693312}
{"step": 2880, "loss": 0.014384323731064796, "examples": 2880, "session_seconds": 2253.192573376, "peak_vram_bytes": 1831693312}
{"step": 2890, "loss": 0.0407484732568264, "examples": 2890, "session_seconds": 2261.1865932729997, "peak_vram_bytes": 1831693312}
{"step": 2900, "loss": 0.014357621781527996, "examples": 2900, "session_seconds": 2269.3336990550015, "peak_vram_bytes": 1831693312}
{"step": 2910, "loss": 0.014237555675208569, "examples": 2910, "session_seconds": 2276.7971133739993, "peak_vram_bytes": 1831693312}
{"step": 2920, "loss": 0.024240370839834213, "examples": 2920, "session_seconds": 2283.8543678760034, "peak_vram_bytes": 1831693312}
{"step": 2930, "loss": 0.014480769634246826, "examples": 2930, "session_seconds": 2291.7768422139998, "peak_vram_bytes": 1831693312}
{"step": 2940, "loss": 0.014112282544374466, "examples": 2940, "session_seconds": 2299.220471202003, "peak_vram_bytes": 1831693312}
{"step": 2950, "loss": 0.01388099230825901, "examples": 2950, "session_seconds": 2306.8610653880023, "peak_vram_bytes": 1831693312}
{"step": 2960, "loss": 8.374052047729492, "examples": 2960, "session_seconds": 2314.0399629900057, "peak_vram_bytes": 1831693312}
{"step": 2970, "loss": 0.0520806647837162, "examples": 2970, "session_seconds": 2321.1363275870026, "peak_vram_bytes": 1831693312}
{"step": 2980, "loss": 0.014164822176098824, "examples": 2980, "session_seconds": 2328.349954463003, "peak_vram_bytes": 1831693312}
{"step": 2990, "loss": 0.6207432746887207, "examples": 2990, "session_seconds": 2335.6674013369993, "peak_vram_bytes": 1831693312}
{"step": 3000, "loss": 0.013931216672062874, "examples": 3000, "session_seconds": 2343.226423387001, "peak_vram_bytes": 1831693312}
{"step": 3010, "loss": 0.013816259801387787, "examples": 3010, "session_seconds": 2350.7456034999996, "peak_vram_bytes": 1831693312}
{"step": 3020, "loss": 20.734350204467773, "examples": 3020, "session_seconds": 2357.7978494790004, "peak_vram_bytes": 1831693312}
{"step": 3030, "loss": 0.017108604311943054, "examples": 3030, "session_seconds": 2365.1102618250006, "peak_vram_bytes": 1831693312}
{"step": 3040, "loss": 7.603137493133545, "examples": 3040, "session_seconds": 2372.656225071005, "peak_vram_bytes": 1831693312}
{"step": 3050, "loss": 0.0208128709346056, "examples": 3050, "session_seconds": 2380.564681445001, "peak_vram_bytes": 1831693312}
{"step": 3060, "loss": 16.571012496948242, "examples": 3060, "session_seconds": 2387.936245842, "peak_vram_bytes": 1831693312}
{"step": 3070, "loss": 0.01626100204885006, "examples": 3070, "session_seconds": 2395.215123701004, "peak_vram_bytes": 1831693312}
{"step": 3080, "loss": 11.790390968322754, "examples": 3080, "session_seconds": 2402.5811093049997, "peak_vram_bytes": 1831693312}
{"step": 3090, "loss": 16.67376708984375, "examples": 3090, "session_seconds": 2409.8696660150017, "peak_vram_bytes": 1831693312}
{"step": 3100, "loss": 0.014100529253482819, "examples": 3100, "session_seconds": 2417.5834547460036, "peak_vram_bytes": 1831693312}
{"step": 3110, "loss": 0.015537058003246784, "examples": 3110, "session_seconds": 2425.9570242359987, "peak_vram_bytes": 1831693312}
{"step": 3120, "loss": 0.014383921399712563, "examples": 3120, "session_seconds": 2434.0115136560053, "peak_vram_bytes": 1831693312}
{"step": 3130, "loss": 0.01628468558192253, "examples": 3130, "session_seconds": 2441.6721729570054, "peak_vram_bytes": 1831693312}
{"step": 3140, "loss": 0.013927341438829899, "examples": 3140, "session_seconds": 2449.1330104849985, "peak_vram_bytes": 1831693312}
{"step": 3150, "loss": 0.015042794868350029, "examples": 3150, "session_seconds": 2457.2306187540016, "peak_vram_bytes": 1831693312}
{"step": 3160, "loss": 16.827831268310547, "examples": 3160, "session_seconds": 2465.483844800001, "peak_vram_bytes": 1831693312}
{"step": 3170, "loss": 0.013892052695155144, "examples": 3170, "session_seconds": 2473.651618529002, "peak_vram_bytes": 1831693312}
{"step": 3180, "loss": 0.020585844293236732, "examples": 3180, "session_seconds": 2481.6880460040047, "peak_vram_bytes": 1831693312}
{"step": 3190, "loss": 0.014471661299467087, "examples": 3190, "session_seconds": 2489.242638431002, "peak_vram_bytes": 1831693312}
{"step": 3200, "loss": 17.21785545349121, "examples": 3200, "session_seconds": 2496.6674009109993, "peak_vram_bytes": 1831693312}
{"step": 3210, "loss": 0.013817268423736095, "examples": 3210, "session_seconds": 2504.8746831820026, "peak_vram_bytes": 1831693312}
{"step": 3220, "loss": 7.571981906890869, "examples": 3220, "session_seconds": 2512.8730340730035, "peak_vram_bytes": 1831693312}
{"step": 3230, "loss": 12.676636695861816, "examples": 3230, "session_seconds": 2520.304424146001, "peak_vram_bytes": 1831693312}
{"step": 3240, "loss": 0.015733996406197548, "examples": 3240, "session_seconds": 2527.561333907004, "peak_vram_bytes": 1831693312}
{"step": 3250, "loss": 0.014777184464037418, "examples": 3250, "session_seconds": 2534.7189092820045, "peak_vram_bytes": 1831693312}
{"step": 3260, "loss": 24.16264533996582, "examples": 3260, "session_seconds": 2541.864763482001, "peak_vram_bytes": 1831693312}
{"step": 3270, "loss": 7.715785503387451, "examples": 3270, "session_seconds": 2548.9890934190043, "peak_vram_bytes": 1831693312}
{"step": 3280, "loss": 0.018767494708299637, "examples": 3280, "session_seconds": 2556.332265586003, "peak_vram_bytes": 1831693312}
{"step": 3290, "loss": 7.472716808319092, "examples": 3290, "session_seconds": 2564.124278192001, "peak_vram_bytes": 1831693312}
{"step": 3300, "loss": 0.013825684785842896, "examples": 3300, "session_seconds": 2571.453014273, "peak_vram_bytes": 1831693312}
{"step": 3310, "loss": 0.013802223838865757, "examples": 3310, "session_seconds": 2578.9988516680023, "peak_vram_bytes": 1831693312}
{"step": 3320, "loss": 0.014633320271968842, "examples": 3320, "session_seconds": 2586.746012239004, "peak_vram_bytes": 1831693312}
{"step": 3330, "loss": 17.9770565032959, "examples": 3330, "session_seconds": 2594.1824366120054, "peak_vram_bytes": 1831693312}
{"step": 3340, "loss": 0.021706799045205116, "examples": 3340, "session_seconds": 2602.078943657005, "peak_vram_bytes": 1831693312}
{"step": 3350, "loss": 10.30112361907959, "examples": 3350, "session_seconds": 2609.200750367003, "peak_vram_bytes": 1831693312}
{"step": 3360, "loss": 20.337295532226562, "examples": 3360, "session_seconds": 2617.636091171, "peak_vram_bytes": 1831693312}
{"step": 3370, "loss": 23.366655349731445, "examples": 3370, "session_seconds": 2624.7961026330013, "peak_vram_bytes": 1831693312}
{"step": 3380, "loss": 0.014829616993665695, "examples": 3380, "session_seconds": 2632.774832177005, "peak_vram_bytes": 1831693312}
{"step": 3390, "loss": 16.74118423461914, "examples": 3390, "session_seconds": 2640.8842762179993, "peak_vram_bytes": 1831693312}
{"step": 3400, "loss": 0.018921080976724625, "examples": 3400, "session_seconds": 2649.122966641, "peak_vram_bytes": 1831693312}
{"step": 3410, "loss": 0.014187068678438663, "examples": 3410, "session_seconds": 2656.805051029005, "peak_vram_bytes": 1831693312}
{"step": 3420, "loss": 0.013787456788122654, "examples": 3420, "session_seconds": 2665.136792035999, "peak_vram_bytes": 1831693312}
{"step": 3430, "loss": 19.63538932800293, "examples": 3430, "session_seconds": 2672.607587876999, "peak_vram_bytes": 1831693312}
{"step": 3440, "loss": 0.014979368075728416, "examples": 3440, "session_seconds": 2680.4738456019986, "peak_vram_bytes": 1831693312}
{"step": 3450, "loss": 4.940364360809326, "examples": 3450, "session_seconds": 2687.6637702959997, "peak_vram_bytes": 1831693312}
{"step": 3460, "loss": 0.01733529567718506, "examples": 3460, "session_seconds": 2694.8302169450035, "peak_vram_bytes": 1831693312}
{"step": 3470, "loss": 14.11334228515625, "examples": 3470, "session_seconds": 2701.9430782130003, "peak_vram_bytes": 1831693312}
{"step": 3480, "loss": 0.014152392745018005, "examples": 3480, "session_seconds": 2709.1604912760013, "peak_vram_bytes": 1831693312}
{"step": 3490, "loss": 3.3086822032928467, "examples": 3490, "session_seconds": 2716.384476365005, "peak_vram_bytes": 1831693312}
{"step": 3500, "loss": 0.015047529712319374, "examples": 3500, "session_seconds": 2723.7855507999993, "peak_vram_bytes": 1831693312}
{"step": 3510, "loss": 0.5308160781860352, "examples": 3510, "session_seconds": 2731.7096323299993, "peak_vram_bytes": 1831693312}
{"step": 3520, "loss": 13.878979682922363, "examples": 3520, "session_seconds": 2738.8515394450005, "peak_vram_bytes": 1831693312}
{"step": 3530, "loss": 0.015537145547568798, "examples": 3530, "session_seconds": 2745.9595794740017, "peak_vram_bytes": 1831693312}
{"step": 3540, "loss": 0.015893450006842613, "examples": 3540, "session_seconds": 2753.184040018001, "peak_vram_bytes": 1831693312}
{"step": 3550, "loss": 20.106443405151367, "examples": 3550, "session_seconds": 2760.2712307770053, "peak_vram_bytes": 1831693312}
{"step": 3560, "loss": 0.01439865306019783, "examples": 3560, "session_seconds": 2767.4764385000017, "peak_vram_bytes": 1831693312}
{"step": 3570, "loss": 11.916609764099121, "examples": 3570, "session_seconds": 2774.6012601320035, "peak_vram_bytes": 1831693312}
{"step": 3580, "loss": 0.013974514789879322, "examples": 3580, "session_seconds": 2781.694871978005, "peak_vram_bytes": 1831693312}
{"step": 3590, "loss": 0.25820857286453247, "examples": 3590, "session_seconds": 2788.8460988389998, "peak_vram_bytes": 1831693312}
{"step": 3600, "loss": 1.2431080341339111, "examples": 3600, "session_seconds": 2796.973187251002, "peak_vram_bytes": 1831693312}
{"step": 3610, "loss": 0.03366418927907944, "examples": 3610, "session_seconds": 2805.3530067620013, "peak_vram_bytes": 1831693312}
{"step": 3620, "loss": 0.013580616563558578, "examples": 3620, "session_seconds": 2813.058350774001, "peak_vram_bytes": 1831693312}
{"step": 3630, "loss": 0.11927437782287598, "examples": 3630, "session_seconds": 2820.5584576300025, "peak_vram_bytes": 1831693312}
{"step": 3640, "loss": 0.014405686408281326, "examples": 3640, "session_seconds": 2828.964482439005, "peak_vram_bytes": 1831693312}
{"step": 3650, "loss": 0.015408216044306755, "examples": 3650, "session_seconds": 2836.824194943001, "peak_vram_bytes": 1831693312}
{"step": 3660, "loss": 0.013804282993078232, "examples": 3660, "session_seconds": 2844.7369697469985, "peak_vram_bytes": 1831693312}
{"step": 3670, "loss": 6.379133224487305, "examples": 3670, "session_seconds": 2852.622799744, "peak_vram_bytes": 1831693312}
{"step": 3680, "loss": 1.0742878913879395, "examples": 3680, "session_seconds": 2860.2996830690026, "peak_vram_bytes": 1831693312}
{"step": 3690, "loss": 0.013630992732942104, "examples": 3690, "session_seconds": 2868.352403331999, "peak_vram_bytes": 1831693312}
{"step": 3700, "loss": 7.445580005645752, "examples": 3700, "session_seconds": 2876.017136499002, "peak_vram_bytes": 1831693312}
{"step": 3710, "loss": 0.028449255973100662, "examples": 3710, "session_seconds": 2884.2648173240013, "peak_vram_bytes": 1831693312}
{"step": 3720, "loss": 0.01357896625995636, "examples": 3720, "session_seconds": 2892.316150106002, "peak_vram_bytes": 1831693312}
{"step": 3730, "loss": 0.013725129887461662, "examples": 3730, "session_seconds": 2899.9335271480013, "peak_vram_bytes": 1831693312}
{"step": 3740, "loss": 0.013529729098081589, "examples": 3740, "session_seconds": 2907.6603770049987, "peak_vram_bytes": 1831693312}
{"step": 3750, "loss": 0.013731101527810097, "examples": 3750, "session_seconds": 2915.2954318539996, "peak_vram_bytes": 1831693312}
{"step": 3760, "loss": 0.013850749470293522, "examples": 3760, "session_seconds": 2922.9085150200044, "peak_vram_bytes": 1831693312}
{"step": 3770, "loss": 0.013880645856261253, "examples": 3770, "session_seconds": 2930.9066313360017, "peak_vram_bytes": 1831693312}
{"step": 3780, "loss": 11.355928421020508, "examples": 3780, "session_seconds": 2938.8235304769987, "peak_vram_bytes": 1831693312}
{"step": 3790, "loss": 3.299844264984131, "examples": 3790, "session_seconds": 2946.322675841002, "peak_vram_bytes": 1831693312}
{"step": 3800, "loss": 0.013842941261827946, "examples": 3800, "session_seconds": 2953.9629121010003, "peak_vram_bytes": 1831693312}
{"step": 3810, "loss": 0.01377019751816988, "examples": 3810, "session_seconds": 2961.8789874229988, "peak_vram_bytes": 1831693312}
{"step": 3820, "loss": 0.013609340414404869, "examples": 3820, "session_seconds": 2969.7044356379993, "peak_vram_bytes": 1831693312}
{"step": 3830, "loss": 0.018695753067731857, "examples": 3830, "session_seconds": 2977.6102354230025, "peak_vram_bytes": 1831693312}
{"step": 3840, "loss": 0.013913352973759174, "examples": 3840, "session_seconds": 2985.8720573280007, "peak_vram_bytes": 1831693312}
{"step": 3850, "loss": 0.013570178300142288, "examples": 3850, "session_seconds": 2993.9457677290047, "peak_vram_bytes": 1831693312}
{"step": 3860, "loss": 0.013816619291901588, "examples": 3860, "session_seconds": 3001.940901356, "peak_vram_bytes": 1831693312}
{"step": 3870, "loss": 0.013955341652035713, "examples": 3870, "session_seconds": 3010.228929309, "peak_vram_bytes": 1831693312}
{"step": 3880, "loss": 0.14683665335178375, "examples": 3880, "session_seconds": 3017.8962949609995, "peak_vram_bytes": 1831693312}
{"step": 3890, "loss": 0.014900755137205124, "examples": 3890, "session_seconds": 3025.364593823004, "peak_vram_bytes": 1831693312}
{"step": 3900, "loss": 0.014932743273675442, "examples": 3900, "session_seconds": 3032.6888358159995, "peak_vram_bytes": 1831693312}
{"step": 3910, "loss": 0.013864987529814243, "examples": 3910, "session_seconds": 3041.032565956004, "peak_vram_bytes": 1831693312}
{"step": 3920, "loss": 4.546065330505371, "examples": 3920, "session_seconds": 3048.800890393999, "peak_vram_bytes": 1831693312}
{"step": 3930, "loss": 0.013598421588540077, "examples": 3930, "session_seconds": 3057.045017668999, "peak_vram_bytes": 1831693312}
{"step": 3940, "loss": 1.8679522275924683, "examples": 3940, "session_seconds": 3064.9408351650054, "peak_vram_bytes": 1831693312}
{"step": 3950, "loss": 0.013801014050841331, "examples": 3950, "session_seconds": 3073.1244244830013, "peak_vram_bytes": 1831693312}
{"step": 3960, "loss": 18.8276424407959, "examples": 3960, "session_seconds": 3081.0349020389986, "peak_vram_bytes": 1831693312}
{"step": 3970, "loss": 19.734384536743164, "examples": 3970, "session_seconds": 3089.1573381880007, "peak_vram_bytes": 1831693312}
{"step": 3980, "loss": 0.014538300223648548, "examples": 3980, "session_seconds": 3097.1534933360017, "peak_vram_bytes": 1831693312}
{"step": 3990, "loss": 20.660337448120117, "examples": 3990, "session_seconds": 3105.1041612160043, "peak_vram_bytes": 1831693312}
{"step": 4000, "loss": 0.014347116462886333, "examples": 4000, "session_seconds": 3113.3809415959986, "peak_vram_bytes": 1831693312}
wandb: 
wandb: Run history:
wandb:        examples ▁▂▂▂▂▂▃▃▃▃▃▃▃▃▃▄▄▄▅▅▅▅▅▅▅▆▆▆▆▆▆▆▆▇▇▇▇▇▇█
wandb:            loss ▇▁▁▁▁▁▁▁▄▁▁▁▂▁█▅▁▇▁▁█▁▁▅▃▃▁▁▄▁█▁▁▁▁▁▁▁▄▃
wandb: peak_vram_bytes ▁▁▃▃▃▄▄▄▄▄▄▄▄▄▄▄▄▄▄▆▆███████████████████
wandb: session_seconds ▁▁▁▁▂▂▃▃▃▃▃▃▃▃▃▄▄▄▄▄▄▅▅▅▅▅▅▅▅▅▅▆▆▆▇▇▇▇██
wandb:            step ▁▁▁▂▂▂▂▃▃▃▃▃▃▃▃▄▄▄▄▄▄▅▅▅▅▆▆▆▆▆▇▇▇▇▇▇▇███
wandb: 
wandb: Run summary:
wandb:        examples 4000
wandb:            loss 0.01435
wandb: peak_vram_bytes 1831693312
wandb: session_seconds 3113.38094
wandb:            step 4000
wandb: 
wandb: You can sync this run to the cloud by running:
wandb: wandb sync artifacts/longer-v1/0.8b/main/seed-22/sft/tracking/wandb/offline-run-20261004_220544-nd4ru2sq
wandb: Find logs at: artifacts/longer-v1/0.8b/main/seed-22/sft/tracking/wandb/offline-run-20261004_220544-nd4ru2sq/logs
{"artifact": "artifacts/longer-v1/0.8b/main/seed-22/sft/artifact", "elapsed_seconds": 3113.7301664770057}
