
{"utc": "2026-10-05T11:17:11.793297+00:00", "command": ["-m", "myjev.train", "--config", "results/longer-v1/0.8b/main/seed-33/exact/config.json", "--data", "data/banking77/train.jsonl", "--output", "artifacts/longer-v1/0.8b/main/seed-33/exact", "--method", "exact", "--seed", "33", "--initial", "artifacts/longer-v1/0.8b/main/seed-33/sft/artifact"]}
Loading weights:   0%|          | 0/320 [00:00<?, ?it/s]Loading weights: 100%|██████████| 320/320 [00:00<00:00, 4527.68it/s]
wandb: Tracking run with wandb version 0.30.0
wandb: W&B syncing is set to `offline` in this directory. Run `wandb online` or set WANDB_MODE=online to enable cloud syncing.
wandb: Run data is saved locally in artifacts/longer-v1/0.8b/main/seed-33/exact/tracking/wandb/offline-run-20261005_041721-u1wxr4rn
wandb: View this run in the terminal with `wandb leet`
[transformers] `causal_conv1d_fn` is falling back to its reference PyTorch implementation because `causal_conv1d` is not installed. This is correct but much slower; install `causal_conv1d` for the optimized kernel.
[transformers] `chunk_gated_delta_rule` is falling back to its reference PyTorch implementation because `flash-linear-attention` is not installed. This is correct but much slower; install `flash-linear-attention` for the optimized kernel.
{"step": 10, "loss": -8.422561222687364e-05, "examples": 10, "session_seconds": 9.988350072002504, "peak_vram_bytes": 1818653184}
{"step": 20, "loss": 1.4547480532201007e-05, "examples": 20, "session_seconds": 18.218557389001944, "peak_vram_bytes": 1828141568}
{"step": 30, "loss": -0.00010645580186974257, "examples": 30, "session_seconds": 26.35856633000367, "peak_vram_bytes": 1828141568}
{"step": 40, "loss": -0.00011105013254564255, "examples": 40, "session_seconds": 34.54046015700442, "peak_vram_bytes": 1828141568}
{"step": 50, "loss": -0.00012962610344402492, "examples": 50, "session_seconds": 42.72953887600306, "peak_vram_bytes": 1828141568}
{"step": 60, "loss": -0.00014816330804023892, "examples": 60, "session_seconds": 50.953249999001855, "peak_vram_bytes": 1828141568}
{"step": 70, "loss": 0.0022547878324985504, "examples": 70, "session_seconds": 59.1716247420045, "peak_vram_bytes": 1828141568}
{"step": 80, "loss": -0.00014273195120040327, "examples": 80, "session_seconds": 67.30628067300131, "peak_vram_bytes": 1828141568}
{"step": 90, "loss": -0.0001496370241511613, "examples": 90, "session_seconds": 75.42901559700113, "peak_vram_bytes": 1828141568}
{"step": 100, "loss": -0.00015938430442474782, "examples": 100, "session_seconds": 83.63758280200273, "peak_vram_bytes": 1828141568}
Warning: You are sending unauthenticated requests to the HF Hub. Please set a HF_TOKEN to enable higher rate limits and faster downloads.
{"step": 110, "loss": -0.0001805431820685044, "examples": 110, "session_seconds": 92.39625362700463, "peak_vram_bytes": 1828141568}
{"step": 120, "loss": -0.00022473013086710125, "examples": 120, "session_seconds": 100.65704962600284, "peak_vram_bytes": 1828141568}
{"step": 130, "loss": -0.00025911699049174786, "examples": 130, "session_seconds": 108.91505097400659, "peak_vram_bytes": 1828141568}
{"step": 140, "loss": -0.00031012564431875944, "examples": 140, "session_seconds": 117.20825488000264, "peak_vram_bytes": 1828141568}
{"step": 150, "loss": -0.00041470874566584826, "examples": 150, "session_seconds": 126.06090381400281, "peak_vram_bytes": 1830562816}
{"step": 160, "loss": -0.000513604492880404, "examples": 160, "session_seconds": 134.65823705000366, "peak_vram_bytes": 1830562816}
{"step": 170, "loss": 0.00023629580391570926, "examples": 170, "session_seconds": 142.97047160900547, "peak_vram_bytes": 1830562816}
{"step": 180, "loss": -0.0007115623448044062, "examples": 180, "session_seconds": 151.2508227319995, "peak_vram_bytes": 1830562816}
{"step": 190, "loss": -0.0006043274188414216, "examples": 190, "session_seconds": 159.62530902000435, "peak_vram_bytes": 1830562816}
{"step": 200, "loss": -0.0011015096679329872, "examples": 200, "session_seconds": 168.0899883420061, "peak_vram_bytes": 1830562816}
{"step": 210, "loss": -0.005378302652388811, "examples": 210, "session_seconds": 176.75365829400107, "peak_vram_bytes": 1830562816}
{"step": 220, "loss": -0.020663801580667496, "examples": 220, "session_seconds": 185.55720785599988, "peak_vram_bytes": 1830562816}
{"step": 230, "loss": 0.020142382010817528, "examples": 230, "session_seconds": 195.0711741060004, "peak_vram_bytes": 1831750656}
{"step": 240, "loss": -0.012675891630351543, "examples": 240, "session_seconds": 204.38352952100104, "peak_vram_bytes": 1831750656}
{"step": 250, "loss": 0.1828242689371109, "examples": 250, "session_seconds": 213.65834961700602, "peak_vram_bytes": 1831750656}
{"step": 260, "loss": -0.12808403372764587, "examples": 260, "session_seconds": 222.1056240560065, "peak_vram_bytes": 1831750656}
{"step": 270, "loss": -0.16408059000968933, "examples": 270, "session_seconds": 230.43536842600588, "peak_vram_bytes": 1832005632}
{"step": 280, "loss": -0.22777009010314941, "examples": 280, "session_seconds": 238.8933068500046, "peak_vram_bytes": 1832005632}
{"step": 290, "loss": -0.29713016748428345, "examples": 290, "session_seconds": 248.34900370100513, "peak_vram_bytes": 1832005632}
{"step": 300, "loss": -0.30953943729400635, "examples": 300, "session_seconds": 257.40714721100085, "peak_vram_bytes": 1832005632}
{"step": 310, "loss": -0.30557048320770264, "examples": 310, "session_seconds": 266.1678167440041, "peak_vram_bytes": 1832005632}
{"step": 320, "loss": -0.3166625499725342, "examples": 320, "session_seconds": 274.47512982600165, "peak_vram_bytes": 1832005632}
{"step": 330, "loss": -0.3357442617416382, "examples": 330, "session_seconds": 282.84075315700466, "peak_vram_bytes": 1832005632}
{"step": 340, "loss": -0.33556413650512695, "examples": 340, "session_seconds": 291.19221138099965, "peak_vram_bytes": 1832005632}
{"step": 350, "loss": -0.3379935622215271, "examples": 350, "session_seconds": 299.4615751040037, "peak_vram_bytes": 1832005632}
{"step": 360, "loss": -0.3374239206314087, "examples": 360, "session_seconds": 307.8301160629999, "peak_vram_bytes": 1832005632}
{"step": 370, "loss": -0.3148850202560425, "examples": 370, "session_seconds": 316.1108744930025, "peak_vram_bytes": 1832005632}
{"step": 380, "loss": -0.3397112488746643, "examples": 380, "session_seconds": 324.8942899590038, "peak_vram_bytes": 1832005632}
{"step": 390, "loss": -0.32731133699417114, "examples": 390, "session_seconds": 334.17396980200283, "peak_vram_bytes": 1832005632}
{"step": 400, "loss": -0.34228867292404175, "examples": 400, "session_seconds": 343.4670719150017, "peak_vram_bytes": 1832005632}
{"step": 410, "loss": -0.32503068447113037, "examples": 410, "session_seconds": 352.2859472140044, "peak_vram_bytes": 1832005632}
{"step": 420, "loss": -0.34973466396331787, "examples": 420, "session_seconds": 360.9317766220047, "peak_vram_bytes": 1832005632}
{"step": 430, "loss": -0.36024487018585205, "examples": 430, "session_seconds": 369.1218518950045, "peak_vram_bytes": 1832005632}
{"step": 440, "loss": -0.3509643077850342, "examples": 440, "session_seconds": 377.2832522280005, "peak_vram_bytes": 1832005632}
{"step": 450, "loss": -0.3509501814842224, "examples": 450, "session_seconds": 385.45095401100116, "peak_vram_bytes": 1832005632}
{"step": 460, "loss": -0.34157484769821167, "examples": 460, "session_seconds": 393.59816920600133, "peak_vram_bytes": 1832005632}
{"step": 470, "loss": -0.33790385723114014, "examples": 470, "session_seconds": 401.8951340890053, "peak_vram_bytes": 1832005632}
{"step": 480, "loss": -0.35106104612350464, "examples": 480, "session_seconds": 410.08940895100386, "peak_vram_bytes": 1832005632}
{"step": 490, "loss": -0.35103142261505127, "examples": 490, "session_seconds": 418.656688355004, "peak_vram_bytes": 1832005632}
{"step": 500, "loss": -0.34906095266342163, "examples": 500, "session_seconds": 426.92925758800266, "peak_vram_bytes": 1832005632}
{"step": 510, "loss": -0.32864558696746826, "examples": 510, "session_seconds": 435.56270040000527, "peak_vram_bytes": 1832005632}
{"step": 520, "loss": -0.35006433725357056, "examples": 520, "session_seconds": 443.88808112300467, "peak_vram_bytes": 1832005632}
{"step": 530, "loss": -0.35774505138397217, "examples": 530, "session_seconds": 452.2277852280022, "peak_vram_bytes": 1832005632}
{"step": 540, "loss": -0.3560032248497009, "examples": 540, "session_seconds": 460.60893733500416, "peak_vram_bytes": 1832005632}
{"step": 550, "loss": 1.2729862928390503, "examples": 550, "session_seconds": 469.0344222410058, "peak_vram_bytes": 1832005632}
{"step": 560, "loss": -0.3516063094139099, "examples": 560, "session_seconds": 477.288833478, "peak_vram_bytes": 1832005632}
{"step": 570, "loss": -0.35339367389678955, "examples": 570, "session_seconds": 485.58263726700534, "peak_vram_bytes": 1832005632}
{"step": 580, "loss": -0.30841881036758423, "examples": 580, "session_seconds": 493.86173979300656, "peak_vram_bytes": 1832005632}
{"step": 590, "loss": -0.35464245080947876, "examples": 590, "session_seconds": 502.1042719770048, "peak_vram_bytes": 1832005632}
{"step": 600, "loss": -0.3522750735282898, "examples": 600, "session_seconds": 510.37708848400507, "peak_vram_bytes": 1832005632}
{"step": 610, "loss": -0.35367029905319214, "examples": 610, "session_seconds": 518.983567895004, "peak_vram_bytes": 1832005632}
{"step": 620, "loss": -0.36726415157318115, "examples": 620, "session_seconds": 527.2094577870012, "peak_vram_bytes": 1832005632}
{"step": 630, "loss": -0.3611370921134949, "examples": 630, "session_seconds": 535.5308915040005, "peak_vram_bytes": 1832005632}
{"step": 640, "loss": -0.10660284757614136, "examples": 640, "session_seconds": 543.7725541640029, "peak_vram_bytes": 1832005632}
{"step": 650, "loss": -0.3628658652305603, "examples": 650, "session_seconds": 551.989090395, "peak_vram_bytes": 1832005632}
{"step": 660, "loss": -0.3589380979537964, "examples": 660, "session_seconds": 560.2549713190019, "peak_vram_bytes": 1832005632}
{"step": 670, "loss": -0.3412850499153137, "examples": 670, "session_seconds": 568.5233118520046, "peak_vram_bytes": 1832005632}
{"step": 680, "loss": 1.2886857986450195, "examples": 680, "session_seconds": 576.7855475950055, "peak_vram_bytes": 1832005632}
{"step": 690, "loss": -0.36010003089904785, "examples": 690, "session_seconds": 585.1294828790051, "peak_vram_bytes": 1832005632}
{"step": 700, "loss": -0.342682421207428, "examples": 700, "session_seconds": 593.4273048989999, "peak_vram_bytes": 1832005632}
{"step": 710, "loss": -0.35519033670425415, "examples": 710, "session_seconds": 602.0506601430025, "peak_vram_bytes": 1832005632}
{"step": 720, "loss": -0.3629378080368042, "examples": 720, "session_seconds": 610.4351982160006, "peak_vram_bytes": 1832005632}
{"step": 730, "loss": -0.3686380386352539, "examples": 730, "session_seconds": 618.7577326200044, "peak_vram_bytes": 1832005632}
{"step": 740, "loss": -0.3541911244392395, "examples": 740, "session_seconds": 626.9922652640016, "peak_vram_bytes": 1832005632}
{"step": 750, "loss": 1.294177770614624, "examples": 750, "session_seconds": 635.189508154006, "peak_vram_bytes": 1832005632}
{"step": 760, "loss": -0.35267263650894165, "examples": 760, "session_seconds": 644.0464236830012, "peak_vram_bytes": 1832005632}
{"step": 770, "loss": -0.3263844847679138, "examples": 770, "session_seconds": 652.5582204890015, "peak_vram_bytes": 1832005632}
{"step": 780, "loss": 1.3005213737487793, "examples": 780, "session_seconds": 661.5883661020052, "peak_vram_bytes": 1832005632}
{"step": 790, "loss": -0.3570196032524109, "examples": 790, "session_seconds": 670.719792736003, "peak_vram_bytes": 1832005632}
{"step": 800, "loss": -0.3605923056602478, "examples": 800, "session_seconds": 679.1902302420058, "peak_vram_bytes": 1832005632}
{"step": 810, "loss": -0.35070645809173584, "examples": 810, "session_seconds": 687.7228978870044, "peak_vram_bytes": 1832005632}
{"step": 820, "loss": -0.3566741347312927, "examples": 820, "session_seconds": 696.0452422710005, "peak_vram_bytes": 1832005632}
{"step": 830, "loss": 1.2974069118499756, "examples": 830, "session_seconds": 704.2803538869994, "peak_vram_bytes": 1832005632}
{"step": 840, "loss": 0.006215870380401611, "examples": 840, "session_seconds": 712.5753118480061, "peak_vram_bytes": 1832005632}
{"step": 850, "loss": -0.36995404958724976, "examples": 850, "session_seconds": 721.2635421840023, "peak_vram_bytes": 1832005632}
{"step": 860, "loss": -0.3590118885040283, "examples": 860, "session_seconds": 729.5173656190018, "peak_vram_bytes": 1832005632}
{"step": 870, "loss": -0.36481934785842896, "examples": 870, "session_seconds": 737.996512042002, "peak_vram_bytes": 1832005632}
{"step": 880, "loss": -0.36127328872680664, "examples": 880, "session_seconds": 746.4297005730041, "peak_vram_bytes": 1832005632}
{"step": 890, "loss": -0.35962146520614624, "examples": 890, "session_seconds": 755.2899144050025, "peak_vram_bytes": 1832005632}
{"step": 900, "loss": 1.3088030815124512, "examples": 900, "session_seconds": 764.1557374280019, "peak_vram_bytes": 1832005632}
{"step": 910, "loss": 0.0758686512708664, "examples": 910, "session_seconds": 773.8815536340044, "peak_vram_bytes": 1832005632}
{"step": 920, "loss": -0.3588298559188843, "examples": 920, "session_seconds": 783.2917348070041, "peak_vram_bytes": 1832005632}
{"step": 930, "loss": -0.29335498809814453, "examples": 930, "session_seconds": 791.9950780760046, "peak_vram_bytes": 1832005632}
{"step": 940, "loss": -0.013446211814880371, "examples": 940, "session_seconds": 800.8613457450047, "peak_vram_bytes": 1832005632}
{"step": 950, "loss": 1.2944908142089844, "examples": 950, "session_seconds": 810.1845194140042, "peak_vram_bytes": 1832005632}
{"step": 960, "loss": -0.35769736766815186, "examples": 960, "session_seconds": 818.8917162940052, "peak_vram_bytes": 1832005632}
{"step": 970, "loss": -0.3710460066795349, "examples": 970, "session_seconds": 827.7916500290012, "peak_vram_bytes": 1832005632}
{"step": 980, "loss": -0.3575379252433777, "examples": 980, "session_seconds": 836.914446351002, "peak_vram_bytes": 1832005632}
{"step": 990, "loss": 0.011315999552607536, "examples": 990, "session_seconds": 845.9763899259997, "peak_vram_bytes": 1832005632}
{"step": 1000, "loss": -0.3669883608818054, "examples": 1000, "session_seconds": 855.0238401030001, "peak_vram_bytes": 1832005632}
{"step": 1010, "loss": -0.33056938648223877, "examples": 1010, "session_seconds": 863.8017277950057, "peak_vram_bytes": 1832005632}
{"step": 1020, "loss": 1.2496943473815918, "examples": 1020, "session_seconds": 872.1549357830008, "peak_vram_bytes": 1832005632}
{"step": 1030, "loss": 1.291149377822876, "examples": 1030, "session_seconds": 880.4212732420056, "peak_vram_bytes": 1832005632}
{"step": 1040, "loss": -0.37585270404815674, "examples": 1040, "session_seconds": 888.847929951, "peak_vram_bytes": 1832005632}
{"step": 1050, "loss": -0.353945255279541, "examples": 1050, "session_seconds": 897.2031366280062, "peak_vram_bytes": 1832005632}
{"step": 1060, "loss": -0.34345418214797974, "examples": 1060, "session_seconds": 905.5778698909999, "peak_vram_bytes": 1832005632}
{"step": 1070, "loss": -0.3702067732810974, "examples": 1070, "session_seconds": 914.2416378769994, "peak_vram_bytes": 1832005632}
{"step": 1080, "loss": -0.3589310050010681, "examples": 1080, "session_seconds": 922.830942710003, "peak_vram_bytes": 1832005632}
{"step": 1090, "loss": -0.23091432452201843, "examples": 1090, "session_seconds": 931.828942221, "peak_vram_bytes": 1832005632}
{"step": 1100, "loss": -0.34857499599456787, "examples": 1100, "session_seconds": 941.205263529002, "peak_vram_bytes": 1832005632}
{"step": 1110, "loss": -0.34298276901245117, "examples": 1110, "session_seconds": 950.6939572699994, "peak_vram_bytes": 1832005632}
{"step": 1120, "loss": 1.3000938892364502, "examples": 1120, "session_seconds": 960.0735163720019, "peak_vram_bytes": 1832005632}
{"step": 1130, "loss": -0.33416396379470825, "examples": 1130, "session_seconds": 969.2093907450035, "peak_vram_bytes": 1832005632}
{"step": 1140, "loss": -0.32218143343925476, "examples": 1140, "session_seconds": 978.3182703269995, "peak_vram_bytes": 1832005632}
{"step": 1150, "loss": -0.34767788648605347, "examples": 1150, "session_seconds": 987.4729702680052, "peak_vram_bytes": 1832005632}
{"step": 1160, "loss": 1.316237449645996, "examples": 1160, "session_seconds": 996.2001266590014, "peak_vram_bytes": 1832005632}
{"step": 1170, "loss": -0.359794557094574, "examples": 1170, "session_seconds": 1004.994501910005, "peak_vram_bytes": 1832005632}
{"step": 1180, "loss": -0.35896748304367065, "examples": 1180, "session_seconds": 1013.6249045410004, "peak_vram_bytes": 1832005632}
{"step": 1190, "loss": 0.20373645424842834, "examples": 1190, "session_seconds": 1023.0446162280059, "peak_vram_bytes": 1832005632}
{"step": 1200, "loss": -0.36183202266693115, "examples": 1200, "session_seconds": 1032.5945442970042, "peak_vram_bytes": 1832005632}
{"step": 1210, "loss": -0.3493385910987854, "examples": 1210, "session_seconds": 1042.0827752240002, "peak_vram_bytes": 1832005632}
{"step": 1220, "loss": -0.1684638261795044, "examples": 1220, "session_seconds": 1050.6858332970005, "peak_vram_bytes": 1832005632}
{"step": 1230, "loss": -0.35884952545166016, "examples": 1230, "session_seconds": 1059.7321234789997, "peak_vram_bytes": 1832005632}
{"step": 1240, "loss": -0.37254536151885986, "examples": 1240, "session_seconds": 1068.2803460200012, "peak_vram_bytes": 1832005632}
{"step": 1250, "loss": -0.3604399561882019, "examples": 1250, "session_seconds": 1076.6991090709998, "peak_vram_bytes": 1832005632}
{"step": 1260, "loss": 1.8267806768417358, "examples": 1260, "session_seconds": 1085.0314221580047, "peak_vram_bytes": 1832005632}
{"step": 1270, "loss": -0.3325260877609253, "examples": 1270, "session_seconds": 1094.1314623880025, "peak_vram_bytes": 1832005632}
{"step": 1280, "loss": -0.31984448432922363, "examples": 1280, "session_seconds": 1102.8362114560005, "peak_vram_bytes": 1832005632}
{"step": 1290, "loss": 1.6179783344268799, "examples": 1290, "session_seconds": 1111.0963758710059, "peak_vram_bytes": 1832005632}
{"step": 1300, "loss": 0.07372475415468216, "examples": 1300, "session_seconds": 1119.4470415800024, "peak_vram_bytes": 1832005632}
{"step": 1310, "loss": -0.36202698945999146, "examples": 1310, "session_seconds": 1128.1948060130017, "peak_vram_bytes": 1832005632}
{"step": 1320, "loss": 0.02354995720088482, "examples": 1320, "session_seconds": 1137.1505059160045, "peak_vram_bytes": 1832005632}
{"step": 1330, "loss": -0.3564873933792114, "examples": 1330, "session_seconds": 1146.0477645830033, "peak_vram_bytes": 1832005632}
{"step": 1340, "loss": -0.3599533438682556, "examples": 1340, "session_seconds": 1154.7242932980007, "peak_vram_bytes": 1832005632}
{"step": 1350, "loss": -0.3617932200431824, "examples": 1350, "session_seconds": 1163.0613654490007, "peak_vram_bytes": 1832005632}
{"step": 1360, "loss": -0.35008496046066284, "examples": 1360, "session_seconds": 1171.7703008850003, "peak_vram_bytes": 1832005632}
{"step": 1370, "loss": 1.3208467960357666, "examples": 1370, "session_seconds": 1181.0314392400032, "peak_vram_bytes": 1832005632}
{"step": 1380, "loss": -0.35775572061538696, "examples": 1380, "session_seconds": 1190.1999862540033, "peak_vram_bytes": 1832005632}
{"step": 1390, "loss": 0.4850348234176636, "examples": 1390, "session_seconds": 1199.682325488, "peak_vram_bytes": 1832005632}
{"step": 1400, "loss": -0.3408837914466858, "examples": 1400, "session_seconds": 1209.264477482, "peak_vram_bytes": 1832005632}
{"step": 1410, "loss": -0.35824477672576904, "examples": 1410, "session_seconds": 1219.0807359030005, "peak_vram_bytes": 1832005632}
{"step": 1420, "loss": -0.35424405336380005, "examples": 1420, "session_seconds": 1228.386465814001, "peak_vram_bytes": 1832005632}
{"step": 1430, "loss": -0.3580895662307739, "examples": 1430, "session_seconds": 1237.4752379920028, "peak_vram_bytes": 1832005632}
{"step": 1440, "loss": 1.3324437141418457, "examples": 1440, "session_seconds": 1246.3495071650032, "peak_vram_bytes": 1832005632}
{"step": 1450, "loss": -0.3625854253768921, "examples": 1450, "session_seconds": 1255.6034613380034, "peak_vram_bytes": 1832005632}
{"step": 1460, "loss": 0.05323721468448639, "examples": 1460, "session_seconds": 1264.5543260850027, "peak_vram_bytes": 1832005632}
{"step": 1470, "loss": -0.3620164394378662, "examples": 1470, "session_seconds": 1272.9876708950032, "peak_vram_bytes": 1832005632}
{"step": 1480, "loss": -0.34799808263778687, "examples": 1480, "session_seconds": 1281.0531014060034, "peak_vram_bytes": 1832005632}
{"step": 1490, "loss": -0.3548142910003662, "examples": 1490, "session_seconds": 1289.3824308620024, "peak_vram_bytes": 1832005632}
{"step": 1500, "loss": 0.09689438343048096, "examples": 1500, "session_seconds": 1297.8928548790063, "peak_vram_bytes": 1832005632}
{"step": 1510, "loss": 0.025709915906190872, "examples": 1510, "session_seconds": 1307.3808919980002, "peak_vram_bytes": 1832005632}
{"step": 1520, "loss": -0.331432580947876, "examples": 1520, "session_seconds": 1316.9536410729997, "peak_vram_bytes": 1832005632}
{"step": 1530, "loss": -0.3632131814956665, "examples": 1530, "session_seconds": 1326.0193271440003, "peak_vram_bytes": 1832790016}
{"step": 1540, "loss": -0.3478182554244995, "examples": 1540, "session_seconds": 1334.6975825980044, "peak_vram_bytes": 1832790016}
{"step": 1550, "loss": -0.36258983612060547, "examples": 1550, "session_seconds": 1342.8123076129996, "peak_vram_bytes": 1832790016}
{"step": 1560, "loss": -0.3528156876564026, "examples": 1560, "session_seconds": 1352.2572933420015, "peak_vram_bytes": 1832790016}
{"step": 1570, "loss": -0.3677692413330078, "examples": 1570, "session_seconds": 1361.7147812370022, "peak_vram_bytes": 1832790016}
{"step": 1580, "loss": 0.05236347019672394, "examples": 1580, "session_seconds": 1371.0938204930062, "peak_vram_bytes": 1832790016}
{"step": 1590, "loss": -0.34280163049697876, "examples": 1590, "session_seconds": 1379.9720870050005, "peak_vram_bytes": 1832790016}
{"step": 1600, "loss": -0.34869909286499023, "examples": 1600, "session_seconds": 1388.889902902003, "peak_vram_bytes": 1832790016}
{"step": 1610, "loss": -0.36216235160827637, "examples": 1610, "session_seconds": 1398.2366125650005, "peak_vram_bytes": 1832790016}
{"step": 1620, "loss": -0.35656845569610596, "examples": 1620, "session_seconds": 1406.639702848006, "peak_vram_bytes": 1832790016}
{"step": 1630, "loss": -0.36712634563446045, "examples": 1630, "session_seconds": 1415.2846558279998, "peak_vram_bytes": 1832790016}
{"step": 1640, "loss": -0.3502908945083618, "examples": 1640, "session_seconds": 1424.5996601740044, "peak_vram_bytes": 1832790016}
{"step": 1650, "loss": 1.2763330936431885, "examples": 1650, "session_seconds": 1433.627202597003, "peak_vram_bytes": 1832790016}
{"step": 1660, "loss": -0.3786287307739258, "examples": 1660, "session_seconds": 1442.6143639229995, "peak_vram_bytes": 1832790016}
{"step": 1670, "loss": 0.33897674083709717, "examples": 1670, "session_seconds": 1450.998318335005, "peak_vram_bytes": 1832790016}
{"step": 1680, "loss": -0.34190982580184937, "examples": 1680, "session_seconds": 1459.6838750970055, "peak_vram_bytes": 1832790016}
{"step": 1690, "loss": -0.37524014711380005, "examples": 1690, "session_seconds": 1468.346009988003, "peak_vram_bytes": 1832790016}
{"step": 1700, "loss": 1.304689645767212, "examples": 1700, "session_seconds": 1477.191549039002, "peak_vram_bytes": 1832790016}
{"step": 1710, "loss": -0.3624783158302307, "examples": 1710, "session_seconds": 1486.864818742004, "peak_vram_bytes": 1832790016}
{"step": 1720, "loss": -0.3355123996734619, "examples": 1720, "session_seconds": 1495.7068158000038, "peak_vram_bytes": 1832790016}
{"step": 1730, "loss": -0.3602198362350464, "examples": 1730, "session_seconds": 1504.532172875006, "peak_vram_bytes": 1832790016}
{"step": 1740, "loss": -0.3520764708518982, "examples": 1740, "session_seconds": 1513.3182942950007, "peak_vram_bytes": 1832790016}
{"step": 1750, "loss": -0.38113564252853394, "examples": 1750, "session_seconds": 1522.608295416001, "peak_vram_bytes": 1832790016}
{"step": 1760, "loss": 1.1743483543395996, "examples": 1760, "session_seconds": 1531.8190243810022, "peak_vram_bytes": 1832790016}
{"step": 1770, "loss": -0.3517996668815613, "examples": 1770, "session_seconds": 1540.5492295069998, "peak_vram_bytes": 1835414016}
{"step": 1780, "loss": -0.35110974311828613, "examples": 1780, "session_seconds": 1549.177570290005, "peak_vram_bytes": 1835414016}
{"step": 1790, "loss": -0.35430049896240234, "examples": 1790, "session_seconds": 1557.414215196004, "peak_vram_bytes": 1835414016}
{"step": 1800, "loss": -0.35408544540405273, "examples": 1800, "session_seconds": 1566.2395565110055, "peak_vram_bytes": 1835414016}
{"step": 1810, "loss": -0.35787951946258545, "examples": 1810, "session_seconds": 1575.3914919700037, "peak_vram_bytes": 1835414016}
{"step": 1820, "loss": -0.3489512801170349, "examples": 1820, "session_seconds": 1584.7006579840017, "peak_vram_bytes": 1835414016}
{"step": 1830, "loss": -0.3562281131744385, "examples": 1830, "session_seconds": 1593.427098361004, "peak_vram_bytes": 1835414016}
{"step": 1840, "loss": -0.3614473342895508, "examples": 1840, "session_seconds": 1601.840655167005, "peak_vram_bytes": 1835414016}
{"step": 1850, "loss": -0.3623500466346741, "examples": 1850, "session_seconds": 1610.8364977590027, "peak_vram_bytes": 1835414016}
{"step": 1860, "loss": 0.5200226902961731, "examples": 1860, "session_seconds": 1620.1546492910056, "peak_vram_bytes": 1835414016}
{"step": 1870, "loss": 1.314213514328003, "examples": 1870, "session_seconds": 1629.4364476690025, "peak_vram_bytes": 1835414016}
{"step": 1880, "loss": -0.09011433273553848, "examples": 1880, "session_seconds": 1638.7087463179996, "peak_vram_bytes": 1835414016}
{"step": 1890, "loss": -0.3263821005821228, "examples": 1890, "session_seconds": 1647.997042187002, "peak_vram_bytes": 1835414016}
{"step": 1900, "loss": -0.35400909185409546, "examples": 1900, "session_seconds": 1657.4299167880017, "peak_vram_bytes": 1835414016}
{"step": 1910, "loss": -0.3632999062538147, "examples": 1910, "session_seconds": 1666.2548829020016, "peak_vram_bytes": 1835414016}
{"step": 1920, "loss": -0.34787917137145996, "examples": 1920, "session_seconds": 1675.4809866880023, "peak_vram_bytes": 1835414016}
{"step": 1930, "loss": 0.045957595109939575, "examples": 1930, "session_seconds": 1684.2195041850064, "peak_vram_bytes": 1835414016}
{"step": 1940, "loss": -0.35379934310913086, "examples": 1940, "session_seconds": 1693.5923424110006, "peak_vram_bytes": 1835414016}
{"step": 1950, "loss": -0.3523153066635132, "examples": 1950, "session_seconds": 1702.7101756320044, "peak_vram_bytes": 1835414016}
{"step": 1960, "loss": -0.37212252616882324, "examples": 1960, "session_seconds": 1712.1421941500012, "peak_vram_bytes": 1835414016}
{"step": 1970, "loss": 1.3087977170944214, "examples": 1970, "session_seconds": 1721.3022727930002, "peak_vram_bytes": 1835414016}
{"step": 1980, "loss": -0.35061246156692505, "examples": 1980, "session_seconds": 1730.647105641001, "peak_vram_bytes": 1835414016}
{"step": 1990, "loss": -0.35575127601623535, "examples": 1990, "session_seconds": 1739.653722588002, "peak_vram_bytes": 1835414016}
{"step": 2000, "loss": 1.3229248523712158, "examples": 2000, "session_seconds": 1748.3785392080026, "peak_vram_bytes": 1835414016}
{"step": 2010, "loss": 0.10934370011091232, "examples": 2010, "session_seconds": 1757.370323354, "peak_vram_bytes": 1835414016}
{"step": 2020, "loss": -0.3647560477256775, "examples": 2020, "session_seconds": 1766.2789665470045, "peak_vram_bytes": 1835414016}
{"step": 2030, "loss": -0.3634818196296692, "examples": 2030, "session_seconds": 1775.4506957500053, "peak_vram_bytes": 1835414016}
{"step": 2040, "loss": -0.341535747051239, "examples": 2040, "session_seconds": 1784.0603327360004, "peak_vram_bytes": 1835414016}
{"step": 2050, "loss": -0.35064780712127686, "examples": 2050, "session_seconds": 1792.3679641890049, "peak_vram_bytes": 1835414016}
{"step": 2060, "loss": -0.3497852683067322, "examples": 2060, "session_seconds": 1800.6795312520044, "peak_vram_bytes": 1835414016}
{"step": 2070, "loss": -0.35978788137435913, "examples": 2070, "session_seconds": 1809.0272717520056, "peak_vram_bytes": 1835414016}
{"step": 2080, "loss": -0.3596298098564148, "examples": 2080, "session_seconds": 1817.3553548280033, "peak_vram_bytes": 1835414016}
{"step": 2090, "loss": -0.3581162095069885, "examples": 2090, "session_seconds": 1825.656819570002, "peak_vram_bytes": 1835414016}
{"step": 2100, "loss": 1.2969346046447754, "examples": 2100, "session_seconds": 1833.9315306749995, "peak_vram_bytes": 1835414016}
{"step": 2110, "loss": -0.3552522659301758, "examples": 2110, "session_seconds": 1842.5619864740002, "peak_vram_bytes": 1835414016}
{"step": 2120, "loss": 1.228943109512329, "examples": 2120, "session_seconds": 1850.8165934250064, "peak_vram_bytes": 1835414016}
{"step": 2130, "loss": -0.3387213945388794, "examples": 2130, "session_seconds": 1859.1251920880022, "peak_vram_bytes": 1835414016}
{"step": 2140, "loss": -0.35545122623443604, "examples": 2140, "session_seconds": 1867.4787626790057, "peak_vram_bytes": 1835414016}
{"step": 2150, "loss": 0.28026437759399414, "examples": 2150, "session_seconds": 1875.8340106380056, "peak_vram_bytes": 1835414016}
{"step": 2160, "loss": 0.5597578883171082, "examples": 2160, "session_seconds": 1884.0853381800043, "peak_vram_bytes": 1835414016}
{"step": 2170, "loss": -0.3623507618904114, "examples": 2170, "session_seconds": 1892.4722127540008, "peak_vram_bytes": 1835414016}
{"step": 2180, "loss": -0.3515402674674988, "examples": 2180, "session_seconds": 1900.8206809170006, "peak_vram_bytes": 1835414016}
{"step": 2190, "loss": -0.36294734477996826, "examples": 2190, "session_seconds": 1909.192346144002, "peak_vram_bytes": 1835414016}
{"step": 2200, "loss": -0.3627356290817261, "examples": 2200, "session_seconds": 1917.556105001, "peak_vram_bytes": 1835414016}
{"step": 2210, "loss": 1.3081815242767334, "examples": 2210, "session_seconds": 1926.2592893649999, "peak_vram_bytes": 1835414016}
{"step": 2220, "loss": 1.3042223453521729, "examples": 2220, "session_seconds": 1935.4117629030006, "peak_vram_bytes": 1835414016}
{"step": 2230, "loss": -0.3553518056869507, "examples": 2230, "session_seconds": 1944.6911989400032, "peak_vram_bytes": 1835414016}
{"step": 2240, "loss": -0.35580873489379883, "examples": 2240, "session_seconds": 1953.2528385850019, "peak_vram_bytes": 1835414016}
{"step": 2250, "loss": -0.3626328706741333, "examples": 2250, "session_seconds": 1961.4849691359996, "peak_vram_bytes": 1835414016}
{"step": 2260, "loss": 0.42975857853889465, "examples": 2260, "session_seconds": 1969.761300307, "peak_vram_bytes": 1835414016}
{"step": 2270, "loss": -0.3616141676902771, "examples": 2270, "session_seconds": 1978.0572019380052, "peak_vram_bytes": 1835414016}
{"step": 2280, "loss": 0.02248966321349144, "examples": 2280, "session_seconds": 1986.3627456070026, "peak_vram_bytes": 1835414016}
{"step": 2290, "loss": -0.3652564287185669, "examples": 2290, "session_seconds": 1994.863562948005, "peak_vram_bytes": 1835414016}
{"step": 2300, "loss": -0.08110205084085464, "examples": 2300, "session_seconds": 2003.2201608790056, "peak_vram_bytes": 1835414016}
{"step": 2310, "loss": -0.3640173673629761, "examples": 2310, "session_seconds": 2011.9090374980005, "peak_vram_bytes": 1835414016}
{"step": 2320, "loss": -0.3615933656692505, "examples": 2320, "session_seconds": 2020.357203907006, "peak_vram_bytes": 1835414016}
{"step": 2330, "loss": -0.35714566707611084, "examples": 2330, "session_seconds": 2029.0102536870036, "peak_vram_bytes": 1835414016}
{"step": 2340, "loss": -0.35517048835754395, "examples": 2340, "session_seconds": 2037.4983558890017, "peak_vram_bytes": 1835414016}
{"step": 2350, "loss": -0.3600236177444458, "examples": 2350, "session_seconds": 2046.2794976040022, "peak_vram_bytes": 1835414016}
{"step": 2360, "loss": -0.32846808433532715, "examples": 2360, "session_seconds": 2054.6767178450027, "peak_vram_bytes": 1835414016}
{"step": 2370, "loss": 0.03873240202665329, "examples": 2370, "session_seconds": 2062.9997587230027, "peak_vram_bytes": 1835414016}
{"step": 2380, "loss": -0.36297112703323364, "examples": 2380, "session_seconds": 2071.5946249100016, "peak_vram_bytes": 1835414016}
{"step": 2390, "loss": -0.33757680654525757, "examples": 2390, "session_seconds": 2080.1652888829994, "peak_vram_bytes": 1835414016}
{"step": 2400, "loss": -0.3351321816444397, "examples": 2400, "session_seconds": 2088.603622376002, "peak_vram_bytes": 1835414016}
{"step": 2410, "loss": -0.3596474528312683, "examples": 2410, "session_seconds": 2097.751180253006, "peak_vram_bytes": 1835414016}
{"step": 2420, "loss": -0.37301182746887207, "examples": 2420, "session_seconds": 2106.1215534360017, "peak_vram_bytes": 1835414016}
{"step": 2430, "loss": 0.5284087657928467, "examples": 2430, "session_seconds": 2114.496192027, "peak_vram_bytes": 1835414016}
{"step": 2440, "loss": -0.32603734731674194, "examples": 2440, "session_seconds": 2122.8217025160047, "peak_vram_bytes": 1835414016}
{"step": 2450, "loss": 0.08004310727119446, "examples": 2450, "session_seconds": 2131.13742526, "peak_vram_bytes": 1835414016}
{"step": 2460, "loss": -0.3548147678375244, "examples": 2460, "session_seconds": 2139.492065438004, "peak_vram_bytes": 1835414016}
{"step": 2470, "loss": -0.351836621761322, "examples": 2470, "session_seconds": 2147.776756115003, "peak_vram_bytes": 1835414016}
{"step": 2480, "loss": -0.36371755599975586, "examples": 2480, "session_seconds": 2156.046769862005, "peak_vram_bytes": 1835414016}
{"step": 2490, "loss": -0.33530497550964355, "examples": 2490, "session_seconds": 2164.4075085250006, "peak_vram_bytes": 1835414016}
{"step": 2500, "loss": -0.35244500637054443, "examples": 2500, "session_seconds": 2172.671562678006, "peak_vram_bytes": 1835414016}
{"step": 2510, "loss": -0.36386746168136597, "examples": 2510, "session_seconds": 2180.946910245002, "peak_vram_bytes": 1835414016}
{"step": 2520, "loss": -0.3677815794944763, "examples": 2520, "session_seconds": 2189.210012137002, "peak_vram_bytes": 1835414016}
{"step": 2530, "loss": -0.3645298480987549, "examples": 2530, "session_seconds": 2197.4868050710065, "peak_vram_bytes": 1835414016}
{"step": 2540, "loss": -0.37866437435150146, "examples": 2540, "session_seconds": 2205.7345892930025, "peak_vram_bytes": 1835414016}
{"step": 2550, "loss": -0.3579322099685669, "examples": 2550, "session_seconds": 2214.1910036240006, "peak_vram_bytes": 1835414016}
{"step": 2560, "loss": -0.3570994734764099, "examples": 2560, "session_seconds": 2223.0748341940052, "peak_vram_bytes": 1835414016}
{"step": 2570, "loss": -0.3639829158782959, "examples": 2570, "session_seconds": 2231.497649986006, "peak_vram_bytes": 1835414016}
{"step": 2580, "loss": -0.3654659390449524, "examples": 2580, "session_seconds": 2239.8141581849995, "peak_vram_bytes": 1835414016}
{"step": 2590, "loss": -0.37538743019104004, "examples": 2590, "session_seconds": 2248.1092859530036, "peak_vram_bytes": 1835414016}
{"step": 2600, "loss": -0.3623066544532776, "examples": 2600, "session_seconds": 2256.4282481379996, "peak_vram_bytes": 1835414016}
{"step": 2610, "loss": -0.3642190098762512, "examples": 2610, "session_seconds": 2265.02180504, "peak_vram_bytes": 1835414016}
{"step": 2620, "loss": -0.2912031412124634, "examples": 2620, "session_seconds": 2273.200652326006, "peak_vram_bytes": 1835414016}
{"step": 2630, "loss": -0.07591426372528076, "examples": 2630, "session_seconds": 2281.4986825400047, "peak_vram_bytes": 1835414016}
{"step": 2640, "loss": -0.3564609885215759, "examples": 2640, "session_seconds": 2289.776158875, "peak_vram_bytes": 1835414016}
{"step": 2650, "loss": -0.33802157640457153, "examples": 2650, "session_seconds": 2298.097925522001, "peak_vram_bytes": 1835414016}
{"step": 2660, "loss": -0.3528781533241272, "examples": 2660, "session_seconds": 2306.4139415170066, "peak_vram_bytes": 1835414016}
{"step": 2670, "loss": -0.36393630504608154, "examples": 2670, "session_seconds": 2314.7356758110036, "peak_vram_bytes": 1835414016}
{"step": 2680, "loss": -0.36662131547927856, "examples": 2680, "session_seconds": 2323.003887332001, "peak_vram_bytes": 1835414016}
{"step": 2690, "loss": -0.3293394446372986, "examples": 2690, "session_seconds": 2331.2718683810017, "peak_vram_bytes": 1835414016}
{"step": 2700, "loss": -0.0830952599644661, "examples": 2700, "session_seconds": 2339.550827167004, "peak_vram_bytes": 1835414016}
{"step": 2710, "loss": -0.3520808219909668, "examples": 2710, "session_seconds": 2348.2092514680044, "peak_vram_bytes": 1835414016}
{"step": 2720, "loss": 1.2889840602874756, "examples": 2720, "session_seconds": 2356.5128507400004, "peak_vram_bytes": 1835414016}
{"step": 2730, "loss": 1.2918990850448608, "examples": 2730, "session_seconds": 2364.8657166160046, "peak_vram_bytes": 1835414016}
{"step": 2740, "loss": 0.45094385743141174, "examples": 2740, "session_seconds": 2373.542806346006, "peak_vram_bytes": 1835414016}
{"step": 2750, "loss": -0.36451858282089233, "examples": 2750, "session_seconds": 2382.663897918006, "peak_vram_bytes": 1835414016}
{"step": 2760, "loss": -0.35163724422454834, "examples": 2760, "session_seconds": 2392.095803324002, "peak_vram_bytes": 1835414016}
{"step": 2770, "loss": -0.3645396828651428, "examples": 2770, "session_seconds": 2400.6696418089996, "peak_vram_bytes": 1835414016}
{"step": 2780, "loss": -0.34739887714385986, "examples": 2780, "session_seconds": 2409.5029638520064, "peak_vram_bytes": 1835414016}
{"step": 2790, "loss": -0.35467368364334106, "examples": 2790, "session_seconds": 2417.8757044230006, "peak_vram_bytes": 1835414016}
{"step": 2800, "loss": 0.011044127866625786, "examples": 2800, "session_seconds": 2426.240906872001, "peak_vram_bytes": 1835414016}
{"step": 2810, "loss": 0.6517547369003296, "examples": 2810, "session_seconds": 2434.866150918002, "peak_vram_bytes": 1835414016}
{"step": 2820, "loss": -0.07666856050491333, "examples": 2820, "session_seconds": 2443.1419352950033, "peak_vram_bytes": 1835414016}
{"step": 2830, "loss": -0.3651977777481079, "examples": 2830, "session_seconds": 2451.5595696300006, "peak_vram_bytes": 1835414016}
{"step": 2840, "loss": 0.09545435011386871, "examples": 2840, "session_seconds": 2459.9375853260062, "peak_vram_bytes": 1835414016}
{"step": 2850, "loss": 0.3027089834213257, "examples": 2850, "session_seconds": 2468.2588771040027, "peak_vram_bytes": 1835414016}
{"step": 2860, "loss": -0.36259299516677856, "examples": 2860, "session_seconds": 2476.4961415330035, "peak_vram_bytes": 1835414016}
{"step": 2870, "loss": -0.3520883321762085, "examples": 2870, "session_seconds": 2484.832580481001, "peak_vram_bytes": 1835414016}
{"step": 2880, "loss": 0.011594363488256931, "examples": 2880, "session_seconds": 2493.0690496980023, "peak_vram_bytes": 1835414016}
{"step": 2890, "loss": -0.3681596517562866, "examples": 2890, "session_seconds": 2501.3160274300026, "peak_vram_bytes": 1835414016}
{"step": 2900, "loss": -0.37480902671813965, "examples": 2900, "session_seconds": 2509.7020414090002, "peak_vram_bytes": 1835414016}
{"step": 2910, "loss": -0.3572869896888733, "examples": 2910, "session_seconds": 2518.4038634960016, "peak_vram_bytes": 1835414016}
{"step": 2920, "loss": 0.05048077180981636, "examples": 2920, "session_seconds": 2526.748899410006, "peak_vram_bytes": 1835414016}
{"step": 2930, "loss": -0.3446926474571228, "examples": 2930, "session_seconds": 2535.165827872006, "peak_vram_bytes": 1835414016}
{"step": 2940, "loss": -0.3543744683265686, "examples": 2940, "session_seconds": 2543.662937112, "peak_vram_bytes": 1835414016}
{"step": 2950, "loss": 1.352508544921875, "examples": 2950, "session_seconds": 2551.9439748050063, "peak_vram_bytes": 1835414016}
{"step": 2960, "loss": -0.37356942892074585, "examples": 2960, "session_seconds": 2560.8082155459997, "peak_vram_bytes": 1835414016}
{"step": 2970, "loss": -0.26043474674224854, "examples": 2970, "session_seconds": 2569.2459109000047, "peak_vram_bytes": 1835414016}
{"step": 2980, "loss": -0.3584449291229248, "examples": 2980, "session_seconds": 2577.428959292003, "peak_vram_bytes": 1835414016}
{"step": 2990, "loss": -0.3633977770805359, "examples": 2990, "session_seconds": 2585.746636200005, "peak_vram_bytes": 1835414016}
{"step": 3000, "loss": -0.37277185916900635, "examples": 3000, "session_seconds": 2594.0196235790063, "peak_vram_bytes": 1835414016}
{"step": 3010, "loss": 0.006162255071103573, "examples": 3010, "session_seconds": 2602.6605212130016, "peak_vram_bytes": 1835414016}
{"step": 3020, "loss": 1.3353890180587769, "examples": 3020, "session_seconds": 2611.7105640180016, "peak_vram_bytes": 1835414016}
{"step": 3030, "loss": -0.354442298412323, "examples": 3030, "session_seconds": 2620.434161394005, "peak_vram_bytes": 1835414016}
{"step": 3040, "loss": -0.24131536483764648, "examples": 3040, "session_seconds": 2629.1568428340033, "peak_vram_bytes": 1835414016}
{"step": 3050, "loss": -0.3505977988243103, "examples": 3050, "session_seconds": 2638.179541841004, "peak_vram_bytes": 1835414016}
{"step": 3060, "loss": -0.3010939955711365, "examples": 3060, "session_seconds": 2646.6459964790047, "peak_vram_bytes": 1835414016}
{"step": 3070, "loss": -0.21226859092712402, "examples": 3070, "session_seconds": 2654.6786812350038, "peak_vram_bytes": 1835414016}
{"step": 3080, "loss": -0.35851752758026123, "examples": 3080, "session_seconds": 2662.9427726010035, "peak_vram_bytes": 1835414016}
{"step": 3090, "loss": 1.1953980922698975, "examples": 3090, "session_seconds": 2671.200260688005, "peak_vram_bytes": 1835414016}
{"step": 3100, "loss": -0.005563286133110523, "examples": 3100, "session_seconds": 2679.826109073001, "peak_vram_bytes": 1835414016}
{"step": 3110, "loss": 0.10686364024877548, "examples": 3110, "session_seconds": 2688.9672188910044, "peak_vram_bytes": 1835414016}
{"step": 3120, "loss": -0.36081135272979736, "examples": 3120, "session_seconds": 2697.2492847870017, "peak_vram_bytes": 1835414016}
{"step": 3130, "loss": -0.36744076013565063, "examples": 3130, "session_seconds": 2705.600156115004, "peak_vram_bytes": 1835414016}
{"step": 3140, "loss": 0.017138926312327385, "examples": 3140, "session_seconds": 2713.9139003040036, "peak_vram_bytes": 1835414016}
{"step": 3150, "loss": -0.363358736038208, "examples": 3150, "session_seconds": 2722.1940297200053, "peak_vram_bytes": 1835414016}
{"step": 3160, "loss": -0.24097445607185364, "examples": 3160, "session_seconds": 2730.4908716760037, "peak_vram_bytes": 1835414016}
{"step": 3170, "loss": 0.15733973681926727, "examples": 3170, "session_seconds": 2739.5601231590044, "peak_vram_bytes": 1835414016}
{"step": 3180, "loss": 0.030079249292612076, "examples": 3180, "session_seconds": 2748.9264282799995, "peak_vram_bytes": 1835414016}
{"step": 3190, "loss": -0.3636847138404846, "examples": 3190, "session_seconds": 2758.165376558005, "peak_vram_bytes": 1835414016}
{"step": 3200, "loss": -0.3639070987701416, "examples": 3200, "session_seconds": 2766.431517899, "peak_vram_bytes": 1835414016}
{"step": 3210, "loss": -0.35745149850845337, "examples": 3210, "session_seconds": 2775.0479932490052, "peak_vram_bytes": 1835414016}
{"step": 3220, "loss": -0.36349546909332275, "examples": 3220, "session_seconds": 2783.318617445002, "peak_vram_bytes": 1835414016}
{"step": 3230, "loss": -0.36606091260910034, "examples": 3230, "session_seconds": 2791.6058138890003, "peak_vram_bytes": 1835414016}
{"step": 3240, "loss": 1.2499315738677979, "examples": 3240, "session_seconds": 2799.9343626270056, "peak_vram_bytes": 1835414016}
{"step": 3250, "loss": 0.2323174923658371, "examples": 3250, "session_seconds": 2808.15291533, "peak_vram_bytes": 1835414016}
{"step": 3260, "loss": -0.3609011769294739, "examples": 3260, "session_seconds": 2816.3003696390006, "peak_vram_bytes": 1835414016}
{"step": 3270, "loss": -0.3656560182571411, "examples": 3270, "session_seconds": 2824.5877322720044, "peak_vram_bytes": 1835414016}
{"step": 3280, "loss": 1.2446073293685913, "examples": 3280, "session_seconds": 2832.9548492070026, "peak_vram_bytes": 1835414016}
{"step": 3290, "loss": -0.37204837799072266, "examples": 3290, "session_seconds": 2841.2284045760025, "peak_vram_bytes": 1835414016}
{"step": 3300, "loss": -0.3478708863258362, "examples": 3300, "session_seconds": 2849.5707445440057, "peak_vram_bytes": 1835414016}
{"step": 3310, "loss": 1.273841381072998, "examples": 3310, "session_seconds": 2858.196986384006, "peak_vram_bytes": 1835414016}
{"step": 3320, "loss": -0.35332417488098145, "examples": 3320, "session_seconds": 2866.597609604003, "peak_vram_bytes": 1835414016}
{"step": 3330, "loss": -0.35494405031204224, "examples": 3330, "session_seconds": 2875.053031129006, "peak_vram_bytes": 1835414016}
{"step": 3340, "loss": -0.00790434330701828, "examples": 3340, "session_seconds": 2883.338781932005, "peak_vram_bytes": 1835414016}
{"step": 3350, "loss": -0.3623061776161194, "examples": 3350, "session_seconds": 2891.6845166420026, "peak_vram_bytes": 1835414016}
{"step": 3360, "loss": -0.3651811480522156, "examples": 3360, "session_seconds": 2900.097020619003, "peak_vram_bytes": 1835414016}
{"step": 3370, "loss": 0.022359494119882584, "examples": 3370, "session_seconds": 2908.3758088910035, "peak_vram_bytes": 1835414016}
{"step": 3380, "loss": -0.3641788959503174, "examples": 3380, "session_seconds": 2916.717656602006, "peak_vram_bytes": 1835414016}
{"step": 3390, "loss": -0.3630926012992859, "examples": 3390, "session_seconds": 2925.0841982020065, "peak_vram_bytes": 1835414016}
{"step": 3400, "loss": -0.36609113216400146, "examples": 3400, "session_seconds": 2933.3686922470006, "peak_vram_bytes": 1835414016}
{"step": 3410, "loss": -0.34651488065719604, "examples": 3410, "session_seconds": 2941.975695164001, "peak_vram_bytes": 1835414016}
{"step": 3420, "loss": -0.33799320459365845, "examples": 3420, "session_seconds": 2950.1862938190025, "peak_vram_bytes": 1835414016}
{"step": 3430, "loss": -0.3657296299934387, "examples": 3430, "session_seconds": 2958.2784509750054, "peak_vram_bytes": 1835414016}
{"step": 3440, "loss": -0.33613401651382446, "examples": 3440, "session_seconds": 2966.3957107150054, "peak_vram_bytes": 1835414016}
{"step": 3450, "loss": 0.03840329125523567, "examples": 3450, "session_seconds": 2974.726492406, "peak_vram_bytes": 1835414016}
{"step": 3460, "loss": 0.013100194744765759, "examples": 3460, "session_seconds": 2983.424750637001, "peak_vram_bytes": 1835414016}
{"step": 3470, "loss": -0.36386430263519287, "examples": 3470, "session_seconds": 2992.4542103730055, "peak_vram_bytes": 1835414016}
{"step": 3480, "loss": 0.42970719933509827, "examples": 3480, "session_seconds": 3001.809254493004, "peak_vram_bytes": 1835414016}
{"step": 3490, "loss": -0.0017074629431590438, "examples": 3490, "session_seconds": 3010.256780073003, "peak_vram_bytes": 1835414016}
{"step": 3500, "loss": -0.3560163974761963, "examples": 3500, "session_seconds": 3018.5708272949996, "peak_vram_bytes": 1835414016}
{"step": 3510, "loss": -0.34893888235092163, "examples": 3510, "session_seconds": 3027.1170268179994, "peak_vram_bytes": 1835414016}
{"step": 3520, "loss": -0.22381356358528137, "examples": 3520, "session_seconds": 3035.993093256002, "peak_vram_bytes": 1835414016}
{"step": 3530, "loss": -0.3640059232711792, "examples": 3530, "session_seconds": 3044.9945184410026, "peak_vram_bytes": 1835414016}
{"step": 3540, "loss": 0.09366117417812347, "examples": 3540, "session_seconds": 3053.3862217350033, "peak_vram_bytes": 1835414016}
{"step": 3550, "loss": -0.36420881748199463, "examples": 3550, "session_seconds": 3062.1580971540025, "peak_vram_bytes": 1835414016}
{"step": 3560, "loss": -0.354245662689209, "examples": 3560, "session_seconds": 3071.061620237, "peak_vram_bytes": 1835414016}
{"step": 3570, "loss": 0.009584687650203705, "examples": 3570, "session_seconds": 3079.4885599260015, "peak_vram_bytes": 1835414016}
{"step": 3580, "loss": -0.3028685450553894, "examples": 3580, "session_seconds": 3087.888269313, "peak_vram_bytes": 1835414016}
{"step": 3590, "loss": 0.021505339071154594, "examples": 3590, "session_seconds": 3096.3690071650053, "peak_vram_bytes": 1835414016}
{"step": 3600, "loss": -0.362335741519928, "examples": 3600, "session_seconds": 3104.708781376001, "peak_vram_bytes": 1835414016}
{"step": 3610, "loss": 0.05811198055744171, "examples": 3610, "session_seconds": 3113.414832899005, "peak_vram_bytes": 1835414016}
{"step": 3620, "loss": -0.2947356700897217, "examples": 3620, "session_seconds": 3121.669945364003, "peak_vram_bytes": 1835414016}
{"step": 3630, "loss": -0.34411031007766724, "examples": 3630, "session_seconds": 3129.791352983004, "peak_vram_bytes": 1835414016}
{"step": 3640, "loss": 1.3504559993743896, "examples": 3640, "session_seconds": 3137.814364028003, "peak_vram_bytes": 1835414016}
{"step": 3650, "loss": 0.06471967697143555, "examples": 3650, "session_seconds": 3145.9771960040016, "peak_vram_bytes": 1835414016}
{"step": 3660, "loss": -0.36342698335647583, "examples": 3660, "session_seconds": 3154.534950715002, "peak_vram_bytes": 1835414016}
{"step": 3670, "loss": -0.36413562297821045, "examples": 3670, "session_seconds": 3163.9604791180027, "peak_vram_bytes": 1835414016}
{"step": 3680, "loss": -0.36077553033828735, "examples": 3680, "session_seconds": 3172.963179448001, "peak_vram_bytes": 1835414016}
{"step": 3690, "loss": 0.018108999356627464, "examples": 3690, "session_seconds": 3182.246566206006, "peak_vram_bytes": 1835414016}
{"step": 3700, "loss": -0.36497217416763306, "examples": 3700, "session_seconds": 3191.577674402004, "peak_vram_bytes": 1835414016}
{"step": 3710, "loss": 1.3175008296966553, "examples": 3710, "session_seconds": 3201.021088197005, "peak_vram_bytes": 1835414016}
{"step": 3720, "loss": -0.3463502526283264, "examples": 3720, "session_seconds": 3209.284471212006, "peak_vram_bytes": 1835414016}
{"step": 3730, "loss": -0.36348164081573486, "examples": 3730, "session_seconds": 3217.346436015003, "peak_vram_bytes": 1835414016}
{"step": 3740, "loss": -0.3574739098548889, "examples": 3740, "session_seconds": 3225.3880084070042, "peak_vram_bytes": 1835414016}
{"step": 3750, "loss": 1.3008031845092773, "examples": 3750, "session_seconds": 3233.6222935360056, "peak_vram_bytes": 1835414016}
{"step": 3760, "loss": -0.0023429945576936007, "examples": 3760, "session_seconds": 3241.9420975200046, "peak_vram_bytes": 1835414016}
{"step": 3770, "loss": -0.36336952447891235, "examples": 3770, "session_seconds": 3250.132988849, "peak_vram_bytes": 1835414016}
{"step": 3780, "loss": -0.32740986347198486, "examples": 3780, "session_seconds": 3258.3767583990048, "peak_vram_bytes": 1835414016}
{"step": 3790, "loss": -0.36363548040390015, "examples": 3790, "session_seconds": 3266.724691457006, "peak_vram_bytes": 1835414016}
{"step": 3800, "loss": -0.35738086700439453, "examples": 3800, "session_seconds": 3275.0842175070065, "peak_vram_bytes": 1835414016}
{"step": 3810, "loss": 0.024724066257476807, "examples": 3810, "session_seconds": 3283.572826252006, "peak_vram_bytes": 1835414016}
{"step": 3820, "loss": 1.3203164339065552, "examples": 3820, "session_seconds": 3291.7951496550013, "peak_vram_bytes": 1835414016}
{"step": 3830, "loss": -0.36349713802337646, "examples": 3830, "session_seconds": 3300.1144563110065, "peak_vram_bytes": 1835414016}
{"step": 3840, "loss": -0.3491198420524597, "examples": 3840, "session_seconds": 3308.452402253002, "peak_vram_bytes": 1835414016}
{"step": 3850, "loss": 1.1765514612197876, "examples": 3850, "session_seconds": 3316.7152077749997, "peak_vram_bytes": 1835414016}
{"step": 3860, "loss": -0.34997838735580444, "examples": 3860, "session_seconds": 3324.9849148050052, "peak_vram_bytes": 1835414016}
{"step": 3870, "loss": -0.3546833395957947, "examples": 3870, "session_seconds": 3333.1607106230003, "peak_vram_bytes": 1835414016}
{"step": 3880, "loss": 0.7433574199676514, "examples": 3880, "session_seconds": 3341.298660321001, "peak_vram_bytes": 1835414016}
{"step": 3890, "loss": 1.3358008861541748, "examples": 3890, "session_seconds": 3349.4191277749997, "peak_vram_bytes": 1835414016}
{"step": 3900, "loss": -0.37327539920806885, "examples": 3900, "session_seconds": 3357.620832575005, "peak_vram_bytes": 1835414016}
{"step": 3910, "loss": -0.363150954246521, "examples": 3910, "session_seconds": 3366.2777305280033, "peak_vram_bytes": 1835414016}
{"step": 3920, "loss": 1.3501288890838623, "examples": 3920, "session_seconds": 3374.593988712004, "peak_vram_bytes": 1835414016}
{"step": 3930, "loss": -0.3523874282836914, "examples": 3930, "session_seconds": 3382.9441645879997, "peak_vram_bytes": 1835414016}
{"step": 3940, "loss": 0.09933659434318542, "examples": 3940, "session_seconds": 3391.153914553004, "peak_vram_bytes": 1835414016}
{"step": 3950, "loss": -0.36316633224487305, "examples": 3950, "session_seconds": 3399.230753956006, "peak_vram_bytes": 1835414016}
{"step": 3960, "loss": -0.3689303398132324, "examples": 3960, "session_seconds": 3407.3657743140066, "peak_vram_bytes": 1835414016}
{"step": 3970, "loss": -0.3486735224723816, "examples": 3970, "session_seconds": 3415.6700380050024, "peak_vram_bytes": 1835414016}
{"step": 3980, "loss": -0.3555610775947571, "examples": 3980, "session_seconds": 3423.726410784002, "peak_vram_bytes": 1835414016}
{"step": 3990, "loss": 0.46781277656555176, "examples": 3990, "session_seconds": 3431.9742316860065, "peak_vram_bytes": 1835414016}
{"step": 4000, "loss": -0.35962188243865967, "examples": 4000, "session_seconds": 3440.1833742050003, "peak_vram_bytes": 1835414016}
wandb: 
wandb: Run history:
wandb:        examples ▁▁▁▁▂▂▂▂▂▂▂▂▃▃▃▃▃▃▄▄▄▅▅▅▅▅▆▆▆▆▆▆▆▇▇▇▇▇██
wandb:            loss ▃▃▄▁▁▁▃▁▁▁▁▄▁▁▁▁▁▁▁▃▁▁▁▁▃▁▁▁▁▄▁▁▁▁▁▁▁▃▁█
wandb: peak_vram_bytes ▁▁▄▄▄▅▅▅▅▅▅▅▅▅▅▅▅▅▅▅▅▅▅▅▅▅▅▅████████████
wandb: session_seconds ▁▁▂▂▂▃▃▃▃▃▃▄▄▅▅▅▅▅▅▅▆▆▆▆▆▇▇▇▇▇▇▇▇▇██████
wandb:            step ▁▁▁▂▂▂▂▂▂▃▃▃▃▃▃▄▄▄▅▅▅▅▅▅▅▅▆▆▆▆▆▇▇▇▇▇▇███
wandb: 
wandb: Run summary:
wandb:        examples 4000
wandb:            loss -0.35962
wandb: peak_vram_bytes 1835414016
wandb: session_seconds 3440.18337
wandb:            step 4000
wandb: 
wandb: You can sync this run to the cloud by running:
wandb: wandb sync artifacts/longer-v1/0.8b/main/seed-33/exact/tracking/wandb/offline-run-20261005_041721-u1wxr4rn
wandb: Find logs at: artifacts/longer-v1/0.8b/main/seed-33/exact/tracking/wandb/offline-run-20261005_041721-u1wxr4rn/logs
{"artifact": "artifacts/longer-v1/0.8b/main/seed-33/exact/artifact", "elapsed_seconds": 3440.5272208669994}
