#0 building with "default" instance using docker driver

#1 [internal] load build definition from Dockerfile.patch
#1 transferring dockerfile: 577B done
#1 DONE 0.0s

#2 [internal] load metadata for docker.io/amitbahree/myjev@sha256:3693ed39364bb3a96ee675da1a750d09cb2762a50211886eca8addd776d585cb
#2 ...

#3 [auth] amitbahree/myjev:pull token for registry-1.docker.io
#3 DONE 0.0s

#2 [internal] load metadata for docker.io/amitbahree/myjev@sha256:3693ed39364bb3a96ee675da1a750d09cb2762a50211886eca8addd776d585cb
#2 DONE 0.9s

#4 [internal] load .dockerignore
#4 transferring context: 111B done
#4 DONE 0.0s

#5 [internal] load build context
#5 transferring context: 155.74kB done
#5 DONE 0.0s

#6 [1/4] FROM docker.io/amitbahree/myjev@sha256:3693ed39364bb3a96ee675da1a750d09cb2762a50211886eca8addd776d585cb
#6 resolve docker.io/amitbahree/myjev@sha256:3693ed39364bb3a96ee675da1a750d09cb2762a50211886eca8addd776d585cb 0.0s done
#6 DONE 0.1s

#6 [1/4] FROM docker.io/amitbahree/myjev@sha256:3693ed39364bb3a96ee675da1a750d09cb2762a50211886eca8addd776d585cb
#6 extracting sha256:76f50cb5331f14ddc592d22ec9ffe2f291149d8c6e8a72aef37bed1be1298412 0.0s done
#6 extracting sha256:a23c868d86128fb03a549eebcd72803f433826bb10fad6305ac3281391dfc634
#6 extracting sha256:a23c868d86128fb03a549eebcd72803f433826bb10fad6305ac3281391dfc634 26.2s done
#6 DONE 26.3s

#7 [2/4] WORKDIR /app
#7 ERROR: write /var/lib/containerd/io.containerd.snapshotter.v1.overlayfs/snapshots/3093/fs/usr/local/lib/python3.12/site-packages/torch/lib/libtorch_cpu.so: no space left on device
------
 > [2/4] WORKDIR /app:
------
Dockerfile.patch:5
--------------------
   3 |     # The root Dockerfile remains the complete installation path.
   4 |     FROM amitbahree/myjev@sha256:3693ed39364bb3a96ee675da1a750d09cb2762a50211886eca8addd776d585cb
   5 | >>> WORKDIR /app
   6 |     COPY src ./src
   7 |     RUN pip install --no-deps --no-build-isolation .
--------------------
ERROR: failed to build: failed to solve: failed to compute cache key: write /var/lib/containerd/io.containerd.snapshotter.v1.overlayfs/snapshots/3093/fs/usr/local/lib/python3.12/site-packages/torch/lib/libtorch_cpu.so: no space left on device
