
{"utc": "2026-10-05T06:05:25.343202+00:00", "command": ["-m", "myjev.train", "--config", "results/longer-v1/0.8b/main/seed-22/continued_sft/config.json", "--data", "data/banking77/train.jsonl", "--output", "artifacts/longer-v1/0.8b/main/seed-22/continued_sft", "--method", "continued_sft", "--seed", "22", "--initial", "artifacts/longer-v1/0.8b/main/seed-22/sft/artifact"]}
Loading weights:   0%|          | 0/320 [00:00<?, ?it/s]Loading weights: 100%|██████████| 320/320 [00:00<00:00, 5288.49it/s]
wandb: Tracking run with wandb version 0.30.0
wandb: W&B syncing is set to `offline` in this directory. Run `wandb online` or set WANDB_MODE=online to enable cloud syncing.
wandb: Run data is saved locally in artifacts/longer-v1/0.8b/main/seed-22/continued_sft/tracking/wandb/offline-run-20261004_230535-meew8648
wandb: View this run in the terminal with `wandb leet`
[transformers] `causal_conv1d_fn` is falling back to its reference PyTorch implementation because `causal_conv1d` is not installed. This is correct but much slower; install `causal_conv1d` for the optimized kernel.
[transformers] `chunk_gated_delta_rule` is falling back to its reference PyTorch implementation because `flash-linear-attention` is not installed. This is correct but much slower; install `flash-linear-attention` for the optimized kernel.
{"step": 10, "loss": 8.214849472045898, "examples": 10, "session_seconds": 8.25351773500006, "peak_vram_bytes": 1815582208}
{"step": 20, "loss": 0.019468659535050392, "examples": 20, "session_seconds": 15.227019221994851, "peak_vram_bytes": 1815762432}
{"step": 30, "loss": 0.017327439039945602, "examples": 30, "session_seconds": 22.315138843994646, "peak_vram_bytes": 1815762432}
{"step": 40, "loss": 0.01396919321268797, "examples": 40, "session_seconds": 30.176271945994813, "peak_vram_bytes": 1826122752}
{"step": 50, "loss": 0.01604040525853634, "examples": 50, "session_seconds": 38.146703752994654, "peak_vram_bytes": 1826122752}
{"step": 60, "loss": 0.014478692784905434, "examples": 60, "session_seconds": 46.075748470997496, "peak_vram_bytes": 1826122752}
{"step": 70, "loss": 0.013451172038912773, "examples": 70, "session_seconds": 53.00536110999383, "peak_vram_bytes": 1826122752}
{"step": 80, "loss": 7.224478721618652, "examples": 80, "session_seconds": 59.91264228299406, "peak_vram_bytes": 1826122752}
{"step": 90, "loss": 1.3331981897354126, "examples": 90, "session_seconds": 66.86815032299637, "peak_vram_bytes": 1826122752}
{"step": 100, "loss": 0.014517338946461678, "examples": 100, "session_seconds": 73.86423286699574, "peak_vram_bytes": 1826122752}
Warning: You are sending unauthenticated requests to the HF Hub. Please set a HF_TOKEN to enable higher rate limits and faster downloads.
{"step": 110, "loss": 0.02214515581727028, "examples": 110, "session_seconds": 81.69860808499652, "peak_vram_bytes": 1830022144}
{"step": 120, "loss": 0.013531271368265152, "examples": 120, "session_seconds": 88.68839760300034, "peak_vram_bytes": 1830022144}
{"step": 130, "loss": 0.013963273726403713, "examples": 130, "session_seconds": 96.7017086939959, "peak_vram_bytes": 1830022144}
{"step": 140, "loss": 0.013392068445682526, "examples": 140, "session_seconds": 104.84850091800035, "peak_vram_bytes": 1830022144}
{"step": 150, "loss": 0.013551997020840645, "examples": 150, "session_seconds": 112.04993380799715, "peak_vram_bytes": 1830022144}
{"step": 160, "loss": 22.961261749267578, "examples": 160, "session_seconds": 118.98159333099466, "peak_vram_bytes": 1830022144}
{"step": 170, "loss": 0.014638273045420647, "examples": 170, "session_seconds": 125.95221085099911, "peak_vram_bytes": 1832007168}
{"step": 180, "loss": 11.296873092651367, "examples": 180, "session_seconds": 133.67908010999963, "peak_vram_bytes": 1832007168}
{"step": 190, "loss": 0.013547790236771107, "examples": 190, "session_seconds": 141.55075621099968, "peak_vram_bytes": 1832007168}
{"step": 200, "loss": 0.39344996213912964, "examples": 200, "session_seconds": 149.45839858899853, "peak_vram_bytes": 1832007168}
{"step": 210, "loss": 0.015706617385149002, "examples": 210, "session_seconds": 157.4790448749991, "peak_vram_bytes": 1832007168}
{"step": 220, "loss": 0.013891095295548439, "examples": 220, "session_seconds": 164.4184369729992, "peak_vram_bytes": 1832007168}
{"step": 230, "loss": 17.265199661254883, "examples": 230, "session_seconds": 171.36620779599616, "peak_vram_bytes": 1832007168}
{"step": 240, "loss": 0.01372948382049799, "examples": 240, "session_seconds": 178.29950965999888, "peak_vram_bytes": 1832007168}
{"step": 250, "loss": 0.013826739974319935, "examples": 250, "session_seconds": 185.3206424029995, "peak_vram_bytes": 1832007168}
{"step": 260, "loss": 0.013906917534768581, "examples": 260, "session_seconds": 192.32637125799374, "peak_vram_bytes": 1832007168}
{"step": 270, "loss": 0.014617955312132835, "examples": 270, "session_seconds": 200.59645552699658, "peak_vram_bytes": 1832007168}
{"step": 280, "loss": 0.013471787795424461, "examples": 280, "session_seconds": 208.18279893, "peak_vram_bytes": 1832007168}
{"step": 290, "loss": 0.013994714245200157, "examples": 290, "session_seconds": 216.43502318399987, "peak_vram_bytes": 1832007168}
{"step": 300, "loss": 0.014212893322110176, "examples": 300, "session_seconds": 224.6443460399969, "peak_vram_bytes": 1832007168}
{"step": 310, "loss": 0.01913214847445488, "examples": 310, "session_seconds": 232.8080686139947, "peak_vram_bytes": 1832007168}
{"step": 320, "loss": 0.013986781239509583, "examples": 320, "session_seconds": 240.22199127599742, "peak_vram_bytes": 1832007168}
{"step": 330, "loss": 0.014200625941157341, "examples": 330, "session_seconds": 247.20017045099667, "peak_vram_bytes": 1832007168}
{"step": 340, "loss": 0.03198842704296112, "examples": 340, "session_seconds": 254.37306474899378, "peak_vram_bytes": 1832007168}
{"step": 350, "loss": 12.851607322692871, "examples": 350, "session_seconds": 261.72530165199714, "peak_vram_bytes": 1832007168}
{"step": 360, "loss": 0.04799375683069229, "examples": 360, "session_seconds": 269.61920471899793, "peak_vram_bytes": 1832007168}
{"step": 370, "loss": 0.013995885848999023, "examples": 370, "session_seconds": 277.4401772669953, "peak_vram_bytes": 1832007168}
{"step": 380, "loss": 0.01385522447526455, "examples": 380, "session_seconds": 285.30880129199795, "peak_vram_bytes": 1832007168}
{"step": 390, "loss": 0.014051626436412334, "examples": 390, "session_seconds": 293.72133501499775, "peak_vram_bytes": 1832007168}
{"step": 400, "loss": 0.421457439661026, "examples": 400, "session_seconds": 301.60116103199834, "peak_vram_bytes": 1832007168}
{"step": 410, "loss": 10.892045974731445, "examples": 410, "session_seconds": 309.94370757799334, "peak_vram_bytes": 1832007168}
{"step": 420, "loss": 18.644954681396484, "examples": 420, "session_seconds": 317.84932057999686, "peak_vram_bytes": 1832007168}
{"step": 430, "loss": 13.244885444641113, "examples": 430, "session_seconds": 325.70882357399387, "peak_vram_bytes": 1832007168}
{"step": 440, "loss": 0.016632044687867165, "examples": 440, "session_seconds": 333.5550203169987, "peak_vram_bytes": 1832007168}
{"step": 450, "loss": 2.807701826095581, "examples": 450, "session_seconds": 341.60078420199716, "peak_vram_bytes": 1832007168}
{"step": 460, "loss": 0.42157047986984253, "examples": 460, "session_seconds": 349.4472551409999, "peak_vram_bytes": 1832007168}
{"step": 470, "loss": 0.014209701679646969, "examples": 470, "session_seconds": 357.2377495549954, "peak_vram_bytes": 1832007168}
{"step": 480, "loss": 0.014079159125685692, "examples": 480, "session_seconds": 365.07022099099413, "peak_vram_bytes": 1832007168}
{"step": 490, "loss": 0.017023365944623947, "examples": 490, "session_seconds": 372.96955632799654, "peak_vram_bytes": 1832007168}
{"step": 500, "loss": 0.014430569484829903, "examples": 500, "session_seconds": 380.9104870949959, "peak_vram_bytes": 1832007168}
{"step": 510, "loss": 0.013726767152547836, "examples": 510, "session_seconds": 389.4630916149981, "peak_vram_bytes": 1832007168}
{"step": 520, "loss": 1.0468668937683105, "examples": 520, "session_seconds": 396.61267183899326, "peak_vram_bytes": 1832007168}
{"step": 530, "loss": 0.014207507483661175, "examples": 530, "session_seconds": 403.5969286990003, "peak_vram_bytes": 1832007168}
{"step": 540, "loss": 3.5627036094665527, "examples": 540, "session_seconds": 410.5652104949986, "peak_vram_bytes": 1832007168}
{"step": 550, "loss": 22.853313446044922, "examples": 550, "session_seconds": 417.48898991999886, "peak_vram_bytes": 1832007168}
{"step": 560, "loss": 0.01400567777454853, "examples": 560, "session_seconds": 424.4367347890002, "peak_vram_bytes": 1832007168}
{"step": 570, "loss": 0.013942807912826538, "examples": 570, "session_seconds": 431.4224449869944, "peak_vram_bytes": 1832007168}
{"step": 580, "loss": 0.01647574082016945, "examples": 580, "session_seconds": 438.47462697899755, "peak_vram_bytes": 1832007168}
{"step": 590, "loss": 0.016056938096880913, "examples": 590, "session_seconds": 445.4770067739955, "peak_vram_bytes": 1832007168}
{"step": 600, "loss": 0.014705746434628963, "examples": 600, "session_seconds": 452.57024742999783, "peak_vram_bytes": 1832007168}
{"step": 610, "loss": 16.084217071533203, "examples": 610, "session_seconds": 460.2734542659964, "peak_vram_bytes": 1832007168}
{"step": 620, "loss": 0.01477417629212141, "examples": 620, "session_seconds": 468.3918912259978, "peak_vram_bytes": 1832007168}
{"step": 630, "loss": 0.0151057755574584, "examples": 630, "session_seconds": 475.42630915899645, "peak_vram_bytes": 1832007168}
{"step": 640, "loss": 0.015259387902915478, "examples": 640, "session_seconds": 482.2711538239964, "peak_vram_bytes": 1832007168}
{"step": 650, "loss": 0.014221214689314365, "examples": 650, "session_seconds": 490.3092585419945, "peak_vram_bytes": 1832007168}
{"step": 660, "loss": 0.01817524991929531, "examples": 660, "session_seconds": 498.1923339709974, "peak_vram_bytes": 1832007168}
{"step": 670, "loss": 0.014227740466594696, "examples": 670, "session_seconds": 505.33418664199417, "peak_vram_bytes": 1832007168}
{"step": 680, "loss": 0.014506630599498749, "examples": 680, "session_seconds": 513.0586915120002, "peak_vram_bytes": 1832007168}
{"step": 690, "loss": 0.2802850604057312, "examples": 690, "session_seconds": 520.521857492, "peak_vram_bytes": 1832007168}
{"step": 700, "loss": 0.014209922403097153, "examples": 700, "session_seconds": 528.5641697629981, "peak_vram_bytes": 1832007168}
{"step": 710, "loss": 0.01511258352547884, "examples": 710, "session_seconds": 536.8149524099936, "peak_vram_bytes": 1832007168}
{"step": 720, "loss": 0.014257268980145454, "examples": 720, "session_seconds": 543.8775643169938, "peak_vram_bytes": 1832007168}
{"step": 730, "loss": 0.013729057274758816, "examples": 730, "session_seconds": 550.9379914729943, "peak_vram_bytes": 1832007168}
{"step": 740, "loss": 0.013639154843986034, "examples": 740, "session_seconds": 558.4163942129962, "peak_vram_bytes": 1832007168}
{"step": 750, "loss": 0.014383574016392231, "examples": 750, "session_seconds": 566.5326050820004, "peak_vram_bytes": 1832007168}
{"step": 760, "loss": 0.014580044895410538, "examples": 760, "session_seconds": 574.6028975320005, "peak_vram_bytes": 1832007168}
{"step": 770, "loss": 0.014775210060179234, "examples": 770, "session_seconds": 582.9346694929991, "peak_vram_bytes": 1832007168}
{"step": 780, "loss": 0.01406382117420435, "examples": 780, "session_seconds": 591.1442107889961, "peak_vram_bytes": 1832007168}
{"step": 790, "loss": 5.770249843597412, "examples": 790, "session_seconds": 599.4084464919943, "peak_vram_bytes": 1832007168}
{"step": 800, "loss": 0.014256680384278297, "examples": 800, "session_seconds": 607.4617621539946, "peak_vram_bytes": 1832007168}
{"step": 810, "loss": 0.014003625139594078, "examples": 810, "session_seconds": 615.907578610997, "peak_vram_bytes": 1832007168}
{"step": 820, "loss": 0.0655834749341011, "examples": 820, "session_seconds": 623.7697383609993, "peak_vram_bytes": 1832007168}
{"step": 830, "loss": 0.013936132192611694, "examples": 830, "session_seconds": 631.9956036119984, "peak_vram_bytes": 1832007168}
{"step": 840, "loss": 0.015039296820759773, "examples": 840, "session_seconds": 639.6059796089976, "peak_vram_bytes": 1832007168}
{"step": 850, "loss": 3.209012031555176, "examples": 850, "session_seconds": 646.6804521219965, "peak_vram_bytes": 1832007168}
{"step": 860, "loss": 0.023744642734527588, "examples": 860, "session_seconds": 654.9902698239966, "peak_vram_bytes": 1832007168}
{"step": 870, "loss": 0.15369880199432373, "examples": 870, "session_seconds": 662.8024729299941, "peak_vram_bytes": 1832007168}
{"step": 880, "loss": 0.17710363864898682, "examples": 880, "session_seconds": 671.0228098529988, "peak_vram_bytes": 1832007168}
{"step": 890, "loss": 0.01488015428185463, "examples": 890, "session_seconds": 679.2797986389996, "peak_vram_bytes": 1832007168}
{"step": 900, "loss": 0.014770124107599258, "examples": 900, "session_seconds": 687.6483978769975, "peak_vram_bytes": 1832007168}
{"step": 910, "loss": 0.01458970457315445, "examples": 910, "session_seconds": 696.2206382679942, "peak_vram_bytes": 1832007168}
{"step": 920, "loss": 0.015109829604625702, "examples": 920, "session_seconds": 704.0853908069985, "peak_vram_bytes": 1832007168}
{"step": 930, "loss": 0.014071510173380375, "examples": 930, "session_seconds": 711.8832376309947, "peak_vram_bytes": 1832007168}
{"step": 940, "loss": 6.507408142089844, "examples": 940, "session_seconds": 720.0415803959986, "peak_vram_bytes": 1832007168}
{"step": 950, "loss": 0.21793238818645477, "examples": 950, "session_seconds": 727.8273514979956, "peak_vram_bytes": 1832007168}
{"step": 960, "loss": 0.27895841002464294, "examples": 960, "session_seconds": 735.251950328995, "peak_vram_bytes": 1832007168}
{"step": 970, "loss": 0.016511227935552597, "examples": 970, "session_seconds": 741.9913634549957, "peak_vram_bytes": 1832007168}
{"step": 980, "loss": 0.01480918563902378, "examples": 980, "session_seconds": 748.9882690239974, "peak_vram_bytes": 1832007168}
{"step": 990, "loss": 0.018407944589853287, "examples": 990, "session_seconds": 756.5666322319958, "peak_vram_bytes": 1832007168}
{"step": 1000, "loss": 0.014786300249397755, "examples": 1000, "session_seconds": 764.3312926910003, "peak_vram_bytes": 1832007168}
{"step": 1010, "loss": 0.021126113831996918, "examples": 1010, "session_seconds": 772.7983607539936, "peak_vram_bytes": 1832007168}
{"step": 1020, "loss": 0.015242604538798332, "examples": 1020, "session_seconds": 780.5955352159945, "peak_vram_bytes": 1832007168}
{"step": 1030, "loss": 0.014665399678051472, "examples": 1030, "session_seconds": 788.9015993209978, "peak_vram_bytes": 1832007168}
{"step": 1040, "loss": 1.9033935070037842, "examples": 1040, "session_seconds": 796.9598827209993, "peak_vram_bytes": 1832007168}
{"step": 1050, "loss": 15.40052604675293, "examples": 1050, "session_seconds": 805.0108311160002, "peak_vram_bytes": 1832007168}
{"step": 1060, "loss": 2.828096866607666, "examples": 1060, "session_seconds": 812.9847354329977, "peak_vram_bytes": 1832007168}
{"step": 1070, "loss": 0.014531092718243599, "examples": 1070, "session_seconds": 820.7285189959948, "peak_vram_bytes": 1832007168}
{"step": 1080, "loss": 0.01393598597496748, "examples": 1080, "session_seconds": 828.4342819379963, "peak_vram_bytes": 1832007168}
{"step": 1090, "loss": 0.021828394383192062, "examples": 1090, "session_seconds": 836.1655359569995, "peak_vram_bytes": 1832007168}
{"step": 1100, "loss": 0.013896584510803223, "examples": 1100, "session_seconds": 844.3116679939994, "peak_vram_bytes": 1832007168}
{"step": 1110, "loss": 0.01393118966370821, "examples": 1110, "session_seconds": 852.8836904369964, "peak_vram_bytes": 1832007168}
{"step": 1120, "loss": 0.014176572673022747, "examples": 1120, "session_seconds": 860.4953568290002, "peak_vram_bytes": 1832007168}
{"step": 1130, "loss": 0.06338445842266083, "examples": 1130, "session_seconds": 868.3709268699968, "peak_vram_bytes": 1832007168}
{"step": 1140, "loss": 0.014729630202054977, "examples": 1140, "session_seconds": 876.1045367319966, "peak_vram_bytes": 1832007168}
{"step": 1150, "loss": 17.42302894592285, "examples": 1150, "session_seconds": 883.2732448779934, "peak_vram_bytes": 1832007168}
{"step": 1160, "loss": 0.014933564700186253, "examples": 1160, "session_seconds": 890.3047822309964, "peak_vram_bytes": 1832007168}
{"step": 1170, "loss": 0.017366155982017517, "examples": 1170, "session_seconds": 897.3424769569974, "peak_vram_bytes": 1832007168}
{"step": 1180, "loss": 0.01623433455824852, "examples": 1180, "session_seconds": 905.2789945439945, "peak_vram_bytes": 1832007168}
{"step": 1190, "loss": 0.020766757428646088, "examples": 1190, "session_seconds": 912.6139990079973, "peak_vram_bytes": 1832007168}
{"step": 1200, "loss": 4.319549560546875, "examples": 1200, "session_seconds": 919.6154580179937, "peak_vram_bytes": 1832007168}
{"step": 1210, "loss": 0.014362474903464317, "examples": 1210, "session_seconds": 927.5758962209948, "peak_vram_bytes": 1832007168}
{"step": 1220, "loss": 0.014278733171522617, "examples": 1220, "session_seconds": 935.3849250539934, "peak_vram_bytes": 1832007168}
{"step": 1230, "loss": 0.017808537930250168, "examples": 1230, "session_seconds": 942.8733520709939, "peak_vram_bytes": 1832007168}
{"step": 1240, "loss": 0.014525316655635834, "examples": 1240, "session_seconds": 949.9353811580004, "peak_vram_bytes": 1832007168}
{"step": 1250, "loss": 4.232645034790039, "examples": 1250, "session_seconds": 957.3239154479961, "peak_vram_bytes": 1832007168}
{"step": 1260, "loss": 0.01393880508840084, "examples": 1260, "session_seconds": 965.1437009419969, "peak_vram_bytes": 1832007168}
{"step": 1270, "loss": 14.757719039916992, "examples": 1270, "session_seconds": 972.8308436139996, "peak_vram_bytes": 1832007168}
{"step": 1280, "loss": 2.3697266578674316, "examples": 1280, "session_seconds": 980.8296625939984, "peak_vram_bytes": 1832007168}
{"step": 1290, "loss": 5.412924289703369, "examples": 1290, "session_seconds": 989.0284391530004, "peak_vram_bytes": 1832007168}
{"step": 1300, "loss": 0.015810351818799973, "examples": 1300, "session_seconds": 997.3677095619933, "peak_vram_bytes": 1832007168}
{"step": 1310, "loss": 16.471834182739258, "examples": 1310, "session_seconds": 1005.3620740869956, "peak_vram_bytes": 1832007168}
{"step": 1320, "loss": 0.020581647753715515, "examples": 1320, "session_seconds": 1013.60588671, "peak_vram_bytes": 1832007168}
{"step": 1330, "loss": 0.019329313188791275, "examples": 1330, "session_seconds": 1021.7274155849955, "peak_vram_bytes": 1832007168}
{"step": 1340, "loss": 0.014034412801265717, "examples": 1340, "session_seconds": 1029.928718999996, "peak_vram_bytes": 1832007168}
{"step": 1350, "loss": 21.58311653137207, "examples": 1350, "session_seconds": 1038.1750160199954, "peak_vram_bytes": 1832007168}
{"step": 1360, "loss": 17.571378707885742, "examples": 1360, "session_seconds": 1046.2385369979966, "peak_vram_bytes": 1832007168}
{"step": 1370, "loss": 15.696104049682617, "examples": 1370, "session_seconds": 1053.812526883994, "peak_vram_bytes": 1832007168}
{"step": 1380, "loss": 4.181528568267822, "examples": 1380, "session_seconds": 1060.9760157109995, "peak_vram_bytes": 1832007168}
{"step": 1390, "loss": 0.014698638580739498, "examples": 1390, "session_seconds": 1068.3026291059941, "peak_vram_bytes": 1832007168}
{"step": 1400, "loss": 0.016228515654802322, "examples": 1400, "session_seconds": 1075.5013109769934, "peak_vram_bytes": 1832007168}
{"step": 1410, "loss": 0.015288562513887882, "examples": 1410, "session_seconds": 1082.8315141629937, "peak_vram_bytes": 1832007168}
{"step": 1420, "loss": 0.40991681814193726, "examples": 1420, "session_seconds": 1090.8088944509946, "peak_vram_bytes": 1832007168}
{"step": 1430, "loss": 0.015558481216430664, "examples": 1430, "session_seconds": 1098.5344510020004, "peak_vram_bytes": 1832007168}
{"step": 1440, "loss": 0.014790739864110947, "examples": 1440, "session_seconds": 1106.1631949929942, "peak_vram_bytes": 1832007168}
{"step": 1450, "loss": 0.013957233168184757, "examples": 1450, "session_seconds": 1113.5794197840005, "peak_vram_bytes": 1832007168}
{"step": 1460, "loss": 5.165197849273682, "examples": 1460, "session_seconds": 1120.8518354169937, "peak_vram_bytes": 1832007168}
{"step": 1470, "loss": 0.014244104735553265, "examples": 1470, "session_seconds": 1128.3905727299934, "peak_vram_bytes": 1832007168}
{"step": 1480, "loss": 0.013757683336734772, "examples": 1480, "session_seconds": 1135.7888203749972, "peak_vram_bytes": 1832007168}
{"step": 1490, "loss": 0.013758780434727669, "examples": 1490, "session_seconds": 1142.8383951429932, "peak_vram_bytes": 1832007168}
{"step": 1500, "loss": 0.01450458262115717, "examples": 1500, "session_seconds": 1149.8422419359995, "peak_vram_bytes": 1832007168}
{"step": 1510, "loss": 16.52581024169922, "examples": 1510, "session_seconds": 1157.110729616994, "peak_vram_bytes": 1832007168}
{"step": 1520, "loss": 0.01420941948890686, "examples": 1520, "session_seconds": 1164.0743666909984, "peak_vram_bytes": 1832007168}
{"step": 1530, "loss": 0.014146077446639538, "examples": 1530, "session_seconds": 1171.1679362099967, "peak_vram_bytes": 1832007168}
{"step": 1540, "loss": 20.424463272094727, "examples": 1540, "session_seconds": 1178.2363795499987, "peak_vram_bytes": 1832007168}
{"step": 1550, "loss": 0.018064744770526886, "examples": 1550, "session_seconds": 1185.2950195140002, "peak_vram_bytes": 1832007168}
{"step": 1560, "loss": 0.01497605163604021, "examples": 1560, "session_seconds": 1192.4324078199934, "peak_vram_bytes": 1832007168}
{"step": 1570, "loss": 0.015058876015245914, "examples": 1570, "session_seconds": 1199.5252592029938, "peak_vram_bytes": 1832007168}
{"step": 1580, "loss": 0.032164011150598526, "examples": 1580, "session_seconds": 1206.709642748996, "peak_vram_bytes": 1832007168}
{"step": 1590, "loss": 0.01453220471739769, "examples": 1590, "session_seconds": 1213.7928517449982, "peak_vram_bytes": 1832007168}
{"step": 1600, "loss": 0.014672607183456421, "examples": 1600, "session_seconds": 1221.905432171996, "peak_vram_bytes": 1832007168}
{"step": 1610, "loss": 0.013998004607856274, "examples": 1610, "session_seconds": 1230.312759110995, "peak_vram_bytes": 1832007168}
{"step": 1620, "loss": 19.935428619384766, "examples": 1620, "session_seconds": 1238.6353684849964, "peak_vram_bytes": 1832007168}
{"step": 1630, "loss": 0.01677311211824417, "examples": 1630, "session_seconds": 1246.940271044994, "peak_vram_bytes": 1832007168}
{"step": 1640, "loss": 0.01617945358157158, "examples": 1640, "session_seconds": 1255.201893559999, "peak_vram_bytes": 1832007168}
{"step": 1650, "loss": 0.01459070947021246, "examples": 1650, "session_seconds": 1263.349588303994, "peak_vram_bytes": 1832007168}
{"step": 1660, "loss": 0.015560537576675415, "examples": 1660, "session_seconds": 1271.5299174459942, "peak_vram_bytes": 1832007168}
{"step": 1670, "loss": 0.04229224845767021, "examples": 1670, "session_seconds": 1279.758449257999, "peak_vram_bytes": 1832007168}
{"step": 1680, "loss": 0.014818530529737473, "examples": 1680, "session_seconds": 1287.6060295360003, "peak_vram_bytes": 1832007168}
{"step": 1690, "loss": 0.014859117567539215, "examples": 1690, "session_seconds": 1295.9275589969984, "peak_vram_bytes": 1832007168}
{"step": 1700, "loss": 0.014469900168478489, "examples": 1700, "session_seconds": 1303.5470735169947, "peak_vram_bytes": 1832007168}
{"step": 1710, "loss": 7.7440876960754395, "examples": 1710, "session_seconds": 1311.829905419996, "peak_vram_bytes": 1832007168}
{"step": 1720, "loss": 18.960861206054688, "examples": 1720, "session_seconds": 1319.8345503339951, "peak_vram_bytes": 1832007168}
{"step": 1730, "loss": 0.014283804222941399, "examples": 1730, "session_seconds": 1327.7765983009958, "peak_vram_bytes": 1832007168}
{"step": 1740, "loss": 0.01438385434448719, "examples": 1740, "session_seconds": 1335.091616533995, "peak_vram_bytes": 1832007168}
{"step": 1750, "loss": 2.304558038711548, "examples": 1750, "session_seconds": 1342.8788436639952, "peak_vram_bytes": 1832007168}
{"step": 1760, "loss": 13.591801643371582, "examples": 1760, "session_seconds": 1350.186735655996, "peak_vram_bytes": 1832007168}
{"step": 1770, "loss": 0.01628420129418373, "examples": 1770, "session_seconds": 1357.3629164539961, "peak_vram_bytes": 1832007168}
{"step": 1780, "loss": 0.015043247491121292, "examples": 1780, "session_seconds": 1364.2778473159997, "peak_vram_bytes": 1832007168}
{"step": 1790, "loss": 0.01429325994104147, "examples": 1790, "session_seconds": 1371.3554973579958, "peak_vram_bytes": 1832007168}
{"step": 1800, "loss": 0.015052800998091698, "examples": 1800, "session_seconds": 1378.5936236559937, "peak_vram_bytes": 1832007168}
{"step": 1810, "loss": 19.452356338500977, "examples": 1810, "session_seconds": 1387.0449409819994, "peak_vram_bytes": 1832007168}
{"step": 1820, "loss": 0.1822676658630371, "examples": 1820, "session_seconds": 1395.161765742996, "peak_vram_bytes": 1832007168}
{"step": 1830, "loss": 0.014288943260908127, "examples": 1830, "session_seconds": 1402.7589685700004, "peak_vram_bytes": 1832007168}
{"step": 1840, "loss": 0.016319742426276207, "examples": 1840, "session_seconds": 1410.182691887996, "peak_vram_bytes": 1832007168}
{"step": 1850, "loss": 0.019361689686775208, "examples": 1850, "session_seconds": 1417.4201986659973, "peak_vram_bytes": 1832007168}
{"step": 1860, "loss": 0.01883210986852646, "examples": 1860, "session_seconds": 1424.822855694998, "peak_vram_bytes": 1832007168}
{"step": 1870, "loss": 0.014261599630117416, "examples": 1870, "session_seconds": 1432.0089703779959, "peak_vram_bytes": 1832007168}
{"step": 1880, "loss": 0.014733751304447651, "examples": 1880, "session_seconds": 1439.9153994959997, "peak_vram_bytes": 1832007168}
{"step": 1890, "loss": 0.014143255539238453, "examples": 1890, "session_seconds": 1447.152233378998, "peak_vram_bytes": 1832007168}
{"step": 1900, "loss": 22.543180465698242, "examples": 1900, "session_seconds": 1454.1846362750002, "peak_vram_bytes": 1832007168}
{"step": 1910, "loss": 20.508146286010742, "examples": 1910, "session_seconds": 1461.3552352749975, "peak_vram_bytes": 1832007168}
{"step": 1920, "loss": 0.016148539260029793, "examples": 1920, "session_seconds": 1468.5051617859936, "peak_vram_bytes": 1832007168}
{"step": 1930, "loss": 0.014226633124053478, "examples": 1930, "session_seconds": 1475.6462632729963, "peak_vram_bytes": 1832007168}
{"step": 1940, "loss": 0.01463288813829422, "examples": 1940, "session_seconds": 1482.9176551959972, "peak_vram_bytes": 1832007168}
{"step": 1950, "loss": 0.025237448513507843, "examples": 1950, "session_seconds": 1491.0044814569992, "peak_vram_bytes": 1832007168}
{"step": 1960, "loss": 0.014268833212554455, "examples": 1960, "session_seconds": 1498.654180820995, "peak_vram_bytes": 1832007168}
{"step": 1970, "loss": 0.01472194492816925, "examples": 1970, "session_seconds": 1505.762016748995, "peak_vram_bytes": 1832007168}
{"step": 1980, "loss": 0.016614839434623718, "examples": 1980, "session_seconds": 1513.473427293, "peak_vram_bytes": 1832007168}
{"step": 1990, "loss": 0.014523802325129509, "examples": 1990, "session_seconds": 1521.4134394069988, "peak_vram_bytes": 1832007168}
{"step": 2000, "loss": 0.01977476291358471, "examples": 2000, "session_seconds": 1528.9665648659939, "peak_vram_bytes": 1832007168}
{"step": 2010, "loss": 0.013982268050312996, "examples": 2010, "session_seconds": 1537.1884648159976, "peak_vram_bytes": 1832007168}
{"step": 2020, "loss": 0.014370335265994072, "examples": 2020, "session_seconds": 1544.7388070809975, "peak_vram_bytes": 1832007168}
{"step": 2030, "loss": 0.01537175290286541, "examples": 2030, "session_seconds": 1551.9284396359944, "peak_vram_bytes": 1832007168}
{"step": 2040, "loss": 0.014329550787806511, "examples": 2040, "session_seconds": 1559.200745629998, "peak_vram_bytes": 1832007168}
{"step": 2050, "loss": 0.015423727221786976, "examples": 2050, "session_seconds": 1566.5393721910004, "peak_vram_bytes": 1832007168}
{"step": 2060, "loss": 0.014185243286192417, "examples": 2060, "session_seconds": 1573.6248137879957, "peak_vram_bytes": 1832007168}
{"step": 2070, "loss": 0.014220645651221275, "examples": 2070, "session_seconds": 1581.2180839939974, "peak_vram_bytes": 1832007168}
{"step": 2080, "loss": 7.663994312286377, "examples": 2080, "session_seconds": 1589.0291625429963, "peak_vram_bytes": 1832007168}
{"step": 2090, "loss": 0.01478614006191492, "examples": 2090, "session_seconds": 1596.0258170140005, "peak_vram_bytes": 1832007168}
{"step": 2100, "loss": 0.015032676979899406, "examples": 2100, "session_seconds": 1603.017467673999, "peak_vram_bytes": 1832007168}
{"step": 2110, "loss": 0.01855146326124668, "examples": 2110, "session_seconds": 1610.4575424389986, "peak_vram_bytes": 1832007168}
{"step": 2120, "loss": 10.980823516845703, "examples": 2120, "session_seconds": 1618.0542853929946, "peak_vram_bytes": 1832007168}
{"step": 2130, "loss": 0.015134251676499844, "examples": 2130, "session_seconds": 1625.3342486879992, "peak_vram_bytes": 1832007168}
{"step": 2140, "loss": 0.013870458118617535, "examples": 2140, "session_seconds": 1632.3056157569954, "peak_vram_bytes": 1832007168}
{"step": 2150, "loss": 16.593053817749023, "examples": 2150, "session_seconds": 1639.309521215997, "peak_vram_bytes": 1832007168}
{"step": 2160, "loss": 0.013862228021025658, "examples": 2160, "session_seconds": 1647.3938350959943, "peak_vram_bytes": 1832007168}
{"step": 2170, "loss": 0.014011494815349579, "examples": 2170, "session_seconds": 1654.7117898939978, "peak_vram_bytes": 1832007168}
{"step": 2180, "loss": 0.013998514972627163, "examples": 2180, "session_seconds": 1662.2979944539984, "peak_vram_bytes": 1832007168}
{"step": 2190, "loss": 0.013614518567919731, "examples": 2190, "session_seconds": 1670.530518321997, "peak_vram_bytes": 1832007168}
{"step": 2200, "loss": 0.013657093979418278, "examples": 2200, "session_seconds": 1678.3132408249949, "peak_vram_bytes": 1832007168}
{"step": 2210, "loss": 0.01396873127669096, "examples": 2210, "session_seconds": 1686.5843701799968, "peak_vram_bytes": 1832007168}
{"step": 2220, "loss": 0.0139755355194211, "examples": 2220, "session_seconds": 1694.389978706, "peak_vram_bytes": 1832007168}
{"step": 2230, "loss": 0.013980727642774582, "examples": 2230, "session_seconds": 1701.4904982009975, "peak_vram_bytes": 1832007168}
{"step": 2240, "loss": 0.014323104172945023, "examples": 2240, "session_seconds": 1709.3713268499996, "peak_vram_bytes": 1832007168}
{"step": 2250, "loss": 0.013895019888877869, "examples": 2250, "session_seconds": 1716.7996124379933, "peak_vram_bytes": 1832007168}
{"step": 2260, "loss": 0.02789406105875969, "examples": 2260, "session_seconds": 1724.2010635349943, "peak_vram_bytes": 1832007168}
{"step": 2270, "loss": 0.013738254085183144, "examples": 2270, "session_seconds": 1732.3106479989947, "peak_vram_bytes": 1832007168}
{"step": 2280, "loss": 0.013808954507112503, "examples": 2280, "session_seconds": 1739.5301508449993, "peak_vram_bytes": 1832007168}
{"step": 2290, "loss": 0.01368354819715023, "examples": 2290, "session_seconds": 1746.597766605999, "peak_vram_bytes": 1832007168}
{"step": 2300, "loss": 19.6077938079834, "examples": 2300, "session_seconds": 1753.6736303819998, "peak_vram_bytes": 1832007168}
{"step": 2310, "loss": 0.014246431179344654, "examples": 2310, "session_seconds": 1761.4369966759987, "peak_vram_bytes": 1832007168}
{"step": 2320, "loss": 0.014223095960915089, "examples": 2320, "session_seconds": 1768.554133560996, "peak_vram_bytes": 1832007168}
{"step": 2330, "loss": 0.013865609653294086, "examples": 2330, "session_seconds": 1775.7485922279957, "peak_vram_bytes": 1832007168}
{"step": 2340, "loss": 0.013566264882683754, "examples": 2340, "session_seconds": 1782.7615413159947, "peak_vram_bytes": 1832007168}
{"step": 2350, "loss": 0.06174834445118904, "examples": 2350, "session_seconds": 1789.9811921709988, "peak_vram_bytes": 1832007168}
{"step": 2360, "loss": 16.736589431762695, "examples": 2360, "session_seconds": 1797.3214004319962, "peak_vram_bytes": 1832007168}
{"step": 2370, "loss": 0.01447250135242939, "examples": 2370, "session_seconds": 1804.7231739209965, "peak_vram_bytes": 1832007168}
{"step": 2380, "loss": 0.016478436067700386, "examples": 2380, "session_seconds": 1811.9436704010004, "peak_vram_bytes": 1832007168}
{"step": 2390, "loss": 2.4224538803100586, "examples": 2390, "session_seconds": 1819.0237563649935, "peak_vram_bytes": 1832007168}
{"step": 2400, "loss": 0.014495084062218666, "examples": 2400, "session_seconds": 1826.3200479279985, "peak_vram_bytes": 1832007168}
{"step": 2410, "loss": 0.014547079801559448, "examples": 2410, "session_seconds": 1833.6728592209984, "peak_vram_bytes": 1832007168}
{"step": 2420, "loss": 0.01394155528396368, "examples": 2420, "session_seconds": 1840.6801521339949, "peak_vram_bytes": 1832007168}
{"step": 2430, "loss": 0.013968337327241898, "examples": 2430, "session_seconds": 1847.8722479159987, "peak_vram_bytes": 1832007168}
{"step": 2440, "loss": 0.014143086969852448, "examples": 2440, "session_seconds": 1855.032343201994, "peak_vram_bytes": 1832007168}
{"step": 2450, "loss": 0.014941411092877388, "examples": 2450, "session_seconds": 1862.1850411479973, "peak_vram_bytes": 1832007168}
{"step": 2460, "loss": 0.01800600066781044, "examples": 2460, "session_seconds": 1869.426224402996, "peak_vram_bytes": 1832007168}
{"step": 2470, "loss": 0.014634562656283379, "examples": 2470, "session_seconds": 1876.9064829029958, "peak_vram_bytes": 1832007168}
{"step": 2480, "loss": 12.225915908813477, "examples": 2480, "session_seconds": 1884.5753344829936, "peak_vram_bytes": 1832007168}
{"step": 2490, "loss": 17.26729965209961, "examples": 2490, "session_seconds": 1891.6216944939952, "peak_vram_bytes": 1832007168}
{"step": 2500, "loss": 0.054952893406152725, "examples": 2500, "session_seconds": 1899.0052744279965, "peak_vram_bytes": 1832007168}
{"step": 2510, "loss": 0.013986111618578434, "examples": 2510, "session_seconds": 1906.5012295149936, "peak_vram_bytes": 1832007168}
{"step": 2520, "loss": 0.015882758423686028, "examples": 2520, "session_seconds": 1913.5740627470004, "peak_vram_bytes": 1832007168}
{"step": 2530, "loss": 0.013722077943384647, "examples": 2530, "session_seconds": 1920.5582941879984, "peak_vram_bytes": 1832007168}
{"step": 2540, "loss": 0.013689263723790646, "examples": 2540, "session_seconds": 1927.9019996429997, "peak_vram_bytes": 1832007168}
{"step": 2550, "loss": 8.261404991149902, "examples": 2550, "session_seconds": 1935.2076863839975, "peak_vram_bytes": 1832007168}
{"step": 2560, "loss": 21.30621910095215, "examples": 2560, "session_seconds": 1942.4739392079937, "peak_vram_bytes": 1832007168}
{"step": 2570, "loss": 0.015515933744609356, "examples": 2570, "session_seconds": 1950.5721973619948, "peak_vram_bytes": 1832007168}
{"step": 2580, "loss": 0.015280328691005707, "examples": 2580, "session_seconds": 1957.7571207219953, "peak_vram_bytes": 1832007168}
{"step": 2590, "loss": 7.780601501464844, "examples": 2590, "session_seconds": 1964.7416710099933, "peak_vram_bytes": 1832007168}
{"step": 2600, "loss": 0.013616124168038368, "examples": 2600, "session_seconds": 1971.8322966409978, "peak_vram_bytes": 1832007168}
{"step": 2610, "loss": 0.013670267537236214, "examples": 2610, "session_seconds": 1979.5265162379947, "peak_vram_bytes": 1832007168}
{"step": 2620, "loss": 0.013983729295432568, "examples": 2620, "session_seconds": 1987.2194094539955, "peak_vram_bytes": 1832007168}
{"step": 2630, "loss": 0.014163270592689514, "examples": 2630, "session_seconds": 1995.0450874149974, "peak_vram_bytes": 1832007168}
{"step": 2640, "loss": 0.013610655441880226, "examples": 2640, "session_seconds": 2002.5536396639945, "peak_vram_bytes": 1832007168}
{"step": 2650, "loss": 18.366455078125, "examples": 2650, "session_seconds": 2010.4630458289976, "peak_vram_bytes": 1832007168}
{"step": 2660, "loss": 0.013944759964942932, "examples": 2660, "session_seconds": 2018.100261101994, "peak_vram_bytes": 1832007168}
{"step": 2670, "loss": 0.20946842432022095, "examples": 2670, "session_seconds": 2026.108924796994, "peak_vram_bytes": 1832007168}
{"step": 2680, "loss": 0.0774371474981308, "examples": 2680, "session_seconds": 2033.3436367909962, "peak_vram_bytes": 1832007168}
{"step": 2690, "loss": 0.017311161383986473, "examples": 2690, "session_seconds": 2040.4167661449974, "peak_vram_bytes": 1832007168}
{"step": 2700, "loss": 0.017115959897637367, "examples": 2700, "session_seconds": 2047.5009919959994, "peak_vram_bytes": 1832007168}
{"step": 2710, "loss": 0.026669468730688095, "examples": 2710, "session_seconds": 2054.8529511550005, "peak_vram_bytes": 1832007168}
{"step": 2720, "loss": 0.2936047911643982, "examples": 2720, "session_seconds": 2061.922229634998, "peak_vram_bytes": 1832007168}
{"step": 2730, "loss": 0.014759005047380924, "examples": 2730, "session_seconds": 2068.966187273996, "peak_vram_bytes": 1832007168}
{"step": 2740, "loss": 0.01612980104982853, "examples": 2740, "session_seconds": 2076.133079469, "peak_vram_bytes": 1832007168}
{"step": 2750, "loss": 0.015003717504441738, "examples": 2750, "session_seconds": 2083.529819489995, "peak_vram_bytes": 1832007168}
{"step": 2760, "loss": 19.334808349609375, "examples": 2760, "session_seconds": 2090.5896867139963, "peak_vram_bytes": 1832007168}
{"step": 2770, "loss": 0.014408193528652191, "examples": 2770, "session_seconds": 2097.777145758999, "peak_vram_bytes": 1832007168}
{"step": 2780, "loss": 15.249940872192383, "examples": 2780, "session_seconds": 2105.0990118499976, "peak_vram_bytes": 1832007168}
{"step": 2790, "loss": 0.015757251530885696, "examples": 2790, "session_seconds": 2112.2412586639985, "peak_vram_bytes": 1832007168}
{"step": 2800, "loss": 0.015663154423236847, "examples": 2800, "session_seconds": 2119.3602575889963, "peak_vram_bytes": 1832007168}
{"step": 2810, "loss": 11.48884391784668, "examples": 2810, "session_seconds": 2126.8227690299973, "peak_vram_bytes": 1832007168}
{"step": 2820, "loss": 0.019092896953225136, "examples": 2820, "session_seconds": 2133.932005136994, "peak_vram_bytes": 1832007168}
{"step": 2830, "loss": 12.940852165222168, "examples": 2830, "session_seconds": 2141.132738139997, "peak_vram_bytes": 1832007168}
{"step": 2840, "loss": 0.014173166826367378, "examples": 2840, "session_seconds": 2148.355466740999, "peak_vram_bytes": 1832007168}
{"step": 2850, "loss": 0.013991233892738819, "examples": 2850, "session_seconds": 2155.46048573, "peak_vram_bytes": 1832007168}
{"step": 2860, "loss": 0.013944565318524837, "examples": 2860, "session_seconds": 2162.563899143999, "peak_vram_bytes": 1832007168}
{"step": 2870, "loss": 0.0139420535415411, "examples": 2870, "session_seconds": 2169.660282478995, "peak_vram_bytes": 1832007168}
{"step": 2880, "loss": 0.013989247381687164, "examples": 2880, "session_seconds": 2176.459831057, "peak_vram_bytes": 1832007168}
{"step": 2890, "loss": 0.01389760710299015, "examples": 2890, "session_seconds": 2183.5569722859946, "peak_vram_bytes": 1832007168}
{"step": 2900, "loss": 17.278667449951172, "examples": 2900, "session_seconds": 2190.712155262998, "peak_vram_bytes": 1832007168}
{"step": 2910, "loss": 0.015723826363682747, "examples": 2910, "session_seconds": 2198.092914969995, "peak_vram_bytes": 1832007168}
{"step": 2920, "loss": 0.06994369626045227, "examples": 2920, "session_seconds": 2205.2752855619983, "peak_vram_bytes": 1832007168}
{"step": 2930, "loss": 0.014491323381662369, "examples": 2930, "session_seconds": 2212.545080526994, "peak_vram_bytes": 1832007168}
{"step": 2940, "loss": 0.019024353474378586, "examples": 2940, "session_seconds": 2219.7901772459954, "peak_vram_bytes": 1832007168}
{"step": 2950, "loss": 1.5345659255981445, "examples": 2950, "session_seconds": 2227.6085220359964, "peak_vram_bytes": 1832007168}
{"step": 2960, "loss": 0.022049477323889732, "examples": 2960, "session_seconds": 2234.7855848420004, "peak_vram_bytes": 1832007168}
{"step": 2970, "loss": 0.01461864821612835, "examples": 2970, "session_seconds": 2242.0570921149993, "peak_vram_bytes": 1832007168}
{"step": 2980, "loss": 0.033615145832300186, "examples": 2980, "session_seconds": 2250.2027726809974, "peak_vram_bytes": 1832007168}
{"step": 2990, "loss": 5.326921463012695, "examples": 2990, "session_seconds": 2258.494091636996, "peak_vram_bytes": 1832007168}
{"step": 3000, "loss": 0.016270577907562256, "examples": 3000, "session_seconds": 2266.430963697996, "peak_vram_bytes": 1832007168}
{"step": 3010, "loss": 1.1755571365356445, "examples": 3010, "session_seconds": 2275.0665767579994, "peak_vram_bytes": 1832007168}
{"step": 3020, "loss": 0.013757400214672089, "examples": 3020, "session_seconds": 2282.815320927999, "peak_vram_bytes": 1832007168}
{"step": 3030, "loss": 0.013927686959505081, "examples": 3030, "session_seconds": 2290.708463019997, "peak_vram_bytes": 1832007168}
{"step": 3040, "loss": 0.11582605540752411, "examples": 3040, "session_seconds": 2297.772170297998, "peak_vram_bytes": 1832007168}
{"step": 3050, "loss": 0.013846635818481445, "examples": 3050, "session_seconds": 2305.4042725379986, "peak_vram_bytes": 1832007168}
{"step": 3060, "loss": 0.014065663330256939, "examples": 3060, "session_seconds": 2312.5582309210004, "peak_vram_bytes": 1832007168}
{"step": 3070, "loss": 0.377667099237442, "examples": 3070, "session_seconds": 2319.791933761997, "peak_vram_bytes": 1832007168}
{"step": 3080, "loss": 0.01737726666033268, "examples": 3080, "session_seconds": 2326.9354161739975, "peak_vram_bytes": 1832007168}
{"step": 3090, "loss": 2.440305233001709, "examples": 3090, "session_seconds": 2334.3874022579985, "peak_vram_bytes": 1832007168}
{"step": 3100, "loss": 18.156564712524414, "examples": 3100, "session_seconds": 2341.571959295994, "peak_vram_bytes": 1832007168}
{"step": 3110, "loss": 0.021049894392490387, "examples": 3110, "session_seconds": 2348.9897924029938, "peak_vram_bytes": 1832007168}
{"step": 3120, "loss": 0.013794328086078167, "examples": 3120, "session_seconds": 2356.1754884979964, "peak_vram_bytes": 1832007168}
{"step": 3130, "loss": 0.01393289677798748, "examples": 3130, "session_seconds": 2363.490739836998, "peak_vram_bytes": 1832007168}
{"step": 3140, "loss": 0.013853627257049084, "examples": 3140, "session_seconds": 2371.6043653509987, "peak_vram_bytes": 1832007168}
{"step": 3150, "loss": 0.016025938093662262, "examples": 3150, "session_seconds": 2378.970461125995, "peak_vram_bytes": 1832007168}
{"step": 3160, "loss": 0.014214885421097279, "examples": 3160, "session_seconds": 2386.068157691996, "peak_vram_bytes": 1832007168}
{"step": 3170, "loss": 0.013887844048440456, "examples": 3170, "session_seconds": 2393.316491065998, "peak_vram_bytes": 1832007168}
{"step": 3180, "loss": 0.014163809828460217, "examples": 3180, "session_seconds": 2400.4606888189955, "peak_vram_bytes": 1832007168}
{"step": 3190, "loss": 0.014681622385978699, "examples": 3190, "session_seconds": 2407.5550313179992, "peak_vram_bytes": 1832007168}
{"step": 3200, "loss": 15.846590042114258, "examples": 3200, "session_seconds": 2414.6111791059957, "peak_vram_bytes": 1832007168}
{"step": 3210, "loss": 0.013685603626072407, "examples": 3210, "session_seconds": 2421.9998089599976, "peak_vram_bytes": 1832007168}
{"step": 3220, "loss": 0.016822125762701035, "examples": 3220, "session_seconds": 2429.100193059996, "peak_vram_bytes": 1832007168}
{"step": 3230, "loss": 7.91440486907959, "examples": 3230, "session_seconds": 2436.335076379997, "peak_vram_bytes": 1832007168}
{"step": 3240, "loss": 0.013526641763746738, "examples": 3240, "session_seconds": 2443.3763843719935, "peak_vram_bytes": 1832007168}
{"step": 3250, "loss": 0.01372038945555687, "examples": 3250, "session_seconds": 2450.8821153429963, "peak_vram_bytes": 1832007168}
{"step": 3260, "loss": 0.038832180202007294, "examples": 3260, "session_seconds": 2459.0967708850003, "peak_vram_bytes": 1832007168}
{"step": 3270, "loss": 0.014213044196367264, "examples": 3270, "session_seconds": 2467.293464202994, "peak_vram_bytes": 1832007168}
{"step": 3280, "loss": 1.922490119934082, "examples": 3280, "session_seconds": 2475.076600427994, "peak_vram_bytes": 1832007168}
{"step": 3290, "loss": 5.189812660217285, "examples": 3290, "session_seconds": 2482.1669772869936, "peak_vram_bytes": 1832007168}
{"step": 3300, "loss": 0.014756628312170506, "examples": 3300, "session_seconds": 2489.3133975319943, "peak_vram_bytes": 1832007168}
{"step": 3310, "loss": 0.014118431136012077, "examples": 3310, "session_seconds": 2497.027544558994, "peak_vram_bytes": 1832007168}
{"step": 3320, "loss": 0.01392444595694542, "examples": 3320, "session_seconds": 2504.0695621159975, "peak_vram_bytes": 1832007168}
{"step": 3330, "loss": 0.013729183934628963, "examples": 3330, "session_seconds": 2511.7153631449983, "peak_vram_bytes": 1832007168}
{"step": 3340, "loss": 0.013839202001690865, "examples": 3340, "session_seconds": 2518.9886791839963, "peak_vram_bytes": 1832007168}
{"step": 3350, "loss": 0.014616806991398335, "examples": 3350, "session_seconds": 2526.0923926209944, "peak_vram_bytes": 1832007168}
{"step": 3360, "loss": 0.014260934665799141, "examples": 3360, "session_seconds": 2533.3117050919973, "peak_vram_bytes": 1832007168}
{"step": 3370, "loss": 0.013533351011574268, "examples": 3370, "session_seconds": 2541.269849444994, "peak_vram_bytes": 1832007168}
{"step": 3380, "loss": 0.016659341752529144, "examples": 3380, "session_seconds": 2549.274854710995, "peak_vram_bytes": 1832007168}
{"step": 3390, "loss": 0.014130459167063236, "examples": 3390, "session_seconds": 2557.4444455289995, "peak_vram_bytes": 1832007168}
{"step": 3400, "loss": 16.234268188476562, "examples": 3400, "session_seconds": 2564.9703432399983, "peak_vram_bytes": 1832007168}
{"step": 3410, "loss": 0.014248904772102833, "examples": 3410, "session_seconds": 2572.386863323998, "peak_vram_bytes": 1832007168}
{"step": 3420, "loss": 0.013946560211479664, "examples": 3420, "session_seconds": 2579.799468965997, "peak_vram_bytes": 1832007168}
{"step": 3430, "loss": 0.014516597613692284, "examples": 3430, "session_seconds": 2586.894414327995, "peak_vram_bytes": 1832007168}
{"step": 3440, "loss": 0.014445397071540356, "examples": 3440, "session_seconds": 2594.531284703, "peak_vram_bytes": 1832007168}
{"step": 3450, "loss": 0.0613185353577137, "examples": 3450, "session_seconds": 2602.179694718994, "peak_vram_bytes": 1832007168}
{"step": 3460, "loss": 0.01357338111847639, "examples": 3460, "session_seconds": 2609.458856184996, "peak_vram_bytes": 1832007168}
{"step": 3470, "loss": 0.01853163167834282, "examples": 3470, "session_seconds": 2617.1031286579964, "peak_vram_bytes": 1832007168}
{"step": 3480, "loss": 0.013615569099783897, "examples": 3480, "session_seconds": 2624.5045164169933, "peak_vram_bytes": 1832007168}
{"step": 3490, "loss": 0.016950272023677826, "examples": 3490, "session_seconds": 2632.0195991179935, "peak_vram_bytes": 1832007168}
{"step": 3500, "loss": 17.654420852661133, "examples": 3500, "session_seconds": 2639.543273534997, "peak_vram_bytes": 1832007168}
{"step": 3510, "loss": 0.016127940267324448, "examples": 3510, "session_seconds": 2648.069622609997, "peak_vram_bytes": 1832007168}
{"step": 3520, "loss": 0.6676217913627625, "examples": 3520, "session_seconds": 2656.533937865999, "peak_vram_bytes": 1832007168}
{"step": 3530, "loss": 2.39016056060791, "examples": 3530, "session_seconds": 2664.6935575929965, "peak_vram_bytes": 1832007168}
{"step": 3540, "loss": 0.062219347804784775, "examples": 3540, "session_seconds": 2672.4713199889957, "peak_vram_bytes": 1832007168}
{"step": 3550, "loss": 0.01363594550639391, "examples": 3550, "session_seconds": 2680.7081286749963, "peak_vram_bytes": 1832007168}
{"step": 3560, "loss": 0.014808704145252705, "examples": 3560, "session_seconds": 2688.5505092019957, "peak_vram_bytes": 1832007168}
{"step": 3570, "loss": 0.013547318056225777, "examples": 3570, "session_seconds": 2696.3585206909993, "peak_vram_bytes": 1832007168}
{"step": 3580, "loss": 0.014156312681734562, "examples": 3580, "session_seconds": 2704.636509072996, "peak_vram_bytes": 1832007168}
{"step": 3590, "loss": 0.013917475007474422, "examples": 3590, "session_seconds": 2712.839046256995, "peak_vram_bytes": 1832007168}
{"step": 3600, "loss": 0.015222813002765179, "examples": 3600, "session_seconds": 2721.013531134995, "peak_vram_bytes": 1832007168}
{"step": 3610, "loss": 0.013890210539102554, "examples": 3610, "session_seconds": 2729.556950371996, "peak_vram_bytes": 1832007168}
{"step": 3620, "loss": 0.013890880160033703, "examples": 3620, "session_seconds": 2738.039924536999, "peak_vram_bytes": 1832007168}
{"step": 3630, "loss": 0.013923490419983864, "examples": 3630, "session_seconds": 2746.250729594998, "peak_vram_bytes": 1832007168}
{"step": 3640, "loss": 0.10697121173143387, "examples": 3640, "session_seconds": 2754.3372445169953, "peak_vram_bytes": 1832007168}
{"step": 3650, "loss": 0.01398636307567358, "examples": 3650, "session_seconds": 2762.4417620729946, "peak_vram_bytes": 1832007168}
{"step": 3660, "loss": 0.014566920697689056, "examples": 3660, "session_seconds": 2770.3371350419984, "peak_vram_bytes": 1832007168}
{"step": 3670, "loss": 0.015350176952779293, "examples": 3670, "session_seconds": 2778.080435885, "peak_vram_bytes": 1832007168}
{"step": 3680, "loss": 0.0502251535654068, "examples": 3680, "session_seconds": 2785.1895098519963, "peak_vram_bytes": 1832007168}
{"step": 3690, "loss": 0.01578846573829651, "examples": 3690, "session_seconds": 2792.3897155259983, "peak_vram_bytes": 1832007168}
{"step": 3700, "loss": 11.215325355529785, "examples": 3700, "session_seconds": 2799.624211022994, "peak_vram_bytes": 1832007168}
{"step": 3710, "loss": 0.08324107527732849, "examples": 3710, "session_seconds": 2807.2366049529955, "peak_vram_bytes": 1832007168}
{"step": 3720, "loss": 0.014080478809773922, "examples": 3720, "session_seconds": 2814.4189753019964, "peak_vram_bytes": 1832007168}
{"step": 3730, "loss": 0.013946576975286007, "examples": 3730, "session_seconds": 2821.5753766479975, "peak_vram_bytes": 1832007168}
{"step": 3740, "loss": 5.07234525680542, "examples": 3740, "session_seconds": 2828.824513044994, "peak_vram_bytes": 1832007168}
{"step": 3750, "loss": 0.013788709416985512, "examples": 3750, "session_seconds": 2836.012732698, "peak_vram_bytes": 1832007168}
{"step": 3760, "loss": 0.013876517303287983, "examples": 3760, "session_seconds": 2843.079928745996, "peak_vram_bytes": 1832007168}
{"step": 3770, "loss": 0.014773400500416756, "examples": 3770, "session_seconds": 2850.1837563599984, "peak_vram_bytes": 1832007168}
{"step": 3780, "loss": 0.013676251284778118, "examples": 3780, "session_seconds": 2857.2607772269985, "peak_vram_bytes": 1832007168}
{"step": 3790, "loss": 0.013541226275265217, "examples": 3790, "session_seconds": 2864.897216654994, "peak_vram_bytes": 1832007168}
{"step": 3800, "loss": 0.013465679250657558, "examples": 3800, "session_seconds": 2872.7276255789984, "peak_vram_bytes": 1832007168}
{"step": 3810, "loss": 0.014770890586078167, "examples": 3810, "session_seconds": 2881.3837031649964, "peak_vram_bytes": 1832007168}
{"step": 3820, "loss": 0.015650084242224693, "examples": 3820, "session_seconds": 2889.0768227819935, "peak_vram_bytes": 1832007168}
{"step": 3830, "loss": 0.013917327858507633, "examples": 3830, "session_seconds": 2897.4320203129973, "peak_vram_bytes": 1832007168}
{"step": 3840, "loss": 0.013712646439671516, "examples": 3840, "session_seconds": 2905.6152833419983, "peak_vram_bytes": 1832007168}
{"step": 3850, "loss": 6.397348403930664, "examples": 3850, "session_seconds": 2913.431593276, "peak_vram_bytes": 1832007168}
{"step": 3860, "loss": 2.6229965686798096, "examples": 3860, "session_seconds": 2920.7788314899954, "peak_vram_bytes": 1832007168}
{"step": 3870, "loss": 0.01901712827384472, "examples": 3870, "session_seconds": 2928.263646817999, "peak_vram_bytes": 1832007168}
{"step": 3880, "loss": 6.4190568923950195, "examples": 3880, "session_seconds": 2935.9798736019948, "peak_vram_bytes": 1832007168}
{"step": 3890, "loss": 0.014262327924370766, "examples": 3890, "session_seconds": 2944.162366353994, "peak_vram_bytes": 1832007168}
{"step": 3900, "loss": 0.017920104786753654, "examples": 3900, "session_seconds": 2952.227001375999, "peak_vram_bytes": 1832007168}
{"step": 3910, "loss": 0.016886617988348007, "examples": 3910, "session_seconds": 2960.576259993999, "peak_vram_bytes": 1832007168}
{"step": 3920, "loss": 0.05354604125022888, "examples": 3920, "session_seconds": 2968.983386091997, "peak_vram_bytes": 1832007168}
{"step": 3930, "loss": 0.014439505524933338, "examples": 3930, "session_seconds": 2977.1280870139963, "peak_vram_bytes": 1832007168}
{"step": 3940, "loss": 0.01589890383183956, "examples": 3940, "session_seconds": 2984.7806845239975, "peak_vram_bytes": 1832007168}
{"step": 3950, "loss": 4.772136211395264, "examples": 3950, "session_seconds": 2992.493972065997, "peak_vram_bytes": 1832007168}
{"step": 3960, "loss": 19.4132080078125, "examples": 3960, "session_seconds": 2999.564698975999, "peak_vram_bytes": 1832007168}
{"step": 3970, "loss": 16.932340621948242, "examples": 3970, "session_seconds": 3006.9816115489957, "peak_vram_bytes": 1832007168}
{"step": 3980, "loss": 0.015311645343899727, "examples": 3980, "session_seconds": 3014.226077173, "peak_vram_bytes": 1832007168}
{"step": 3990, "loss": 6.8948822021484375, "examples": 3990, "session_seconds": 3022.498621984996, "peak_vram_bytes": 1832007168}
{"step": 4000, "loss": 0.014278417453169823, "examples": 4000, "session_seconds": 3030.1016998009945, "peak_vram_bytes": 1832007168}
wandb: 
wandb: Run history:
wandb:        examples ▁▁▁▁▁▂▂▂▂▂▂▂▃▃▃▃▃▃▄▄▅▅▅▅▆▆▆▆▆▇▇▇▇▇▇▇████
wandb:            loss ▁▄▁▁▁▃▁▁▂▁▁▁▁▁▂▁▆▂█▁▁▁▁▁▁▁▁▁▁▁▁▁▁▆▇▇▁▅▁▃
wandb: peak_vram_bytes ▁███████████████████████████████████████
wandb: session_seconds ▁▁▁▁▁▂▂▂▂▂▂▃▃▃▃▃▃▄▄▄▄▅▅▅▅▅▅▅▅▆▆▆▆▆▇▇▇███
wandb:            step ▁▂▂▂▂▂▂▃▃▃▃▃▃▃▄▄▄▄▄▄▅▅▅▅▅▆▆▆▆▆▆▆▆▇▇▇▇▇██
wandb: 
wandb: Run summary:
wandb:        examples 4000
wandb:            loss 0.01428
wandb: peak_vram_bytes 1832007168
wandb: session_seconds 3030.1017
wandb:            step 4000
wandb: 
wandb: You can sync this run to the cloud by running:
wandb: wandb sync artifacts/longer-v1/0.8b/main/seed-22/continued_sft/tracking/wandb/offline-run-20261004_230535-meew8648
wandb: Find logs at: artifacts/longer-v1/0.8b/main/seed-22/continued_sft/tracking/wandb/offline-run-20261004_230535-meew8648/logs
{"artifact": "artifacts/longer-v1/0.8b/main/seed-22/continued_sft/artifact", "elapsed_seconds": 3030.458962195}
