
{"utc": "2026-10-05T15:27:16.945349+00:00", "command": ["-m", "myjev.train", "--config", "results/longer-v1/4b/main/seed-33/continued_sft/config.json", "--data", "data/banking77/train.jsonl", "--output", "artifacts/longer-v1/4b/main/seed-33/continued_sft", "--method", "continued_sft", "--seed", "33", "--initial", "artifacts/longer-v1/4b/main/seed-33/sft/artifact"]}
Loading weights:   0%|          | 0/426 [00:00<?, ?it/s]Loading weights:  86%|████████▌ | 365/426 [00:00<00:00, 3649.19it/s]Loading weights: 100%|██████████| 426/426 [00:00<00:00, 3769.89it/s]
wandb: Tracking run with wandb version 0.30.0
wandb: W&B syncing is set to `offline` in this directory. Run `wandb online` or set WANDB_MODE=online to enable cloud syncing.
wandb: Run data is saved locally in artifacts/longer-v1/4b/main/seed-33/continued_sft/tracking/wandb/offline-run-20261005_082729-g4tegirb
wandb: View this run in the terminal with `wandb leet`
[transformers] `causal_conv1d_fn` is falling back to its reference PyTorch implementation because `causal_conv1d` is not installed. This is correct but much slower; install `causal_conv1d` for the optimized kernel.
[transformers] `chunk_gated_delta_rule` is falling back to its reference PyTorch implementation because `flash-linear-attention` is not installed. This is correct but much slower; install `flash-linear-attention` for the optimized kernel.
{"step": 10, "loss": 0.014930136501789093, "examples": 10, "session_seconds": 11.338402624998707, "peak_vram_bytes": 9134092800}
{"step": 20, "loss": 13.134849548339844, "examples": 20, "session_seconds": 22.23654711099516, "peak_vram_bytes": 9172368384}
{"step": 30, "loss": 0.014775783754885197, "examples": 30, "session_seconds": 32.482741750005516, "peak_vram_bytes": 9172368384}
{"step": 40, "loss": 0.014786233194172382, "examples": 40, "session_seconds": 43.02231315099925, "peak_vram_bytes": 9172368384}
{"step": 50, "loss": 0.014691062271595001, "examples": 50, "session_seconds": 53.92818853199424, "peak_vram_bytes": 9172368384}
{"step": 60, "loss": 0.01469922624528408, "examples": 60, "session_seconds": 64.23487150599249, "peak_vram_bytes": 9172368384}
{"step": 70, "loss": 0.025755779817700386, "examples": 70, "session_seconds": 75.05406814800517, "peak_vram_bytes": 9172368384}
{"step": 80, "loss": 16.451688766479492, "examples": 80, "session_seconds": 86.1457923620037, "peak_vram_bytes": 9172368384}
{"step": 90, "loss": 0.014561659656465054, "examples": 90, "session_seconds": 96.47312114099623, "peak_vram_bytes": 9172368384}
{"step": 100, "loss": 0.014520661905407906, "examples": 100, "session_seconds": 107.07184724400577, "peak_vram_bytes": 9172368384}
{"step": 110, "loss": 0.014519973658025265, "examples": 110, "session_seconds": 118.71372842199344, "peak_vram_bytes": 9172368384}
{"step": 120, "loss": 0.014540053904056549, "examples": 120, "session_seconds": 129.21110829799727, "peak_vram_bytes": 9172368384}
{"step": 130, "loss": 0.014503153041005135, "examples": 130, "session_seconds": 139.747046450997, "peak_vram_bytes": 9172368384}
{"step": 140, "loss": 0.014524041675031185, "examples": 140, "session_seconds": 149.44556416699197, "peak_vram_bytes": 9172368384}
{"step": 150, "loss": 0.01453282218426466, "examples": 150, "session_seconds": 159.32321328000398, "peak_vram_bytes": 9174230016}
{"step": 160, "loss": 0.014675796963274479, "examples": 160, "session_seconds": 169.04828285500116, "peak_vram_bytes": 9174230016}
{"step": 170, "loss": 0.7045406699180603, "examples": 170, "session_seconds": 180.1603925459931, "peak_vram_bytes": 9174230016}
{"step": 180, "loss": 0.014879939146339893, "examples": 180, "session_seconds": 190.27839309700357, "peak_vram_bytes": 9174230016}
{"step": 190, "loss": 0.014570355415344238, "examples": 190, "session_seconds": 200.0794298289984, "peak_vram_bytes": 9174230016}
{"step": 200, "loss": 0.020350482314825058, "examples": 200, "session_seconds": 211.12078798199946, "peak_vram_bytes": 9174230016}
Warning: You are sending unauthenticated requests to the HF Hub. Please set a HF_TOKEN to enable higher rate limits and faster downloads.
{"step": 210, "loss": 0.015560897998511791, "examples": 210, "session_seconds": 221.35881862899987, "peak_vram_bytes": 9174230016}
{"step": 220, "loss": 0.015427181497216225, "examples": 220, "session_seconds": 231.1125602069951, "peak_vram_bytes": 9174230016}
{"step": 230, "loss": 15.23954963684082, "examples": 230, "session_seconds": 241.15421975200297, "peak_vram_bytes": 9174456320}
{"step": 240, "loss": 0.02438797801733017, "examples": 240, "session_seconds": 250.90131417299563, "peak_vram_bytes": 9174456320}
{"step": 250, "loss": 0.01786108687520027, "examples": 250, "session_seconds": 260.6341103260056, "peak_vram_bytes": 9174456320}
{"step": 260, "loss": 0.015159375965595245, "examples": 260, "session_seconds": 270.8054313869943, "peak_vram_bytes": 9174456320}
{"step": 270, "loss": 0.01555358711630106, "examples": 270, "session_seconds": 280.539922476004, "peak_vram_bytes": 9175691776}
{"step": 280, "loss": 0.014895421452820301, "examples": 280, "session_seconds": 290.25366350599506, "peak_vram_bytes": 9175691776}
{"step": 290, "loss": 0.015184053219854832, "examples": 290, "session_seconds": 300.9238238620019, "peak_vram_bytes": 9175691776}
{"step": 300, "loss": 0.013936860486865044, "examples": 300, "session_seconds": 311.25843395499396, "peak_vram_bytes": 9175691776}
{"step": 310, "loss": 0.013652444817125797, "examples": 310, "session_seconds": 322.830705054992, "peak_vram_bytes": 9175691776}
{"step": 320, "loss": 0.013572813011705875, "examples": 320, "session_seconds": 333.7700960410002, "peak_vram_bytes": 9175691776}
{"step": 330, "loss": 0.013562260195612907, "examples": 330, "session_seconds": 345.4103760459984, "peak_vram_bytes": 9175691776}
{"step": 340, "loss": 0.013625727966427803, "examples": 340, "session_seconds": 355.9776409519982, "peak_vram_bytes": 9175691776}
{"step": 350, "loss": 0.013797478750348091, "examples": 350, "session_seconds": 366.8464284399961, "peak_vram_bytes": 9175691776}
{"step": 360, "loss": 0.013862241059541702, "examples": 360, "session_seconds": 377.8990540829982, "peak_vram_bytes": 9175691776}
{"step": 370, "loss": 0.013861837796866894, "examples": 370, "session_seconds": 388.4867058170057, "peak_vram_bytes": 9175691776}
{"step": 380, "loss": 0.01381511241197586, "examples": 380, "session_seconds": 398.72181525299675, "peak_vram_bytes": 9175691776}
{"step": 390, "loss": 0.02007984183728695, "examples": 390, "session_seconds": 408.72667925199494, "peak_vram_bytes": 9175691776}
{"step": 400, "loss": 0.01785917580127716, "examples": 400, "session_seconds": 418.49477342500177, "peak_vram_bytes": 9175691776}
{"step": 410, "loss": 0.019216341897845268, "examples": 410, "session_seconds": 429.32271554900217, "peak_vram_bytes": 9175691776}
{"step": 420, "loss": 0.013984553515911102, "examples": 420, "session_seconds": 439.76145224699576, "peak_vram_bytes": 9175691776}
{"step": 430, "loss": 0.014124930836260319, "examples": 430, "session_seconds": 450.538818008994, "peak_vram_bytes": 9175691776}
{"step": 440, "loss": 0.02286505699157715, "examples": 440, "session_seconds": 460.82342396599415, "peak_vram_bytes": 9175691776}
{"step": 450, "loss": 0.013809757307171822, "examples": 450, "session_seconds": 470.8949353049975, "peak_vram_bytes": 9175691776}
{"step": 460, "loss": 0.014519816264510155, "examples": 460, "session_seconds": 482.0292022700014, "peak_vram_bytes": 9175691776}
{"step": 470, "loss": 0.017742959782481194, "examples": 470, "session_seconds": 492.5168371769978, "peak_vram_bytes": 9175691776}
{"step": 480, "loss": 0.013576604425907135, "examples": 480, "session_seconds": 502.83103567600483, "peak_vram_bytes": 9175691776}
{"step": 490, "loss": 0.013570995070040226, "examples": 490, "session_seconds": 514.1022600720025, "peak_vram_bytes": 9175691776}
{"step": 500, "loss": 0.01355984341353178, "examples": 500, "session_seconds": 524.6187376580056, "peak_vram_bytes": 9175691776}
{"step": 510, "loss": 0.013547522947192192, "examples": 510, "session_seconds": 535.6922082090023, "peak_vram_bytes": 9175691776}
{"step": 520, "loss": 0.013570791110396385, "examples": 520, "session_seconds": 546.7243104889931, "peak_vram_bytes": 9175691776}
{"step": 530, "loss": 0.01354842260479927, "examples": 530, "session_seconds": 557.1843010260054, "peak_vram_bytes": 9175691776}
{"step": 540, "loss": 0.013555103912949562, "examples": 540, "session_seconds": 567.6373718309915, "peak_vram_bytes": 9175691776}
{"step": 550, "loss": 17.693220138549805, "examples": 550, "session_seconds": 578.177013884997, "peak_vram_bytes": 9175691776}
{"step": 560, "loss": 0.014832205139100552, "examples": 560, "session_seconds": 589.1611168870004, "peak_vram_bytes": 9175691776}
{"step": 570, "loss": 0.01401566807180643, "examples": 570, "session_seconds": 599.7193735689943, "peak_vram_bytes": 9175691776}
{"step": 580, "loss": 0.01541126612573862, "examples": 580, "session_seconds": 610.0814165039919, "peak_vram_bytes": 9175691776}
{"step": 590, "loss": 0.014123022556304932, "examples": 590, "session_seconds": 620.8763414109999, "peak_vram_bytes": 9175691776}
{"step": 600, "loss": 0.0171664971858263, "examples": 600, "session_seconds": 631.103776813994, "peak_vram_bytes": 9175691776}
{"step": 610, "loss": 0.013672035187482834, "examples": 610, "session_seconds": 641.972931797005, "peak_vram_bytes": 9175691776}
{"step": 620, "loss": 0.01343034952878952, "examples": 620, "session_seconds": 652.9104124699952, "peak_vram_bytes": 9175691776}
{"step": 630, "loss": 0.014725935645401478, "examples": 630, "session_seconds": 663.4473254890036, "peak_vram_bytes": 9175691776}
{"step": 640, "loss": 0.013457212597131729, "examples": 640, "session_seconds": 674.0518843309983, "peak_vram_bytes": 9175691776}
{"step": 650, "loss": 0.013463211245834827, "examples": 650, "session_seconds": 684.5527728159941, "peak_vram_bytes": 9175691776}
{"step": 660, "loss": 0.013609664514660835, "examples": 660, "session_seconds": 694.9166446610034, "peak_vram_bytes": 9175691776}
{"step": 670, "loss": 0.013420368544757366, "examples": 670, "session_seconds": 704.6057382729923, "peak_vram_bytes": 9175691776}
{"step": 680, "loss": 14.326675415039062, "examples": 680, "session_seconds": 714.5026410959981, "peak_vram_bytes": 9175691776}
{"step": 690, "loss": 0.013430921360850334, "examples": 690, "session_seconds": 725.0989476169925, "peak_vram_bytes": 9175691776}
{"step": 700, "loss": 1.7836806774139404, "examples": 700, "session_seconds": 735.8024690239981, "peak_vram_bytes": 9175691776}
{"step": 710, "loss": 0.01410363707691431, "examples": 710, "session_seconds": 746.1811973430013, "peak_vram_bytes": 9175691776}
{"step": 720, "loss": 0.018161341547966003, "examples": 720, "session_seconds": 757.2322057040001, "peak_vram_bytes": 9175691776}
{"step": 730, "loss": 0.013971058651804924, "examples": 730, "session_seconds": 768.0922303449915, "peak_vram_bytes": 9175691776}
{"step": 740, "loss": 0.016599591821432114, "examples": 740, "session_seconds": 778.1614154559938, "peak_vram_bytes": 9175691776}
{"step": 750, "loss": 13.39317512512207, "examples": 750, "session_seconds": 788.2109551419999, "peak_vram_bytes": 9175691776}
{"step": 760, "loss": 0.013361293822526932, "examples": 760, "session_seconds": 798.7010065170034, "peak_vram_bytes": 9175691776}
{"step": 770, "loss": 0.01687215268611908, "examples": 770, "session_seconds": 808.875805025993, "peak_vram_bytes": 9175691776}
{"step": 780, "loss": 18.96579360961914, "examples": 780, "session_seconds": 819.9758331420016, "peak_vram_bytes": 9175691776}
{"step": 790, "loss": 0.01649562083184719, "examples": 790, "session_seconds": 829.658683814996, "peak_vram_bytes": 9175691776}
{"step": 800, "loss": 0.039927951991558075, "examples": 800, "session_seconds": 839.4593757900002, "peak_vram_bytes": 9175691776}
{"step": 810, "loss": 0.015016443096101284, "examples": 810, "session_seconds": 850.5405033349962, "peak_vram_bytes": 9175691776}
{"step": 820, "loss": 0.015602417290210724, "examples": 820, "session_seconds": 860.8566245429975, "peak_vram_bytes": 9175691776}
{"step": 830, "loss": 15.02171802520752, "examples": 830, "session_seconds": 871.1616861789953, "peak_vram_bytes": 9175691776}
{"step": 840, "loss": 0.01409953460097313, "examples": 840, "session_seconds": 881.8328976369958, "peak_vram_bytes": 9175691776}
{"step": 850, "loss": 0.013938844203948975, "examples": 850, "session_seconds": 892.0148014860024, "peak_vram_bytes": 9175691776}
{"step": 860, "loss": 0.013899607583880424, "examples": 860, "session_seconds": 902.7106288439973, "peak_vram_bytes": 9175691776}
{"step": 870, "loss": 0.015570394694805145, "examples": 870, "session_seconds": 913.393583897996, "peak_vram_bytes": 9175691776}
{"step": 880, "loss": 0.016785725951194763, "examples": 880, "session_seconds": 924.2183955829969, "peak_vram_bytes": 9175691776}
{"step": 890, "loss": 0.013755341060459614, "examples": 890, "session_seconds": 933.9177195609955, "peak_vram_bytes": 9175691776}
{"step": 900, "loss": 25.493005752563477, "examples": 900, "session_seconds": 944.1064910569985, "peak_vram_bytes": 9175691776}
{"step": 910, "loss": 1.3291231393814087, "examples": 910, "session_seconds": 956.1074007010029, "peak_vram_bytes": 9175691776}
{"step": 920, "loss": 0.013607191853225231, "examples": 920, "session_seconds": 967.0211403290014, "peak_vram_bytes": 9175691776}
{"step": 930, "loss": 0.01468665525317192, "examples": 930, "session_seconds": 978.012437775993, "peak_vram_bytes": 9175691776}
{"step": 940, "loss": 0.016704175621271133, "examples": 940, "session_seconds": 988.1436139860016, "peak_vram_bytes": 9175691776}
{"step": 950, "loss": 9.956026077270508, "examples": 950, "session_seconds": 998.869597234996, "peak_vram_bytes": 9175691776}
{"step": 960, "loss": 0.013373419642448425, "examples": 960, "session_seconds": 1009.5764618190005, "peak_vram_bytes": 9175691776}
{"step": 970, "loss": 0.013516247272491455, "examples": 970, "session_seconds": 1020.0266958080028, "peak_vram_bytes": 9175691776}
{"step": 980, "loss": 0.013731667771935463, "examples": 980, "session_seconds": 1030.777985972003, "peak_vram_bytes": 9175691776}
{"step": 990, "loss": 13.000056266784668, "examples": 990, "session_seconds": 1040.4655898490018, "peak_vram_bytes": 9175691776}
{"step": 1000, "loss": 0.013632518239319324, "examples": 1000, "session_seconds": 1050.1244953449932, "peak_vram_bytes": 9175691776}
{"step": 1010, "loss": 0.013737034983932972, "examples": 1010, "session_seconds": 1060.5217001139972, "peak_vram_bytes": 9175691776}
{"step": 1020, "loss": 0.014814762398600578, "examples": 1020, "session_seconds": 1070.289076068002, "peak_vram_bytes": 9175691776}
{"step": 1030, "loss": 0.041695233434438705, "examples": 1030, "session_seconds": 1079.9458719139948, "peak_vram_bytes": 9175691776}
{"step": 1040, "loss": 0.013692153617739677, "examples": 1040, "session_seconds": 1089.913880328997, "peak_vram_bytes": 9175691776}
{"step": 1050, "loss": 0.013386516831815243, "examples": 1050, "session_seconds": 1100.5975180410023, "peak_vram_bytes": 9175691776}
{"step": 1060, "loss": 0.013341657817363739, "examples": 1060, "session_seconds": 1111.4464363519946, "peak_vram_bytes": 9175691776}
{"step": 1070, "loss": 0.013720971532166004, "examples": 1070, "session_seconds": 1122.230040866998, "peak_vram_bytes": 9175691776}
{"step": 1080, "loss": 0.013337493874132633, "examples": 1080, "session_seconds": 1133.8134740999958, "peak_vram_bytes": 9175691776}
{"step": 1090, "loss": 7.505482196807861, "examples": 1090, "session_seconds": 1143.8796814160014, "peak_vram_bytes": 9175691776}
{"step": 1100, "loss": 0.17481660842895508, "examples": 1100, "session_seconds": 1153.6346210100019, "peak_vram_bytes": 9175691776}
{"step": 1110, "loss": 0.019691968336701393, "examples": 1110, "session_seconds": 1164.0708530440024, "peak_vram_bytes": 9175691776}
{"step": 1120, "loss": 7.1081438064575195, "examples": 1120, "session_seconds": 1173.694662037, "peak_vram_bytes": 9175691776}
{"step": 1130, "loss": 0.013383385725319386, "examples": 1130, "session_seconds": 1183.3861049319967, "peak_vram_bytes": 9175691776}
{"step": 1140, "loss": 0.019639477133750916, "examples": 1140, "session_seconds": 1193.3013376960007, "peak_vram_bytes": 9175691776}
{"step": 1150, "loss": 0.01384521834552288, "examples": 1150, "session_seconds": 1202.9602870359959, "peak_vram_bytes": 9175691776}
{"step": 1160, "loss": 17.072479248046875, "examples": 1160, "session_seconds": 1213.0890820829954, "peak_vram_bytes": 9175691776}
{"step": 1170, "loss": 0.0141489552333951, "examples": 1170, "session_seconds": 1223.7477670740045, "peak_vram_bytes": 9175691776}
{"step": 1180, "loss": 0.013526011258363724, "examples": 1180, "session_seconds": 1233.818996122005, "peak_vram_bytes": 9175691776}
{"step": 1190, "loss": 6.034639358520508, "examples": 1190, "session_seconds": 1243.4821124479931, "peak_vram_bytes": 9175691776}
{"step": 1200, "loss": 0.013522184453904629, "examples": 1200, "session_seconds": 1253.2091708579974, "peak_vram_bytes": 9175691776}
{"step": 1210, "loss": 0.013578543439507484, "examples": 1210, "session_seconds": 1263.7741093740042, "peak_vram_bytes": 9175691776}
{"step": 1220, "loss": 0.05079333484172821, "examples": 1220, "session_seconds": 1273.4627183679986, "peak_vram_bytes": 9175691776}
{"step": 1230, "loss": 0.013347659260034561, "examples": 1230, "session_seconds": 1283.2092318170035, "peak_vram_bytes": 9175691776}
{"step": 1240, "loss": 0.01380506157875061, "examples": 1240, "session_seconds": 1293.2100533449993, "peak_vram_bytes": 9175691776}
{"step": 1250, "loss": 0.01356938574463129, "examples": 1250, "session_seconds": 1303.030055477997, "peak_vram_bytes": 9175691776}
{"step": 1260, "loss": 0.014335574582219124, "examples": 1260, "session_seconds": 1312.8457031970029, "peak_vram_bytes": 9175691776}
{"step": 1270, "loss": 0.014872939325869083, "examples": 1270, "session_seconds": 1322.954268097994, "peak_vram_bytes": 9175691776}
{"step": 1280, "loss": 0.04162926971912384, "examples": 1280, "session_seconds": 1332.9037740649946, "peak_vram_bytes": 9175691776}
{"step": 1290, "loss": 0.03446711227297783, "examples": 1290, "session_seconds": 1342.6510925059993, "peak_vram_bytes": 9175691776}
{"step": 1300, "loss": 7.171648979187012, "examples": 1300, "session_seconds": 1352.8104699200048, "peak_vram_bytes": 9175691776}
{"step": 1310, "loss": 0.013339871540665627, "examples": 1310, "session_seconds": 1363.171090472999, "peak_vram_bytes": 9175691776}
{"step": 1320, "loss": 0.6151455640792847, "examples": 1320, "session_seconds": 1373.1280963390018, "peak_vram_bytes": 9175691776}
{"step": 1330, "loss": 0.01345811691135168, "examples": 1330, "session_seconds": 1383.3194106409937, "peak_vram_bytes": 9175691776}
{"step": 1340, "loss": 0.013303089886903763, "examples": 1340, "session_seconds": 1394.0102264129964, "peak_vram_bytes": 9175691776}
{"step": 1350, "loss": 0.013290729373693466, "examples": 1350, "session_seconds": 1403.964337472993, "peak_vram_bytes": 9175691776}
{"step": 1360, "loss": 0.013352630659937859, "examples": 1360, "session_seconds": 1413.7234799349972, "peak_vram_bytes": 9175691776}
{"step": 1370, "loss": 0.033697709441185, "examples": 1370, "session_seconds": 1423.6968633999932, "peak_vram_bytes": 9175691776}
{"step": 1380, "loss": 0.013811547309160233, "examples": 1380, "session_seconds": 1433.4531035099935, "peak_vram_bytes": 9175691776}
{"step": 1390, "loss": 0.013368380255997181, "examples": 1390, "session_seconds": 1443.1882327109925, "peak_vram_bytes": 9175691776}
{"step": 1400, "loss": 0.01332760974764824, "examples": 1400, "session_seconds": 1453.2258201700024, "peak_vram_bytes": 9175691776}
{"step": 1410, "loss": 0.01328246109187603, "examples": 1410, "session_seconds": 1464.2989164430037, "peak_vram_bytes": 9175691776}
{"step": 1420, "loss": 0.013273227959871292, "examples": 1420, "session_seconds": 1475.0923296050023, "peak_vram_bytes": 9175691776}
{"step": 1430, "loss": 0.017247892916202545, "examples": 1430, "session_seconds": 1485.7960980060016, "peak_vram_bytes": 9175691776}
{"step": 1440, "loss": 19.952247619628906, "examples": 1440, "session_seconds": 1495.5243266729958, "peak_vram_bytes": 9175691776}
{"step": 1450, "loss": 0.013567611575126648, "examples": 1450, "session_seconds": 1505.4245595819957, "peak_vram_bytes": 9175691776}
{"step": 1460, "loss": 0.018265943974256516, "examples": 1460, "session_seconds": 1515.7347718889941, "peak_vram_bytes": 9175691776}
{"step": 1470, "loss": 0.014611886814236641, "examples": 1470, "session_seconds": 1526.5063432379975, "peak_vram_bytes": 9175691776}
{"step": 1480, "loss": 0.014302725903689861, "examples": 1480, "session_seconds": 1536.1441250070056, "peak_vram_bytes": 9175691776}
{"step": 1490, "loss": 0.015476379543542862, "examples": 1490, "session_seconds": 1547.0395105829957, "peak_vram_bytes": 9175691776}
{"step": 1500, "loss": 0.01704326644539833, "examples": 1500, "session_seconds": 1557.4547101460048, "peak_vram_bytes": 9175691776}
{"step": 1510, "loss": 0.018187524750828743, "examples": 1510, "session_seconds": 1567.7338103420043, "peak_vram_bytes": 9175691776}
{"step": 1520, "loss": 0.01387123204767704, "examples": 1520, "session_seconds": 1577.5998370330053, "peak_vram_bytes": 9175691776}
{"step": 1530, "loss": 0.01358562521636486, "examples": 1530, "session_seconds": 1587.585864378998, "peak_vram_bytes": 9177959936}
{"step": 1540, "loss": 0.022504009306430817, "examples": 1540, "session_seconds": 1597.411445589998, "peak_vram_bytes": 9177959936}
{"step": 1550, "loss": 0.013581538572907448, "examples": 1550, "session_seconds": 1607.146931010997, "peak_vram_bytes": 9177959936}
{"step": 1560, "loss": 0.013551498763263226, "examples": 1560, "session_seconds": 1617.680285066992, "peak_vram_bytes": 9177959936}
{"step": 1570, "loss": 0.016740957275032997, "examples": 1570, "session_seconds": 1627.3588329019985, "peak_vram_bytes": 9177959936}
{"step": 1580, "loss": 0.016346249729394913, "examples": 1580, "session_seconds": 1637.078479164993, "peak_vram_bytes": 9177959936}
{"step": 1590, "loss": 0.04114753380417824, "examples": 1590, "session_seconds": 1646.9821643220057, "peak_vram_bytes": 9177959936}
{"step": 1600, "loss": 0.013310270383954048, "examples": 1600, "session_seconds": 1657.8800180450053, "peak_vram_bytes": 9177959936}
{"step": 1610, "loss": 0.014554380439221859, "examples": 1610, "session_seconds": 1669.1818902749947, "peak_vram_bytes": 9177959936}
{"step": 1620, "loss": 0.013317054137587547, "examples": 1620, "session_seconds": 1678.9774928249972, "peak_vram_bytes": 9177959936}
{"step": 1630, "loss": 0.018116187304258347, "examples": 1630, "session_seconds": 1689.0507768779935, "peak_vram_bytes": 9177959936}
{"step": 1640, "loss": 0.014293110929429531, "examples": 1640, "session_seconds": 1698.862583752998, "peak_vram_bytes": 9177959936}
{"step": 1650, "loss": 0.014014456421136856, "examples": 1650, "session_seconds": 1708.5691980270058, "peak_vram_bytes": 9177959936}
{"step": 1660, "loss": 0.01427165325731039, "examples": 1660, "session_seconds": 1718.577298024, "peak_vram_bytes": 9177959936}
{"step": 1670, "loss": 17.24240493774414, "examples": 1670, "session_seconds": 1728.2968528409983, "peak_vram_bytes": 9177959936}
{"step": 1680, "loss": 0.014610080048441887, "examples": 1680, "session_seconds": 1738.0449367489928, "peak_vram_bytes": 9177959936}
{"step": 1690, "loss": 0.015200212597846985, "examples": 1690, "session_seconds": 1747.9526455099985, "peak_vram_bytes": 9177959936}
{"step": 1700, "loss": 0.014050845988094807, "examples": 1700, "session_seconds": 1757.6591510699946, "peak_vram_bytes": 9177959936}
{"step": 1710, "loss": 0.01461312361061573, "examples": 1710, "session_seconds": 1768.2615612590016, "peak_vram_bytes": 9177959936}
{"step": 1720, "loss": 0.014332467690110207, "examples": 1720, "session_seconds": 1778.8586540929973, "peak_vram_bytes": 9177959936}
{"step": 1730, "loss": 0.013846883550286293, "examples": 1730, "session_seconds": 1789.3551690369932, "peak_vram_bytes": 9177959936}
{"step": 1740, "loss": 0.014898079447448254, "examples": 1740, "session_seconds": 1799.0442975600017, "peak_vram_bytes": 9177959936}
{"step": 1750, "loss": 0.015563400462269783, "examples": 1750, "session_seconds": 1808.7917860939924, "peak_vram_bytes": 9177959936}
{"step": 1760, "loss": 0.9940244555473328, "examples": 1760, "session_seconds": 1819.7833307399997, "peak_vram_bytes": 9177959936}
{"step": 1770, "loss": 0.014155943877995014, "examples": 1770, "session_seconds": 1830.6485031379998, "peak_vram_bytes": 9179817472}
{"step": 1780, "loss": 0.014767570421099663, "examples": 1780, "session_seconds": 1841.1169815149915, "peak_vram_bytes": 9179817472}
{"step": 1790, "loss": 0.015063057653605938, "examples": 1790, "session_seconds": 1851.9178977859992, "peak_vram_bytes": 9179817472}
{"step": 1800, "loss": 0.0144637580960989, "examples": 1800, "session_seconds": 1862.478445354005, "peak_vram_bytes": 9179817472}
{"step": 1810, "loss": 0.014442780055105686, "examples": 1810, "session_seconds": 1873.405735206994, "peak_vram_bytes": 9179817472}
{"step": 1820, "loss": 0.014550271444022655, "examples": 1820, "session_seconds": 1884.4977943169943, "peak_vram_bytes": 9179817472}
{"step": 1830, "loss": 0.014839539304375648, "examples": 1830, "session_seconds": 1895.1805245330033, "peak_vram_bytes": 9179817472}
{"step": 1840, "loss": 0.3379792273044586, "examples": 1840, "session_seconds": 1905.9121786750038, "peak_vram_bytes": 9179817472}
{"step": 1850, "loss": 0.013571508228778839, "examples": 1850, "session_seconds": 1916.289287972002, "peak_vram_bytes": 9179817472}
{"step": 1860, "loss": 0.014115135185420513, "examples": 1860, "session_seconds": 1927.0673491999914, "peak_vram_bytes": 9179817472}
{"step": 1870, "loss": 0.04157533124089241, "examples": 1870, "session_seconds": 1938.0131715930038, "peak_vram_bytes": 9179817472}
{"step": 1880, "loss": 0.1030290424823761, "examples": 1880, "session_seconds": 1948.8975607979955, "peak_vram_bytes": 9179817472}
{"step": 1890, "loss": 0.01656050607562065, "examples": 1890, "session_seconds": 1960.413967083994, "peak_vram_bytes": 9179817472}
{"step": 1900, "loss": 0.017310481518507004, "examples": 1900, "session_seconds": 1971.2425361859932, "peak_vram_bytes": 9179817472}
{"step": 1910, "loss": 0.01438125316053629, "examples": 1910, "session_seconds": 1982.427401302004, "peak_vram_bytes": 9179817472}
{"step": 1920, "loss": 0.013798248954117298, "examples": 1920, "session_seconds": 1993.0542917029961, "peak_vram_bytes": 9179817472}
{"step": 1930, "loss": 3.9076457023620605, "examples": 1930, "session_seconds": 2003.5209563270037, "peak_vram_bytes": 9179817472}
{"step": 1940, "loss": 0.014181479811668396, "examples": 1940, "session_seconds": 2014.3459073519916, "peak_vram_bytes": 9179817472}
{"step": 1950, "loss": 0.014521585777401924, "examples": 1950, "session_seconds": 2025.0575237529993, "peak_vram_bytes": 9179817472}
{"step": 1960, "loss": 0.01933370903134346, "examples": 1960, "session_seconds": 2035.4914352710039, "peak_vram_bytes": 9179817472}
{"step": 1970, "loss": 0.013829043135046959, "examples": 1970, "session_seconds": 2045.9678272269957, "peak_vram_bytes": 9179817472}
{"step": 1980, "loss": 0.014169497415423393, "examples": 1980, "session_seconds": 2056.6787771819945, "peak_vram_bytes": 9179817472}
{"step": 1990, "loss": 0.013662812300026417, "examples": 1990, "session_seconds": 2067.5909166359925, "peak_vram_bytes": 9179817472}
{"step": 2000, "loss": 0.013565043918788433, "examples": 2000, "session_seconds": 2078.3208482430055, "peak_vram_bytes": 9179817472}
{"step": 2010, "loss": 10.629796028137207, "examples": 2010, "session_seconds": 2089.605800186997, "peak_vram_bytes": 9179817472}
{"step": 2020, "loss": 0.01422141119837761, "examples": 2020, "session_seconds": 2101.088722240005, "peak_vram_bytes": 9179817472}
{"step": 2030, "loss": 0.014030953869223595, "examples": 2030, "session_seconds": 2111.9225257729995, "peak_vram_bytes": 9179817472}
{"step": 2040, "loss": 0.01364925503730774, "examples": 2040, "session_seconds": 2122.598231234995, "peak_vram_bytes": 9179817472}
{"step": 2050, "loss": 0.013668656349182129, "examples": 2050, "session_seconds": 2133.3085189470003, "peak_vram_bytes": 9179817472}
{"step": 2060, "loss": 0.01781834289431572, "examples": 2060, "session_seconds": 2143.814112249005, "peak_vram_bytes": 9179817472}
{"step": 2070, "loss": 0.015435775741934776, "examples": 2070, "session_seconds": 2154.284825291994, "peak_vram_bytes": 9179817472}
{"step": 2080, "loss": 14.511682510375977, "examples": 2080, "session_seconds": 2165.055927966998, "peak_vram_bytes": 9185080320}
{"step": 2090, "loss": 0.014426416717469692, "examples": 2090, "session_seconds": 2175.465620931005, "peak_vram_bytes": 9185080320}
{"step": 2100, "loss": 0.0770648643374443, "examples": 2100, "session_seconds": 2186.5459094830003, "peak_vram_bytes": 9185080320}
{"step": 2110, "loss": 0.014401864260435104, "examples": 2110, "session_seconds": 2197.932583488, "peak_vram_bytes": 9185080320}
{"step": 2120, "loss": 2.690361261367798, "examples": 2120, "session_seconds": 2208.6114635519916, "peak_vram_bytes": 9185080320}
{"step": 2130, "loss": 0.013692396692931652, "examples": 2130, "session_seconds": 2219.086503425002, "peak_vram_bytes": 9185080320}
{"step": 2140, "loss": 0.013456090353429317, "examples": 2140, "session_seconds": 2229.543438555993, "peak_vram_bytes": 9185080320}
{"step": 2150, "loss": 0.10651567578315735, "examples": 2150, "session_seconds": 2240.362399281992, "peak_vram_bytes": 9185080320}
{"step": 2160, "loss": 0.2224128544330597, "examples": 2160, "session_seconds": 2250.807081670995, "peak_vram_bytes": 9185080320}
{"step": 2170, "loss": 0.013400129973888397, "examples": 2170, "session_seconds": 2261.3267483980017, "peak_vram_bytes": 9185080320}
{"step": 2180, "loss": 0.013381453230977058, "examples": 2180, "session_seconds": 2272.480954212995, "peak_vram_bytes": 9185080320}
{"step": 2190, "loss": 0.014870893210172653, "examples": 2190, "session_seconds": 2283.3122963350033, "peak_vram_bytes": 9185080320}
{"step": 2200, "loss": 0.022367829456925392, "examples": 2200, "session_seconds": 2293.508658728999, "peak_vram_bytes": 9185080320}
{"step": 2210, "loss": 11.698241233825684, "examples": 2210, "session_seconds": 2305.2024906570005, "peak_vram_bytes": 9185080320}
{"step": 2220, "loss": 0.016959073022007942, "examples": 2220, "session_seconds": 2316.0497741180006, "peak_vram_bytes": 9185080320}
{"step": 2230, "loss": 0.013366412371397018, "examples": 2230, "session_seconds": 2326.664735650993, "peak_vram_bytes": 9185080320}
{"step": 2240, "loss": 0.013375837355852127, "examples": 2240, "session_seconds": 2338.303988022002, "peak_vram_bytes": 9185080320}
{"step": 2250, "loss": 0.013497951440513134, "examples": 2250, "session_seconds": 2349.1617615680007, "peak_vram_bytes": 9185080320}
{"step": 2260, "loss": 15.3253173828125, "examples": 2260, "session_seconds": 2359.996603705993, "peak_vram_bytes": 9185080320}
{"step": 2270, "loss": 15.742415428161621, "examples": 2270, "session_seconds": 2370.653327209002, "peak_vram_bytes": 9185080320}
{"step": 2280, "loss": 16.242328643798828, "examples": 2280, "session_seconds": 2381.679311013999, "peak_vram_bytes": 9185080320}
{"step": 2290, "loss": 0.019760802388191223, "examples": 2290, "session_seconds": 2392.4631635330006, "peak_vram_bytes": 9185080320}
{"step": 2300, "loss": 0.07508859038352966, "examples": 2300, "session_seconds": 2403.3391044699965, "peak_vram_bytes": 9185080320}
{"step": 2310, "loss": 0.014101400040090084, "examples": 2310, "session_seconds": 2415.346691946994, "peak_vram_bytes": 9185080320}
{"step": 2320, "loss": 0.014162477105855942, "examples": 2320, "session_seconds": 2426.167691456998, "peak_vram_bytes": 9185080320}
{"step": 2330, "loss": 7.809317111968994, "examples": 2330, "session_seconds": 2436.9180093089963, "peak_vram_bytes": 9185080320}
{"step": 2340, "loss": 0.013359319418668747, "examples": 2340, "session_seconds": 2448.394312585995, "peak_vram_bytes": 9185080320}
{"step": 2350, "loss": 0.01327192597091198, "examples": 2350, "session_seconds": 2459.2202069210034, "peak_vram_bytes": 9185080320}
{"step": 2360, "loss": 0.013585854321718216, "examples": 2360, "session_seconds": 2470.132195518003, "peak_vram_bytes": 9185080320}
{"step": 2370, "loss": 0.01921890862286091, "examples": 2370, "session_seconds": 2481.464143414996, "peak_vram_bytes": 9185080320}
{"step": 2380, "loss": 0.013668974861502647, "examples": 2380, "session_seconds": 2492.350870512004, "peak_vram_bytes": 9185080320}
{"step": 2390, "loss": 0.02232338860630989, "examples": 2390, "session_seconds": 2503.1667434809933, "peak_vram_bytes": 9185080320}
{"step": 2400, "loss": 0.015859946608543396, "examples": 2400, "session_seconds": 2513.966853261998, "peak_vram_bytes": 9185080320}
{"step": 2410, "loss": 0.013759412802755833, "examples": 2410, "session_seconds": 2524.772964375996, "peak_vram_bytes": 9185080320}
{"step": 2420, "loss": 0.015240812674164772, "examples": 2420, "session_seconds": 2535.2701139679994, "peak_vram_bytes": 9185080320}
{"step": 2430, "loss": 0.015391984954476357, "examples": 2430, "session_seconds": 2545.9787867620034, "peak_vram_bytes": 9185080320}
{"step": 2440, "loss": 0.01423530001193285, "examples": 2440, "session_seconds": 2557.069987711002, "peak_vram_bytes": 9185080320}
{"step": 2450, "loss": 0.013526948168873787, "examples": 2450, "session_seconds": 2567.8372208469955, "peak_vram_bytes": 9185080320}
{"step": 2460, "loss": 0.013362318277359009, "examples": 2460, "session_seconds": 2578.663931685005, "peak_vram_bytes": 9185080320}
{"step": 2470, "loss": 0.013394806534051895, "examples": 2470, "session_seconds": 2589.9752293030033, "peak_vram_bytes": 9185080320}
{"step": 2480, "loss": 0.013445714488625526, "examples": 2480, "session_seconds": 2600.656310609993, "peak_vram_bytes": 9185080320}
{"step": 2490, "loss": 0.013631083071231842, "examples": 2490, "session_seconds": 2611.3262217360025, "peak_vram_bytes": 9185080320}
{"step": 2500, "loss": 0.013354764319956303, "examples": 2500, "session_seconds": 2622.233006727998, "peak_vram_bytes": 9185080320}
{"step": 2510, "loss": 0.013712406158447266, "examples": 2510, "session_seconds": 2633.076160106997, "peak_vram_bytes": 9185080320}
{"step": 2520, "loss": 0.013314992189407349, "examples": 2520, "session_seconds": 2643.4068727819977, "peak_vram_bytes": 9185080320}
{"step": 2530, "loss": 0.013688975013792515, "examples": 2530, "session_seconds": 2653.797975552996, "peak_vram_bytes": 9185080320}
{"step": 2540, "loss": 0.013506690971553326, "examples": 2540, "session_seconds": 2665.189892800001, "peak_vram_bytes": 9185080320}
{"step": 2550, "loss": 0.013343127444386482, "examples": 2550, "session_seconds": 2675.5595391639945, "peak_vram_bytes": 9185080320}
{"step": 2560, "loss": 0.013307013548910618, "examples": 2560, "session_seconds": 2686.006307260992, "peak_vram_bytes": 9185080320}
{"step": 2570, "loss": 0.013367635197937489, "examples": 2570, "session_seconds": 2696.949343578992, "peak_vram_bytes": 9185080320}
{"step": 2580, "loss": 0.01327599585056305, "examples": 2580, "session_seconds": 2707.6095116020006, "peak_vram_bytes": 9185080320}
{"step": 2590, "loss": 0.01344667375087738, "examples": 2590, "session_seconds": 2718.0228808959946, "peak_vram_bytes": 9185080320}
{"step": 2600, "loss": 0.013323747552931309, "examples": 2600, "session_seconds": 2728.6694179479964, "peak_vram_bytes": 9185080320}
{"step": 2610, "loss": 0.013354923576116562, "examples": 2610, "session_seconds": 2739.5491973710014, "peak_vram_bytes": 9185080320}
{"step": 2620, "loss": 0.023245885968208313, "examples": 2620, "session_seconds": 2749.9045857019955, "peak_vram_bytes": 9185080320}
{"step": 2630, "loss": 0.017506182193756104, "examples": 2630, "session_seconds": 2761.1367177810025, "peak_vram_bytes": 9185080320}
{"step": 2640, "loss": 0.013933914713561535, "examples": 2640, "session_seconds": 2771.772411957005, "peak_vram_bytes": 9185080320}
{"step": 2650, "loss": 12.810672760009766, "examples": 2650, "session_seconds": 2782.253382751005, "peak_vram_bytes": 9185080320}
{"step": 2660, "loss": 0.013237988576292992, "examples": 2660, "session_seconds": 2793.1015962429956, "peak_vram_bytes": 9185080320}
{"step": 2670, "loss": 0.013257746584713459, "examples": 2670, "session_seconds": 2803.534803321003, "peak_vram_bytes": 9185080320}
{"step": 2680, "loss": 0.013283715583384037, "examples": 2680, "session_seconds": 2813.933456347004, "peak_vram_bytes": 9185080320}
{"step": 2690, "loss": 0.013330036774277687, "examples": 2690, "session_seconds": 2824.330638696003, "peak_vram_bytes": 9185080320}
{"step": 2700, "loss": 0.013688231818377972, "examples": 2700, "session_seconds": 2835.127658407, "peak_vram_bytes": 9185080320}
{"step": 2710, "loss": 0.01493532583117485, "examples": 2710, "session_seconds": 2845.9370260959986, "peak_vram_bytes": 9185080320}
{"step": 2720, "loss": 13.358006477355957, "examples": 2720, "session_seconds": 2856.3954301399936, "peak_vram_bytes": 9185080320}
{"step": 2730, "loss": 0.3158310055732727, "examples": 2730, "session_seconds": 2867.4795824930043, "peak_vram_bytes": 9185080320}
{"step": 2740, "loss": 0.1640934944152832, "examples": 2740, "session_seconds": 2877.888649581, "peak_vram_bytes": 9185080320}
{"step": 2750, "loss": 0.013256927020847797, "examples": 2750, "session_seconds": 2888.308228793001, "peak_vram_bytes": 9185080320}
{"step": 2760, "loss": 0.013617875054478645, "examples": 2760, "session_seconds": 2899.4058399200003, "peak_vram_bytes": 9185080320}
{"step": 2770, "loss": 0.017344051972031593, "examples": 2770, "session_seconds": 2909.6933039540017, "peak_vram_bytes": 9185080320}
{"step": 2780, "loss": 0.01480056717991829, "examples": 2780, "session_seconds": 2920.231807710996, "peak_vram_bytes": 9185080320}
{"step": 2790, "loss": 0.013231860473752022, "examples": 2790, "session_seconds": 2931.0765818880027, "peak_vram_bytes": 9185080320}
{"step": 2800, "loss": 0.013415560126304626, "examples": 2800, "session_seconds": 2941.6002709869936, "peak_vram_bytes": 9185080320}
{"step": 2810, "loss": 0.013385951519012451, "examples": 2810, "session_seconds": 2952.488422676004, "peak_vram_bytes": 9185080320}
{"step": 2820, "loss": 0.013913734816014767, "examples": 2820, "session_seconds": 2962.7921119279927, "peak_vram_bytes": 9185080320}
{"step": 2830, "loss": 0.013233202509582043, "examples": 2830, "session_seconds": 2973.6744920749916, "peak_vram_bytes": 9185080320}
{"step": 2840, "loss": 0.013254744932055473, "examples": 2840, "session_seconds": 2984.211010240004, "peak_vram_bytes": 9185080320}
{"step": 2850, "loss": 0.020649095997214317, "examples": 2850, "session_seconds": 2994.450954328, "peak_vram_bytes": 9185080320}
{"step": 2860, "loss": 0.015168934129178524, "examples": 2860, "session_seconds": 3005.344468936004, "peak_vram_bytes": 9185080320}
{"step": 2870, "loss": 0.013580785132944584, "examples": 2870, "session_seconds": 3016.0349207149993, "peak_vram_bytes": 9185080320}
{"step": 2880, "loss": 0.014034210704267025, "examples": 2880, "session_seconds": 3026.6849411440053, "peak_vram_bytes": 9185080320}
{"step": 2890, "loss": 0.013210387900471687, "examples": 2890, "session_seconds": 3037.592625688005, "peak_vram_bytes": 9185080320}
{"step": 2900, "loss": 0.013342780992388725, "examples": 2900, "session_seconds": 3048.039978973, "peak_vram_bytes": 9185080320}
{"step": 2910, "loss": 0.013201243244111538, "examples": 2910, "session_seconds": 3059.003827346998, "peak_vram_bytes": 9185080320}
{"step": 2920, "loss": 10.343510627746582, "examples": 2920, "session_seconds": 3070.1116646019946, "peak_vram_bytes": 9185080320}
{"step": 2930, "loss": 0.013272502459585667, "examples": 2930, "session_seconds": 3080.5668631190056, "peak_vram_bytes": 9185080320}
{"step": 2940, "loss": 0.013308693654835224, "examples": 2940, "session_seconds": 3091.0552456190053, "peak_vram_bytes": 9185080320}
{"step": 2950, "loss": 0.014075598679482937, "examples": 2950, "session_seconds": 3101.6134059369942, "peak_vram_bytes": 9185080320}
{"step": 2960, "loss": 0.013199863024055958, "examples": 2960, "session_seconds": 3112.4176368649933, "peak_vram_bytes": 9185080320}
{"step": 2970, "loss": 0.013331701047718525, "examples": 2970, "session_seconds": 3122.887682544999, "peak_vram_bytes": 9185080320}
{"step": 2980, "loss": 0.013393640518188477, "examples": 2980, "session_seconds": 3133.305937283003, "peak_vram_bytes": 9185080320}
{"step": 2990, "loss": 0.013250568881630898, "examples": 2990, "session_seconds": 3144.367031460002, "peak_vram_bytes": 9185080320}
{"step": 3000, "loss": 0.01342194713652134, "examples": 3000, "session_seconds": 3154.8085668559943, "peak_vram_bytes": 9185080320}
{"step": 3010, "loss": 0.013909539207816124, "examples": 3010, "session_seconds": 3165.6648265279946, "peak_vram_bytes": 9185080320}
{"step": 3020, "loss": 15.917415618896484, "examples": 3020, "session_seconds": 3176.348988922997, "peak_vram_bytes": 9185080320}
{"step": 3030, "loss": 0.01320213545113802, "examples": 3030, "session_seconds": 3186.6999713129917, "peak_vram_bytes": 9185080320}
{"step": 3040, "loss": 0.015534250997006893, "examples": 3040, "session_seconds": 3197.436421998995, "peak_vram_bytes": 9185080320}
{"step": 3050, "loss": 0.013195439241826534, "examples": 3050, "session_seconds": 3207.8076426909975, "peak_vram_bytes": 9185080320}
{"step": 3060, "loss": 0.015953626483678818, "examples": 3060, "session_seconds": 3218.4966797170055, "peak_vram_bytes": 9185080320}
{"step": 3070, "loss": 0.013464600779116154, "examples": 3070, "session_seconds": 3228.9483332009986, "peak_vram_bytes": 9185080320}
{"step": 3080, "loss": 0.013219158165156841, "examples": 3080, "session_seconds": 3239.3750879309955, "peak_vram_bytes": 9185080320}
{"step": 3090, "loss": 7.2730631828308105, "examples": 3090, "session_seconds": 3250.343382867999, "peak_vram_bytes": 9185080320}
{"step": 3100, "loss": 0.025026630610227585, "examples": 3100, "session_seconds": 3261.260068238, "peak_vram_bytes": 9185080320}
{"step": 3110, "loss": 0.022722888737916946, "examples": 3110, "session_seconds": 3272.6511019559985, "peak_vram_bytes": 9185080320}
{"step": 3120, "loss": 0.013263784348964691, "examples": 3120, "session_seconds": 3283.9927058829926, "peak_vram_bytes": 9185080320}
{"step": 3130, "loss": 0.013259613886475563, "examples": 3130, "session_seconds": 3293.8738083859935, "peak_vram_bytes": 9185080320}
{"step": 3140, "loss": 0.022333340719342232, "examples": 3140, "session_seconds": 3304.645333131004, "peak_vram_bytes": 9185080320}
{"step": 3150, "loss": 0.01376882754266262, "examples": 3150, "session_seconds": 3316.133509802996, "peak_vram_bytes": 9185080320}
{"step": 3160, "loss": 0.01507632527500391, "examples": 3160, "session_seconds": 3326.1094772850047, "peak_vram_bytes": 9185080320}
{"step": 3170, "loss": 15.040266036987305, "examples": 3170, "session_seconds": 3335.7041693960055, "peak_vram_bytes": 9185080320}
{"step": 3180, "loss": 18.54399871826172, "examples": 3180, "session_seconds": 3345.559252676001, "peak_vram_bytes": 9185080320}
{"step": 3190, "loss": 0.013577437959611416, "examples": 3190, "session_seconds": 3355.4306139139953, "peak_vram_bytes": 9185080320}
{"step": 3200, "loss": 0.01434269454330206, "examples": 3200, "session_seconds": 3366.2256275669934, "peak_vram_bytes": 9185080320}
{"step": 3210, "loss": 0.013777326792478561, "examples": 3210, "session_seconds": 3377.1296892239916, "peak_vram_bytes": 9185080320}
{"step": 3220, "loss": 0.014032593928277493, "examples": 3220, "session_seconds": 3387.818196869004, "peak_vram_bytes": 9185080320}
{"step": 3230, "loss": 0.013308332301676273, "examples": 3230, "session_seconds": 3398.534055930999, "peak_vram_bytes": 9185080320}
{"step": 3240, "loss": 12.976593971252441, "examples": 3240, "session_seconds": 3409.239605323004, "peak_vram_bytes": 9185080320}
{"step": 3250, "loss": 0.014143242500722408, "examples": 3250, "session_seconds": 3420.595769116, "peak_vram_bytes": 9185080320}
{"step": 3260, "loss": 0.013612206093966961, "examples": 3260, "session_seconds": 3431.290324803005, "peak_vram_bytes": 9185080320}
{"step": 3270, "loss": 0.014809517189860344, "examples": 3270, "session_seconds": 3442.061317284999, "peak_vram_bytes": 9185080320}
{"step": 3280, "loss": 14.201632499694824, "examples": 3280, "session_seconds": 3453.163542729002, "peak_vram_bytes": 9185080320}
{"step": 3290, "loss": 0.013296968303620815, "examples": 3290, "session_seconds": 3463.377285486, "peak_vram_bytes": 9185080320}
{"step": 3300, "loss": 0.013530941680073738, "examples": 3300, "session_seconds": 3474.104411334003, "peak_vram_bytes": 9185080320}
{"step": 3310, "loss": 11.147650718688965, "examples": 3310, "session_seconds": 3484.9779237309995, "peak_vram_bytes": 9185080320}
{"step": 3320, "loss": 0.013258447870612144, "examples": 3320, "session_seconds": 3495.5978441759944, "peak_vram_bytes": 9185080320}
{"step": 3330, "loss": 0.01331324689090252, "examples": 3330, "session_seconds": 3506.4712664209947, "peak_vram_bytes": 9185080320}
{"step": 3340, "loss": 0.013373380526900291, "examples": 3340, "session_seconds": 3516.6855056839995, "peak_vram_bytes": 9185080320}
{"step": 3350, "loss": 0.013212506659328938, "examples": 3350, "session_seconds": 3527.4506652919954, "peak_vram_bytes": 9185080320}
{"step": 3360, "loss": 0.013211654499173164, "examples": 3360, "session_seconds": 3538.2088621589937, "peak_vram_bytes": 9185080320}
{"step": 3370, "loss": 0.0147162526845932, "examples": 3370, "session_seconds": 3548.131379308994, "peak_vram_bytes": 9185080320}
{"step": 3380, "loss": 0.015696916729211807, "examples": 3380, "session_seconds": 3558.081659588992, "peak_vram_bytes": 9185080320}
{"step": 3390, "loss": 0.013250455260276794, "examples": 3390, "session_seconds": 3568.111387337005, "peak_vram_bytes": 9185080320}
{"step": 3400, "loss": 0.014956602826714516, "examples": 3400, "session_seconds": 3578.1385775840026, "peak_vram_bytes": 9185080320}
{"step": 3410, "loss": 2.0656867027282715, "examples": 3410, "session_seconds": 3589.6389123529952, "peak_vram_bytes": 9185080320}
{"step": 3420, "loss": 0.013215236365795135, "examples": 3420, "session_seconds": 3600.4001225440006, "peak_vram_bytes": 9185080320}
{"step": 3430, "loss": 0.013238976709544659, "examples": 3430, "session_seconds": 3610.9245350790006, "peak_vram_bytes": 9185080320}
{"step": 3440, "loss": 0.023291151970624924, "examples": 3440, "session_seconds": 3621.548750807997, "peak_vram_bytes": 9185080320}
{"step": 3450, "loss": 0.037283316254615784, "examples": 3450, "session_seconds": 3632.2240514959994, "peak_vram_bytes": 9185080320}
{"step": 3460, "loss": 0.030278975144028664, "examples": 3460, "session_seconds": 3642.8329614849936, "peak_vram_bytes": 9185080320}
{"step": 3470, "loss": 0.01325598731637001, "examples": 3470, "session_seconds": 3653.1322702949983, "peak_vram_bytes": 9185080320}
{"step": 3480, "loss": 0.01359396893531084, "examples": 3480, "session_seconds": 3664.2067910490005, "peak_vram_bytes": 9185080320}
{"step": 3490, "loss": 0.08491187542676926, "examples": 3490, "session_seconds": 3674.529807924002, "peak_vram_bytes": 9185080320}
{"step": 3500, "loss": 0.013305830769240856, "examples": 3500, "session_seconds": 3685.3931068469974, "peak_vram_bytes": 9185080320}
{"step": 3510, "loss": 0.013265027664601803, "examples": 3510, "session_seconds": 3696.765125495993, "peak_vram_bytes": 9185080320}
{"step": 3520, "loss": 0.014406399801373482, "examples": 3520, "session_seconds": 3706.5221590360015, "peak_vram_bytes": 9185080320}
{"step": 3530, "loss": 0.013348793610930443, "examples": 3530, "session_seconds": 3717.258894996994, "peak_vram_bytes": 9185080320}
{"step": 3540, "loss": 1.0562225580215454, "examples": 3540, "session_seconds": 3728.194500298996, "peak_vram_bytes": 9185080320}
{"step": 3550, "loss": 0.0133306123316288, "examples": 3550, "session_seconds": 3738.074008950003, "peak_vram_bytes": 9185080320}
{"step": 3560, "loss": 0.013285302557051182, "examples": 3560, "session_seconds": 3747.8111287499923, "peak_vram_bytes": 9185080320}
{"step": 3570, "loss": 13.021191596984863, "examples": 3570, "session_seconds": 3759.2027480270044, "peak_vram_bytes": 9185080320}
{"step": 3580, "loss": 11.274406433105469, "examples": 3580, "session_seconds": 3769.344456027, "peak_vram_bytes": 9185080320}
{"step": 3590, "loss": 10.792756080627441, "examples": 3590, "session_seconds": 3779.9428594179917, "peak_vram_bytes": 9185080320}
{"step": 3600, "loss": 0.013636171817779541, "examples": 3600, "session_seconds": 3790.256263225994, "peak_vram_bytes": 9185080320}
{"step": 3610, "loss": 0.024423222988843918, "examples": 3610, "session_seconds": 3801.0078835919994, "peak_vram_bytes": 9185080320}
{"step": 3620, "loss": 0.18985866010189056, "examples": 3620, "session_seconds": 3811.1025628019997, "peak_vram_bytes": 9185080320}
{"step": 3630, "loss": 0.013386125676333904, "examples": 3630, "session_seconds": 3821.136739317997, "peak_vram_bytes": 9185080320}
{"step": 3640, "loss": 0.050101324915885925, "examples": 3640, "session_seconds": 3832.6193004259985, "peak_vram_bytes": 9185080320}
{"step": 3650, "loss": 0.013531194999814034, "examples": 3650, "session_seconds": 3843.441477578992, "peak_vram_bytes": 9185080320}
{"step": 3660, "loss": 0.013262534514069557, "examples": 3660, "session_seconds": 3854.2294113410026, "peak_vram_bytes": 9185080320}
{"step": 3670, "loss": 0.013326821848750114, "examples": 3670, "session_seconds": 3865.684480775002, "peak_vram_bytes": 9185080320}
{"step": 3680, "loss": 0.013270078226923943, "examples": 3680, "session_seconds": 3876.357590062995, "peak_vram_bytes": 9185080320}
{"step": 3690, "loss": 5.906668663024902, "examples": 3690, "session_seconds": 3886.4606391419948, "peak_vram_bytes": 9185080320}
{"step": 3700, "loss": 0.01329396478831768, "examples": 3700, "session_seconds": 3897.579453159997, "peak_vram_bytes": 9185080320}
{"step": 3710, "loss": 15.685667037963867, "examples": 3710, "session_seconds": 3908.002967332999, "peak_vram_bytes": 9185080320}
{"step": 3720, "loss": 0.01364698726683855, "examples": 3720, "session_seconds": 3918.535946803997, "peak_vram_bytes": 9185080320}
{"step": 3730, "loss": 0.013604331761598587, "examples": 3730, "session_seconds": 3928.3866247309925, "peak_vram_bytes": 9185080320}
{"step": 3740, "loss": 0.013340482488274574, "examples": 3740, "session_seconds": 3938.4649447419943, "peak_vram_bytes": 9185080320}
{"step": 3750, "loss": 1.5711861848831177, "examples": 3750, "session_seconds": 3948.8978275650006, "peak_vram_bytes": 9185080320}
{"step": 3760, "loss": 0.014307308942079544, "examples": 3760, "session_seconds": 3959.4169817490038, "peak_vram_bytes": 9185080320}
{"step": 3770, "loss": 0.013303245417773724, "examples": 3770, "session_seconds": 3969.6803242339956, "peak_vram_bytes": 9185080320}
{"step": 3780, "loss": 0.013398141600191593, "examples": 3780, "session_seconds": 3979.419954197001, "peak_vram_bytes": 9185080320}
{"step": 3790, "loss": 0.014426850713789463, "examples": 3790, "session_seconds": 3989.2635207720014, "peak_vram_bytes": 9185080320}
{"step": 3800, "loss": 0.017261283472180367, "examples": 3800, "session_seconds": 3999.310878049, "peak_vram_bytes": 9185080320}
{"step": 3810, "loss": 0.013278520666062832, "examples": 3810, "session_seconds": 4009.7929763800057, "peak_vram_bytes": 9185080320}
{"step": 3820, "loss": 16.689817428588867, "examples": 3820, "session_seconds": 4020.6410701409914, "peak_vram_bytes": 9185080320}
{"step": 3830, "loss": 0.013257411308586597, "examples": 3830, "session_seconds": 4031.994142714, "peak_vram_bytes": 9185080320}
{"step": 3840, "loss": 0.013339310884475708, "examples": 3840, "session_seconds": 4043.0505467299954, "peak_vram_bytes": 9185080320}
{"step": 3850, "loss": 0.04738478735089302, "examples": 3850, "session_seconds": 4053.842777370999, "peak_vram_bytes": 9185080320}
{"step": 3860, "loss": 0.013376892544329166, "examples": 3860, "session_seconds": 4064.6908775000047, "peak_vram_bytes": 9185080320}
{"step": 3870, "loss": 0.01325063407421112, "examples": 3870, "session_seconds": 4076.1903383430035, "peak_vram_bytes": 9185080320}
{"step": 3880, "loss": 1.8505793809890747, "examples": 3880, "session_seconds": 4086.8474715280026, "peak_vram_bytes": 9185080320}
{"step": 3890, "loss": 0.013238398358225822, "examples": 3890, "session_seconds": 4097.415802725998, "peak_vram_bytes": 9185080320}
{"step": 3900, "loss": 0.013296599499881268, "examples": 3900, "session_seconds": 4108.343402573999, "peak_vram_bytes": 9185080320}
{"step": 3910, "loss": 0.013232721015810966, "examples": 3910, "session_seconds": 4119.737007560994, "peak_vram_bytes": 9185080320}
{"step": 3920, "loss": 18.029508590698242, "examples": 3920, "session_seconds": 4130.221576911994, "peak_vram_bytes": 9185080320}
{"step": 3930, "loss": 0.013255111873149872, "examples": 3930, "session_seconds": 4141.146108560002, "peak_vram_bytes": 9185080320}
{"step": 3940, "loss": 0.013359202072024345, "examples": 3940, "session_seconds": 4151.630161271998, "peak_vram_bytes": 9185080320}
{"step": 3950, "loss": 0.013307072222232819, "examples": 3950, "session_seconds": 4162.183512819, "peak_vram_bytes": 9185080320}
{"step": 3960, "loss": 0.013300135731697083, "examples": 3960, "session_seconds": 4173.240175301995, "peak_vram_bytes": 9185080320}
{"step": 3970, "loss": 0.01329100877046585, "examples": 3970, "session_seconds": 4183.166317078998, "peak_vram_bytes": 9185080320}
{"step": 3980, "loss": 0.013318494893610477, "examples": 3980, "session_seconds": 4193.172903715997, "peak_vram_bytes": 9185080320}
{"step": 3990, "loss": 0.013290055096149445, "examples": 3990, "session_seconds": 4203.56019828, "peak_vram_bytes": 9185080320}
{"step": 4000, "loss": 0.013274988159537315, "examples": 4000, "session_seconds": 4214.890627871995, "peak_vram_bytes": 9185080320}
wandb: 
wandb: Run history:
wandb:        examples ▁▁▁▁▂▂▂▂▂▂▂▃▃▃▃▃▄▄▄▄▅▅▅▅▅▅▅▆▆▆▇▇▇▇▇▇▇▇██
wandb:            loss ▃▁▆▁▁▁▁▁█▁▁▁▁▁▁▆▁▁▁▁▁▅▅▁▁▁▁▁▆▁▁▁▁▁▁▃▁▁▁▁
wandb: peak_vram_bytes ▁▆▆▇▇▇▇▇▇▇▇▇▇▇▇▇▇▇▇▇▇▇▇█████████████████
wandb: session_seconds ▁▁▁▁▁▂▂▂▂▂▃▃▃▃▃▄▄▄▄▄▄▅▅▅▆▆▆▆▆▆▇▇▇▇▇▇▇███
wandb:            step ▁▁▁▂▂▂▃▃▃▃▄▄▄▄▄▅▅▅▅▆▆▆▆▆▆▆▆▇▇▇▇▇▇▇▇▇████
wandb: 
wandb: Run summary:
wandb:        examples 4000
wandb:            loss 0.01327
wandb: peak_vram_bytes 9185080320
wandb: session_seconds 4214.89063
wandb:            step 4000
wandb: 
wandb: You can sync this run to the cloud by running:
wandb: wandb sync artifacts/longer-v1/4b/main/seed-33/continued_sft/tracking/wandb/offline-run-20261005_082729-g4tegirb
wandb: Find logs at: artifacts/longer-v1/4b/main/seed-33/continued_sft/tracking/wandb/offline-run-20261005_082729-g4tegirb/logs
{"artifact": "artifacts/longer-v1/4b/main/seed-33/continued_sft/artifact", "elapsed_seconds": 4215.364825472003}
