
{"utc": "2026-10-05T06:20:04.414495+00:00", "command": ["-m", "myjev.train", "--config", "results/longer-v1/4b/main/seed-11/sampled/config.json", "--data", "data/banking77/train.jsonl", "--output", "artifacts/longer-v1/4b/main/seed-11/sampled", "--method", "sampled", "--seed", "11", "--initial", "artifacts/longer-v1/4b/main/seed-11/sft/artifact"]}
Loading weights:   0%|          | 0/426 [00:00<?, ?it/s]Loading weights:  77%|███████▋  | 328/426 [00:00<00:00, 3276.28it/s]Loading weights: 100%|██████████| 426/426 [00:00<00:00, 3364.90it/s]
wandb: Tracking run with wandb version 0.30.0
wandb: W&B syncing is set to `offline` in this directory. Run `wandb online` or set WANDB_MODE=online to enable cloud syncing.
wandb: Run data is saved locally in artifacts/longer-v1/4b/main/seed-11/sampled/tracking/wandb/offline-run-20261004_232016-u4fmcugi
wandb: View this run in the terminal with `wandb leet`
[transformers] `causal_conv1d_fn` is falling back to its reference PyTorch implementation because `causal_conv1d` is not installed. This is correct but much slower; install `causal_conv1d` for the optimized kernel.
[transformers] `chunk_gated_delta_rule` is falling back to its reference PyTorch implementation because `flash-linear-attention` is not installed. This is correct but much slower; install `flash-linear-attention` for the optimized kernel.
{"step": 10, "loss": 2.0009328915993052e-10, "examples": 10, "session_seconds": 13.78585451500112, "peak_vram_bytes": 9152454144}
{"step": 20, "loss": 0.0, "examples": 20, "session_seconds": 26.688871922000544, "peak_vram_bytes": 9178298880}
{"step": 30, "loss": -0.009352204389870167, "examples": 30, "session_seconds": 39.11443770799815, "peak_vram_bytes": 9178298880}
{"step": 40, "loss": -1.0377920726351388e-15, "examples": 40, "session_seconds": 51.61178681599995, "peak_vram_bytes": 9178298880}
{"step": 50, "loss": -2.2926674664650037e-15, "examples": 50, "session_seconds": 64.24989851200371, "peak_vram_bytes": 9178298880}
{"step": 60, "loss": -5.79038173745966e-13, "examples": 60, "session_seconds": 76.697346353998, "peak_vram_bytes": 9178298880}
{"step": 70, "loss": -1.314064552700514e-13, "examples": 70, "session_seconds": 89.25030702900403, "peak_vram_bytes": 9178298880}
{"step": 80, "loss": 0.0, "examples": 80, "session_seconds": 102.53220624000096, "peak_vram_bytes": 9179626496}
{"step": 90, "loss": -1.3335742625746223e-14, "examples": 90, "session_seconds": 115.42291896900133, "peak_vram_bytes": 9179626496}
{"step": 100, "loss": -3.990198149244348e-15, "examples": 100, "session_seconds": 127.93071559099917, "peak_vram_bytes": 9179626496}
Warning: You are sending unauthenticated requests to the HF Hub. Please set a HF_TOKEN to enable higher rate limits and faster downloads.
{"step": 110, "loss": 0.0, "examples": 110, "session_seconds": 142.16619318899757, "peak_vram_bytes": 9179626496}
{"step": 120, "loss": 3.3754723734007175e-14, "examples": 120, "session_seconds": 154.58135348900396, "peak_vram_bytes": 9179626496}
{"step": 130, "loss": 0.0, "examples": 130, "session_seconds": 167.00257709200378, "peak_vram_bytes": 9179626496}
{"step": 140, "loss": -1.072255873907314e-14, "examples": 140, "session_seconds": 180.08405856099853, "peak_vram_bytes": 9179626496}
{"step": 150, "loss": 0.025237534195184708, "examples": 150, "session_seconds": 192.53574487099831, "peak_vram_bytes": 9179626496}
{"step": 160, "loss": -9.142162124987224e-15, "examples": 160, "session_seconds": 204.86821295499976, "peak_vram_bytes": 9180880384}
{"step": 170, "loss": 0.0, "examples": 170, "session_seconds": 217.54114803399716, "peak_vram_bytes": 9180880384}
{"step": 180, "loss": -3.0447500532111704e-14, "examples": 180, "session_seconds": 230.2951746050021, "peak_vram_bytes": 9180880384}
{"step": 190, "loss": 0.05977249890565872, "examples": 190, "session_seconds": 242.74165895100305, "peak_vram_bytes": 9180880384}
{"step": 200, "loss": -8.78691989504056e-15, "examples": 200, "session_seconds": 254.97301854500256, "peak_vram_bytes": 9180880384}
{"step": 210, "loss": 0.0, "examples": 210, "session_seconds": 267.2158111099998, "peak_vram_bytes": 9180880384}
{"step": 220, "loss": 0.0, "examples": 220, "session_seconds": 279.09841248299927, "peak_vram_bytes": 9181799936}
{"step": 230, "loss": 0.0, "examples": 230, "session_seconds": 291.26748883099935, "peak_vram_bytes": 9181799936}
{"step": 240, "loss": -3.773753025023731e-14, "examples": 240, "session_seconds": 303.3185980670023, "peak_vram_bytes": 9181799936}
{"step": 250, "loss": -2.5504503565511316e-13, "examples": 250, "session_seconds": 315.1811855240012, "peak_vram_bytes": 9181799936}
{"step": 260, "loss": -1.548019626710067e-14, "examples": 260, "session_seconds": 327.4050808079992, "peak_vram_bytes": 9181799936}
{"step": 270, "loss": 0.0, "examples": 270, "session_seconds": 339.9888969099993, "peak_vram_bytes": 9181799936}
{"step": 280, "loss": 0.0035639824345707893, "examples": 280, "session_seconds": 353.2845400060032, "peak_vram_bytes": 9181799936}
{"step": 290, "loss": 0.00044302246533334255, "examples": 290, "session_seconds": 366.544216727998, "peak_vram_bytes": 9181799936}
{"step": 300, "loss": 0.0, "examples": 300, "session_seconds": 380.17896506599936, "peak_vram_bytes": 9182534144}
{"step": 310, "loss": -4.684733070220437e-12, "examples": 310, "session_seconds": 393.3899545259992, "peak_vram_bytes": 9182534144}
{"step": 320, "loss": -0.02111171744763851, "examples": 320, "session_seconds": 406.08545396800037, "peak_vram_bytes": 9182534144}
{"step": 330, "loss": -9.84774675000244e-12, "examples": 330, "session_seconds": 418.8677108089978, "peak_vram_bytes": 9182534144}
{"step": 340, "loss": 0.0, "examples": 340, "session_seconds": 431.29175770599977, "peak_vram_bytes": 9182534144}
{"step": 350, "loss": -0.012604969553649426, "examples": 350, "session_seconds": 443.44731939500343, "peak_vram_bytes": 9182534144}
{"step": 360, "loss": -1.6148037768060064e-11, "examples": 360, "session_seconds": 456.8093367449983, "peak_vram_bytes": 9182534144}
{"step": 370, "loss": -1.5091794133836878e-11, "examples": 370, "session_seconds": 469.5435825980021, "peak_vram_bytes": 9182534144}
{"step": 380, "loss": -0.0821855440735817, "examples": 380, "session_seconds": 481.3188707730005, "peak_vram_bytes": 9182534144}
{"step": 390, "loss": 0.1762397587299347, "examples": 390, "session_seconds": 494.1904159179976, "peak_vram_bytes": 9182534144}
{"step": 400, "loss": -0.02805204689502716, "examples": 400, "session_seconds": 506.09127131399873, "peak_vram_bytes": 9182534144}
{"step": 410, "loss": -0.025947250425815582, "examples": 410, "session_seconds": 518.4444019509974, "peak_vram_bytes": 9182534144}
{"step": 420, "loss": -0.0553457997739315, "examples": 420, "session_seconds": 531.7996963109981, "peak_vram_bytes": 9182534144}
{"step": 430, "loss": -0.05506777763366699, "examples": 430, "session_seconds": 544.2995186650005, "peak_vram_bytes": 9182534144}
{"step": 440, "loss": -0.00616614893078804, "examples": 440, "session_seconds": 556.683483492001, "peak_vram_bytes": 9182534144}
{"step": 450, "loss": 0.012209847569465637, "examples": 450, "session_seconds": 569.0690785039988, "peak_vram_bytes": 9182534144}
{"step": 460, "loss": -0.02080003172159195, "examples": 460, "session_seconds": 581.1818280840016, "peak_vram_bytes": 9182534144}
{"step": 470, "loss": 0.007049103267490864, "examples": 470, "session_seconds": 593.5024880359997, "peak_vram_bytes": 9182534144}
{"step": 480, "loss": 0.02976851537823677, "examples": 480, "session_seconds": 605.8524014529976, "peak_vram_bytes": 9182534144}
{"step": 490, "loss": 0.42274901270866394, "examples": 490, "session_seconds": 618.2912795200027, "peak_vram_bytes": 9182534144}
{"step": 500, "loss": -0.10751430690288544, "examples": 500, "session_seconds": 630.8540109960013, "peak_vram_bytes": 9182534144}
{"step": 510, "loss": -0.11989939957857132, "examples": 510, "session_seconds": 643.9315609030018, "peak_vram_bytes": 9182534144}
{"step": 520, "loss": -0.0011613660026341677, "examples": 520, "session_seconds": 656.8907779490037, "peak_vram_bytes": 9182534144}
{"step": 530, "loss": -0.06968580186367035, "examples": 530, "session_seconds": 668.7146071239986, "peak_vram_bytes": 9182534144}
{"step": 540, "loss": -0.008509759791195393, "examples": 540, "session_seconds": 680.7395655770015, "peak_vram_bytes": 9182534144}
{"step": 550, "loss": -0.0010874290019273758, "examples": 550, "session_seconds": 692.8110300760018, "peak_vram_bytes": 9182534144}
{"step": 560, "loss": 0.011109667830169201, "examples": 560, "session_seconds": 704.7171735849988, "peak_vram_bytes": 9182534144}
{"step": 570, "loss": -0.0006826533935964108, "examples": 570, "session_seconds": 717.014951653, "peak_vram_bytes": 9182534144}
{"step": 580, "loss": -0.024021422490477562, "examples": 580, "session_seconds": 729.7866893730024, "peak_vram_bytes": 9182534144}
{"step": 590, "loss": -0.016281403601169586, "examples": 590, "session_seconds": 741.9307582850015, "peak_vram_bytes": 9182534144}
{"step": 600, "loss": -0.07674574851989746, "examples": 600, "session_seconds": 754.2489569949976, "peak_vram_bytes": 9182534144}
{"step": 610, "loss": -0.11734654754400253, "examples": 610, "session_seconds": 768.1324467809973, "peak_vram_bytes": 9182534144}
{"step": 620, "loss": -0.001957767643034458, "examples": 620, "session_seconds": 780.5690144480031, "peak_vram_bytes": 9182534144}
{"step": 630, "loss": -0.0951811894774437, "examples": 630, "session_seconds": 793.4329326160005, "peak_vram_bytes": 9182534144}
{"step": 640, "loss": -0.001001038122922182, "examples": 640, "session_seconds": 806.0679415479972, "peak_vram_bytes": 9182534144}
{"step": 650, "loss": -0.07872457057237625, "examples": 650, "session_seconds": 819.0438052879981, "peak_vram_bytes": 9182534144}
{"step": 660, "loss": 0.0007152920588850975, "examples": 660, "session_seconds": 831.5235236959998, "peak_vram_bytes": 9182534144}
{"step": 670, "loss": -0.09687630832195282, "examples": 670, "session_seconds": 844.1873341719984, "peak_vram_bytes": 9182534144}
{"step": 680, "loss": -0.004495739936828613, "examples": 680, "session_seconds": 857.4916959870025, "peak_vram_bytes": 9182534144}
{"step": 690, "loss": 0.016600586473941803, "examples": 690, "session_seconds": 869.9841556780011, "peak_vram_bytes": 9182534144}
{"step": 700, "loss": -0.018162058666348457, "examples": 700, "session_seconds": 882.7001376810003, "peak_vram_bytes": 9182534144}
{"step": 710, "loss": -0.023774169385433197, "examples": 710, "session_seconds": 895.6851005990029, "peak_vram_bytes": 9182534144}
{"step": 720, "loss": -0.01875654049217701, "examples": 720, "session_seconds": 908.3060737199994, "peak_vram_bytes": 9185560576}
{"step": 730, "loss": -0.03059713914990425, "examples": 730, "session_seconds": 920.607915159002, "peak_vram_bytes": 9185560576}
{"step": 740, "loss": -0.006755925714969635, "examples": 740, "session_seconds": 933.0643793620038, "peak_vram_bytes": 9185560576}
{"step": 750, "loss": 0.0004365071654319763, "examples": 750, "session_seconds": 945.3889282520031, "peak_vram_bytes": 9185560576}
{"step": 760, "loss": 0.0019200209062546492, "examples": 760, "session_seconds": 957.5231540520035, "peak_vram_bytes": 9185560576}
{"step": 770, "loss": -0.05897584185004234, "examples": 770, "session_seconds": 970.0544143189982, "peak_vram_bytes": 9185560576}
{"step": 780, "loss": -0.08664141595363617, "examples": 780, "session_seconds": 982.9334529249973, "peak_vram_bytes": 9185560576}
{"step": 790, "loss": -0.015118436887860298, "examples": 790, "session_seconds": 995.5108369930022, "peak_vram_bytes": 9185560576}
{"step": 800, "loss": -0.07053707540035248, "examples": 800, "session_seconds": 1007.9020094739972, "peak_vram_bytes": 9185560576}
{"step": 810, "loss": 0.0124526247382164, "examples": 810, "session_seconds": 1020.9207176120035, "peak_vram_bytes": 9185560576}
{"step": 820, "loss": -0.023251883685588837, "examples": 820, "session_seconds": 1032.7975454909974, "peak_vram_bytes": 9185560576}
{"step": 830, "loss": -0.07056114822626114, "examples": 830, "session_seconds": 1044.620351603, "peak_vram_bytes": 9185560576}
{"step": 840, "loss": -0.01899331621825695, "examples": 840, "session_seconds": 1056.7105690690005, "peak_vram_bytes": 9185560576}
{"step": 850, "loss": -0.021786216646432877, "examples": 850, "session_seconds": 1068.813998673002, "peak_vram_bytes": 9185560576}
{"step": 860, "loss": -0.017883479595184326, "examples": 860, "session_seconds": 1080.6717100660026, "peak_vram_bytes": 9185560576}
{"step": 870, "loss": -0.037378255277872086, "examples": 870, "session_seconds": 1092.8492810390017, "peak_vram_bytes": 9185560576}
{"step": 880, "loss": 0.0019768550992012024, "examples": 880, "session_seconds": 1105.5798331219994, "peak_vram_bytes": 9185560576}
{"step": 890, "loss": -0.007117265369743109, "examples": 890, "session_seconds": 1117.6272364760007, "peak_vram_bytes": 9185560576}
{"step": 900, "loss": -0.0009948888327926397, "examples": 900, "session_seconds": 1129.4939293920033, "peak_vram_bytes": 9185560576}
{"step": 910, "loss": -5.634932313114405e-05, "examples": 910, "session_seconds": 1142.7682316830033, "peak_vram_bytes": 9185560576}
{"step": 920, "loss": 0.0009082439355552197, "examples": 920, "session_seconds": 1154.7062097750022, "peak_vram_bytes": 9185560576}
{"step": 930, "loss": -0.029258500784635544, "examples": 930, "session_seconds": 1166.7315599580033, "peak_vram_bytes": 9185560576}
{"step": 940, "loss": 0.0007097367197275162, "examples": 940, "session_seconds": 1178.8058227919973, "peak_vram_bytes": 9185560576}
{"step": 950, "loss": -0.00049898202996701, "examples": 950, "session_seconds": 1190.6412224759988, "peak_vram_bytes": 9185560576}
{"step": 960, "loss": -0.04189011827111244, "examples": 960, "session_seconds": 1202.8022734940023, "peak_vram_bytes": 9185560576}
{"step": 970, "loss": -0.12443579733371735, "examples": 970, "session_seconds": 1215.125368344001, "peak_vram_bytes": 9185560576}
{"step": 980, "loss": -0.0005728676915168762, "examples": 980, "session_seconds": 1227.5713745160028, "peak_vram_bytes": 9185560576}
{"step": 990, "loss": 0.05661475658416748, "examples": 990, "session_seconds": 1239.6571129189979, "peak_vram_bytes": 9185560576}
{"step": 1000, "loss": -0.03243493288755417, "examples": 1000, "session_seconds": 1251.6433586990024, "peak_vram_bytes": 9185560576}
{"step": 1010, "loss": -0.10109877586364746, "examples": 1010, "session_seconds": 1264.2784037279998, "peak_vram_bytes": 9185560576}
{"step": 1020, "loss": 0.004528004210442305, "examples": 1020, "session_seconds": 1276.2499769269998, "peak_vram_bytes": 9185560576}
{"step": 1030, "loss": 0.18908433616161346, "examples": 1030, "session_seconds": 1288.1403465230032, "peak_vram_bytes": 9185560576}
{"step": 1040, "loss": 0.003447628114372492, "examples": 1040, "session_seconds": 1300.3648394580014, "peak_vram_bytes": 9185560576}
{"step": 1050, "loss": 0.00022370810620486736, "examples": 1050, "session_seconds": 1312.382915246002, "peak_vram_bytes": 9185560576}
{"step": 1060, "loss": 0.0011124573647975922, "examples": 1060, "session_seconds": 1324.2644211119987, "peak_vram_bytes": 9185560576}
{"step": 1070, "loss": 0.20641012489795685, "examples": 1070, "session_seconds": 1336.9711597150017, "peak_vram_bytes": 9185560576}
{"step": 1080, "loss": 0.0011660601012408733, "examples": 1080, "session_seconds": 1349.2602840190011, "peak_vram_bytes": 9185560576}
{"step": 1090, "loss": 0.0010885130614042282, "examples": 1090, "session_seconds": 1361.1275889259996, "peak_vram_bytes": 9185560576}
{"step": 1100, "loss": -0.00047877663746476173, "examples": 1100, "session_seconds": 1373.2800042809977, "peak_vram_bytes": 9185560576}
{"step": 1110, "loss": 0.011355338618159294, "examples": 1110, "session_seconds": 1385.779631780002, "peak_vram_bytes": 9185560576}
{"step": 1120, "loss": 0.002111869864165783, "examples": 1120, "session_seconds": 1398.3024692269973, "peak_vram_bytes": 9185560576}
{"step": 1130, "loss": -0.11423490941524506, "examples": 1130, "session_seconds": 1410.632496889004, "peak_vram_bytes": 9185560576}
{"step": 1140, "loss": -0.00041438033804297447, "examples": 1140, "session_seconds": 1422.5014157109981, "peak_vram_bytes": 9185560576}
{"step": 1150, "loss": -0.014459292404353619, "examples": 1150, "session_seconds": 1434.719410675003, "peak_vram_bytes": 9185560576}
{"step": 1160, "loss": -0.00549567025154829, "examples": 1160, "session_seconds": 1447.2338415479971, "peak_vram_bytes": 9185560576}
{"step": 1170, "loss": -0.06969118118286133, "examples": 1170, "session_seconds": 1459.4736365499994, "peak_vram_bytes": 9185862144}
{"step": 1180, "loss": -0.003147248411551118, "examples": 1180, "session_seconds": 1472.1774849840003, "peak_vram_bytes": 9185862144}
{"step": 1190, "loss": -0.029393836855888367, "examples": 1190, "session_seconds": 1484.6383231240034, "peak_vram_bytes": 9185862144}
{"step": 1200, "loss": 0.02299359440803528, "examples": 1200, "session_seconds": 1498.0206201120018, "peak_vram_bytes": 9185862144}
{"step": 1210, "loss": -0.0018747593276202679, "examples": 1210, "session_seconds": 1510.6376282900019, "peak_vram_bytes": 9185862144}
{"step": 1220, "loss": -0.004165691323578358, "examples": 1220, "session_seconds": 1522.9599487550004, "peak_vram_bytes": 9185862144}
{"step": 1230, "loss": -0.07139436155557632, "examples": 1230, "session_seconds": 1536.422827743001, "peak_vram_bytes": 9185862144}
{"step": 1240, "loss": -0.07940065860748291, "examples": 1240, "session_seconds": 1548.7661590450007, "peak_vram_bytes": 9185862144}
{"step": 1250, "loss": 0.09828421473503113, "examples": 1250, "session_seconds": 1561.4912908400001, "peak_vram_bytes": 9185862144}
{"step": 1260, "loss": -0.0017681547906249762, "examples": 1260, "session_seconds": 1574.549087942003, "peak_vram_bytes": 9185862144}
{"step": 1270, "loss": -0.01911964640021324, "examples": 1270, "session_seconds": 1587.4645907070008, "peak_vram_bytes": 9185862144}
{"step": 1280, "loss": -0.00858331099152565, "examples": 1280, "session_seconds": 1600.2382305819992, "peak_vram_bytes": 9185862144}
{"step": 1290, "loss": -0.0013766251504421234, "examples": 1290, "session_seconds": 1612.2900578970002, "peak_vram_bytes": 9185862144}
{"step": 1300, "loss": -0.055668607354164124, "examples": 1300, "session_seconds": 1624.9187592649978, "peak_vram_bytes": 9185862144}
{"step": 1310, "loss": 0.03927799314260483, "examples": 1310, "session_seconds": 1638.3327099149974, "peak_vram_bytes": 9185862144}
{"step": 1320, "loss": -0.0010992875322699547, "examples": 1320, "session_seconds": 1650.814271971998, "peak_vram_bytes": 9185862144}
{"step": 1330, "loss": -0.005148890428245068, "examples": 1330, "session_seconds": 1663.7960549300042, "peak_vram_bytes": 9185862144}
{"step": 1340, "loss": 0.1906801015138626, "examples": 1340, "session_seconds": 1676.4847799950003, "peak_vram_bytes": 9185862144}
{"step": 1350, "loss": -0.004422047641128302, "examples": 1350, "session_seconds": 1688.8792365850022, "peak_vram_bytes": 9185862144}
{"step": 1360, "loss": -0.0027446961030364037, "examples": 1360, "session_seconds": 1702.6366241249998, "peak_vram_bytes": 9186433536}
{"step": 1370, "loss": -0.001752567244693637, "examples": 1370, "session_seconds": 1714.9136739809983, "peak_vram_bytes": 9186433536}
{"step": 1380, "loss": -0.09286011010408401, "examples": 1380, "session_seconds": 1727.6629890760014, "peak_vram_bytes": 9186433536}
{"step": 1390, "loss": -0.004451538436114788, "examples": 1390, "session_seconds": 1740.8364674679979, "peak_vram_bytes": 9186433536}
{"step": 1400, "loss": -0.021847577765583992, "examples": 1400, "session_seconds": 1753.5779025660013, "peak_vram_bytes": 9186433536}
{"step": 1410, "loss": -0.0006215287139639258, "examples": 1410, "session_seconds": 1766.6920689769977, "peak_vram_bytes": 9186433536}
{"step": 1420, "loss": -0.033333808183670044, "examples": 1420, "session_seconds": 1780.2926782959985, "peak_vram_bytes": 9186433536}
{"step": 1430, "loss": -0.0006971322000026703, "examples": 1430, "session_seconds": 1793.0924947259991, "peak_vram_bytes": 9186433536}
{"step": 1440, "loss": -0.10838042199611664, "examples": 1440, "session_seconds": 1806.0064979160015, "peak_vram_bytes": 9186433536}
{"step": 1450, "loss": -0.011296865530312061, "examples": 1450, "session_seconds": 1818.7987769289975, "peak_vram_bytes": 9186433536}
{"step": 1460, "loss": -0.0716518834233284, "examples": 1460, "session_seconds": 1832.2480623790034, "peak_vram_bytes": 9186433536}
{"step": 1470, "loss": -0.0028427960351109505, "examples": 1470, "session_seconds": 1844.9896305790026, "peak_vram_bytes": 9186433536}
{"step": 1480, "loss": 1.0299217700958252, "examples": 1480, "session_seconds": 1857.7106583450004, "peak_vram_bytes": 9186433536}
{"step": 1490, "loss": -0.039848435670137405, "examples": 1490, "session_seconds": 1871.088736759004, "peak_vram_bytes": 9186433536}
{"step": 1500, "loss": -0.08122530579566956, "examples": 1500, "session_seconds": 1883.7847675509984, "peak_vram_bytes": 9186433536}
{"step": 1510, "loss": -9.837094694375992e-05, "examples": 1510, "session_seconds": 1896.5732484690016, "peak_vram_bytes": 9186433536}
{"step": 1520, "loss": -0.014731094241142273, "examples": 1520, "session_seconds": 1908.8334902589995, "peak_vram_bytes": 9186433536}
{"step": 1530, "loss": -0.0007084431126713753, "examples": 1530, "session_seconds": 1920.7701649980008, "peak_vram_bytes": 9186433536}
{"step": 1540, "loss": -0.0025892117992043495, "examples": 1540, "session_seconds": 1932.8252678860008, "peak_vram_bytes": 9186433536}
{"step": 1550, "loss": -0.0007634803187102079, "examples": 1550, "session_seconds": 1945.8010268590006, "peak_vram_bytes": 9186433536}
{"step": 1560, "loss": -0.0036568555515259504, "examples": 1560, "session_seconds": 1957.7466075789998, "peak_vram_bytes": 9186433536}
{"step": 1570, "loss": 0.0001375209540128708, "examples": 1570, "session_seconds": 1969.5953330050033, "peak_vram_bytes": 9186433536}
{"step": 1580, "loss": -0.0023772248532623053, "examples": 1580, "session_seconds": 1981.557698397999, "peak_vram_bytes": 9186433536}
{"step": 1590, "loss": 0.10468818247318268, "examples": 1590, "session_seconds": 1994.2501024599987, "peak_vram_bytes": 9186433536}
{"step": 1600, "loss": -0.0021363983396440744, "examples": 1600, "session_seconds": 2007.1596175070008, "peak_vram_bytes": 9186433536}
{"step": 1610, "loss": -0.0034628696739673615, "examples": 1610, "session_seconds": 2020.6422299240003, "peak_vram_bytes": 9186433536}
{"step": 1620, "loss": -0.03222445026040077, "examples": 1620, "session_seconds": 2034.0332145909997, "peak_vram_bytes": 9186433536}
{"step": 1630, "loss": -0.09824974089860916, "examples": 1630, "session_seconds": 2046.5551676120012, "peak_vram_bytes": 9186433536}
{"step": 1640, "loss": 0.05309382081031799, "examples": 1640, "session_seconds": 2059.4061356230013, "peak_vram_bytes": 9186433536}
{"step": 1650, "loss": -0.0033353320322930813, "examples": 1650, "session_seconds": 2072.6878353369975, "peak_vram_bytes": 9186433536}
{"step": 1660, "loss": -0.00046435254625976086, "examples": 1660, "session_seconds": 2085.742981182004, "peak_vram_bytes": 9186433536}
{"step": 1670, "loss": -0.0011467249132692814, "examples": 1670, "session_seconds": 2098.5872214289993, "peak_vram_bytes": 9186433536}
{"step": 1680, "loss": -0.004459959454834461, "examples": 1680, "session_seconds": 2110.543287749999, "peak_vram_bytes": 9186433536}
{"step": 1690, "loss": -0.0032420239876955748, "examples": 1690, "session_seconds": 2122.7905461089977, "peak_vram_bytes": 9186433536}
{"step": 1700, "loss": -0.09835254400968552, "examples": 1700, "session_seconds": 2135.216111542002, "peak_vram_bytes": 9186433536}
{"step": 1710, "loss": -0.005290119908750057, "examples": 1710, "session_seconds": 2147.5295971649975, "peak_vram_bytes": 9186433536}
{"step": 1720, "loss": 0.26334691047668457, "examples": 1720, "session_seconds": 2159.991154246003, "peak_vram_bytes": 9186433536}
{"step": 1730, "loss": -0.013067398220300674, "examples": 1730, "session_seconds": 2171.8586093839986, "peak_vram_bytes": 9186433536}
{"step": 1740, "loss": -0.017892982810735703, "examples": 1740, "session_seconds": 2184.0894705579994, "peak_vram_bytes": 9186433536}
{"step": 1750, "loss": -0.0062509155832231045, "examples": 1750, "session_seconds": 2196.824684018, "peak_vram_bytes": 9186433536}
{"step": 1760, "loss": 0.028560325503349304, "examples": 1760, "session_seconds": 2209.034610059003, "peak_vram_bytes": 9186433536}
{"step": 1770, "loss": -0.013971885666251183, "examples": 1770, "session_seconds": 2220.8925575449975, "peak_vram_bytes": 9186433536}
{"step": 1780, "loss": -0.0036485043819993734, "examples": 1780, "session_seconds": 2232.694836556999, "peak_vram_bytes": 9186433536}
{"step": 1790, "loss": -0.0020105428993701935, "examples": 1790, "session_seconds": 2244.890299753002, "peak_vram_bytes": 9186433536}
{"step": 1800, "loss": -0.0016398951411247253, "examples": 1800, "session_seconds": 2256.8440594540007, "peak_vram_bytes": 9186433536}
{"step": 1810, "loss": -0.005255244672298431, "examples": 1810, "session_seconds": 2269.254431555004, "peak_vram_bytes": 9186433536}
{"step": 1820, "loss": -0.0026194879319518805, "examples": 1820, "session_seconds": 2281.719517846999, "peak_vram_bytes": 9186433536}
{"step": 1830, "loss": -0.01871391199529171, "examples": 1830, "session_seconds": 2294.2514352889993, "peak_vram_bytes": 9186433536}
{"step": 1840, "loss": 0.01751544326543808, "examples": 1840, "session_seconds": 2307.104977847004, "peak_vram_bytes": 9186433536}
{"step": 1850, "loss": -0.003380248788744211, "examples": 1850, "session_seconds": 2319.7808078390008, "peak_vram_bytes": 9186433536}
{"step": 1860, "loss": -0.06863803416490555, "examples": 1860, "session_seconds": 2331.5759654150024, "peak_vram_bytes": 9186433536}
{"step": 1870, "loss": -0.07216992974281311, "examples": 1870, "session_seconds": 2343.533848482002, "peak_vram_bytes": 9186433536}
{"step": 1880, "loss": -0.014811365865170956, "examples": 1880, "session_seconds": 2356.7968454229995, "peak_vram_bytes": 9186433536}
{"step": 1890, "loss": -0.0049255467019975185, "examples": 1890, "session_seconds": 2369.421909224002, "peak_vram_bytes": 9186433536}
{"step": 1900, "loss": -0.00741281732916832, "examples": 1900, "session_seconds": 2382.000864089998, "peak_vram_bytes": 9186433536}
{"step": 1910, "loss": -0.00418622512370348, "examples": 1910, "session_seconds": 2395.9891214320014, "peak_vram_bytes": 9186433536}
{"step": 1920, "loss": 0.012121051549911499, "examples": 1920, "session_seconds": 2408.964315409001, "peak_vram_bytes": 9186433536}
{"step": 1930, "loss": -0.004801394417881966, "examples": 1930, "session_seconds": 2421.7622725719993, "peak_vram_bytes": 9186433536}
{"step": 1940, "loss": -0.0019131118897348642, "examples": 1940, "session_seconds": 2435.105318816997, "peak_vram_bytes": 9186433536}
{"step": 1950, "loss": 0.001663431990891695, "examples": 1950, "session_seconds": 2447.956668589999, "peak_vram_bytes": 9186433536}
{"step": 1960, "loss": 0.0005079824477434158, "examples": 1960, "session_seconds": 2460.446141476001, "peak_vram_bytes": 9186433536}
{"step": 1970, "loss": -0.0015476015396416187, "examples": 1970, "session_seconds": 2473.024217703998, "peak_vram_bytes": 9186433536}
{"step": 1980, "loss": -0.0038560417015105486, "examples": 1980, "session_seconds": 2485.8469448199976, "peak_vram_bytes": 9186433536}
{"step": 1990, "loss": 0.00026726676151156425, "examples": 1990, "session_seconds": 2498.188629876, "peak_vram_bytes": 9186433536}
{"step": 2000, "loss": -0.024574069306254387, "examples": 2000, "session_seconds": 2511.013068746004, "peak_vram_bytes": 9186433536}
{"step": 2010, "loss": -0.0010537593625485897, "examples": 2010, "session_seconds": 2523.5703742530022, "peak_vram_bytes": 9186433536}
{"step": 2020, "loss": -0.0020671822130680084, "examples": 2020, "session_seconds": 2535.3870384160036, "peak_vram_bytes": 9186433536}
{"step": 2030, "loss": 0.0010418519377708435, "examples": 2030, "session_seconds": 2547.3435852570037, "peak_vram_bytes": 9186433536}
{"step": 2040, "loss": 0.0007972065359354019, "examples": 2040, "session_seconds": 2559.3686984919987, "peak_vram_bytes": 9186433536}
{"step": 2050, "loss": -0.0009515294805169106, "examples": 2050, "session_seconds": 2571.184333145, "peak_vram_bytes": 9186433536}
{"step": 2060, "loss": 0.7190637588500977, "examples": 2060, "session_seconds": 2583.0187738000022, "peak_vram_bytes": 9186433536}
{"step": 2070, "loss": 0.7543761134147644, "examples": 2070, "session_seconds": 2595.2548514750015, "peak_vram_bytes": 9186433536}
{"step": 2080, "loss": -0.0037669893354177475, "examples": 2080, "session_seconds": 2607.120039592999, "peak_vram_bytes": 9186433536}
{"step": 2090, "loss": -0.017183812335133553, "examples": 2090, "session_seconds": 2618.916181073, "peak_vram_bytes": 9186433536}
{"step": 2100, "loss": -0.001845866208896041, "examples": 2100, "session_seconds": 2630.7768674980034, "peak_vram_bytes": 9186433536}
{"step": 2110, "loss": 0.1550455093383789, "examples": 2110, "session_seconds": 2643.763173981002, "peak_vram_bytes": 9186433536}
{"step": 2120, "loss": -0.033512141555547714, "examples": 2120, "session_seconds": 2656.574867094998, "peak_vram_bytes": 9186433536}
{"step": 2130, "loss": -0.004043756052851677, "examples": 2130, "session_seconds": 2669.5301687859974, "peak_vram_bytes": 9186433536}
{"step": 2140, "loss": -0.005226310342550278, "examples": 2140, "session_seconds": 2682.352701871001, "peak_vram_bytes": 9186433536}
{"step": 2150, "loss": -0.004674921743571758, "examples": 2150, "session_seconds": 2694.864166774998, "peak_vram_bytes": 9186433536}
{"step": 2160, "loss": -0.01864992268383503, "examples": 2160, "session_seconds": 2707.4075149519995, "peak_vram_bytes": 9186433536}
{"step": 2170, "loss": 0.005307093262672424, "examples": 2170, "session_seconds": 2720.406065666997, "peak_vram_bytes": 9186433536}
{"step": 2180, "loss": -0.0023638135753571987, "examples": 2180, "session_seconds": 2733.1737892029996, "peak_vram_bytes": 9186433536}
{"step": 2190, "loss": -0.014892030507326126, "examples": 2190, "session_seconds": 2745.6150321940004, "peak_vram_bytes": 9186433536}
{"step": 2200, "loss": -0.011245200410485268, "examples": 2200, "session_seconds": 2758.079527162001, "peak_vram_bytes": 9186433536}
{"step": 2210, "loss": -0.6727721095085144, "examples": 2210, "session_seconds": 2771.1752548290024, "peak_vram_bytes": 9186433536}
{"step": 2220, "loss": -0.03407793492078781, "examples": 2220, "session_seconds": 2783.2175753050033, "peak_vram_bytes": 9186433536}
{"step": 2230, "loss": -0.0008894298225641251, "examples": 2230, "session_seconds": 2795.697300079999, "peak_vram_bytes": 9186433536}
{"step": 2240, "loss": -0.027107566595077515, "examples": 2240, "session_seconds": 2808.326554115003, "peak_vram_bytes": 9186433536}
{"step": 2250, "loss": -0.011388368904590607, "examples": 2250, "session_seconds": 2820.9828201940036, "peak_vram_bytes": 9186433536}
{"step": 2260, "loss": -0.07833382487297058, "examples": 2260, "session_seconds": 2833.381139504003, "peak_vram_bytes": 9186433536}
{"step": 2270, "loss": -0.0018410421907901764, "examples": 2270, "session_seconds": 2845.270674694002, "peak_vram_bytes": 9186433536}
{"step": 2280, "loss": 0.05352593958377838, "examples": 2280, "session_seconds": 2857.175268266001, "peak_vram_bytes": 9186433536}
{"step": 2290, "loss": -0.005279953591525555, "examples": 2290, "session_seconds": 2868.996908646004, "peak_vram_bytes": 9186433536}
{"step": 2300, "loss": -0.0017246388597413898, "examples": 2300, "session_seconds": 2881.0489238299997, "peak_vram_bytes": 9186433536}
{"step": 2310, "loss": -0.01060603279620409, "examples": 2310, "session_seconds": 2893.7674101910015, "peak_vram_bytes": 9186433536}
{"step": 2320, "loss": -0.0028136554174125195, "examples": 2320, "session_seconds": 2906.1060263730033, "peak_vram_bytes": 9186433536}
{"step": 2330, "loss": 0.061268553137779236, "examples": 2330, "session_seconds": 2918.2707012980027, "peak_vram_bytes": 9186433536}
{"step": 2340, "loss": -0.00447209132835269, "examples": 2340, "session_seconds": 2930.2243264360004, "peak_vram_bytes": 9186433536}
{"step": 2350, "loss": -0.49235668778419495, "examples": 2350, "session_seconds": 2942.2297305760003, "peak_vram_bytes": 9186433536}
{"step": 2360, "loss": -0.02283428981900215, "examples": 2360, "session_seconds": 2954.3772643539996, "peak_vram_bytes": 9186433536}
{"step": 2370, "loss": -0.004286730196326971, "examples": 2370, "session_seconds": 2966.294174116003, "peak_vram_bytes": 9186433536}
{"step": 2380, "loss": -0.07803905010223389, "examples": 2380, "session_seconds": 2978.286295138001, "peak_vram_bytes": 9186433536}
{"step": 2390, "loss": -0.00101694674231112, "examples": 2390, "session_seconds": 2990.6374037330024, "peak_vram_bytes": 9186433536}
{"step": 2400, "loss": 0.01531146839261055, "examples": 2400, "session_seconds": 3002.667119452999, "peak_vram_bytes": 9186433536}
{"step": 2410, "loss": -0.004419047385454178, "examples": 2410, "session_seconds": 3015.184951686002, "peak_vram_bytes": 9186433536}
{"step": 2420, "loss": -0.0003600900527089834, "examples": 2420, "session_seconds": 3028.215845742001, "peak_vram_bytes": 9186433536}
{"step": 2430, "loss": -0.27542680501937866, "examples": 2430, "session_seconds": 3040.0427630300037, "peak_vram_bytes": 9186433536}
{"step": 2440, "loss": 0.06439859420061111, "examples": 2440, "session_seconds": 3051.8903346900042, "peak_vram_bytes": 9186433536}
{"step": 2450, "loss": -0.028515666723251343, "examples": 2450, "session_seconds": 3063.8435584219988, "peak_vram_bytes": 9186433536}
{"step": 2460, "loss": 5.0212256610393524e-05, "examples": 2460, "session_seconds": 3077.2828307719974, "peak_vram_bytes": 9186433536}
{"step": 2470, "loss": 0.2009134590625763, "examples": 2470, "session_seconds": 3089.285116143001, "peak_vram_bytes": 9186433536}
{"step": 2480, "loss": -0.04228559508919716, "examples": 2480, "session_seconds": 3101.6207830429994, "peak_vram_bytes": 9186433536}
{"step": 2490, "loss": -0.0033733793534338474, "examples": 2490, "session_seconds": 3114.0821589589978, "peak_vram_bytes": 9186433536}
{"step": 2500, "loss": 0.4478566646575928, "examples": 2500, "session_seconds": 3125.943792846003, "peak_vram_bytes": 9186433536}
{"step": 2510, "loss": -0.0013455660082399845, "examples": 2510, "session_seconds": 3138.451194795998, "peak_vram_bytes": 9186433536}
{"step": 2520, "loss": -0.006611807271838188, "examples": 2520, "session_seconds": 3150.469827296998, "peak_vram_bytes": 9186433536}
{"step": 2530, "loss": -0.002286053728312254, "examples": 2530, "session_seconds": 3162.7807610419986, "peak_vram_bytes": 9186433536}
{"step": 2540, "loss": -0.0020129545591771603, "examples": 2540, "session_seconds": 3175.1036852670004, "peak_vram_bytes": 9186433536}
{"step": 2550, "loss": -0.0014489858876913786, "examples": 2550, "session_seconds": 3187.142885637004, "peak_vram_bytes": 9186433536}
{"step": 2560, "loss": -0.010531201958656311, "examples": 2560, "session_seconds": 3199.4752543529976, "peak_vram_bytes": 9186433536}
{"step": 2570, "loss": -0.13835680484771729, "examples": 2570, "session_seconds": 3211.6810912650035, "peak_vram_bytes": 9186433536}
{"step": 2580, "loss": -0.0018421187996864319, "examples": 2580, "session_seconds": 3223.684812735002, "peak_vram_bytes": 9186433536}
{"step": 2590, "loss": -0.013453913852572441, "examples": 2590, "session_seconds": 3236.2167080220024, "peak_vram_bytes": 9186433536}
{"step": 2600, "loss": -0.005281126592308283, "examples": 2600, "session_seconds": 3249.120728989001, "peak_vram_bytes": 9186433536}
{"step": 2610, "loss": -0.010917143896222115, "examples": 2610, "session_seconds": 3262.0171014119987, "peak_vram_bytes": 9186433536}
{"step": 2620, "loss": -0.008314262144267559, "examples": 2620, "session_seconds": 3275.244226503004, "peak_vram_bytes": 9186433536}
{"step": 2630, "loss": -0.0011455065105110407, "examples": 2630, "session_seconds": 3287.5602243480025, "peak_vram_bytes": 9186433536}
{"step": 2640, "loss": -0.0043722656555473804, "examples": 2640, "session_seconds": 3300.723643764002, "peak_vram_bytes": 9186433536}
{"step": 2650, "loss": -0.001809768844395876, "examples": 2650, "session_seconds": 3313.3285333079984, "peak_vram_bytes": 9186433536}
{"step": 2660, "loss": -0.0769256129860878, "examples": 2660, "session_seconds": 3326.5772188019982, "peak_vram_bytes": 9186433536}
{"step": 2670, "loss": 0.2946253716945648, "examples": 2670, "session_seconds": 3339.4347767080035, "peak_vram_bytes": 9190478336}
{"step": 2680, "loss": -0.0013620504178106785, "examples": 2680, "session_seconds": 3351.842435286999, "peak_vram_bytes": 9190478336}
{"step": 2690, "loss": 0.0014873966574668884, "examples": 2690, "session_seconds": 3363.9761179310008, "peak_vram_bytes": 9190478336}
{"step": 2700, "loss": -0.001652576494961977, "examples": 2700, "session_seconds": 3375.867108471997, "peak_vram_bytes": 9190478336}
{"step": 2710, "loss": -0.005317043513059616, "examples": 2710, "session_seconds": 3388.220303013004, "peak_vram_bytes": 9190478336}
{"step": 2720, "loss": -0.0046075377613306046, "examples": 2720, "session_seconds": 3400.4245756070013, "peak_vram_bytes": 9190478336}
{"step": 2730, "loss": -0.0009785706643015146, "examples": 2730, "session_seconds": 3412.407783253999, "peak_vram_bytes": 9190478336}
{"step": 2740, "loss": -0.0022000796161592007, "examples": 2740, "session_seconds": 3424.345124457999, "peak_vram_bytes": 9190478336}
{"step": 2750, "loss": -0.0011588174384087324, "examples": 2750, "session_seconds": 3436.2001620849987, "peak_vram_bytes": 9190478336}
{"step": 2760, "loss": -0.034814633429050446, "examples": 2760, "session_seconds": 3448.303918122998, "peak_vram_bytes": 9190478336}
{"step": 2770, "loss": -0.0187089666724205, "examples": 2770, "session_seconds": 3460.184619739004, "peak_vram_bytes": 9190478336}
{"step": 2780, "loss": -0.0019296235404908657, "examples": 2780, "session_seconds": 3472.0705687880036, "peak_vram_bytes": 9190478336}
{"step": 2790, "loss": -0.00029767956584692, "examples": 2790, "session_seconds": 3484.251349817998, "peak_vram_bytes": 9190478336}
{"step": 2800, "loss": -0.014365680515766144, "examples": 2800, "session_seconds": 3496.1678890429976, "peak_vram_bytes": 9190478336}
{"step": 2810, "loss": -0.006823371630162001, "examples": 2810, "session_seconds": 3508.7746741209994, "peak_vram_bytes": 9190478336}
{"step": 2820, "loss": -0.001849668100476265, "examples": 2820, "session_seconds": 3521.720586659998, "peak_vram_bytes": 9190478336}
{"step": 2830, "loss": -0.009587077423930168, "examples": 2830, "session_seconds": 3533.859398184002, "peak_vram_bytes": 9190478336}
{"step": 2840, "loss": -0.020825926214456558, "examples": 2840, "session_seconds": 3545.788321576001, "peak_vram_bytes": 9190478336}
{"step": 2850, "loss": -0.0032278033904731274, "examples": 2850, "session_seconds": 3557.8970820780014, "peak_vram_bytes": 9190478336}
{"step": 2860, "loss": -0.0036159539595246315, "examples": 2860, "session_seconds": 3569.8698564959996, "peak_vram_bytes": 9190478336}
{"step": 2870, "loss": -0.014144845306873322, "examples": 2870, "session_seconds": 3581.9246183299983, "peak_vram_bytes": 9190478336}
{"step": 2880, "loss": -0.0034644242841750383, "examples": 2880, "session_seconds": 3594.114297148997, "peak_vram_bytes": 9190478336}
{"step": 2890, "loss": 0.008564868941903114, "examples": 2890, "session_seconds": 3606.001233928, "peak_vram_bytes": 9190478336}
{"step": 2900, "loss": 0.16677719354629517, "examples": 2900, "session_seconds": 3618.1474015280037, "peak_vram_bytes": 9190478336}
{"step": 2910, "loss": 0.0005624936893582344, "examples": 2910, "session_seconds": 3632.032234913, "peak_vram_bytes": 9190478336}
{"step": 2920, "loss": -0.0006419522687792778, "examples": 2920, "session_seconds": 3644.478283149001, "peak_vram_bytes": 9190478336}
{"step": 2930, "loss": -0.0013417494483292103, "examples": 2930, "session_seconds": 3656.7975870090013, "peak_vram_bytes": 9190478336}
{"step": 2940, "loss": -0.01854318007826805, "examples": 2940, "session_seconds": 3669.743541431999, "peak_vram_bytes": 9190478336}
{"step": 2950, "loss": -0.004909517243504524, "examples": 2950, "session_seconds": 3681.6688474990005, "peak_vram_bytes": 9190478336}
{"step": 2960, "loss": -0.016047440469264984, "examples": 2960, "session_seconds": 3693.7840276139978, "peak_vram_bytes": 9190478336}
{"step": 2970, "loss": -0.003257626434788108, "examples": 2970, "session_seconds": 3706.8456280840037, "peak_vram_bytes": 9190478336}
{"step": 2980, "loss": -0.0003115423023700714, "examples": 2980, "session_seconds": 3719.143968103999, "peak_vram_bytes": 9190478336}
{"step": 2990, "loss": -0.0025418251752853394, "examples": 2990, "session_seconds": 3731.706339659999, "peak_vram_bytes": 9190478336}
{"step": 3000, "loss": -0.0071899425238370895, "examples": 3000, "session_seconds": 3744.0559599059998, "peak_vram_bytes": 9190478336}
{"step": 3010, "loss": -0.002196019748225808, "examples": 3010, "session_seconds": 3756.848145943004, "peak_vram_bytes": 9190478336}
{"step": 3020, "loss": -0.0019689793698489666, "examples": 3020, "session_seconds": 3768.9408222870043, "peak_vram_bytes": 9190478336}
{"step": 3030, "loss": -0.0023518973030149937, "examples": 3030, "session_seconds": 3780.7481837130035, "peak_vram_bytes": 9190478336}
{"step": 3040, "loss": -0.0023723857011646032, "examples": 3040, "session_seconds": 3793.098257071004, "peak_vram_bytes": 9190478336}
{"step": 3050, "loss": 0.0024932334199547768, "examples": 3050, "session_seconds": 3805.8991680140025, "peak_vram_bytes": 9190478336}
{"step": 3060, "loss": -0.0012365244328975677, "examples": 3060, "session_seconds": 3818.590049577004, "peak_vram_bytes": 9190478336}
{"step": 3070, "loss": -0.0015177227323874831, "examples": 3070, "session_seconds": 3830.809096224999, "peak_vram_bytes": 9190478336}
{"step": 3080, "loss": -0.0026038275100290775, "examples": 3080, "session_seconds": 3842.663139297001, "peak_vram_bytes": 9190478336}
{"step": 3090, "loss": -0.013181682676076889, "examples": 3090, "session_seconds": 3854.5292605740033, "peak_vram_bytes": 9190478336}
{"step": 3100, "loss": -0.0025183241814374924, "examples": 3100, "session_seconds": 3867.306034715002, "peak_vram_bytes": 9190478336}
{"step": 3110, "loss": -0.07399744540452957, "examples": 3110, "session_seconds": 3880.1999759280006, "peak_vram_bytes": 9190478336}
{"step": 3120, "loss": 0.007148719392716885, "examples": 3120, "session_seconds": 3892.397215361001, "peak_vram_bytes": 9190478336}
{"step": 3130, "loss": -0.0002361927181482315, "examples": 3130, "session_seconds": 3905.0237459790005, "peak_vram_bytes": 9190478336}
{"step": 3140, "loss": -0.002662902232259512, "examples": 3140, "session_seconds": 3917.186863920004, "peak_vram_bytes": 9190478336}
{"step": 3150, "loss": -0.007396260276436806, "examples": 3150, "session_seconds": 3929.0391767289984, "peak_vram_bytes": 9190478336}
{"step": 3160, "loss": 0.040013305842876434, "examples": 3160, "session_seconds": 3941.0557759250005, "peak_vram_bytes": 9190478336}
{"step": 3170, "loss": -0.03437905013561249, "examples": 3170, "session_seconds": 3953.1202765760027, "peak_vram_bytes": 9190478336}
{"step": 3180, "loss": -0.06410612165927887, "examples": 3180, "session_seconds": 3965.691303918, "peak_vram_bytes": 9190478336}
{"step": 3190, "loss": 0.00021634763106703758, "examples": 3190, "session_seconds": 3978.371611126, "peak_vram_bytes": 9190478336}
{"step": 3200, "loss": 0.00962546281516552, "examples": 3200, "session_seconds": 3990.860468040002, "peak_vram_bytes": 9190478336}
{"step": 3210, "loss": -0.0008327041286975145, "examples": 3210, "session_seconds": 4003.648258332003, "peak_vram_bytes": 9190478336}
{"step": 3220, "loss": -0.009093597531318665, "examples": 3220, "session_seconds": 4016.169045980998, "peak_vram_bytes": 9190478336}
{"step": 3230, "loss": -0.12687507271766663, "examples": 3230, "session_seconds": 4028.3802801130005, "peak_vram_bytes": 9190478336}
{"step": 3240, "loss": 0.011929161846637726, "examples": 3240, "session_seconds": 4040.3803231530037, "peak_vram_bytes": 9190478336}
{"step": 3250, "loss": -0.0001771189272403717, "examples": 3250, "session_seconds": 4052.57879195, "peak_vram_bytes": 9190478336}
{"step": 3260, "loss": -0.0862313061952591, "examples": 3260, "session_seconds": 4064.5862267159973, "peak_vram_bytes": 9190478336}
{"step": 3270, "loss": -0.0003131791017949581, "examples": 3270, "session_seconds": 4077.714766559002, "peak_vram_bytes": 9190478336}
{"step": 3280, "loss": 0.10109969973564148, "examples": 3280, "session_seconds": 4089.8433259669982, "peak_vram_bytes": 9190478336}
{"step": 3290, "loss": 0.2744882106781006, "examples": 3290, "session_seconds": 4101.958263982, "peak_vram_bytes": 9190478336}
{"step": 3300, "loss": 0.003989247605204582, "examples": 3300, "session_seconds": 4114.841488944003, "peak_vram_bytes": 9190478336}
{"step": 3310, "loss": 0.1578470915555954, "examples": 3310, "session_seconds": 4127.469126126998, "peak_vram_bytes": 9190478336}
{"step": 3320, "loss": -0.006052701734006405, "examples": 3320, "session_seconds": 4139.598619242999, "peak_vram_bytes": 9190478336}
{"step": 3330, "loss": -0.07355250418186188, "examples": 3330, "session_seconds": 4151.948017898001, "peak_vram_bytes": 9190478336}
{"step": 3340, "loss": -0.00031530624255537987, "examples": 3340, "session_seconds": 4164.019962946004, "peak_vram_bytes": 9190478336}
{"step": 3350, "loss": -0.014278492890298367, "examples": 3350, "session_seconds": 4176.214681379002, "peak_vram_bytes": 9190478336}
{"step": 3360, "loss": -0.0010159311350435019, "examples": 3360, "session_seconds": 4189.797767852004, "peak_vram_bytes": 9190478336}
{"step": 3370, "loss": -0.0015742846298962831, "examples": 3370, "session_seconds": 4202.305343919004, "peak_vram_bytes": 9190478336}
{"step": 3380, "loss": -0.002667705062776804, "examples": 3380, "session_seconds": 4214.838299670002, "peak_vram_bytes": 9190478336}
{"step": 3390, "loss": -0.0025500215124338865, "examples": 3390, "session_seconds": 4227.869025699998, "peak_vram_bytes": 9190478336}
{"step": 3400, "loss": -0.0021757842041552067, "examples": 3400, "session_seconds": 4240.025174267001, "peak_vram_bytes": 9190478336}
{"step": 3410, "loss": -0.0010095983743667603, "examples": 3410, "session_seconds": 4252.853681127002, "peak_vram_bytes": 9190478336}
{"step": 3420, "loss": 0.0017422279343008995, "examples": 3420, "session_seconds": 4265.446426187998, "peak_vram_bytes": 9190478336}
{"step": 3430, "loss": -0.0015897629782557487, "examples": 3430, "session_seconds": 4278.566430284001, "peak_vram_bytes": 9190478336}
{"step": 3440, "loss": -0.0015066240448504686, "examples": 3440, "session_seconds": 4290.7345224200035, "peak_vram_bytes": 9190478336}
{"step": 3450, "loss": -0.011485250666737556, "examples": 3450, "session_seconds": 4302.889930404999, "peak_vram_bytes": 9190478336}
{"step": 3460, "loss": -0.002378602512180805, "examples": 3460, "session_seconds": 4315.655176524, "peak_vram_bytes": 9190478336}
{"step": 3470, "loss": -0.0009925458580255508, "examples": 3470, "session_seconds": 4328.109471675998, "peak_vram_bytes": 9190478336}
{"step": 3480, "loss": -0.0019580256193876266, "examples": 3480, "session_seconds": 4340.7338165440015, "peak_vram_bytes": 9190478336}
{"step": 3490, "loss": 0.0005369344726204872, "examples": 3490, "session_seconds": 4354.303547689, "peak_vram_bytes": 9190478336}
{"step": 3500, "loss": -0.10365726798772812, "examples": 3500, "session_seconds": 4366.679002996003, "peak_vram_bytes": 9190478336}
{"step": 3510, "loss": 0.0012753456830978394, "examples": 3510, "session_seconds": 4379.251668094999, "peak_vram_bytes": 9190478336}
{"step": 3520, "loss": 0.0009334124624729156, "examples": 3520, "session_seconds": 4391.536732127999, "peak_vram_bytes": 9190478336}
{"step": 3530, "loss": 0.43084216117858887, "examples": 3530, "session_seconds": 4403.510561233001, "peak_vram_bytes": 9190478336}
{"step": 3540, "loss": -0.07715405523777008, "examples": 3540, "session_seconds": 4415.484218570004, "peak_vram_bytes": 9190478336}
{"step": 3550, "loss": 0.33968526124954224, "examples": 3550, "session_seconds": 4427.622993554003, "peak_vram_bytes": 9190478336}
{"step": 3560, "loss": -0.02128455974161625, "examples": 3560, "session_seconds": 4439.543749334, "peak_vram_bytes": 9190478336}
{"step": 3570, "loss": -0.009188257157802582, "examples": 3570, "session_seconds": 4451.412678020999, "peak_vram_bytes": 9190478336}
{"step": 3580, "loss": -0.001745003741234541, "examples": 3580, "session_seconds": 4463.331116449001, "peak_vram_bytes": 9190478336}
{"step": 3590, "loss": 0.01760873943567276, "examples": 3590, "session_seconds": 4475.482549762004, "peak_vram_bytes": 9190478336}
{"step": 3600, "loss": -0.00539446622133255, "examples": 3600, "session_seconds": 4487.3388539299995, "peak_vram_bytes": 9190478336}
{"step": 3610, "loss": -0.11313052475452423, "examples": 3610, "session_seconds": 4499.739131622999, "peak_vram_bytes": 9190478336}
{"step": 3620, "loss": 0.016807980835437775, "examples": 3620, "session_seconds": 4511.765672349, "peak_vram_bytes": 9190478336}
{"step": 3630, "loss": -0.0014368570409715176, "examples": 3630, "session_seconds": 4524.106401335004, "peak_vram_bytes": 9190478336}
{"step": 3640, "loss": 0.001278984360396862, "examples": 3640, "session_seconds": 4537.080188936001, "peak_vram_bytes": 9190478336}
{"step": 3650, "loss": 0.0002859969390556216, "examples": 3650, "session_seconds": 4550.061066029004, "peak_vram_bytes": 9190478336}
{"step": 3660, "loss": -0.0011293623829260468, "examples": 3660, "session_seconds": 4562.033614922999, "peak_vram_bytes": 9190478336}
{"step": 3670, "loss": 0.00188155984506011, "examples": 3670, "session_seconds": 4574.193789320998, "peak_vram_bytes": 9190478336}
{"step": 3680, "loss": 0.15253520011901855, "examples": 3680, "session_seconds": 4586.888354333998, "peak_vram_bytes": 9190478336}
{"step": 3690, "loss": -0.014271833002567291, "examples": 3690, "session_seconds": 4599.107982243004, "peak_vram_bytes": 9190478336}
{"step": 3700, "loss": -0.04069994390010834, "examples": 3700, "session_seconds": 4611.048217463998, "peak_vram_bytes": 9190478336}
{"step": 3710, "loss": -0.0405096709728241, "examples": 3710, "session_seconds": 4623.476257677001, "peak_vram_bytes": 9190478336}
{"step": 3720, "loss": 0.02985958755016327, "examples": 3720, "session_seconds": 4635.608011673001, "peak_vram_bytes": 9190478336}
{"step": 3730, "loss": 0.011642398312687874, "examples": 3730, "session_seconds": 4647.412593688998, "peak_vram_bytes": 9190478336}
{"step": 3740, "loss": -0.00266672158613801, "examples": 3740, "session_seconds": 4659.297153446998, "peak_vram_bytes": 9190478336}
{"step": 3750, "loss": -0.0024100900627672672, "examples": 3750, "session_seconds": 4671.418022320002, "peak_vram_bytes": 9190478336}
{"step": 3760, "loss": -0.001496031996794045, "examples": 3760, "session_seconds": 4683.257522443004, "peak_vram_bytes": 9190478336}
{"step": 3770, "loss": -0.0002365808468312025, "examples": 3770, "session_seconds": 4695.558216985999, "peak_vram_bytes": 9190478336}
{"step": 3780, "loss": 0.0006399117410182953, "examples": 3780, "session_seconds": 4708.635751102003, "peak_vram_bytes": 9190478336}
{"step": 3790, "loss": -0.021651163697242737, "examples": 3790, "session_seconds": 4721.030158079004, "peak_vram_bytes": 9190478336}
{"step": 3800, "loss": 0.003982597962021828, "examples": 3800, "session_seconds": 4732.970406257002, "peak_vram_bytes": 9190478336}
{"step": 3810, "loss": -0.0003460613079369068, "examples": 3810, "session_seconds": 4745.387073743004, "peak_vram_bytes": 9190478336}
{"step": 3820, "loss": -0.0036044903099536896, "examples": 3820, "session_seconds": 4757.5245381170025, "peak_vram_bytes": 9190478336}
{"step": 3830, "loss": -0.000916525605134666, "examples": 3830, "session_seconds": 4769.364538282003, "peak_vram_bytes": 9190478336}
{"step": 3840, "loss": -0.0013541782973334193, "examples": 3840, "session_seconds": 4781.203639209998, "peak_vram_bytes": 9190478336}
{"step": 3850, "loss": 0.0013756011612713337, "examples": 3850, "session_seconds": 4793.346852823997, "peak_vram_bytes": 9190478336}
{"step": 3860, "loss": 0.006375454366207123, "examples": 3860, "session_seconds": 4805.29741608, "peak_vram_bytes": 9190478336}
{"step": 3870, "loss": 0.0017019014339894056, "examples": 3870, "session_seconds": 4817.087041368999, "peak_vram_bytes": 9190478336}
{"step": 3880, "loss": -0.001943613518960774, "examples": 3880, "session_seconds": 4829.692857925002, "peak_vram_bytes": 9190478336}
{"step": 3890, "loss": 0.0014915552455931902, "examples": 3890, "session_seconds": 4842.119273354998, "peak_vram_bytes": 9190478336}
{"step": 3900, "loss": -0.003913513384759426, "examples": 3900, "session_seconds": 4855.375145673999, "peak_vram_bytes": 9190478336}
{"step": 3910, "loss": -0.043628863990306854, "examples": 3910, "session_seconds": 4869.077337187999, "peak_vram_bytes": 9190478336}
{"step": 3920, "loss": 0.0009294943884015083, "examples": 3920, "session_seconds": 4881.754563421004, "peak_vram_bytes": 9190478336}
{"step": 3930, "loss": -0.002360370010137558, "examples": 3930, "session_seconds": 4894.241458174998, "peak_vram_bytes": 9190478336}
{"step": 3940, "loss": -0.00033577345311641693, "examples": 3940, "session_seconds": 4907.012459117999, "peak_vram_bytes": 9190478336}
{"step": 3950, "loss": -0.0006378050893545151, "examples": 3950, "session_seconds": 4919.854819603002, "peak_vram_bytes": 9190478336}
{"step": 3960, "loss": -0.01011660136282444, "examples": 3960, "session_seconds": 4932.501878071998, "peak_vram_bytes": 9190478336}
{"step": 3970, "loss": -0.004139171913266182, "examples": 3970, "session_seconds": 4945.3571626289995, "peak_vram_bytes": 9190478336}
{"step": 3980, "loss": -0.0010922779329121113, "examples": 3980, "session_seconds": 4958.002662635998, "peak_vram_bytes": 9190478336}
{"step": 3990, "loss": -0.0005296343006193638, "examples": 3990, "session_seconds": 4970.522255750002, "peak_vram_bytes": 9190478336}
{"step": 4000, "loss": -0.002678162418305874, "examples": 4000, "session_seconds": 4982.647687099998, "peak_vram_bytes": 9190478336}
wandb: 
wandb: Run history:
wandb:        examples ▁▁▁▁▂▂▂▂▂▃▃▃▃▃▃▄▄▄▄▄▅▅▅▅▅▆▆▆▆▆▆▆▆▇▇▇▇▇██
wandb:            loss ▂▂▂▂▂▂▂▂▂▂▂▂▂▃▂▂▁▂▂▂▂▃█▂▂▂▂▂▂▂▂▂▂▂▂▂▂▂▂▂
wandb: peak_vram_bytes ▁▁▁▂▂▃▃▃▃▃▅▅▅▅▅▅▅▅▅▅▅▅▅▅▅▅▅▅▅▅██████████
wandb: session_seconds ▁▁▁▁▂▂▂▂▃▃▃▃▃▃▃▄▄▄▄▄▅▅▅▅▅▆▆▆▆▆▇▇▇▇██████
wandb:            step ▁▁▁▁▁▁▂▂▂▂▂▃▃▃▃▃▃▄▄▄▅▅▅▅▅▆▆▆▆▆▆▆▇▇▇▇████
wandb: 
wandb: Run summary:
wandb:        examples 4000
wandb:            loss -0.00268
wandb: peak_vram_bytes 9190478336
wandb: session_seconds 4982.64769
wandb:            step 4000
wandb: 
wandb: You can sync this run to the cloud by running:
wandb: wandb sync artifacts/longer-v1/4b/main/seed-11/sampled/tracking/wandb/offline-run-20261004_232016-u4fmcugi
wandb: Find logs at: artifacts/longer-v1/4b/main/seed-11/sampled/tracking/wandb/offline-run-20261004_232016-u4fmcugi/logs
{"artifact": "artifacts/longer-v1/4b/main/seed-11/sampled/artifact", "elapsed_seconds": 4983.102937670999}
