
{"utc": "2026-10-05T03:59:51.360513+00:00", "command": ["-m", "myjev.train", "--config", "results/longer-v1/0.8b/main/seed-11/sampled/config.json", "--data", "data/banking77/train.jsonl", "--output", "artifacts/longer-v1/0.8b/main/seed-11/sampled", "--method", "sampled", "--seed", "11", "--initial", "artifacts/longer-v1/0.8b/main/seed-11/sft/artifact"]}
Loading weights:   0%|          | 0/320 [00:00<?, ?it/s]Loading weights: 100%|██████████| 320/320 [00:00<00:00, 4165.81it/s]
wandb: Tracking run with wandb version 0.30.0
wandb: W&B syncing is set to `offline` in this directory. Run `wandb online` or set WANDB_MODE=online to enable cloud syncing.
wandb: Run data is saved locally in artifacts/longer-v1/0.8b/main/seed-11/sampled/tracking/wandb/offline-run-20261004_210002-h497qiw1
wandb: View this run in the terminal with `wandb leet`
[transformers] `causal_conv1d_fn` is falling back to its reference PyTorch implementation because `causal_conv1d` is not installed. This is correct but much slower; install `causal_conv1d` for the optimized kernel.
[transformers] `chunk_gated_delta_rule` is falling back to its reference PyTorch implementation because `flash-linear-attention` is not installed. This is correct but much slower; install `flash-linear-attention` for the optimized kernel.
{"step": 10, "loss": 0.0, "examples": 10, "session_seconds": 9.803325606000726, "peak_vram_bytes": 1820661248}
{"step": 20, "loss": 0.0, "examples": 20, "session_seconds": 18.0428627959991, "peak_vram_bytes": 1828050432}
{"step": 30, "loss": 0.007709725759923458, "examples": 30, "session_seconds": 26.219450113996572, "peak_vram_bytes": 1828050432}
{"step": 40, "loss": -3.887648124430154e-14, "examples": 40, "session_seconds": 34.4721043479949, "peak_vram_bytes": 1828720128}
{"step": 50, "loss": 0.0, "examples": 50, "session_seconds": 42.64322795499902, "peak_vram_bytes": 1828720128}
{"step": 60, "loss": 1.2565262198782623e-11, "examples": 60, "session_seconds": 50.76425505899533, "peak_vram_bytes": 1828720128}
{"step": 70, "loss": -0.007187058217823505, "examples": 70, "session_seconds": 58.969162449997384, "peak_vram_bytes": 1828720128}
{"step": 80, "loss": 0.0, "examples": 80, "session_seconds": 67.45796154299751, "peak_vram_bytes": 1829758464}
{"step": 90, "loss": -0.007487531751394272, "examples": 90, "session_seconds": 76.41782624399639, "peak_vram_bytes": 1829758464}
{"step": 100, "loss": -3.422347473163302e-15, "examples": 100, "session_seconds": 84.75766318800015, "peak_vram_bytes": 1829758464}
Warning: You are sending unauthenticated requests to the HF Hub. Please set a HF_TOKEN to enable higher rate limits and faster downloads.
{"step": 110, "loss": 1.7188416488733704e-12, "examples": 110, "session_seconds": 94.55293096399691, "peak_vram_bytes": 1829758464}
{"step": 120, "loss": -0.07553205639123917, "examples": 120, "session_seconds": 103.90787745000125, "peak_vram_bytes": 1829758464}
{"step": 130, "loss": -6.8039602848601975e-15, "examples": 130, "session_seconds": 112.87875152999914, "peak_vram_bytes": 1829758464}
{"step": 140, "loss": -3.71581961367321e-15, "examples": 140, "session_seconds": 121.17714652200084, "peak_vram_bytes": 1829758464}
{"step": 150, "loss": 0.0, "examples": 150, "session_seconds": 129.41433620099997, "peak_vram_bytes": 1829758464}
{"step": 160, "loss": 0.0, "examples": 160, "session_seconds": 137.62798020699847, "peak_vram_bytes": 1829910528}
{"step": 170, "loss": -2.061034109763875e-14, "examples": 170, "session_seconds": 145.8488070530002, "peak_vram_bytes": 1829910528}
{"step": 180, "loss": -0.06330687552690506, "examples": 180, "session_seconds": 154.05439687799662, "peak_vram_bytes": 1829910528}
{"step": 190, "loss": -2.745479421605891e-15, "examples": 190, "session_seconds": 162.1907483449977, "peak_vram_bytes": 1829910528}
{"step": 200, "loss": -3.063937551752143e-15, "examples": 200, "session_seconds": 170.31322624099994, "peak_vram_bytes": 1829910528}
{"step": 210, "loss": -9.157546953814794e-14, "examples": 210, "session_seconds": 178.81154229200183, "peak_vram_bytes": 1829910528}
{"step": 220, "loss": -7.300368941092969e-14, "examples": 220, "session_seconds": 186.98669925599825, "peak_vram_bytes": 1830486016}
{"step": 230, "loss": -2.7860543326584455e-14, "examples": 230, "session_seconds": 195.28441570999712, "peak_vram_bytes": 1830486016}
{"step": 240, "loss": 0.0, "examples": 240, "session_seconds": 203.6180944660009, "peak_vram_bytes": 1830486016}
{"step": 250, "loss": 0.0, "examples": 250, "session_seconds": 211.92311697699915, "peak_vram_bytes": 1830486016}
{"step": 260, "loss": 0.0, "examples": 260, "session_seconds": 220.2713374599989, "peak_vram_bytes": 1830486016}
{"step": 270, "loss": -7.970004051258833e-15, "examples": 270, "session_seconds": 228.50378818199533, "peak_vram_bytes": 1830486016}
{"step": 280, "loss": -0.036012258380651474, "examples": 280, "session_seconds": 236.62261104399659, "peak_vram_bytes": 1830486016}
{"step": 290, "loss": 0.047395624220371246, "examples": 290, "session_seconds": 244.73565093900106, "peak_vram_bytes": 1830486016}
{"step": 300, "loss": 0.061551377177238464, "examples": 300, "session_seconds": 253.014774907002, "peak_vram_bytes": 1830781952}
{"step": 310, "loss": -9.61105652529104e-14, "examples": 310, "session_seconds": 262.0694355000014, "peak_vram_bytes": 1830781952}
{"step": 320, "loss": 0.0, "examples": 320, "session_seconds": 271.1139257370014, "peak_vram_bytes": 1830781952}
{"step": 330, "loss": 0.0, "examples": 330, "session_seconds": 280.11203092600044, "peak_vram_bytes": 1830781952}
{"step": 340, "loss": 0.0, "examples": 340, "session_seconds": 288.83046370899683, "peak_vram_bytes": 1830781952}
{"step": 350, "loss": -2.2851519125306058e-14, "examples": 350, "session_seconds": 297.3190888569952, "peak_vram_bytes": 1830781952}
{"step": 360, "loss": -3.2475264881773325e-13, "examples": 360, "session_seconds": 305.80514483699517, "peak_vram_bytes": 1831104512}
{"step": 370, "loss": 0.0, "examples": 370, "session_seconds": 314.35397353400185, "peak_vram_bytes": 1831104512}
{"step": 380, "loss": -2.3726377104877662e-14, "examples": 380, "session_seconds": 322.6037680379959, "peak_vram_bytes": 1831104512}
{"step": 390, "loss": -8.813390691081793e-14, "examples": 390, "session_seconds": 330.8047981369964, "peak_vram_bytes": 1831104512}
{"step": 400, "loss": -2.9928696240050234e-13, "examples": 400, "session_seconds": 339.8636656730014, "peak_vram_bytes": 1831104512}
{"step": 410, "loss": -9.073346457846854e-13, "examples": 410, "session_seconds": 349.5814588450012, "peak_vram_bytes": 1831104512}
{"step": 420, "loss": 0.0021922620944678783, "examples": 420, "session_seconds": 358.24724014200183, "peak_vram_bytes": 1831104512}
{"step": 430, "loss": -0.11951987445354462, "examples": 430, "session_seconds": 367.05257743199763, "peak_vram_bytes": 1831104512}
{"step": 440, "loss": 1.1208668541928812e-11, "examples": 440, "session_seconds": 375.9101120189953, "peak_vram_bytes": 1831104512}
{"step": 450, "loss": -0.1389624923467636, "examples": 450, "session_seconds": 384.41923889699683, "peak_vram_bytes": 1831104512}
{"step": 460, "loss": 0.0, "examples": 460, "session_seconds": 393.2558440599969, "peak_vram_bytes": 1831104512}
{"step": 470, "loss": -1.8543868697540322e-13, "examples": 470, "session_seconds": 402.225062548001, "peak_vram_bytes": 1831104512}
{"step": 480, "loss": -1.2193322523543215e-13, "examples": 480, "session_seconds": 410.71906122799555, "peak_vram_bytes": 1831104512}
{"step": 490, "loss": 0.0, "examples": 490, "session_seconds": 419.09846450099576, "peak_vram_bytes": 1831104512}
{"step": 500, "loss": -7.868880243580567e-13, "examples": 500, "session_seconds": 428.28717217999656, "peak_vram_bytes": 1831104512}
{"step": 510, "loss": 0.0, "examples": 510, "session_seconds": 437.0687595339987, "peak_vram_bytes": 1831104512}
{"step": 520, "loss": 0.005779366008937359, "examples": 520, "session_seconds": 445.6549668039952, "peak_vram_bytes": 1831104512}
{"step": 530, "loss": -0.03631480783224106, "examples": 530, "session_seconds": 454.06843931500043, "peak_vram_bytes": 1831104512}
{"step": 540, "loss": 0.0, "examples": 540, "session_seconds": 462.54375487299694, "peak_vram_bytes": 1831104512}
{"step": 550, "loss": 0.0, "examples": 550, "session_seconds": 471.0345607909985, "peak_vram_bytes": 1831104512}
{"step": 560, "loss": -6.376566484035673e-13, "examples": 560, "session_seconds": 480.0778276169949, "peak_vram_bytes": 1831104512}
{"step": 570, "loss": 0.0, "examples": 570, "session_seconds": 488.6736227520014, "peak_vram_bytes": 1831104512}
{"step": 580, "loss": -7.254769159546759e-13, "examples": 580, "session_seconds": 497.483029944, "peak_vram_bytes": 1831104512}
{"step": 590, "loss": -9.137198376391042e-13, "examples": 590, "session_seconds": 505.64031881900155, "peak_vram_bytes": 1831104512}
{"step": 600, "loss": 0.0, "examples": 600, "session_seconds": 513.8648660969993, "peak_vram_bytes": 1831104512}
{"step": 610, "loss": -2.718964810244362e-12, "examples": 610, "session_seconds": 523.392271990997, "peak_vram_bytes": 1831104512}
{"step": 620, "loss": -1.169122090804997e-12, "examples": 620, "session_seconds": 532.4488276759948, "peak_vram_bytes": 1831104512}
{"step": 630, "loss": 0.0, "examples": 630, "session_seconds": 540.6317936240011, "peak_vram_bytes": 1831104512}
{"step": 640, "loss": -0.01177488174289465, "examples": 640, "session_seconds": 549.914134779996, "peak_vram_bytes": 1831104512}
{"step": 650, "loss": -4.410307622576548e-12, "examples": 650, "session_seconds": 558.9529504699967, "peak_vram_bytes": 1831104512}
{"step": 660, "loss": -3.907331402874803e-11, "examples": 660, "session_seconds": 567.3269549799952, "peak_vram_bytes": 1831104512}
{"step": 670, "loss": 0.22182559967041016, "examples": 670, "session_seconds": 575.6453897309984, "peak_vram_bytes": 1831104512}
{"step": 680, "loss": 0.017407430335879326, "examples": 680, "session_seconds": 583.959448982001, "peak_vram_bytes": 1831104512}
{"step": 690, "loss": 0.13724690675735474, "examples": 690, "session_seconds": 592.3338928279991, "peak_vram_bytes": 1831104512}
{"step": 700, "loss": 0.0, "examples": 700, "session_seconds": 600.7162196880017, "peak_vram_bytes": 1831104512}
{"step": 710, "loss": -3.933709261105811e-12, "examples": 710, "session_seconds": 609.4714548990014, "peak_vram_bytes": 1831104512}
{"step": 720, "loss": -2.687914561066984e-12, "examples": 720, "session_seconds": 617.9307875230006, "peak_vram_bytes": 1831104512}
{"step": 730, "loss": 0.0, "examples": 730, "session_seconds": 626.502118204, "peak_vram_bytes": 1831104512}
{"step": 740, "loss": 0.0, "examples": 740, "session_seconds": 635.3760648409952, "peak_vram_bytes": 1831104512}
{"step": 750, "loss": -1.2490586906790946e-12, "examples": 750, "session_seconds": 644.3927244739971, "peak_vram_bytes": 1831104512}
{"step": 760, "loss": -6.312755873594256e-12, "examples": 760, "session_seconds": 653.7671278569978, "peak_vram_bytes": 1831104512}
{"step": 770, "loss": -1.303263746921246e-11, "examples": 770, "session_seconds": 662.1041298080017, "peak_vram_bytes": 1831104512}
{"step": 780, "loss": 0.0, "examples": 780, "session_seconds": 670.3867714189983, "peak_vram_bytes": 1831104512}
{"step": 790, "loss": -3.1765406277584063e-12, "examples": 790, "session_seconds": 678.862931265001, "peak_vram_bytes": 1831104512}
{"step": 800, "loss": -4.5949515893595194e-12, "examples": 800, "session_seconds": 687.0846760810018, "peak_vram_bytes": 1831104512}
{"step": 810, "loss": -0.009671893902122974, "examples": 810, "session_seconds": 695.5648304389979, "peak_vram_bytes": 1831104512}
{"step": 820, "loss": 0.1836986392736435, "examples": 820, "session_seconds": 703.6607538440003, "peak_vram_bytes": 1831104512}
{"step": 830, "loss": 0.004805322270840406, "examples": 830, "session_seconds": 711.7866573700012, "peak_vram_bytes": 1831104512}
{"step": 840, "loss": -1.8368794332812577e-11, "examples": 840, "session_seconds": 719.8991839619994, "peak_vram_bytes": 1831104512}
{"step": 850, "loss": -0.1946481168270111, "examples": 850, "session_seconds": 727.9899432719976, "peak_vram_bytes": 1831104512}
{"step": 860, "loss": -0.003400192130357027, "examples": 860, "session_seconds": 736.2586263519988, "peak_vram_bytes": 1831104512}
{"step": 870, "loss": 0.0, "examples": 870, "session_seconds": 745.2747182649982, "peak_vram_bytes": 1831104512}
{"step": 880, "loss": 0.27657991647720337, "examples": 880, "session_seconds": 753.9565545949954, "peak_vram_bytes": 1831104512}
{"step": 890, "loss": 0.18426385521888733, "examples": 890, "session_seconds": 762.8947686030006, "peak_vram_bytes": 1831104512}
{"step": 900, "loss": 0.0, "examples": 900, "session_seconds": 771.1453245969969, "peak_vram_bytes": 1831104512}
{"step": 910, "loss": 0.1393444687128067, "examples": 910, "session_seconds": 779.5075883069949, "peak_vram_bytes": 1831104512}
{"step": 920, "loss": -0.13188080489635468, "examples": 920, "session_seconds": 787.9547995979956, "peak_vram_bytes": 1831217152}
{"step": 930, "loss": -0.026134930551052094, "examples": 930, "session_seconds": 796.1839397750009, "peak_vram_bytes": 1831217152}
{"step": 940, "loss": 0.04496847093105316, "examples": 940, "session_seconds": 804.5778214279999, "peak_vram_bytes": 1831217152}
{"step": 950, "loss": -0.004702199250459671, "examples": 950, "session_seconds": 812.8121496929962, "peak_vram_bytes": 1831217152}
{"step": 960, "loss": -0.014653299003839493, "examples": 960, "session_seconds": 820.9519579629996, "peak_vram_bytes": 1831217152}
{"step": 970, "loss": -1.6144659519195557, "examples": 970, "session_seconds": 829.2757046719998, "peak_vram_bytes": 1831217152}
{"step": 980, "loss": -0.045117538422346115, "examples": 980, "session_seconds": 838.608264677001, "peak_vram_bytes": 1831217152}
{"step": 990, "loss": 0.04061739146709442, "examples": 990, "session_seconds": 847.7670020139994, "peak_vram_bytes": 1831217152}
{"step": 1000, "loss": -0.01377105712890625, "examples": 1000, "session_seconds": 856.0958758109991, "peak_vram_bytes": 1831217152}
{"step": 1010, "loss": -0.10901564359664917, "examples": 1010, "session_seconds": 865.5111159579974, "peak_vram_bytes": 1831217152}
{"step": 1020, "loss": -0.08748158812522888, "examples": 1020, "session_seconds": 873.7449272489976, "peak_vram_bytes": 1831217152}
{"step": 1030, "loss": 0.16525106132030487, "examples": 1030, "session_seconds": 881.830215490998, "peak_vram_bytes": 1831217152}
{"step": 1040, "loss": -0.041335005313158035, "examples": 1040, "session_seconds": 890.5068600239974, "peak_vram_bytes": 1831217152}
{"step": 1050, "loss": -0.02825338765978813, "examples": 1050, "session_seconds": 899.4377463549972, "peak_vram_bytes": 1831217152}
{"step": 1060, "loss": -0.10599280893802643, "examples": 1060, "session_seconds": 907.5533030859951, "peak_vram_bytes": 1831217152}
{"step": 1070, "loss": 0.2092568725347519, "examples": 1070, "session_seconds": 915.7482824600011, "peak_vram_bytes": 1831217152}
{"step": 1080, "loss": -0.015272919088602066, "examples": 1080, "session_seconds": 923.942257278999, "peak_vram_bytes": 1831217152}
{"step": 1090, "loss": -0.003291947767138481, "examples": 1090, "session_seconds": 932.1043660649957, "peak_vram_bytes": 1831217152}
{"step": 1100, "loss": -0.05211840197443962, "examples": 1100, "session_seconds": 940.5152829579965, "peak_vram_bytes": 1831217152}
{"step": 1110, "loss": -0.005464806221425533, "examples": 1110, "session_seconds": 949.9096731239988, "peak_vram_bytes": 1831217152}
{"step": 1120, "loss": -0.005157450679689646, "examples": 1120, "session_seconds": 959.406293373002, "peak_vram_bytes": 1831217152}
{"step": 1130, "loss": -0.12349152565002441, "examples": 1130, "session_seconds": 968.9213274399954, "peak_vram_bytes": 1831217152}
{"step": 1140, "loss": -0.0024533914402127266, "examples": 1140, "session_seconds": 978.0083104270016, "peak_vram_bytes": 1831217152}
{"step": 1150, "loss": -0.09222616255283356, "examples": 1150, "session_seconds": 987.4195677079988, "peak_vram_bytes": 1831217152}
{"step": 1160, "loss": -0.0515366792678833, "examples": 1160, "session_seconds": 996.5623533729959, "peak_vram_bytes": 1831217152}
{"step": 1170, "loss": -1.11162269115448, "examples": 1170, "session_seconds": 1005.994118609, "peak_vram_bytes": 1832690176}
{"step": 1180, "loss": -0.024209890514612198, "examples": 1180, "session_seconds": 1015.3609983610004, "peak_vram_bytes": 1832690176}
{"step": 1190, "loss": -0.08437685668468475, "examples": 1190, "session_seconds": 1023.7535681660011, "peak_vram_bytes": 1832690176}
{"step": 1200, "loss": -0.013453250750899315, "examples": 1200, "session_seconds": 1031.868562566, "peak_vram_bytes": 1832690176}
{"step": 1210, "loss": -0.05087822303175926, "examples": 1210, "session_seconds": 1041.3921644410002, "peak_vram_bytes": 1832690176}
{"step": 1220, "loss": -0.047285594046115875, "examples": 1220, "session_seconds": 1050.4737646849971, "peak_vram_bytes": 1832690176}
{"step": 1230, "loss": -0.06579415500164032, "examples": 1230, "session_seconds": 1058.9934528550002, "peak_vram_bytes": 1832690176}
{"step": 1240, "loss": -0.10255793482065201, "examples": 1240, "session_seconds": 1067.2926925779975, "peak_vram_bytes": 1832690176}
{"step": 1250, "loss": 0.25867635011672974, "examples": 1250, "session_seconds": 1075.9268674869963, "peak_vram_bytes": 1832690176}
{"step": 1260, "loss": -0.01891055516898632, "examples": 1260, "session_seconds": 1084.1455564079952, "peak_vram_bytes": 1832690176}
{"step": 1270, "loss": -0.051558274775743484, "examples": 1270, "session_seconds": 1092.3002570819954, "peak_vram_bytes": 1832690176}
{"step": 1280, "loss": -0.010526911355555058, "examples": 1280, "session_seconds": 1100.466325649999, "peak_vram_bytes": 1832690176}
{"step": 1290, "loss": -0.009064583107829094, "examples": 1290, "session_seconds": 1108.6244776509993, "peak_vram_bytes": 1832690176}
{"step": 1300, "loss": -0.1346854567527771, "examples": 1300, "session_seconds": 1116.7531628479992, "peak_vram_bytes": 1832690176}
{"step": 1310, "loss": 0.08693048357963562, "examples": 1310, "session_seconds": 1125.298385819995, "peak_vram_bytes": 1832690176}
{"step": 1320, "loss": -0.03112563118338585, "examples": 1320, "session_seconds": 1133.5761816689992, "peak_vram_bytes": 1832690176}
{"step": 1330, "loss": -0.016676031053066254, "examples": 1330, "session_seconds": 1141.7235710569948, "peak_vram_bytes": 1832690176}
{"step": 1340, "loss": 0.41131171584129333, "examples": 1340, "session_seconds": 1149.861841582002, "peak_vram_bytes": 1832690176}
{"step": 1350, "loss": -0.06378121674060822, "examples": 1350, "session_seconds": 1158.0687230859985, "peak_vram_bytes": 1832690176}
{"step": 1360, "loss": -0.0018290001899003983, "examples": 1360, "session_seconds": 1166.5852719339964, "peak_vram_bytes": 1835039232}
{"step": 1370, "loss": 0.000991482986137271, "examples": 1370, "session_seconds": 1174.769843326998, "peak_vram_bytes": 1835039232}
{"step": 1380, "loss": -0.12208579480648041, "examples": 1380, "session_seconds": 1182.930815148, "peak_vram_bytes": 1835039232}
{"step": 1390, "loss": -0.008974306285381317, "examples": 1390, "session_seconds": 1191.2821346169949, "peak_vram_bytes": 1835039232}
{"step": 1400, "loss": 0.3368570804595947, "examples": 1400, "session_seconds": 1199.442406547998, "peak_vram_bytes": 1835039232}
{"step": 1410, "loss": -0.023270800709724426, "examples": 1410, "session_seconds": 1207.9343466349965, "peak_vram_bytes": 1835039232}
{"step": 1420, "loss": 0.5849196314811707, "examples": 1420, "session_seconds": 1216.1314121510004, "peak_vram_bytes": 1835039232}
{"step": 1430, "loss": -0.009076634421944618, "examples": 1430, "session_seconds": 1224.3950876809977, "peak_vram_bytes": 1835039232}
{"step": 1440, "loss": -0.19732065498828888, "examples": 1440, "session_seconds": 1232.6498441649965, "peak_vram_bytes": 1835039232}
{"step": 1450, "loss": -0.049206338822841644, "examples": 1450, "session_seconds": 1240.664004655002, "peak_vram_bytes": 1835039232}
{"step": 1460, "loss": -0.15462404489517212, "examples": 1460, "session_seconds": 1248.9651610509973, "peak_vram_bytes": 1835039232}
{"step": 1470, "loss": 0.002036885591223836, "examples": 1470, "session_seconds": 1257.1888504960007, "peak_vram_bytes": 1835039232}
{"step": 1480, "loss": -0.17688775062561035, "examples": 1480, "session_seconds": 1265.579323371996, "peak_vram_bytes": 1835039232}
{"step": 1490, "loss": -0.12737730145454407, "examples": 1490, "session_seconds": 1274.4485451799992, "peak_vram_bytes": 1835039232}
{"step": 1500, "loss": 1.1163874864578247, "examples": 1500, "session_seconds": 1282.6703767059953, "peak_vram_bytes": 1835039232}
{"step": 1510, "loss": -0.016878556460142136, "examples": 1510, "session_seconds": 1291.2791786129965, "peak_vram_bytes": 1835039232}
{"step": 1520, "loss": -0.04898238182067871, "examples": 1520, "session_seconds": 1300.4089757399997, "peak_vram_bytes": 1835039232}
{"step": 1530, "loss": 0.022577621042728424, "examples": 1530, "session_seconds": 1308.7002351639967, "peak_vram_bytes": 1835039232}
{"step": 1540, "loss": 0.0018981975736096501, "examples": 1540, "session_seconds": 1316.9779968599978, "peak_vram_bytes": 1835039232}
{"step": 1550, "loss": 0.08637703210115433, "examples": 1550, "session_seconds": 1325.2657749610007, "peak_vram_bytes": 1835039232}
{"step": 1560, "loss": -0.001964040333405137, "examples": 1560, "session_seconds": 1333.5174901540013, "peak_vram_bytes": 1835039232}
{"step": 1570, "loss": -0.014608273282647133, "examples": 1570, "session_seconds": 1341.8408523499966, "peak_vram_bytes": 1835039232}
{"step": 1580, "loss": -0.017175791785120964, "examples": 1580, "session_seconds": 1350.1321496759992, "peak_vram_bytes": 1835039232}
{"step": 1590, "loss": 0.0737333819270134, "examples": 1590, "session_seconds": 1358.3366004220006, "peak_vram_bytes": 1835039232}
{"step": 1600, "loss": -0.00264117494225502, "examples": 1600, "session_seconds": 1366.5671082639965, "peak_vram_bytes": 1835039232}
{"step": 1610, "loss": 0.19204774498939514, "examples": 1610, "session_seconds": 1375.1619422799995, "peak_vram_bytes": 1835039232}
{"step": 1620, "loss": 0.33447393774986267, "examples": 1620, "session_seconds": 1383.5124840739954, "peak_vram_bytes": 1835039232}
{"step": 1630, "loss": -0.2130492627620697, "examples": 1630, "session_seconds": 1391.7309506769961, "peak_vram_bytes": 1835039232}
{"step": 1640, "loss": 0.11098220944404602, "examples": 1640, "session_seconds": 1400.0183011729969, "peak_vram_bytes": 1835039232}
{"step": 1650, "loss": 0.16240213811397552, "examples": 1650, "session_seconds": 1408.2419810130014, "peak_vram_bytes": 1835039232}
{"step": 1660, "loss": -0.0070502194575965405, "examples": 1660, "session_seconds": 1416.4594147230018, "peak_vram_bytes": 1835039232}
{"step": 1670, "loss": -0.0035600289702415466, "examples": 1670, "session_seconds": 1424.6814296410012, "peak_vram_bytes": 1835039232}
{"step": 1680, "loss": -0.010984372347593307, "examples": 1680, "session_seconds": 1432.987544302996, "peak_vram_bytes": 1835039232}
{"step": 1690, "loss": 0.0003777528181672096, "examples": 1690, "session_seconds": 1441.1062525509988, "peak_vram_bytes": 1835039232}
{"step": 1700, "loss": -0.8708581328392029, "examples": 1700, "session_seconds": 1449.283039392998, "peak_vram_bytes": 1835039232}
{"step": 1710, "loss": -0.00857798382639885, "examples": 1710, "session_seconds": 1457.8203056819984, "peak_vram_bytes": 1835039232}
{"step": 1720, "loss": 0.49250030517578125, "examples": 1720, "session_seconds": 1466.4545148010002, "peak_vram_bytes": 1835039232}
{"step": 1730, "loss": -0.049949921667575836, "examples": 1730, "session_seconds": 1474.7159195519998, "peak_vram_bytes": 1835039232}
{"step": 1740, "loss": -0.06328479945659637, "examples": 1740, "session_seconds": 1482.918077192, "peak_vram_bytes": 1835039232}
{"step": 1750, "loss": -0.012403110042214394, "examples": 1750, "session_seconds": 1491.5171678109982, "peak_vram_bytes": 1835039232}
{"step": 1760, "loss": 0.18596678972244263, "examples": 1760, "session_seconds": 1499.8823754559999, "peak_vram_bytes": 1835039232}
{"step": 1770, "loss": -0.05490817129611969, "examples": 1770, "session_seconds": 1509.0786812399965, "peak_vram_bytes": 1835039232}
{"step": 1780, "loss": -1.149811863899231, "examples": 1780, "session_seconds": 1518.3899909050015, "peak_vram_bytes": 1835039232}
{"step": 1790, "loss": -0.4112420678138733, "examples": 1790, "session_seconds": 1526.7713804140003, "peak_vram_bytes": 1835039232}
{"step": 1800, "loss": -0.008828205987811089, "examples": 1800, "session_seconds": 1535.0693529349955, "peak_vram_bytes": 1835039232}
{"step": 1810, "loss": -0.018201643601059914, "examples": 1810, "session_seconds": 1544.8014742999949, "peak_vram_bytes": 1835039232}
{"step": 1820, "loss": -0.021235717460513115, "examples": 1820, "session_seconds": 1554.3705260759962, "peak_vram_bytes": 1835039232}
{"step": 1830, "loss": -0.046216338872909546, "examples": 1830, "session_seconds": 1563.3188333189973, "peak_vram_bytes": 1835039232}
{"step": 1840, "loss": -0.10084372758865356, "examples": 1840, "session_seconds": 1571.639620670001, "peak_vram_bytes": 1835039232}
{"step": 1850, "loss": -0.0008494369685649872, "examples": 1850, "session_seconds": 1579.9611993849976, "peak_vram_bytes": 1835039232}
{"step": 1860, "loss": -0.09198662638664246, "examples": 1860, "session_seconds": 1588.1972220230018, "peak_vram_bytes": 1835039232}
{"step": 1870, "loss": -0.05448773875832558, "examples": 1870, "session_seconds": 1596.9754869659955, "peak_vram_bytes": 1835039232}
{"step": 1880, "loss": -0.03450381010770798, "examples": 1880, "session_seconds": 1605.979420689997, "peak_vram_bytes": 1835039232}
{"step": 1890, "loss": 0.003206670982763171, "examples": 1890, "session_seconds": 1614.9759701219955, "peak_vram_bytes": 1835039232}
{"step": 1900, "loss": 0.08162258565425873, "examples": 1900, "session_seconds": 1624.0910881210002, "peak_vram_bytes": 1835039232}
{"step": 1910, "loss": -0.012931689620018005, "examples": 1910, "session_seconds": 1633.4892813330007, "peak_vram_bytes": 1835039232}
{"step": 1920, "loss": 0.08601364493370056, "examples": 1920, "session_seconds": 1642.0734060039977, "peak_vram_bytes": 1835039232}
{"step": 1930, "loss": -0.016767244786024094, "examples": 1930, "session_seconds": 1650.143534488001, "peak_vram_bytes": 1835039232}
{"step": 1940, "loss": -0.015283526852726936, "examples": 1940, "session_seconds": 1658.195473959, "peak_vram_bytes": 1835039232}
{"step": 1950, "loss": -0.09499138593673706, "examples": 1950, "session_seconds": 1666.4811797329967, "peak_vram_bytes": 1835039232}
{"step": 1960, "loss": 0.21874666213989258, "examples": 1960, "session_seconds": 1675.8456095989968, "peak_vram_bytes": 1835039232}
{"step": 1970, "loss": -0.024305861443281174, "examples": 1970, "session_seconds": 1684.6280652200003, "peak_vram_bytes": 1835039232}
{"step": 1980, "loss": -0.011199524626135826, "examples": 1980, "session_seconds": 1692.737334585996, "peak_vram_bytes": 1835039232}
{"step": 1990, "loss": 0.13841094076633453, "examples": 1990, "session_seconds": 1700.8689202949972, "peak_vram_bytes": 1835039232}
{"step": 2000, "loss": -0.11796219646930695, "examples": 2000, "session_seconds": 1708.976946445, "peak_vram_bytes": 1835039232}
{"step": 2010, "loss": -0.010574421845376492, "examples": 2010, "session_seconds": 1717.515398071002, "peak_vram_bytes": 1835039232}
{"step": 2020, "loss": -0.004119895398616791, "examples": 2020, "session_seconds": 1725.684763199999, "peak_vram_bytes": 1835039232}
{"step": 2030, "loss": -0.011225299909710884, "examples": 2030, "session_seconds": 1733.8911811869984, "peak_vram_bytes": 1835039232}
{"step": 2040, "loss": -0.09801480174064636, "examples": 2040, "session_seconds": 1741.9900172060006, "peak_vram_bytes": 1835039232}
{"step": 2050, "loss": -0.006539866793900728, "examples": 2050, "session_seconds": 1750.1296094459976, "peak_vram_bytes": 1835039232}
{"step": 2060, "loss": -0.535507321357727, "examples": 2060, "session_seconds": 1758.226832608998, "peak_vram_bytes": 1835039232}
{"step": 2070, "loss": 0.7562415599822998, "examples": 2070, "session_seconds": 1766.4107702709953, "peak_vram_bytes": 1835039232}
{"step": 2080, "loss": -0.0029953732155263424, "examples": 2080, "session_seconds": 1774.5994613789953, "peak_vram_bytes": 1835039232}
{"step": 2090, "loss": -0.0424337238073349, "examples": 2090, "session_seconds": 1782.7477820970016, "peak_vram_bytes": 1835039232}
{"step": 2100, "loss": -0.004805062431842089, "examples": 2100, "session_seconds": 1790.8427879649971, "peak_vram_bytes": 1835039232}
{"step": 2110, "loss": 0.3725866973400116, "examples": 2110, "session_seconds": 1799.3877561479967, "peak_vram_bytes": 1835039232}
{"step": 2120, "loss": -0.020972460508346558, "examples": 2120, "session_seconds": 1807.5496385680017, "peak_vram_bytes": 1835039232}
{"step": 2130, "loss": -0.008554287254810333, "examples": 2130, "session_seconds": 1815.7456400800002, "peak_vram_bytes": 1835039232}
{"step": 2140, "loss": -0.002120464574545622, "examples": 2140, "session_seconds": 1823.9432724459984, "peak_vram_bytes": 1835039232}
{"step": 2150, "loss": -0.005330337677150965, "examples": 2150, "session_seconds": 1832.1814874400006, "peak_vram_bytes": 1835039232}
{"step": 2160, "loss": -0.057273589074611664, "examples": 2160, "session_seconds": 1840.2882552599986, "peak_vram_bytes": 1835039232}
{"step": 2170, "loss": -0.02021152526140213, "examples": 2170, "session_seconds": 1849.5073098110006, "peak_vram_bytes": 1835039232}
{"step": 2180, "loss": -0.0448605939745903, "examples": 2180, "session_seconds": 1858.6671837899994, "peak_vram_bytes": 1835039232}
{"step": 2190, "loss": -0.04961986839771271, "examples": 2190, "session_seconds": 1867.734872025998, "peak_vram_bytes": 1835039232}
{"step": 2200, "loss": -0.022521326318383217, "examples": 2200, "session_seconds": 1877.0978756920013, "peak_vram_bytes": 1835039232}
{"step": 2210, "loss": 0.22856740653514862, "examples": 2210, "session_seconds": 1885.9973074230002, "peak_vram_bytes": 1835039232}
{"step": 2220, "loss": -0.09453517198562622, "examples": 2220, "session_seconds": 1894.3758013949991, "peak_vram_bytes": 1835039232}
{"step": 2230, "loss": -0.00751190260052681, "examples": 2230, "session_seconds": 1902.6702601700017, "peak_vram_bytes": 1835039232}
{"step": 2240, "loss": -0.9671270847320557, "examples": 2240, "session_seconds": 1910.763271693002, "peak_vram_bytes": 1835039232}
{"step": 2250, "loss": -0.013419780880212784, "examples": 2250, "session_seconds": 1918.9259847969952, "peak_vram_bytes": 1835039232}
{"step": 2260, "loss": -0.10951215773820877, "examples": 2260, "session_seconds": 1927.2923175019969, "peak_vram_bytes": 1835039232}
{"step": 2270, "loss": -0.012522513046860695, "examples": 2270, "session_seconds": 1935.5919436699987, "peak_vram_bytes": 1835039232}
{"step": 2280, "loss": 1.0053174293034317e-08, "examples": 2280, "session_seconds": 1943.910702700996, "peak_vram_bytes": 1835039232}
{"step": 2290, "loss": -0.018333017826080322, "examples": 2290, "session_seconds": 1952.4968415010007, "peak_vram_bytes": 1835039232}
{"step": 2300, "loss": -0.013990065082907677, "examples": 2300, "session_seconds": 1960.8582505140002, "peak_vram_bytes": 1835039232}
{"step": 2310, "loss": -0.015178054571151733, "examples": 2310, "session_seconds": 1969.7719578239994, "peak_vram_bytes": 1835039232}
{"step": 2320, "loss": -0.009968932718038559, "examples": 2320, "session_seconds": 1978.300794621995, "peak_vram_bytes": 1835039232}
{"step": 2330, "loss": 0.171747088432312, "examples": 2330, "session_seconds": 1986.5847232250017, "peak_vram_bytes": 1835039232}
{"step": 2340, "loss": -0.026782039552927017, "examples": 2340, "session_seconds": 1994.8012900030008, "peak_vram_bytes": 1835039232}
{"step": 2350, "loss": 0.14793303608894348, "examples": 2350, "session_seconds": 2003.142992313995, "peak_vram_bytes": 1835039232}
{"step": 2360, "loss": -0.08981561660766602, "examples": 2360, "session_seconds": 2011.6220911359997, "peak_vram_bytes": 1835039232}
{"step": 2370, "loss": -0.010015720501542091, "examples": 2370, "session_seconds": 2019.8963399109998, "peak_vram_bytes": 1835039232}
{"step": 2380, "loss": -0.1116485744714737, "examples": 2380, "session_seconds": 2028.871397404997, "peak_vram_bytes": 1835039232}
{"step": 2390, "loss": -0.014340000227093697, "examples": 2390, "session_seconds": 2038.3768777369987, "peak_vram_bytes": 1835039232}
{"step": 2400, "loss": -0.028726398944854736, "examples": 2400, "session_seconds": 2047.1076901709966, "peak_vram_bytes": 1835039232}
{"step": 2410, "loss": -0.020047232508659363, "examples": 2410, "session_seconds": 2056.470333778001, "peak_vram_bytes": 1835039232}
{"step": 2420, "loss": -0.11080276966094971, "examples": 2420, "session_seconds": 2064.2806453779995, "peak_vram_bytes": 1835039232}
{"step": 2430, "loss": -0.2953386604785919, "examples": 2430, "session_seconds": 2072.406754290998, "peak_vram_bytes": 1835039232}
{"step": 2440, "loss": 0.059476159512996674, "examples": 2440, "session_seconds": 2080.566926996995, "peak_vram_bytes": 1835039232}
{"step": 2450, "loss": -0.081409752368927, "examples": 2450, "session_seconds": 2088.788702025995, "peak_vram_bytes": 1835039232}
{"step": 2460, "loss": -0.004436839837580919, "examples": 2460, "session_seconds": 2096.951655428995, "peak_vram_bytes": 1835039232}
{"step": 2470, "loss": 0.03489597141742706, "examples": 2470, "session_seconds": 2105.110362874002, "peak_vram_bytes": 1835039232}
{"step": 2480, "loss": -0.04676564782857895, "examples": 2480, "session_seconds": 2113.2160947599987, "peak_vram_bytes": 1835039232}
{"step": 2490, "loss": -0.006876351311802864, "examples": 2490, "session_seconds": 2122.0054665770003, "peak_vram_bytes": 1835039232}
{"step": 2500, "loss": 0.0006514498963952065, "examples": 2500, "session_seconds": 2130.3556365629993, "peak_vram_bytes": 1835039232}
{"step": 2510, "loss": -0.0018103260081261396, "examples": 2510, "session_seconds": 2139.049040762002, "peak_vram_bytes": 1835039232}
{"step": 2520, "loss": -0.010589443147182465, "examples": 2520, "session_seconds": 2147.2930848809992, "peak_vram_bytes": 1835039232}
{"step": 2530, "loss": -0.009440850466489792, "examples": 2530, "session_seconds": 2155.429674797, "peak_vram_bytes": 1835039232}
{"step": 2540, "loss": -1.6173202991485596, "examples": 2540, "session_seconds": 2163.644560818, "peak_vram_bytes": 1835039232}
{"step": 2550, "loss": 0.0012582966592162848, "examples": 2550, "session_seconds": 2171.7995338030014, "peak_vram_bytes": 1835039232}
{"step": 2560, "loss": -0.009476437233388424, "examples": 2560, "session_seconds": 2179.974381740998, "peak_vram_bytes": 1835039232}
{"step": 2570, "loss": -0.06031128019094467, "examples": 2570, "session_seconds": 2188.440424057, "peak_vram_bytes": 1835039232}
{"step": 2580, "loss": -0.00452329171821475, "examples": 2580, "session_seconds": 2196.7476158880017, "peak_vram_bytes": 1835039232}
{"step": 2590, "loss": -0.010637743398547173, "examples": 2590, "session_seconds": 2204.958433478998, "peak_vram_bytes": 1835039232}
{"step": 2600, "loss": 0.2698231041431427, "examples": 2600, "session_seconds": 2213.4743724059954, "peak_vram_bytes": 1835039232}
{"step": 2610, "loss": -0.010724060237407684, "examples": 2610, "session_seconds": 2222.784854419995, "peak_vram_bytes": 1835039232}
{"step": 2620, "loss": -0.025002917274832726, "examples": 2620, "session_seconds": 2232.211300367999, "peak_vram_bytes": 1835039232}
{"step": 2630, "loss": -0.004559849388897419, "examples": 2630, "session_seconds": 2241.7111167589974, "peak_vram_bytes": 1835039232}
{"step": 2640, "loss": -0.009750666096806526, "examples": 2640, "session_seconds": 2251.0849472249974, "peak_vram_bytes": 1835039232}
{"step": 2650, "loss": -0.016878841444849968, "examples": 2650, "session_seconds": 2259.5760280039976, "peak_vram_bytes": 1835039232}
{"step": 2660, "loss": -0.08910724520683289, "examples": 2660, "session_seconds": 2268.751537682001, "peak_vram_bytes": 1835039232}
{"step": 2670, "loss": 0.47198596596717834, "examples": 2670, "session_seconds": 2277.0778092789988, "peak_vram_bytes": 1835147264}
{"step": 2680, "loss": -0.0020875977352261543, "examples": 2680, "session_seconds": 2285.290382170002, "peak_vram_bytes": 1835147264}
{"step": 2690, "loss": -0.004682841245085001, "examples": 2690, "session_seconds": 2293.4316804499977, "peak_vram_bytes": 1835147264}
{"step": 2700, "loss": 0.2711111903190613, "examples": 2700, "session_seconds": 2301.583891754999, "peak_vram_bytes": 1835147264}
{"step": 2710, "loss": -0.0003468981012701988, "examples": 2710, "session_seconds": 2310.227385785998, "peak_vram_bytes": 1835147264}
{"step": 2720, "loss": -0.003417240921407938, "examples": 2720, "session_seconds": 2318.3223715279964, "peak_vram_bytes": 1835147264}
{"step": 2730, "loss": -0.004036290571093559, "examples": 2730, "session_seconds": 2326.472090971998, "peak_vram_bytes": 1835147264}
{"step": 2740, "loss": -0.003359571099281311, "examples": 2740, "session_seconds": 2334.6156518310017, "peak_vram_bytes": 1835147264}
{"step": 2750, "loss": -0.005486468784511089, "examples": 2750, "session_seconds": 2342.7005927889986, "peak_vram_bytes": 1835147264}
{"step": 2760, "loss": -0.06682810187339783, "examples": 2760, "session_seconds": 2350.6943471589984, "peak_vram_bytes": 1835147264}
{"step": 2770, "loss": 0.24389003217220306, "examples": 2770, "session_seconds": 2359.0230705239956, "peak_vram_bytes": 1835147264}
{"step": 2780, "loss": 0.03122716397047043, "examples": 2780, "session_seconds": 2368.3688484199956, "peak_vram_bytes": 1835147264}
{"step": 2790, "loss": -0.0018937097629532218, "examples": 2790, "session_seconds": 2377.1043178929976, "peak_vram_bytes": 1835147264}
{"step": 2800, "loss": -0.04499223828315735, "examples": 2800, "session_seconds": 2385.337557574996, "peak_vram_bytes": 1835147264}
{"step": 2810, "loss": -0.003995375707745552, "examples": 2810, "session_seconds": 2393.8892453259978, "peak_vram_bytes": 1835147264}
{"step": 2820, "loss": -0.0034937928430736065, "examples": 2820, "session_seconds": 2402.992203992995, "peak_vram_bytes": 1835147264}
{"step": 2830, "loss": -0.008135562762618065, "examples": 2830, "session_seconds": 2412.2714847789975, "peak_vram_bytes": 1835147264}
{"step": 2840, "loss": -0.038852740079164505, "examples": 2840, "session_seconds": 2421.4109856689975, "peak_vram_bytes": 1835147264}
{"step": 2850, "loss": -0.005384039133787155, "examples": 2850, "session_seconds": 2430.7687756629966, "peak_vram_bytes": 1835147264}
{"step": 2860, "loss": 0.09826891124248505, "examples": 2860, "session_seconds": 2440.285251080997, "peak_vram_bytes": 1835147264}
{"step": 2870, "loss": -0.011893351562321186, "examples": 2870, "session_seconds": 2449.374407862997, "peak_vram_bytes": 1835147264}
{"step": 2880, "loss": -0.0066537270322442055, "examples": 2880, "session_seconds": 2458.527265274999, "peak_vram_bytes": 1835147264}
{"step": 2890, "loss": -0.24743227660655975, "examples": 2890, "session_seconds": 2467.8986392299994, "peak_vram_bytes": 1835147264}
{"step": 2900, "loss": 0.2173880785703659, "examples": 2900, "session_seconds": 2476.929481139996, "peak_vram_bytes": 1835147264}
{"step": 2910, "loss": -0.0009141396731138229, "examples": 2910, "session_seconds": 2486.6123330209957, "peak_vram_bytes": 1835147264}
{"step": 2920, "loss": -0.007300319615751505, "examples": 2920, "session_seconds": 2495.967084045995, "peak_vram_bytes": 1835147264}
{"step": 2930, "loss": 0.08993584662675858, "examples": 2930, "session_seconds": 2505.6324239690002, "peak_vram_bytes": 1835147264}
{"step": 2940, "loss": -0.03898470476269722, "examples": 2940, "session_seconds": 2514.902227232, "peak_vram_bytes": 1835147264}
{"step": 2950, "loss": -0.0043213991448283195, "examples": 2950, "session_seconds": 2524.370899567999, "peak_vram_bytes": 1835147264}
{"step": 2960, "loss": -0.042852528393268585, "examples": 2960, "session_seconds": 2533.3686874999985, "peak_vram_bytes": 1835249152}
{"step": 2970, "loss": -0.010320620611310005, "examples": 2970, "session_seconds": 2542.5909635360003, "peak_vram_bytes": 1835249152}
{"step": 2980, "loss": -0.013429911807179451, "examples": 2980, "session_seconds": 2551.236092523999, "peak_vram_bytes": 1835249152}
{"step": 2990, "loss": -0.005744526162743568, "examples": 2990, "session_seconds": 2560.3330245909965, "peak_vram_bytes": 1835249152}
{"step": 3000, "loss": 0.05004186928272247, "examples": 3000, "session_seconds": 2569.4636900170008, "peak_vram_bytes": 1835249152}
{"step": 3010, "loss": -0.005673610605299473, "examples": 3010, "session_seconds": 2578.996534443999, "peak_vram_bytes": 1835249152}
{"step": 3020, "loss": -0.02884022705256939, "examples": 3020, "session_seconds": 2588.8201724280007, "peak_vram_bytes": 1835249152}
{"step": 3030, "loss": -0.010448290035128593, "examples": 3030, "session_seconds": 2598.4984420549954, "peak_vram_bytes": 1835249152}
{"step": 3040, "loss": -0.0023551464546471834, "examples": 3040, "session_seconds": 2607.762625356998, "peak_vram_bytes": 1835249152}
{"step": 3050, "loss": -0.012882537208497524, "examples": 3050, "session_seconds": 2617.3723833740005, "peak_vram_bytes": 1835249152}
{"step": 3060, "loss": -0.005786155350506306, "examples": 3060, "session_seconds": 2626.603028395999, "peak_vram_bytes": 1835249152}
{"step": 3070, "loss": -0.004177695140242577, "examples": 3070, "session_seconds": 2635.9915363129985, "peak_vram_bytes": 1835249152}
{"step": 3080, "loss": -0.0036969531793147326, "examples": 3080, "session_seconds": 2644.920475537001, "peak_vram_bytes": 1835249152}
{"step": 3090, "loss": -0.05891365930438042, "examples": 3090, "session_seconds": 2653.477364393999, "peak_vram_bytes": 1835249152}
{"step": 3100, "loss": -0.00738164596259594, "examples": 3100, "session_seconds": 2661.952307405001, "peak_vram_bytes": 1835249152}
{"step": 3110, "loss": -0.14903202652931213, "examples": 3110, "session_seconds": 2670.778845200999, "peak_vram_bytes": 1835249152}
{"step": 3120, "loss": -0.010472187772393227, "examples": 3120, "session_seconds": 2679.575298816999, "peak_vram_bytes": 1835249152}
{"step": 3130, "loss": -0.003967951517552137, "examples": 3130, "session_seconds": 2688.129318785999, "peak_vram_bytes": 1835249152}
{"step": 3140, "loss": -0.003764421446248889, "examples": 3140, "session_seconds": 2696.7203449299996, "peak_vram_bytes": 1835249152}
{"step": 3150, "loss": -0.04480504244565964, "examples": 3150, "session_seconds": 2705.468805368997, "peak_vram_bytes": 1835249152}
{"step": 3160, "loss": 0.10840746760368347, "examples": 3160, "session_seconds": 2714.0054670120007, "peak_vram_bytes": 1835249152}
{"step": 3170, "loss": -0.06857002526521683, "examples": 3170, "session_seconds": 2723.0316991189975, "peak_vram_bytes": 1835249152}
{"step": 3180, "loss": -1.091524600982666, "examples": 3180, "session_seconds": 2731.6815264760007, "peak_vram_bytes": 1835249152}
{"step": 3190, "loss": -0.011022659949958324, "examples": 3190, "session_seconds": 2740.5847606629977, "peak_vram_bytes": 1835249152}
{"step": 3200, "loss": -0.007707396987825632, "examples": 3200, "session_seconds": 2750.140319746999, "peak_vram_bytes": 1835249152}
{"step": 3210, "loss": -0.007557908073067665, "examples": 3210, "session_seconds": 2759.819797753, "peak_vram_bytes": 1835249152}
{"step": 3220, "loss": -0.008975379168987274, "examples": 3220, "session_seconds": 2769.4779211549976, "peak_vram_bytes": 1835249152}
{"step": 3230, "loss": -0.008394130505621433, "examples": 3230, "session_seconds": 2779.2506718789955, "peak_vram_bytes": 1835249152}
{"step": 3240, "loss": 0.0802655965089798, "examples": 3240, "session_seconds": 2789.0261875049982, "peak_vram_bytes": 1835249152}
{"step": 3250, "loss": 0.008718944154679775, "examples": 3250, "session_seconds": 2798.590882525001, "peak_vram_bytes": 1835249152}
{"step": 3260, "loss": -0.07073073089122772, "examples": 3260, "session_seconds": 2807.701122204002, "peak_vram_bytes": 1835249152}
{"step": 3270, "loss": -0.01778528094291687, "examples": 3270, "session_seconds": 2816.757214190002, "peak_vram_bytes": 1835249152}
{"step": 3280, "loss": -0.1383480429649353, "examples": 3280, "session_seconds": 2826.0752389889967, "peak_vram_bytes": 1835249152}
{"step": 3290, "loss": 0.35329556465148926, "examples": 3290, "session_seconds": 2835.7871637419958, "peak_vram_bytes": 1835249152}
{"step": 3300, "loss": 0.09239323437213898, "examples": 3300, "session_seconds": 2845.1899502529996, "peak_vram_bytes": 1835249152}
{"step": 3310, "loss": -0.24694475531578064, "examples": 3310, "session_seconds": 2855.3161683860017, "peak_vram_bytes": 1835249152}
{"step": 3320, "loss": -0.006891604047268629, "examples": 3320, "session_seconds": 2864.7776539670012, "peak_vram_bytes": 1835249152}
{"step": 3330, "loss": 0.5583480596542358, "examples": 3330, "session_seconds": 2874.4367095319976, "peak_vram_bytes": 1835249152}
{"step": 3340, "loss": -0.0021207910031080246, "examples": 3340, "session_seconds": 2883.987572979, "peak_vram_bytes": 1835249152}
{"step": 3350, "loss": -0.04204897955060005, "examples": 3350, "session_seconds": 2893.5380933729975, "peak_vram_bytes": 1835249152}
{"step": 3360, "loss": -0.011207460425794125, "examples": 3360, "session_seconds": 2902.7161307009956, "peak_vram_bytes": 1835249152}
{"step": 3370, "loss": -0.0030137321446090937, "examples": 3370, "session_seconds": 2912.1683329459993, "peak_vram_bytes": 1835249152}
{"step": 3380, "loss": 0.0, "examples": 3380, "session_seconds": 2921.796834417997, "peak_vram_bytes": 1835249152}
{"step": 3390, "loss": -0.007578370161354542, "examples": 3390, "session_seconds": 2930.8596692739957, "peak_vram_bytes": 1835249152}
{"step": 3400, "loss": -0.006150658242404461, "examples": 3400, "session_seconds": 2940.4298956419952, "peak_vram_bytes": 1835249152}
{"step": 3410, "loss": -0.009988858364522457, "examples": 3410, "session_seconds": 2950.365171477999, "peak_vram_bytes": 1835249152}
{"step": 3420, "loss": -0.007746848277747631, "examples": 3420, "session_seconds": 2959.6253113400016, "peak_vram_bytes": 1835249152}
{"step": 3430, "loss": 0.04216345399618149, "examples": 3430, "session_seconds": 2968.678861405002, "peak_vram_bytes": 1835249152}
{"step": 3440, "loss": 0.21440812945365906, "examples": 3440, "session_seconds": 2977.580558515998, "peak_vram_bytes": 1835249152}
{"step": 3450, "loss": -0.0067342231050133705, "examples": 3450, "session_seconds": 2987.2801719779964, "peak_vram_bytes": 1835249152}
{"step": 3460, "loss": -0.014279747381806374, "examples": 3460, "session_seconds": 2996.938689199, "peak_vram_bytes": 1835249152}
{"step": 3470, "loss": -0.0036859000101685524, "examples": 3470, "session_seconds": 3005.9067980440013, "peak_vram_bytes": 1835249152}
{"step": 3480, "loss": -0.011438560672104359, "examples": 3480, "session_seconds": 3014.7825768409966, "peak_vram_bytes": 1835249152}
{"step": 3490, "loss": 0.17450161278247833, "examples": 3490, "session_seconds": 3024.0873337640005, "peak_vram_bytes": 1835249152}
{"step": 3500, "loss": -0.10618335008621216, "examples": 3500, "session_seconds": 3033.4636100049975, "peak_vram_bytes": 1835249152}
{"step": 3510, "loss": 0.2376408725976944, "examples": 3510, "session_seconds": 3043.1048971339987, "peak_vram_bytes": 1835249152}
{"step": 3520, "loss": -0.003704631235450506, "examples": 3520, "session_seconds": 3052.7887548860017, "peak_vram_bytes": 1835249152}
{"step": 3530, "loss": 0.04607754200696945, "examples": 3530, "session_seconds": 3062.122188080997, "peak_vram_bytes": 1835249152}
{"step": 3540, "loss": -0.0874517410993576, "examples": 3540, "session_seconds": 3071.808828699999, "peak_vram_bytes": 1835249152}
{"step": 3550, "loss": 0.3557146191596985, "examples": 3550, "session_seconds": 3080.929592706001, "peak_vram_bytes": 1835249152}
{"step": 3560, "loss": -0.012020599097013474, "examples": 3560, "session_seconds": 3089.1433321660006, "peak_vram_bytes": 1835249152}
{"step": 3570, "loss": -0.014552300795912743, "examples": 3570, "session_seconds": 3097.5547582309955, "peak_vram_bytes": 1835249152}
{"step": 3580, "loss": -0.012018662877380848, "examples": 3580, "session_seconds": 3105.781550325999, "peak_vram_bytes": 1835249152}
{"step": 3590, "loss": 0.054515108466148376, "examples": 3590, "session_seconds": 3114.503609444997, "peak_vram_bytes": 1835249152}
{"step": 3600, "loss": -0.011756272986531258, "examples": 3600, "session_seconds": 3123.549259800995, "peak_vram_bytes": 1835249152}
{"step": 3610, "loss": -0.17989274859428406, "examples": 3610, "session_seconds": 3132.1737643359957, "peak_vram_bytes": 1835249152}
{"step": 3620, "loss": -0.09339310228824615, "examples": 3620, "session_seconds": 3140.5055340929976, "peak_vram_bytes": 1835249152}
{"step": 3630, "loss": -0.00882194098085165, "examples": 3630, "session_seconds": 3148.809119517995, "peak_vram_bytes": 1835249152}
{"step": 3640, "loss": -0.010388704016804695, "examples": 3640, "session_seconds": 3157.223832650001, "peak_vram_bytes": 1835249152}
{"step": 3650, "loss": -0.00948758888989687, "examples": 3650, "session_seconds": 3165.705925604001, "peak_vram_bytes": 1835249152}
{"step": 3660, "loss": 0.7217755317687988, "examples": 3660, "session_seconds": 3174.2052473899967, "peak_vram_bytes": 1835249152}
{"step": 3670, "loss": -0.010779570788145065, "examples": 3670, "session_seconds": 3182.7563214389957, "peak_vram_bytes": 1835249152}
{"step": 3680, "loss": 0.3034432828426361, "examples": 3680, "session_seconds": 3191.2133180189994, "peak_vram_bytes": 1835249152}
{"step": 3690, "loss": 0.11321836709976196, "examples": 3690, "session_seconds": 3199.9663598779953, "peak_vram_bytes": 1835249152}
{"step": 3700, "loss": 0.034146957099437714, "examples": 3700, "session_seconds": 3209.044647165996, "peak_vram_bytes": 1835249152}
{"step": 3710, "loss": 1.4668696257658098e-09, "examples": 3710, "session_seconds": 3218.4992703399985, "peak_vram_bytes": 1835249152}
{"step": 3720, "loss": -0.09879599511623383, "examples": 3720, "session_seconds": 3227.7128525559965, "peak_vram_bytes": 1835249152}
{"step": 3730, "loss": -0.009506318718194962, "examples": 3730, "session_seconds": 3236.7757564679996, "peak_vram_bytes": 1835249152}
{"step": 3740, "loss": -0.012347283773124218, "examples": 3740, "session_seconds": 3246.065918798995, "peak_vram_bytes": 1835249152}
{"step": 3750, "loss": -0.005809550639241934, "examples": 3750, "session_seconds": 3255.378845153995, "peak_vram_bytes": 1835249152}
{"step": 3760, "loss": -0.008020068518817425, "examples": 3760, "session_seconds": 3264.6746587939997, "peak_vram_bytes": 1835249152}
{"step": 3770, "loss": -0.008378197439014912, "examples": 3770, "session_seconds": 3274.352846818998, "peak_vram_bytes": 1835249152}
{"step": 3780, "loss": -0.009432543069124222, "examples": 3780, "session_seconds": 3283.9226025509997, "peak_vram_bytes": 1835249152}
{"step": 3790, "loss": -0.22772625088691711, "examples": 3790, "session_seconds": 3293.1214162489996, "peak_vram_bytes": 1835249152}
{"step": 3800, "loss": 0.2349739968776703, "examples": 3800, "session_seconds": 3302.7493997509955, "peak_vram_bytes": 1835249152}
{"step": 3810, "loss": -0.002918365877121687, "examples": 3810, "session_seconds": 3312.6733632100004, "peak_vram_bytes": 1835249152}
{"step": 3820, "loss": -0.00846785120666027, "examples": 3820, "session_seconds": 3321.1289378469955, "peak_vram_bytes": 1835249152}
{"step": 3830, "loss": -0.002702022437006235, "examples": 3830, "session_seconds": 3329.6011527199953, "peak_vram_bytes": 1835249152}
{"step": 3840, "loss": -0.009023063816130161, "examples": 3840, "session_seconds": 3338.624312517997, "peak_vram_bytes": 1835249152}
{"step": 3850, "loss": -0.005629498045891523, "examples": 3850, "session_seconds": 3348.326064834, "peak_vram_bytes": 1835249152}
{"step": 3860, "loss": -1.1694584189925195e-10, "examples": 3860, "session_seconds": 3356.8178088569985, "peak_vram_bytes": 1835249152}
{"step": 3870, "loss": -0.07522043585777283, "examples": 3870, "session_seconds": 3365.773409786001, "peak_vram_bytes": 1835249152}
{"step": 3880, "loss": -0.007020029705017805, "examples": 3880, "session_seconds": 3374.3569800479963, "peak_vram_bytes": 1835249152}
{"step": 3890, "loss": -0.0054067568853497505, "examples": 3890, "session_seconds": 3383.8823689479977, "peak_vram_bytes": 1835249152}
{"step": 3900, "loss": -0.005309052765369415, "examples": 3900, "session_seconds": 3392.5353710479976, "peak_vram_bytes": 1835249152}
{"step": 3910, "loss": -0.3257058262825012, "examples": 3910, "session_seconds": 3401.2615906749998, "peak_vram_bytes": 1835249152}
{"step": 3920, "loss": -0.011620024219155312, "examples": 3920, "session_seconds": 3409.6215446009955, "peak_vram_bytes": 1835249152}
{"step": 3930, "loss": -0.008211055770516396, "examples": 3930, "session_seconds": 3417.932315360995, "peak_vram_bytes": 1835249152}
{"step": 3940, "loss": -0.008987346664071083, "examples": 3940, "session_seconds": 3426.433118363995, "peak_vram_bytes": 1835249152}
{"step": 3950, "loss": -0.004324182402342558, "examples": 3950, "session_seconds": 3435.9492212199984, "peak_vram_bytes": 1835249152}
{"step": 3960, "loss": -0.0077364761382341385, "examples": 3960, "session_seconds": 3445.331904310995, "peak_vram_bytes": 1835249152}
{"step": 3970, "loss": -0.0028307177126407623, "examples": 3970, "session_seconds": 3454.918649268002, "peak_vram_bytes": 1835249152}
{"step": 3980, "loss": -0.0009560310281813145, "examples": 3980, "session_seconds": 3464.2864473480004, "peak_vram_bytes": 1835249152}
{"step": 3990, "loss": 5.645057535730302e-05, "examples": 3990, "session_seconds": 3472.8444694249993, "peak_vram_bytes": 1835249152}
{"step": 4000, "loss": -0.011968269012868404, "examples": 4000, "session_seconds": 3481.852034153999, "peak_vram_bytes": 1835249152}
wandb: 
wandb: Run history:
wandb:        examples ▁▁▁▂▂▂▂▂▂▃▃▃▄▄▄▄▄▄▅▅▅▅▅▅▅▆▆▆▆▆▆▇▇▇▇▇▇▇██
wandb:            loss ▂▂▂▂▂▂▃▂▁▂▂▂▂▄▂▂▃▂▂█▆▂▂▂▂▂▂▃▂▂▂▂▂▂▂▂▁▂▂▂
wandb: peak_vram_bytes ▁▃▄▄▄▄▄▄▄▄▆█████████████████████████████
wandb: session_seconds ▁▁▂▂▂▃▃▃▃▄▄▄▄▄▄▅▅▅▅▅▅▆▆▆▆▆▆▇▇▇▇▇▇▇▇▇▇▇▇█
wandb:            step ▁▁▂▂▂▂▂▃▃▃▃▃▃▃▃▃▄▄▄▄▄▅▅▅▅▆▆▆▆▆▆▇▇▇▇▇▇███
wandb: 
wandb: Run summary:
wandb:        examples 4000
wandb:            loss -0.01197
wandb: peak_vram_bytes 1835249152
wandb: session_seconds 3481.85203
wandb:            step 4000
wandb: 
wandb: You can sync this run to the cloud by running:
wandb: wandb sync artifacts/longer-v1/0.8b/main/seed-11/sampled/tracking/wandb/offline-run-20261004_210002-h497qiw1
wandb: Find logs at: artifacts/longer-v1/0.8b/main/seed-11/sampled/tracking/wandb/offline-run-20261004_210002-h497qiw1/logs
{"artifact": "artifacts/longer-v1/0.8b/main/seed-11/sampled/artifact", "elapsed_seconds": 3482.262089060001}
