
{"utc": "2026-10-05T10:17:22.215146+00:00", "command": ["-m", "myjev.train", "--config", "results/longer-v1/0.8b/main/seed-33/continued_sft/config.json", "--data", "data/banking77/train.jsonl", "--output", "artifacts/longer-v1/0.8b/main/seed-33/continued_sft", "--method", "continued_sft", "--seed", "33", "--initial", "artifacts/longer-v1/0.8b/main/seed-33/sft/artifact"]}
Loading weights:   0%|          | 0/320 [00:00<?, ?it/s]Loading weights: 100%|██████████| 320/320 [00:00<00:00, 4551.64it/s]
wandb: Tracking run with wandb version 0.30.0
wandb: W&B syncing is set to `offline` in this directory. Run `wandb online` or set WANDB_MODE=online to enable cloud syncing.
wandb: Run data is saved locally in artifacts/longer-v1/0.8b/main/seed-33/continued_sft/tracking/wandb/offline-run-20261005_031731-3ugzdirw
wandb: View this run in the terminal with `wandb leet`
[transformers] `causal_conv1d_fn` is falling back to its reference PyTorch implementation because `causal_conv1d` is not installed. This is correct but much slower; install `causal_conv1d` for the optimized kernel.
[transformers] `chunk_gated_delta_rule` is falling back to its reference PyTorch implementation because `flash-linear-attention` is not installed. This is correct but much slower; install `flash-linear-attention` for the optimized kernel.
{"step": 10, "loss": 0.013677921146154404, "examples": 10, "session_seconds": 8.952069093000318, "peak_vram_bytes": 1815377920}
{"step": 20, "loss": 20.25977897644043, "examples": 20, "session_seconds": 16.410973621001176, "peak_vram_bytes": 1824866304}
{"step": 30, "loss": 0.013544941321015358, "examples": 30, "session_seconds": 23.796915184997488, "peak_vram_bytes": 1824866304}
{"step": 40, "loss": 0.013668850064277649, "examples": 40, "session_seconds": 30.95212426999933, "peak_vram_bytes": 1824866304}
{"step": 50, "loss": 0.01391576137393713, "examples": 50, "session_seconds": 37.978157197001565, "peak_vram_bytes": 1824866304}
{"step": 60, "loss": 0.019013267010450363, "examples": 60, "session_seconds": 45.548725186999945, "peak_vram_bytes": 1824866304}
{"step": 70, "loss": 3.2095112800598145, "examples": 70, "session_seconds": 53.92444010100007, "peak_vram_bytes": 1824866304}
{"step": 80, "loss": 0.013817057944834232, "examples": 80, "session_seconds": 61.14664656500099, "peak_vram_bytes": 1824866304}
{"step": 90, "loss": 0.013564671389758587, "examples": 90, "session_seconds": 68.1220784649995, "peak_vram_bytes": 1824866304}
{"step": 100, "loss": 0.013601408340036869, "examples": 100, "session_seconds": 75.33179993399972, "peak_vram_bytes": 1824866304}
Warning: You are sending unauthenticated requests to the HF Hub. Please set a HF_TOKEN to enable higher rate limits and faster downloads.
{"step": 110, "loss": 0.014743400737643242, "examples": 110, "session_seconds": 82.99229010000272, "peak_vram_bytes": 1824866304}
{"step": 120, "loss": 0.013853821903467178, "examples": 120, "session_seconds": 90.98049550799624, "peak_vram_bytes": 1824866304}
{"step": 130, "loss": 0.013888230547308922, "examples": 130, "session_seconds": 99.39227415800269, "peak_vram_bytes": 1824866304}
{"step": 140, "loss": 0.014071952551603317, "examples": 140, "session_seconds": 107.3265490709964, "peak_vram_bytes": 1824866304}
{"step": 150, "loss": 0.013869695365428925, "examples": 150, "session_seconds": 115.24844162299996, "peak_vram_bytes": 1827287552}
{"step": 160, "loss": 0.013565370813012123, "examples": 160, "session_seconds": 123.3296645320006, "peak_vram_bytes": 1827287552}
{"step": 170, "loss": 0.04207075014710426, "examples": 170, "session_seconds": 130.82058874300128, "peak_vram_bytes": 1827287552}
{"step": 180, "loss": 0.030954189598560333, "examples": 180, "session_seconds": 138.75708155999746, "peak_vram_bytes": 1827287552}
{"step": 190, "loss": 0.016772467643022537, "examples": 190, "session_seconds": 146.9763585039982, "peak_vram_bytes": 1827287552}
{"step": 200, "loss": 0.01400685217231512, "examples": 200, "session_seconds": 154.98456981899653, "peak_vram_bytes": 1827287552}
{"step": 210, "loss": 0.014764998108148575, "examples": 210, "session_seconds": 163.50673635800194, "peak_vram_bytes": 1827287552}
{"step": 220, "loss": 0.013905802741646767, "examples": 220, "session_seconds": 171.80960801400215, "peak_vram_bytes": 1827287552}
{"step": 230, "loss": 12.44365119934082, "examples": 230, "session_seconds": 179.4880109980004, "peak_vram_bytes": 1828475392}
{"step": 240, "loss": 0.015083225443959236, "examples": 240, "session_seconds": 187.49280781499692, "peak_vram_bytes": 1828475392}
{"step": 250, "loss": 0.20970526337623596, "examples": 250, "session_seconds": 194.93357146999915, "peak_vram_bytes": 1828475392}
{"step": 260, "loss": 0.015033436007797718, "examples": 260, "session_seconds": 203.05343750199972, "peak_vram_bytes": 1828475392}
{"step": 270, "loss": 0.01579109951853752, "examples": 270, "session_seconds": 210.58046578799986, "peak_vram_bytes": 1828730368}
{"step": 280, "loss": 0.09582812339067459, "examples": 280, "session_seconds": 218.74964404999628, "peak_vram_bytes": 1828730368}
{"step": 290, "loss": 0.015864694491028786, "examples": 290, "session_seconds": 226.5163948690024, "peak_vram_bytes": 1828730368}
{"step": 300, "loss": 0.013746334239840508, "examples": 300, "session_seconds": 234.3323804440006, "peak_vram_bytes": 1828730368}
{"step": 310, "loss": 0.014087985269725323, "examples": 310, "session_seconds": 242.46089982400008, "peak_vram_bytes": 1828730368}
{"step": 320, "loss": 0.013477221131324768, "examples": 320, "session_seconds": 250.6172127519967, "peak_vram_bytes": 1828730368}
{"step": 330, "loss": 0.015462413430213928, "examples": 330, "session_seconds": 258.595608935997, "peak_vram_bytes": 1828730368}
{"step": 340, "loss": 0.013954916968941689, "examples": 340, "session_seconds": 266.6265903579988, "peak_vram_bytes": 1828730368}
{"step": 350, "loss": 0.013895607553422451, "examples": 350, "session_seconds": 274.15831794399855, "peak_vram_bytes": 1828730368}
{"step": 360, "loss": 0.013555433601140976, "examples": 360, "session_seconds": 282.3963494839991, "peak_vram_bytes": 1828730368}
{"step": 370, "loss": 0.014690659008920193, "examples": 370, "session_seconds": 289.68179860399687, "peak_vram_bytes": 1828730368}
{"step": 380, "loss": 0.014057543128728867, "examples": 380, "session_seconds": 296.7552086989963, "peak_vram_bytes": 1828730368}
{"step": 390, "loss": 0.025286756455898285, "examples": 390, "session_seconds": 303.83448588600004, "peak_vram_bytes": 1828730368}
{"step": 400, "loss": 0.015861690044403076, "examples": 400, "session_seconds": 310.90754206600104, "peak_vram_bytes": 1828730368}
{"step": 410, "loss": 0.015998810529708862, "examples": 410, "session_seconds": 318.6630314130016, "peak_vram_bytes": 1828730368}
{"step": 420, "loss": 0.014958852902054787, "examples": 420, "session_seconds": 326.6754068090013, "peak_vram_bytes": 1828730368}
{"step": 430, "loss": 0.014081519097089767, "examples": 430, "session_seconds": 334.73325654699875, "peak_vram_bytes": 1828730368}
{"step": 440, "loss": 0.014348176307976246, "examples": 440, "session_seconds": 342.65158627300116, "peak_vram_bytes": 1828730368}
{"step": 450, "loss": 0.013702918775379658, "examples": 450, "session_seconds": 350.9854577559963, "peak_vram_bytes": 1828730368}
{"step": 460, "loss": 0.016017891466617584, "examples": 460, "session_seconds": 359.1492555529985, "peak_vram_bytes": 1828730368}
{"step": 470, "loss": 0.014743070118129253, "examples": 470, "session_seconds": 367.18403336499614, "peak_vram_bytes": 1828730368}
{"step": 480, "loss": 0.014178694225847721, "examples": 480, "session_seconds": 375.1242501430024, "peak_vram_bytes": 1828730368}
{"step": 490, "loss": 0.01557074673473835, "examples": 490, "session_seconds": 383.6098591850023, "peak_vram_bytes": 1828730368}
{"step": 500, "loss": 0.014004912227392197, "examples": 500, "session_seconds": 392.06950823400257, "peak_vram_bytes": 1828730368}
{"step": 510, "loss": 0.013983908109366894, "examples": 510, "session_seconds": 400.91020589300024, "peak_vram_bytes": 1828730368}
{"step": 520, "loss": 0.014085202477872372, "examples": 520, "session_seconds": 408.8060138389992, "peak_vram_bytes": 1828730368}
{"step": 530, "loss": 8.668829917907715, "examples": 530, "session_seconds": 417.0630030280008, "peak_vram_bytes": 1828730368}
{"step": 540, "loss": 0.013649946078658104, "examples": 540, "session_seconds": 424.94209182399936, "peak_vram_bytes": 1828730368}
{"step": 550, "loss": 19.811748504638672, "examples": 550, "session_seconds": 433.1757175879975, "peak_vram_bytes": 1828730368}
{"step": 560, "loss": 0.03061465546488762, "examples": 560, "session_seconds": 441.07021490499756, "peak_vram_bytes": 1828730368}
{"step": 570, "loss": 0.013822355307638645, "examples": 570, "session_seconds": 449.0141969690012, "peak_vram_bytes": 1828730368}
{"step": 580, "loss": 4.357517719268799, "examples": 580, "session_seconds": 456.4649680329967, "peak_vram_bytes": 1828730368}
{"step": 590, "loss": 0.01398079190403223, "examples": 590, "session_seconds": 463.435841049999, "peak_vram_bytes": 1828730368}
{"step": 600, "loss": 0.014511317014694214, "examples": 600, "session_seconds": 470.64621529800206, "peak_vram_bytes": 1828730368}
{"step": 610, "loss": 0.01372158620506525, "examples": 610, "session_seconds": 479.35255068600236, "peak_vram_bytes": 1828730368}
{"step": 620, "loss": 0.013446494936943054, "examples": 620, "session_seconds": 487.18880647399783, "peak_vram_bytes": 1828730368}
{"step": 630, "loss": 0.013765953481197357, "examples": 630, "session_seconds": 495.91247298200324, "peak_vram_bytes": 1828730368}
{"step": 640, "loss": 0.013814954087138176, "examples": 640, "session_seconds": 503.69929980699817, "peak_vram_bytes": 1828730368}
{"step": 650, "loss": 0.013534910045564175, "examples": 650, "session_seconds": 511.5805248589968, "peak_vram_bytes": 1828730368}
{"step": 660, "loss": 14.892987251281738, "examples": 660, "session_seconds": 518.9639423760018, "peak_vram_bytes": 1828730368}
{"step": 670, "loss": 0.013648583553731441, "examples": 670, "session_seconds": 526.2091598929983, "peak_vram_bytes": 1828730368}
{"step": 680, "loss": 14.47315502166748, "examples": 680, "session_seconds": 533.3935464269962, "peak_vram_bytes": 1828730368}
{"step": 690, "loss": 0.013740714639425278, "examples": 690, "session_seconds": 540.7086313539985, "peak_vram_bytes": 1828730368}
{"step": 700, "loss": 0.013567531481385231, "examples": 700, "session_seconds": 548.8552792850023, "peak_vram_bytes": 1828730368}
{"step": 710, "loss": 0.013520240783691406, "examples": 710, "session_seconds": 557.5275388879963, "peak_vram_bytes": 1828730368}
{"step": 720, "loss": 0.013674737885594368, "examples": 720, "session_seconds": 565.8649313170026, "peak_vram_bytes": 1828730368}
{"step": 730, "loss": 0.013695058412849903, "examples": 730, "session_seconds": 573.8613858359968, "peak_vram_bytes": 1828730368}
{"step": 740, "loss": 2.519876718521118, "examples": 740, "session_seconds": 581.2160511260008, "peak_vram_bytes": 1828730368}
{"step": 750, "loss": 20.267580032348633, "examples": 750, "session_seconds": 588.4189410440013, "peak_vram_bytes": 1828730368}
{"step": 760, "loss": 0.014241280034184456, "examples": 760, "session_seconds": 596.3290154389979, "peak_vram_bytes": 1828730368}
{"step": 770, "loss": 0.01513758860528469, "examples": 770, "session_seconds": 603.9110264249975, "peak_vram_bytes": 1828730368}
{"step": 780, "loss": 16.06011199951172, "examples": 780, "session_seconds": 611.2826323120025, "peak_vram_bytes": 1828730368}
{"step": 790, "loss": 0.01685577630996704, "examples": 790, "session_seconds": 618.5083656909992, "peak_vram_bytes": 1828730368}
{"step": 800, "loss": 0.01577707752585411, "examples": 800, "session_seconds": 625.8614797859991, "peak_vram_bytes": 1828730368}
{"step": 810, "loss": 0.013913320377469063, "examples": 810, "session_seconds": 633.3994703499993, "peak_vram_bytes": 1828730368}
{"step": 820, "loss": 16.25428009033203, "examples": 820, "session_seconds": 641.0845444680017, "peak_vram_bytes": 1828730368}
{"step": 830, "loss": 0.015478180721402168, "examples": 830, "session_seconds": 648.7525244799981, "peak_vram_bytes": 1828730368}
{"step": 840, "loss": 0.01387339923530817, "examples": 840, "session_seconds": 656.8439051460009, "peak_vram_bytes": 1828730368}
{"step": 850, "loss": 0.013462738133966923, "examples": 850, "session_seconds": 664.2141843939971, "peak_vram_bytes": 1828730368}
{"step": 860, "loss": 0.013568305410444736, "examples": 860, "session_seconds": 671.8922744130032, "peak_vram_bytes": 1828730368}
{"step": 870, "loss": 0.013671884313225746, "examples": 870, "session_seconds": 680.028074959002, "peak_vram_bytes": 1828730368}
{"step": 880, "loss": 0.014224822632968426, "examples": 880, "session_seconds": 688.0094411359969, "peak_vram_bytes": 1828730368}
{"step": 890, "loss": 0.013690340332686901, "examples": 890, "session_seconds": 695.878884673999, "peak_vram_bytes": 1828730368}
{"step": 900, "loss": 20.826303482055664, "examples": 900, "session_seconds": 703.9431283320009, "peak_vram_bytes": 1828730368}
{"step": 910, "loss": 7.698247909545898, "examples": 910, "session_seconds": 712.5531050599966, "peak_vram_bytes": 1828730368}
{"step": 920, "loss": 0.014094851911067963, "examples": 920, "session_seconds": 719.7285155869977, "peak_vram_bytes": 1828730368}
{"step": 930, "loss": 17.81000518798828, "examples": 930, "session_seconds": 726.664258413999, "peak_vram_bytes": 1828730368}
{"step": 940, "loss": 0.053882598876953125, "examples": 940, "session_seconds": 733.705974288001, "peak_vram_bytes": 1828730368}
{"step": 950, "loss": 0.014912055805325508, "examples": 950, "session_seconds": 740.7625562289977, "peak_vram_bytes": 1828730368}
{"step": 960, "loss": 0.013499506749212742, "examples": 960, "session_seconds": 748.0435755029976, "peak_vram_bytes": 1828730368}
{"step": 970, "loss": 0.01360922958701849, "examples": 970, "session_seconds": 755.1989388069996, "peak_vram_bytes": 1828730368}
{"step": 980, "loss": 0.01391181256622076, "examples": 980, "session_seconds": 762.4706482239999, "peak_vram_bytes": 1828730368}
{"step": 990, "loss": 5.685316562652588, "examples": 990, "session_seconds": 770.4268173699966, "peak_vram_bytes": 1828730368}
{"step": 1000, "loss": 0.01612999476492405, "examples": 1000, "session_seconds": 778.7036668649962, "peak_vram_bytes": 1828730368}
{"step": 1010, "loss": 0.018229365348815918, "examples": 1010, "session_seconds": 786.7394917209967, "peak_vram_bytes": 1828730368}
{"step": 1020, "loss": 15.604199409484863, "examples": 1020, "session_seconds": 793.983209416001, "peak_vram_bytes": 1828730368}
{"step": 1030, "loss": 16.5329532623291, "examples": 1030, "session_seconds": 801.2532187219986, "peak_vram_bytes": 1828730368}
{"step": 1040, "loss": 0.013953357934951782, "examples": 1040, "session_seconds": 808.6862900519991, "peak_vram_bytes": 1828730368}
{"step": 1050, "loss": 0.013713926076889038, "examples": 1050, "session_seconds": 816.084353612001, "peak_vram_bytes": 1828730368}
{"step": 1060, "loss": 0.014024930074810982, "examples": 1060, "session_seconds": 823.6880050629989, "peak_vram_bytes": 1828730368}
{"step": 1070, "loss": 0.01383114606142044, "examples": 1070, "session_seconds": 831.3678338730024, "peak_vram_bytes": 1828730368}
{"step": 1080, "loss": 0.013802440837025642, "examples": 1080, "session_seconds": 838.6551842409972, "peak_vram_bytes": 1828730368}
{"step": 1090, "loss": 19.152353286743164, "examples": 1090, "session_seconds": 845.8523696830016, "peak_vram_bytes": 1828730368}
{"step": 1100, "loss": 0.01607673428952694, "examples": 1100, "session_seconds": 853.7228364129987, "peak_vram_bytes": 1828730368}
{"step": 1110, "loss": 0.015535252168774605, "examples": 1110, "session_seconds": 861.7947914109973, "peak_vram_bytes": 1828730368}
{"step": 1120, "loss": 2.165989875793457, "examples": 1120, "session_seconds": 869.5808843470004, "peak_vram_bytes": 1828730368}
{"step": 1130, "loss": 0.014477197080850601, "examples": 1130, "session_seconds": 876.8655228409989, "peak_vram_bytes": 1828730368}
{"step": 1140, "loss": 12.22922134399414, "examples": 1140, "session_seconds": 883.8760544280012, "peak_vram_bytes": 1828730368}
{"step": 1150, "loss": 0.015176508575677872, "examples": 1150, "session_seconds": 890.9131362210028, "peak_vram_bytes": 1828730368}
{"step": 1160, "loss": 22.225988388061523, "examples": 1160, "session_seconds": 898.017591304997, "peak_vram_bytes": 1828730368}
{"step": 1170, "loss": 0.014851199463009834, "examples": 1170, "session_seconds": 906.2501179899991, "peak_vram_bytes": 1828730368}
{"step": 1180, "loss": 0.014956586062908173, "examples": 1180, "session_seconds": 914.3833109159968, "peak_vram_bytes": 1828730368}
{"step": 1190, "loss": 16.679555892944336, "examples": 1190, "session_seconds": 921.6584818729971, "peak_vram_bytes": 1828730368}
{"step": 1200, "loss": 0.014758110046386719, "examples": 1200, "session_seconds": 928.8829020600024, "peak_vram_bytes": 1828730368}
{"step": 1210, "loss": 0.014800317585468292, "examples": 1210, "session_seconds": 936.3187407820005, "peak_vram_bytes": 1828730368}
{"step": 1220, "loss": 16.95020866394043, "examples": 1220, "session_seconds": 943.4284176759975, "peak_vram_bytes": 1828730368}
{"step": 1230, "loss": 0.013703879900276661, "examples": 1230, "session_seconds": 950.4852606860004, "peak_vram_bytes": 1828730368}
{"step": 1240, "loss": 0.014499860815703869, "examples": 1240, "session_seconds": 957.5509808759962, "peak_vram_bytes": 1828730368}
{"step": 1250, "loss": 0.014316852204501629, "examples": 1250, "session_seconds": 964.649539279002, "peak_vram_bytes": 1828730368}
{"step": 1260, "loss": 0.014760972931981087, "examples": 1260, "session_seconds": 971.8100484210008, "peak_vram_bytes": 1828730368}
{"step": 1270, "loss": 0.018866566941142082, "examples": 1270, "session_seconds": 978.9664664489974, "peak_vram_bytes": 1828730368}
{"step": 1280, "loss": 0.016441134735941887, "examples": 1280, "session_seconds": 986.2764790319998, "peak_vram_bytes": 1828730368}
{"step": 1290, "loss": 13.56948184967041, "examples": 1290, "session_seconds": 993.2077541309991, "peak_vram_bytes": 1828730368}
{"step": 1300, "loss": 6.156217098236084, "examples": 1300, "session_seconds": 1000.2897801340005, "peak_vram_bytes": 1828730368}
{"step": 1310, "loss": 0.013545281253755093, "examples": 1310, "session_seconds": 1007.7162958760018, "peak_vram_bytes": 1828730368}
{"step": 1320, "loss": 1.6870179176330566, "examples": 1320, "session_seconds": 1014.822883726003, "peak_vram_bytes": 1828730368}
{"step": 1330, "loss": 0.015058161690831184, "examples": 1330, "session_seconds": 1021.8613207309972, "peak_vram_bytes": 1828730368}
{"step": 1340, "loss": 0.013473888859152794, "examples": 1340, "session_seconds": 1028.875659186997, "peak_vram_bytes": 1828730368}
{"step": 1350, "loss": 0.013507924973964691, "examples": 1350, "session_seconds": 1035.932307422001, "peak_vram_bytes": 1828730368}
{"step": 1360, "loss": 0.013423354364931583, "examples": 1360, "session_seconds": 1042.9807956099976, "peak_vram_bytes": 1828730368}
{"step": 1370, "loss": 15.183788299560547, "examples": 1370, "session_seconds": 1050.0029712890027, "peak_vram_bytes": 1828730368}
{"step": 1380, "loss": 0.01804039441049099, "examples": 1380, "session_seconds": 1057.230348252, "peak_vram_bytes": 1828730368}
{"step": 1390, "loss": 5.399907112121582, "examples": 1390, "session_seconds": 1064.3628048519968, "peak_vram_bytes": 1828730368}
{"step": 1400, "loss": 0.013544663786888123, "examples": 1400, "session_seconds": 1071.8474229179992, "peak_vram_bytes": 1828730368}
{"step": 1410, "loss": 0.013497510924935341, "examples": 1410, "session_seconds": 1080.5371108429972, "peak_vram_bytes": 1828730368}
{"step": 1420, "loss": 0.01337464153766632, "examples": 1420, "session_seconds": 1088.5746112999987, "peak_vram_bytes": 1828730368}
{"step": 1430, "loss": 0.015433015301823616, "examples": 1430, "session_seconds": 1096.597421958999, "peak_vram_bytes": 1828730368}
{"step": 1440, "loss": 13.914044380187988, "examples": 1440, "session_seconds": 1104.646707490996, "peak_vram_bytes": 1828730368}
{"step": 1450, "loss": 0.013485889881849289, "examples": 1450, "session_seconds": 1113.0072207210033, "peak_vram_bytes": 1828730368}
{"step": 1460, "loss": 0.03267310932278633, "examples": 1460, "session_seconds": 1121.105738266997, "peak_vram_bytes": 1828730368}
{"step": 1470, "loss": 0.01415582187473774, "examples": 1470, "session_seconds": 1129.2328272739978, "peak_vram_bytes": 1828730368}
{"step": 1480, "loss": 0.014197017066180706, "examples": 1480, "session_seconds": 1137.7745621130016, "peak_vram_bytes": 1828730368}
{"step": 1490, "loss": 0.013916907832026482, "examples": 1490, "session_seconds": 1146.009689243001, "peak_vram_bytes": 1828730368}
{"step": 1500, "loss": 3.8157529830932617, "examples": 1500, "session_seconds": 1153.302351724, "peak_vram_bytes": 1828730368}
{"step": 1510, "loss": 5.670299053192139, "examples": 1510, "session_seconds": 1161.6563607499993, "peak_vram_bytes": 1828730368}
{"step": 1520, "loss": 0.03413454443216324, "examples": 1520, "session_seconds": 1169.3067642539972, "peak_vram_bytes": 1828730368}
{"step": 1530, "loss": 0.013488192111253738, "examples": 1530, "session_seconds": 1177.172649264001, "peak_vram_bytes": 1829514752}
{"step": 1540, "loss": 0.013804826885461807, "examples": 1540, "session_seconds": 1185.4500292489975, "peak_vram_bytes": 1829514752}
{"step": 1550, "loss": 0.01351250521838665, "examples": 1550, "session_seconds": 1193.466426990999, "peak_vram_bytes": 1829514752}
{"step": 1560, "loss": 0.01416860893368721, "examples": 1560, "session_seconds": 1201.523013541002, "peak_vram_bytes": 1829514752}
{"step": 1570, "loss": 0.020572513341903687, "examples": 1570, "session_seconds": 1209.567324456999, "peak_vram_bytes": 1829514752}
{"step": 1580, "loss": 10.44166374206543, "examples": 1580, "session_seconds": 1217.5740760440021, "peak_vram_bytes": 1829514752}
{"step": 1590, "loss": 0.013647250831127167, "examples": 1590, "session_seconds": 1225.9178428300002, "peak_vram_bytes": 1829514752}
{"step": 1600, "loss": 0.013404094614088535, "examples": 1600, "session_seconds": 1234.0654068540025, "peak_vram_bytes": 1829514752}
{"step": 1610, "loss": 0.013734731823205948, "examples": 1610, "session_seconds": 1242.3483348480004, "peak_vram_bytes": 1829514752}
{"step": 1620, "loss": 0.013541080988943577, "examples": 1620, "session_seconds": 1250.307017252002, "peak_vram_bytes": 1829514752}
{"step": 1630, "loss": 0.04900050908327103, "examples": 1630, "session_seconds": 1258.6914221900006, "peak_vram_bytes": 1829514752}
{"step": 1640, "loss": 0.013587134890258312, "examples": 1640, "session_seconds": 1267.158053893996, "peak_vram_bytes": 1829514752}
{"step": 1650, "loss": 0.014550449326634407, "examples": 1650, "session_seconds": 1274.6916537439974, "peak_vram_bytes": 1829514752}
{"step": 1660, "loss": 0.014366567134857178, "examples": 1660, "session_seconds": 1282.6566071630004, "peak_vram_bytes": 1829514752}
{"step": 1670, "loss": 7.6660590171813965, "examples": 1670, "session_seconds": 1290.7496618389996, "peak_vram_bytes": 1829514752}
{"step": 1680, "loss": 0.014915154315531254, "examples": 1680, "session_seconds": 1299.3033834590024, "peak_vram_bytes": 1829514752}
{"step": 1690, "loss": 0.35491377115249634, "examples": 1690, "session_seconds": 1306.9893630680017, "peak_vram_bytes": 1829514752}
{"step": 1700, "loss": 18.21169662475586, "examples": 1700, "session_seconds": 1314.7253897449991, "peak_vram_bytes": 1829514752}
{"step": 1710, "loss": 0.015164859592914581, "examples": 1710, "session_seconds": 1322.363085277997, "peak_vram_bytes": 1829514752}
{"step": 1720, "loss": 0.03411684185266495, "examples": 1720, "session_seconds": 1329.8834595270018, "peak_vram_bytes": 1829514752}
{"step": 1730, "loss": 0.015421045944094658, "examples": 1730, "session_seconds": 1338.1681202289983, "peak_vram_bytes": 1829514752}
{"step": 1740, "loss": 0.015409551560878754, "examples": 1740, "session_seconds": 1345.503008861997, "peak_vram_bytes": 1829514752}
{"step": 1750, "loss": 0.016064360737800598, "examples": 1750, "session_seconds": 1352.6394226580014, "peak_vram_bytes": 1829514752}
{"step": 1760, "loss": 16.63319969177246, "examples": 1760, "session_seconds": 1359.8761321209968, "peak_vram_bytes": 1829514752}
{"step": 1770, "loss": 0.01512104645371437, "examples": 1770, "session_seconds": 1367.124968764998, "peak_vram_bytes": 1832138752}
{"step": 1780, "loss": 0.015615921467542648, "examples": 1780, "session_seconds": 1374.9233569749995, "peak_vram_bytes": 1832138752}
{"step": 1790, "loss": 0.024046296253800392, "examples": 1790, "session_seconds": 1383.0137850760002, "peak_vram_bytes": 1832138752}
{"step": 1800, "loss": 0.013725290074944496, "examples": 1800, "session_seconds": 1391.164893041001, "peak_vram_bytes": 1832138752}
{"step": 1810, "loss": 0.014045044779777527, "examples": 1810, "session_seconds": 1399.5816366020008, "peak_vram_bytes": 1832138752}
{"step": 1820, "loss": 0.014196177944540977, "examples": 1820, "session_seconds": 1407.6679851969966, "peak_vram_bytes": 1832138752}
{"step": 1830, "loss": 0.016390904784202576, "examples": 1830, "session_seconds": 1415.6166815100005, "peak_vram_bytes": 1832138752}
{"step": 1840, "loss": 0.014446530491113663, "examples": 1840, "session_seconds": 1423.612953406002, "peak_vram_bytes": 1832138752}
{"step": 1850, "loss": 0.014266351237893105, "examples": 1850, "session_seconds": 1431.575080976996, "peak_vram_bytes": 1832138752}
{"step": 1860, "loss": 0.0357549749314785, "examples": 1860, "session_seconds": 1440.0464602790016, "peak_vram_bytes": 1832138752}
{"step": 1870, "loss": 8.284276962280273, "examples": 1870, "session_seconds": 1447.5040280769972, "peak_vram_bytes": 1832138752}
{"step": 1880, "loss": 2.188375949859619, "examples": 1880, "session_seconds": 1454.7044510979977, "peak_vram_bytes": 1832138752}
{"step": 1890, "loss": 0.013737455941736698, "examples": 1890, "session_seconds": 1461.9992641630015, "peak_vram_bytes": 1832138752}
{"step": 1900, "loss": 0.01434627640992403, "examples": 1900, "session_seconds": 1469.1220590099983, "peak_vram_bytes": 1832138752}
{"step": 1910, "loss": 0.013548734597861767, "examples": 1910, "session_seconds": 1476.6054353720028, "peak_vram_bytes": 1832138752}
{"step": 1920, "loss": 0.013457605615258217, "examples": 1920, "session_seconds": 1484.1895058559967, "peak_vram_bytes": 1832138752}
{"step": 1930, "loss": 11.684494018554688, "examples": 1930, "session_seconds": 1492.2187784880007, "peak_vram_bytes": 1832138752}
{"step": 1940, "loss": 0.013693355955183506, "examples": 1940, "session_seconds": 1500.198045406003, "peak_vram_bytes": 1832138752}
{"step": 1950, "loss": 0.013385020196437836, "examples": 1950, "session_seconds": 1508.4811709479982, "peak_vram_bytes": 1832138752}
{"step": 1960, "loss": 0.013743098825216293, "examples": 1960, "session_seconds": 1516.1755093949978, "peak_vram_bytes": 1832138752}
{"step": 1970, "loss": 0.014308799058198929, "examples": 1970, "session_seconds": 1524.0273374230019, "peak_vram_bytes": 1832138752}
{"step": 1980, "loss": 0.013517665676772594, "examples": 1980, "session_seconds": 1531.2429807070002, "peak_vram_bytes": 1832138752}
{"step": 1990, "loss": 0.013563310727477074, "examples": 1990, "session_seconds": 1538.4978928240016, "peak_vram_bytes": 1832138752}
{"step": 2000, "loss": 0.03125779330730438, "examples": 2000, "session_seconds": 1545.6831664670026, "peak_vram_bytes": 1832138752}
{"step": 2010, "loss": 7.69065523147583, "examples": 2010, "session_seconds": 1553.179082980998, "peak_vram_bytes": 1832138752}
{"step": 2020, "loss": 0.013644985854625702, "examples": 2020, "session_seconds": 1560.2888209579978, "peak_vram_bytes": 1832138752}
{"step": 2030, "loss": 0.013553515076637268, "examples": 2030, "session_seconds": 1567.5183486359965, "peak_vram_bytes": 1832138752}
{"step": 2040, "loss": 0.013771459460258484, "examples": 2040, "session_seconds": 1574.7720968139984, "peak_vram_bytes": 1832138752}
{"step": 2050, "loss": 0.013657334260642529, "examples": 2050, "session_seconds": 1581.928823659, "peak_vram_bytes": 1832138752}
{"step": 2060, "loss": 0.014553938060998917, "examples": 2060, "session_seconds": 1589.0326923890025, "peak_vram_bytes": 1832138752}
{"step": 2070, "loss": 0.014575705863535404, "examples": 2070, "session_seconds": 1596.246508397002, "peak_vram_bytes": 1832138752}
{"step": 2080, "loss": 0.2515229880809784, "examples": 2080, "session_seconds": 1603.4869949810018, "peak_vram_bytes": 1832138752}
{"step": 2090, "loss": 0.013745379634201527, "examples": 2090, "session_seconds": 1610.7057521269962, "peak_vram_bytes": 1832138752}
{"step": 2100, "loss": 12.923162460327148, "examples": 2100, "session_seconds": 1617.9548799589975, "peak_vram_bytes": 1832138752}
{"step": 2110, "loss": 0.014244052581489086, "examples": 2110, "session_seconds": 1625.9079796959995, "peak_vram_bytes": 1832138752}
{"step": 2120, "loss": 15.754032135009766, "examples": 2120, "session_seconds": 1633.4818978620024, "peak_vram_bytes": 1832138752}
{"step": 2130, "loss": 0.018736708909273148, "examples": 2130, "session_seconds": 1641.6688083580011, "peak_vram_bytes": 1832138752}
{"step": 2140, "loss": 0.01403813436627388, "examples": 2140, "session_seconds": 1649.7936047269977, "peak_vram_bytes": 1832138752}
{"step": 2150, "loss": 6.101564407348633, "examples": 2150, "session_seconds": 1657.9231146079983, "peak_vram_bytes": 1832138752}
{"step": 2160, "loss": 11.480010032653809, "examples": 2160, "session_seconds": 1665.4527059050015, "peak_vram_bytes": 1832138752}
{"step": 2170, "loss": 0.013711665757000446, "examples": 2170, "session_seconds": 1672.655694699999, "peak_vram_bytes": 1832138752}
{"step": 2180, "loss": 0.013818645849823952, "examples": 2180, "session_seconds": 1680.1339962810016, "peak_vram_bytes": 1832138752}
{"step": 2190, "loss": 0.016137871891260147, "examples": 2190, "session_seconds": 1688.5178495389991, "peak_vram_bytes": 1832138752}
{"step": 2200, "loss": 0.10487237572669983, "examples": 2200, "session_seconds": 1696.5875399720026, "peak_vram_bytes": 1832138752}
{"step": 2210, "loss": 10.684502601623535, "examples": 2210, "session_seconds": 1705.3471334749993, "peak_vram_bytes": 1832138752}
{"step": 2220, "loss": 4.945886135101318, "examples": 2220, "session_seconds": 1713.1688953449993, "peak_vram_bytes": 1832138752}
{"step": 2230, "loss": 0.01654713973402977, "examples": 2230, "session_seconds": 1720.2774608510008, "peak_vram_bytes": 1832138752}
{"step": 2240, "loss": 0.013520419597625732, "examples": 2240, "session_seconds": 1727.3590512910014, "peak_vram_bytes": 1832138752}
{"step": 2250, "loss": 0.013540131039917469, "examples": 2250, "session_seconds": 1734.2209482550024, "peak_vram_bytes": 1832138752}
{"step": 2260, "loss": 9.251852989196777, "examples": 2260, "session_seconds": 1741.408141688, "peak_vram_bytes": 1832138752}
{"step": 2270, "loss": 0.013787410221993923, "examples": 2270, "session_seconds": 1748.4517964019979, "peak_vram_bytes": 1832138752}
{"step": 2280, "loss": 5.948304176330566, "examples": 2280, "session_seconds": 1755.654453821, "peak_vram_bytes": 1832138752}
{"step": 2290, "loss": 0.013536919839680195, "examples": 2290, "session_seconds": 1762.8130225630011, "peak_vram_bytes": 1832138752}
{"step": 2300, "loss": 0.06464547663927078, "examples": 2300, "session_seconds": 1769.9960477319983, "peak_vram_bytes": 1832138752}
{"step": 2310, "loss": 0.013381154276430607, "examples": 2310, "session_seconds": 1778.906384048998, "peak_vram_bytes": 1832138752}
{"step": 2320, "loss": 0.02037724293768406, "examples": 2320, "session_seconds": 1786.3329268009984, "peak_vram_bytes": 1832138752}
{"step": 2330, "loss": 5.059343338012695, "examples": 2330, "session_seconds": 1793.5596885619962, "peak_vram_bytes": 1832138752}
{"step": 2340, "loss": 0.013346071355044842, "examples": 2340, "session_seconds": 1800.8729587120033, "peak_vram_bytes": 1832138752}
{"step": 2350, "loss": 0.01344666350632906, "examples": 2350, "session_seconds": 1807.9673455590018, "peak_vram_bytes": 1832138752}
{"step": 2360, "loss": 0.013393708504736423, "examples": 2360, "session_seconds": 1815.259734125997, "peak_vram_bytes": 1832138752}
{"step": 2370, "loss": 0.6693297624588013, "examples": 2370, "session_seconds": 1823.021003943999, "peak_vram_bytes": 1832138752}
{"step": 2380, "loss": 0.013383611105382442, "examples": 2380, "session_seconds": 1830.2494482230031, "peak_vram_bytes": 1832138752}
{"step": 2390, "loss": 0.014816795475780964, "examples": 2390, "session_seconds": 1837.359814532996, "peak_vram_bytes": 1832138752}
{"step": 2400, "loss": 0.014394599944353104, "examples": 2400, "session_seconds": 1844.477120607, "peak_vram_bytes": 1832138752}
{"step": 2410, "loss": 0.0133677888661623, "examples": 2410, "session_seconds": 1852.185868102999, "peak_vram_bytes": 1832138752}
{"step": 2420, "loss": 0.016421427950263023, "examples": 2420, "session_seconds": 1859.936760839999, "peak_vram_bytes": 1832138752}
{"step": 2430, "loss": 23.425006866455078, "examples": 2430, "session_seconds": 1867.3132176689978, "peak_vram_bytes": 1832138752}
{"step": 2440, "loss": 0.01778477430343628, "examples": 2440, "session_seconds": 1874.8816510710021, "peak_vram_bytes": 1832138752}
{"step": 2450, "loss": 0.013879521749913692, "examples": 2450, "session_seconds": 1882.9841074849974, "peak_vram_bytes": 1832138752}
{"step": 2460, "loss": 0.013464797288179398, "examples": 2460, "session_seconds": 1890.6707352119993, "peak_vram_bytes": 1832138752}
{"step": 2470, "loss": 0.013414867222309113, "examples": 2470, "session_seconds": 1898.0150558489986, "peak_vram_bytes": 1832138752}
{"step": 2480, "loss": 0.013753674924373627, "examples": 2480, "session_seconds": 1905.2589669869994, "peak_vram_bytes": 1832138752}
{"step": 2490, "loss": 0.013511940836906433, "examples": 2490, "session_seconds": 1913.4483029330004, "peak_vram_bytes": 1832138752}
{"step": 2500, "loss": 0.014085015282034874, "examples": 2500, "session_seconds": 1921.8821466739973, "peak_vram_bytes": 1832138752}
{"step": 2510, "loss": 0.013622550293803215, "examples": 2510, "session_seconds": 1929.5780774259983, "peak_vram_bytes": 1832138752}
{"step": 2520, "loss": 0.013427279889583588, "examples": 2520, "session_seconds": 1938.1242654050002, "peak_vram_bytes": 1832138752}
{"step": 2530, "loss": 0.013396020978689194, "examples": 2530, "session_seconds": 1945.5020123509967, "peak_vram_bytes": 1832138752}
{"step": 2540, "loss": 0.0144551582634449, "examples": 2540, "session_seconds": 1953.544876838001, "peak_vram_bytes": 1832138752}
{"step": 2550, "loss": 0.013388890773057938, "examples": 2550, "session_seconds": 1961.0700689139994, "peak_vram_bytes": 1832138752}
{"step": 2560, "loss": 0.013263016007840633, "examples": 2560, "session_seconds": 1969.6456193299964, "peak_vram_bytes": 1832138752}
{"step": 2570, "loss": 0.013340081088244915, "examples": 2570, "session_seconds": 1978.4278085499973, "peak_vram_bytes": 1832138752}
{"step": 2580, "loss": 0.013516178354620934, "examples": 2580, "session_seconds": 1986.5171609960016, "peak_vram_bytes": 1832138752}
{"step": 2590, "loss": 0.015900664031505585, "examples": 2590, "session_seconds": 1995.2378888739986, "peak_vram_bytes": 1832138752}
{"step": 2600, "loss": 0.013602730818092823, "examples": 2600, "session_seconds": 2003.7495420720006, "peak_vram_bytes": 1832138752}
{"step": 2610, "loss": 0.01375583466142416, "examples": 2610, "session_seconds": 2011.3048894480016, "peak_vram_bytes": 1832138752}
{"step": 2620, "loss": 0.02427302859723568, "examples": 2620, "session_seconds": 2018.462846059003, "peak_vram_bytes": 1832138752}
{"step": 2630, "loss": 0.4968886971473694, "examples": 2630, "session_seconds": 2025.9324641240019, "peak_vram_bytes": 1832138752}
{"step": 2640, "loss": 0.013471635058522224, "examples": 2640, "session_seconds": 2033.4782683090016, "peak_vram_bytes": 1832138752}
{"step": 2650, "loss": 0.013950180262327194, "examples": 2650, "session_seconds": 2040.6450087449994, "peak_vram_bytes": 1832138752}
{"step": 2660, "loss": 0.013799231499433517, "examples": 2660, "session_seconds": 2047.7605438300016, "peak_vram_bytes": 1832138752}
{"step": 2670, "loss": 0.014430138282477856, "examples": 2670, "session_seconds": 2055.3646850279983, "peak_vram_bytes": 1832138752}
{"step": 2680, "loss": 0.015639426186680794, "examples": 2680, "session_seconds": 2063.2472849780024, "peak_vram_bytes": 1832138752}
{"step": 2690, "loss": 0.018706025555729866, "examples": 2690, "session_seconds": 2071.3152806299986, "peak_vram_bytes": 1832138752}
{"step": 2700, "loss": 0.014698713086545467, "examples": 2700, "session_seconds": 2079.302773547999, "peak_vram_bytes": 1832138752}
{"step": 2710, "loss": 0.014375772327184677, "examples": 2710, "session_seconds": 2087.396442600999, "peak_vram_bytes": 1832138752}
{"step": 2720, "loss": 13.421825408935547, "examples": 2720, "session_seconds": 2095.433736148996, "peak_vram_bytes": 1832138752}
{"step": 2730, "loss": 0.034384265542030334, "examples": 2730, "session_seconds": 2103.5050421039996, "peak_vram_bytes": 1832138752}
{"step": 2740, "loss": 0.07989641278982162, "examples": 2740, "session_seconds": 2110.7570065559994, "peak_vram_bytes": 1832138752}
{"step": 2750, "loss": 0.01373542845249176, "examples": 2750, "session_seconds": 2118.1483762319986, "peak_vram_bytes": 1832138752}
{"step": 2760, "loss": 0.013689961284399033, "examples": 2760, "session_seconds": 2126.0254568849996, "peak_vram_bytes": 1832138752}
{"step": 2770, "loss": 0.014404651708900928, "examples": 2770, "session_seconds": 2133.9945209989964, "peak_vram_bytes": 1832138752}
{"step": 2780, "loss": 0.016187818720936775, "examples": 2780, "session_seconds": 2141.9458020590027, "peak_vram_bytes": 1832138752}
{"step": 2790, "loss": 0.01343577355146408, "examples": 2790, "session_seconds": 2149.939955766, "peak_vram_bytes": 1832138752}
{"step": 2800, "loss": 0.014251835644245148, "examples": 2800, "session_seconds": 2157.971925056998, "peak_vram_bytes": 1832138752}
{"step": 2810, "loss": 4.480497360229492, "examples": 2810, "session_seconds": 2165.9331120330025, "peak_vram_bytes": 1832138752}
{"step": 2820, "loss": 0.02762307971715927, "examples": 2820, "session_seconds": 2172.916907273997, "peak_vram_bytes": 1832138752}
{"step": 2830, "loss": 0.013332458212971687, "examples": 2830, "session_seconds": 2180.167020667999, "peak_vram_bytes": 1832138752}
{"step": 2840, "loss": 3.1981759071350098, "examples": 2840, "session_seconds": 2187.5295718330017, "peak_vram_bytes": 1832138752}
{"step": 2850, "loss": 5.078625679016113, "examples": 2850, "session_seconds": 2194.885645012, "peak_vram_bytes": 1832138752}
{"step": 2860, "loss": 0.013963953591883183, "examples": 2860, "session_seconds": 2202.263160141003, "peak_vram_bytes": 1832138752}
{"step": 2870, "loss": 0.013431495986878872, "examples": 2870, "session_seconds": 2209.630651255997, "peak_vram_bytes": 1832138752}
{"step": 2880, "loss": 11.854475021362305, "examples": 2880, "session_seconds": 2217.2046441679995, "peak_vram_bytes": 1832138752}
{"step": 2890, "loss": 0.013405746780335903, "examples": 2890, "session_seconds": 2225.3683262409977, "peak_vram_bytes": 1832138752}
{"step": 2900, "loss": 0.013629022054374218, "examples": 2900, "session_seconds": 2233.7791155290033, "peak_vram_bytes": 1832138752}
{"step": 2910, "loss": 0.013304310850799084, "examples": 2910, "session_seconds": 2241.801041501996, "peak_vram_bytes": 1832138752}
{"step": 2920, "loss": 2.8067033290863037, "examples": 2920, "session_seconds": 2249.133536838999, "peak_vram_bytes": 1832138752}
{"step": 2930, "loss": 0.013388937339186668, "examples": 2930, "session_seconds": 2256.413705443003, "peak_vram_bytes": 1832138752}
{"step": 2940, "loss": 0.013426669873297215, "examples": 2940, "session_seconds": 2263.7038079429985, "peak_vram_bytes": 1832138752}
{"step": 2950, "loss": 0.01359169278293848, "examples": 2950, "session_seconds": 2271.0827321809993, "peak_vram_bytes": 1832138752}
{"step": 2960, "loss": 0.013467776589095592, "examples": 2960, "session_seconds": 2278.440701653002, "peak_vram_bytes": 1832138752}
{"step": 2970, "loss": 0.014928555116057396, "examples": 2970, "session_seconds": 2285.8341560359986, "peak_vram_bytes": 1832138752}
{"step": 2980, "loss": 0.013464738614857197, "examples": 2980, "session_seconds": 2293.1705211630033, "peak_vram_bytes": 1832138752}
{"step": 2990, "loss": 0.013333129696547985, "examples": 2990, "session_seconds": 2301.2004320359993, "peak_vram_bytes": 1832138752}
{"step": 3000, "loss": 0.01325774472206831, "examples": 3000, "session_seconds": 2308.542132210001, "peak_vram_bytes": 1832138752}
{"step": 3010, "loss": 0.01341082900762558, "examples": 3010, "session_seconds": 2316.0397013480033, "peak_vram_bytes": 1832138752}
{"step": 3020, "loss": 20.00763511657715, "examples": 3020, "session_seconds": 2324.016751399002, "peak_vram_bytes": 1832138752}
{"step": 3030, "loss": 0.013301677070558071, "examples": 3030, "session_seconds": 2331.484967010998, "peak_vram_bytes": 1832138752}
{"step": 3040, "loss": 0.01915491558611393, "examples": 3040, "session_seconds": 2339.442198115001, "peak_vram_bytes": 1832138752}
{"step": 3050, "loss": 0.013251065276563168, "examples": 3050, "session_seconds": 2347.653919424003, "peak_vram_bytes": 1832138752}
{"step": 3060, "loss": 5.116840362548828, "examples": 3060, "session_seconds": 2355.7985805499993, "peak_vram_bytes": 1832138752}
{"step": 3070, "loss": 0.013425665907561779, "examples": 3070, "session_seconds": 2364.1094072429987, "peak_vram_bytes": 1832138752}
{"step": 3080, "loss": 0.013540038838982582, "examples": 3080, "session_seconds": 2372.2505901219993, "peak_vram_bytes": 1832138752}
{"step": 3090, "loss": 0.020204007625579834, "examples": 3090, "session_seconds": 2380.6631835980006, "peak_vram_bytes": 1832138752}
{"step": 3100, "loss": 0.05730317905545235, "examples": 3100, "session_seconds": 2388.7638982499993, "peak_vram_bytes": 1832138752}
{"step": 3110, "loss": 4.254735946655273, "examples": 3110, "session_seconds": 2396.6459894930013, "peak_vram_bytes": 1832138752}
{"step": 3120, "loss": 0.013570401817560196, "examples": 3120, "session_seconds": 2404.499906047997, "peak_vram_bytes": 1832138752}
{"step": 3130, "loss": 0.013411946594715118, "examples": 3130, "session_seconds": 2412.3900880110014, "peak_vram_bytes": 1832138752}
{"step": 3140, "loss": 1.1293649673461914, "examples": 3140, "session_seconds": 2420.404211449997, "peak_vram_bytes": 1832138752}
{"step": 3150, "loss": 0.017378004267811775, "examples": 3150, "session_seconds": 2428.6119584100015, "peak_vram_bytes": 1832138752}
{"step": 3160, "loss": 0.07766203582286835, "examples": 3160, "session_seconds": 2435.9503052049986, "peak_vram_bytes": 1832138752}
{"step": 3170, "loss": 0.32954734563827515, "examples": 3170, "session_seconds": 2443.7516718080005, "peak_vram_bytes": 1832138752}
{"step": 3180, "loss": 15.707720756530762, "examples": 3180, "session_seconds": 2451.989100521001, "peak_vram_bytes": 1832138752}
{"step": 3190, "loss": 0.013588610105216503, "examples": 3190, "session_seconds": 2459.9445958959986, "peak_vram_bytes": 1832138752}
{"step": 3200, "loss": 0.014139669947326183, "examples": 3200, "session_seconds": 2467.8739473879978, "peak_vram_bytes": 1832138752}
{"step": 3210, "loss": 0.014095085673034191, "examples": 3210, "session_seconds": 2476.5766650829974, "peak_vram_bytes": 1832138752}
{"step": 3220, "loss": 0.013750463724136353, "examples": 3220, "session_seconds": 2484.888331002003, "peak_vram_bytes": 1832138752}
{"step": 3230, "loss": 0.013449480757117271, "examples": 3230, "session_seconds": 2492.9164423269976, "peak_vram_bytes": 1832138752}
{"step": 3240, "loss": 22.16064453125, "examples": 3240, "session_seconds": 2500.7902638660016, "peak_vram_bytes": 1832138752}
{"step": 3250, "loss": 12.362455368041992, "examples": 3250, "session_seconds": 2509.638036438002, "peak_vram_bytes": 1832138752}
{"step": 3260, "loss": 0.013912474736571312, "examples": 3260, "session_seconds": 2517.9767441549993, "peak_vram_bytes": 1832138752}
{"step": 3270, "loss": 0.013860749080777168, "examples": 3270, "session_seconds": 2526.2127640420003, "peak_vram_bytes": 1832138752}
{"step": 3280, "loss": 0.05981702357530594, "examples": 3280, "session_seconds": 2534.220032213998, "peak_vram_bytes": 1832138752}
{"step": 3290, "loss": 0.013537130318582058, "examples": 3290, "session_seconds": 2542.6251680019996, "peak_vram_bytes": 1832138752}
{"step": 3300, "loss": 0.013487553223967552, "examples": 3300, "session_seconds": 2550.871976554001, "peak_vram_bytes": 1832138752}
{"step": 3310, "loss": 10.892621040344238, "examples": 3310, "session_seconds": 2558.8506637109967, "peak_vram_bytes": 1832138752}
{"step": 3320, "loss": 0.013591952621936798, "examples": 3320, "session_seconds": 2566.5438619039996, "peak_vram_bytes": 1832138752}
{"step": 3330, "loss": 0.014317605644464493, "examples": 3330, "session_seconds": 2573.6072818039975, "peak_vram_bytes": 1832138752}
{"step": 3340, "loss": 0.013886163011193275, "examples": 3340, "session_seconds": 2580.7275084759967, "peak_vram_bytes": 1832138752}
{"step": 3350, "loss": 0.013495849445462227, "examples": 3350, "session_seconds": 2588.9280656089977, "peak_vram_bytes": 1832138752}
{"step": 3360, "loss": 0.013354288414120674, "examples": 3360, "session_seconds": 2596.7978060469977, "peak_vram_bytes": 1832138752}
{"step": 3370, "loss": 0.014394253492355347, "examples": 3370, "session_seconds": 2605.2732258620017, "peak_vram_bytes": 1832138752}
{"step": 3380, "loss": 0.01603112742304802, "examples": 3380, "session_seconds": 2613.110630408999, "peak_vram_bytes": 1832138752}
{"step": 3390, "loss": 0.013614176772534847, "examples": 3390, "session_seconds": 2621.1174428070008, "peak_vram_bytes": 1832138752}
{"step": 3400, "loss": 0.013633647933602333, "examples": 3400, "session_seconds": 2628.728735714998, "peak_vram_bytes": 1832138752}
{"step": 3410, "loss": 8.824052810668945, "examples": 3410, "session_seconds": 2637.0174849100003, "peak_vram_bytes": 1832138752}
{"step": 3420, "loss": 0.013429421000182629, "examples": 3420, "session_seconds": 2644.2114361990025, "peak_vram_bytes": 1832138752}
{"step": 3430, "loss": 0.013771017082035542, "examples": 3430, "session_seconds": 2651.570367332999, "peak_vram_bytes": 1832138752}
{"step": 3440, "loss": 0.637604832649231, "examples": 3440, "session_seconds": 2659.813085595997, "peak_vram_bytes": 1832138752}
{"step": 3450, "loss": 5.08101749420166, "examples": 3450, "session_seconds": 2667.136264023997, "peak_vram_bytes": 1832138752}
{"step": 3460, "loss": 3.3993282318115234, "examples": 3460, "session_seconds": 2674.7802922940027, "peak_vram_bytes": 1832138752}
{"step": 3470, "loss": 0.013602828606963158, "examples": 3470, "session_seconds": 2682.4036595319994, "peak_vram_bytes": 1832138752}
{"step": 3480, "loss": 0.014972720295190811, "examples": 3480, "session_seconds": 2689.5963983809997, "peak_vram_bytes": 1832138752}
{"step": 3490, "loss": 0.014743456616997719, "examples": 3490, "session_seconds": 2696.824052992997, "peak_vram_bytes": 1832138752}
{"step": 3500, "loss": 0.013437338173389435, "examples": 3500, "session_seconds": 2704.1177504439984, "peak_vram_bytes": 1832138752}
{"step": 3510, "loss": 0.01639104261994362, "examples": 3510, "session_seconds": 2711.697425585, "peak_vram_bytes": 1832138752}
{"step": 3520, "loss": 0.02021980658173561, "examples": 3520, "session_seconds": 2718.811116582001, "peak_vram_bytes": 1832138752}
{"step": 3530, "loss": 0.013971757143735886, "examples": 3530, "session_seconds": 2725.990058408999, "peak_vram_bytes": 1832138752}
{"step": 3540, "loss": 4.8802571296691895, "examples": 3540, "session_seconds": 2733.2116492610003, "peak_vram_bytes": 1832138752}
{"step": 3550, "loss": 0.013908697292208672, "examples": 3550, "session_seconds": 2741.508600232002, "peak_vram_bytes": 1832138752}
{"step": 3560, "loss": 0.013856656849384308, "examples": 3560, "session_seconds": 2749.2299939380027, "peak_vram_bytes": 1832138752}
{"step": 3570, "loss": 20.26517105102539, "examples": 3570, "session_seconds": 2756.7038247480014, "peak_vram_bytes": 1832138752}
{"step": 3580, "loss": 13.172086715698242, "examples": 3580, "session_seconds": 2764.1749395989973, "peak_vram_bytes": 1832138752}
{"step": 3590, "loss": 0.01580149680376053, "examples": 3590, "session_seconds": 2771.8256465919985, "peak_vram_bytes": 1832138752}
{"step": 3600, "loss": 0.013913351111114025, "examples": 3600, "session_seconds": 2779.565005350996, "peak_vram_bytes": 1832138752}
{"step": 3610, "loss": 12.051335334777832, "examples": 3610, "session_seconds": 2787.9452869239976, "peak_vram_bytes": 1832138752}
{"step": 3620, "loss": 4.002250671386719, "examples": 3620, "session_seconds": 2796.1210632079965, "peak_vram_bytes": 1832138752}
{"step": 3630, "loss": 0.01519216038286686, "examples": 3630, "session_seconds": 2803.6504838710025, "peak_vram_bytes": 1832138752}
{"step": 3640, "loss": 16.187646865844727, "examples": 3640, "session_seconds": 2811.911723309, "peak_vram_bytes": 1832138752}
{"step": 3650, "loss": 0.02833176776766777, "examples": 3650, "session_seconds": 2819.3945151669977, "peak_vram_bytes": 1832138752}
{"step": 3660, "loss": 0.013603026047348976, "examples": 3660, "session_seconds": 2826.994407528997, "peak_vram_bytes": 1832138752}
{"step": 3670, "loss": 0.013448658399283886, "examples": 3670, "session_seconds": 2835.3054424540023, "peak_vram_bytes": 1832138752}
{"step": 3680, "loss": 0.013552242890000343, "examples": 3680, "session_seconds": 2842.7283543759986, "peak_vram_bytes": 1832138752}
{"step": 3690, "loss": 3.007023334503174, "examples": 3690, "session_seconds": 2850.322955686999, "peak_vram_bytes": 1832138752}
{"step": 3700, "loss": 0.014212286099791527, "examples": 3700, "session_seconds": 2857.7265754089967, "peak_vram_bytes": 1832138752}
{"step": 3710, "loss": 19.783601760864258, "examples": 3710, "session_seconds": 2865.3451674940006, "peak_vram_bytes": 1832138752}
{"step": 3720, "loss": 0.0142598208039999, "examples": 3720, "session_seconds": 2872.6361572910027, "peak_vram_bytes": 1832138752}
{"step": 3730, "loss": 0.013972805812954903, "examples": 3730, "session_seconds": 2880.0284787560013, "peak_vram_bytes": 1832138752}
{"step": 3740, "loss": 0.013846891932189465, "examples": 3740, "session_seconds": 2887.8221910930006, "peak_vram_bytes": 1832138752}
{"step": 3750, "loss": 0.03839045763015747, "examples": 3750, "session_seconds": 2895.197629053, "peak_vram_bytes": 1832138752}
{"step": 3760, "loss": 0.03667973726987839, "examples": 3760, "session_seconds": 2902.3685250459966, "peak_vram_bytes": 1832138752}
{"step": 3770, "loss": 0.013796179555356503, "examples": 3770, "session_seconds": 2909.672745379001, "peak_vram_bytes": 1832138752}
{"step": 3780, "loss": 0.014631728641688824, "examples": 3780, "session_seconds": 2916.905744085001, "peak_vram_bytes": 1832138752}
{"step": 3790, "loss": 0.013953165151178837, "examples": 3790, "session_seconds": 2924.1581124509976, "peak_vram_bytes": 1832138752}
{"step": 3800, "loss": 0.013811744749546051, "examples": 3800, "session_seconds": 2931.440900032001, "peak_vram_bytes": 1832138752}
{"step": 3810, "loss": 0.013867289759218693, "examples": 3810, "session_seconds": 2939.038858849999, "peak_vram_bytes": 1832138752}
{"step": 3820, "loss": 13.234992980957031, "examples": 3820, "session_seconds": 2946.1929267660016, "peak_vram_bytes": 1832138752}
{"step": 3830, "loss": 0.014337770640850067, "examples": 3830, "session_seconds": 2953.3317983289962, "peak_vram_bytes": 1832138752}
{"step": 3840, "loss": 0.0398409478366375, "examples": 3840, "session_seconds": 2960.373541125002, "peak_vram_bytes": 1832138752}
{"step": 3850, "loss": 10.144174575805664, "examples": 3850, "session_seconds": 2967.733429849999, "peak_vram_bytes": 1832138752}
{"step": 3860, "loss": 0.031140072271227837, "examples": 3860, "session_seconds": 2975.004790772, "peak_vram_bytes": 1832138752}
{"step": 3870, "loss": 0.013364153914153576, "examples": 3870, "session_seconds": 2983.003203802, "peak_vram_bytes": 1832138752}
{"step": 3880, "loss": 0.4045256972312927, "examples": 3880, "session_seconds": 2990.648622681001, "peak_vram_bytes": 1832138752}
{"step": 3890, "loss": 16.091703414916992, "examples": 3890, "session_seconds": 2997.8888688439984, "peak_vram_bytes": 1832138752}
{"step": 3900, "loss": 0.013526507653295994, "examples": 3900, "session_seconds": 3005.302577880997, "peak_vram_bytes": 1832138752}
{"step": 3910, "loss": 0.013525526039302349, "examples": 3910, "session_seconds": 3013.621699246003, "peak_vram_bytes": 1832138752}
{"step": 3920, "loss": 20.309614181518555, "examples": 3920, "session_seconds": 3021.499369573001, "peak_vram_bytes": 1832138752}
{"step": 3930, "loss": 0.01354119461029768, "examples": 3930, "session_seconds": 3029.7480874289977, "peak_vram_bytes": 1832138752}
{"step": 3940, "loss": 0.015624189749360085, "examples": 3940, "session_seconds": 3037.1173075219995, "peak_vram_bytes": 1832138752}
{"step": 3950, "loss": 0.03438396751880646, "examples": 3950, "session_seconds": 3044.574031008, "peak_vram_bytes": 1832138752}
{"step": 3960, "loss": 0.013889984227716923, "examples": 3960, "session_seconds": 3051.685801806998, "peak_vram_bytes": 1832138752}
{"step": 3970, "loss": 6.276252269744873, "examples": 3970, "session_seconds": 3058.6951182150005, "peak_vram_bytes": 1832138752}
{"step": 3980, "loss": 0.2286992222070694, "examples": 3980, "session_seconds": 3065.774293223003, "peak_vram_bytes": 1832138752}
{"step": 3990, "loss": 0.013553092256188393, "examples": 3990, "session_seconds": 3073.0246618199963, "peak_vram_bytes": 1832138752}
{"step": 4000, "loss": 0.013608536683022976, "examples": 4000, "session_seconds": 3080.368988782997, "peak_vram_bytes": 1832138752}
wandb: 
wandb: Run history:
wandb:        examples ▁▂▂▂▂▃▃▃▃▃▄▄▄▄▄▄▄▄▅▅▅▅▆▆▆▆▆▆▆▆▇▇▇▇▇▇▇███
wandb:            loss ▇▁▁▁▁▁▁▁▁▁▆█▁▁▁▁▁▁▁▂▁▁▁█▁▅▁█▁▁▁▁▁▁▁▃▁▁▁▁
wandb: peak_vram_bytes ▁▁▂▂▅▅▅▅▅▅▅▅▅▅▅▅▅▅▅█████████████████████
wandb: session_seconds ▁▁▂▂▂▂▂▂▂▃▃▃▃▃▃▃▃▄▄▄▅▅▅▅▅▆▆▆▆▆▇▇▇▇▇▇▇▇██
wandb:            step ▁▁▁▁▁▂▂▂▂▂▃▃▃▃▃▃▃▃▃▄▄▄▅▅▅▅▆▆▆▆▆▆▇▇▇▇▇███
wandb: 
wandb: Run summary:
wandb:        examples 4000
wandb:            loss 0.01361
wandb: peak_vram_bytes 1832138752
wandb: session_seconds 3080.36899
wandb:            step 4000
wandb: 
wandb: You can sync this run to the cloud by running:
wandb: wandb sync artifacts/longer-v1/0.8b/main/seed-33/continued_sft/tracking/wandb/offline-run-20261005_031731-3ugzdirw
wandb: Find logs at: artifacts/longer-v1/0.8b/main/seed-33/continued_sft/tracking/wandb/offline-run-20261005_031731-3ugzdirw/logs
{"artifact": "artifacts/longer-v1/0.8b/main/seed-33/continued_sft/artifact", "elapsed_seconds": 3080.724123013999}
