
{"utc": "2026-10-05T01:53:52.528539+00:00", "command": ["-m", "myjev.train", "--config", "results/longer-v1/0.8b/main/seed-11/continued_sft/config.json", "--data", "data/banking77/train.jsonl", "--output", "artifacts/longer-v1/0.8b/main/seed-11/continued_sft", "--method", "continued_sft", "--seed", "11", "--initial", "artifacts/longer-v1/0.8b/main/seed-11/sft/artifact"]}
Loading weights:   0%|          | 0/320 [00:00<?, ?it/s]Loading weights: 100%|██████████| 320/320 [00:00<00:00, 3450.91it/s]
wandb: Tracking run with wandb version 0.30.0
wandb: W&B syncing is set to `offline` in this directory. Run `wandb online` or set WANDB_MODE=online to enable cloud syncing.
wandb: Run data is saved locally in artifacts/longer-v1/0.8b/main/seed-11/continued_sft/tracking/wandb/offline-run-20261004_185403-utvx7zxz
wandb: View this run in the terminal with `wandb leet`
[transformers] `causal_conv1d_fn` is falling back to its reference PyTorch implementation because `causal_conv1d` is not installed. This is correct but much slower; install `causal_conv1d` for the optimized kernel.
[transformers] `chunk_gated_delta_rule` is falling back to its reference PyTorch implementation because `flash-linear-attention` is not installed. This is correct but much slower; install `flash-linear-attention` for the optimized kernel.
{"step": 10, "loss": 0.16634462773799896, "examples": 10, "session_seconds": 9.295243250999192, "peak_vram_bytes": 1817385984}
{"step": 20, "loss": 0.01398826576769352, "examples": 20, "session_seconds": 16.98015798399865, "peak_vram_bytes": 1824775168}
{"step": 30, "loss": 17.454296112060547, "examples": 30, "session_seconds": 24.536384802999237, "peak_vram_bytes": 1824775168}
{"step": 40, "loss": 0.01731215976178646, "examples": 40, "session_seconds": 32.142618605997995, "peak_vram_bytes": 1825444864}
{"step": 50, "loss": 0.017297491431236267, "examples": 50, "session_seconds": 39.610889143998065, "peak_vram_bytes": 1825444864}
{"step": 60, "loss": 0.05573369562625885, "examples": 60, "session_seconds": 47.37799746299788, "peak_vram_bytes": 1825444864}
{"step": 70, "loss": 17.417261123657227, "examples": 70, "session_seconds": 55.66037268099899, "peak_vram_bytes": 1825444864}
{"step": 80, "loss": 0.013651665300130844, "examples": 80, "session_seconds": 63.57740605899744, "peak_vram_bytes": 1826483200}
{"step": 90, "loss": 10.325030326843262, "examples": 90, "session_seconds": 71.25804814599906, "peak_vram_bytes": 1826483200}
{"step": 100, "loss": 0.013951152563095093, "examples": 100, "session_seconds": 79.11147914399771, "peak_vram_bytes": 1826483200}
Warning: You are sending unauthenticated requests to the HF Hub. Please set a HF_TOKEN to enable higher rate limits and faster downloads.
{"step": 110, "loss": 0.01483734231442213, "examples": 110, "session_seconds": 87.73488529099996, "peak_vram_bytes": 1826483200}
{"step": 120, "loss": 17.50086212158203, "examples": 120, "session_seconds": 95.78996056100004, "peak_vram_bytes": 1826483200}
{"step": 130, "loss": 0.013858400285243988, "examples": 130, "session_seconds": 103.70093612299752, "peak_vram_bytes": 1826483200}
{"step": 140, "loss": 0.013661690056324005, "examples": 140, "session_seconds": 111.62017708599888, "peak_vram_bytes": 1826483200}
{"step": 150, "loss": 0.014043157920241356, "examples": 150, "session_seconds": 118.84002464500009, "peak_vram_bytes": 1826483200}
{"step": 160, "loss": 0.013888905756175518, "examples": 160, "session_seconds": 126.08677208500012, "peak_vram_bytes": 1826635264}
{"step": 170, "loss": 0.015560307539999485, "examples": 170, "session_seconds": 133.5376636359979, "peak_vram_bytes": 1826635264}
{"step": 180, "loss": 0.06921330839395523, "examples": 180, "session_seconds": 140.75324365999768, "peak_vram_bytes": 1826635264}
{"step": 190, "loss": 0.018939264118671417, "examples": 190, "session_seconds": 147.95132502199704, "peak_vram_bytes": 1826635264}
{"step": 200, "loss": 0.013624398037791252, "examples": 200, "session_seconds": 154.95951532300023, "peak_vram_bytes": 1826635264}
{"step": 210, "loss": 0.015976525843143463, "examples": 210, "session_seconds": 162.9508333169979, "peak_vram_bytes": 1826635264}
{"step": 220, "loss": 0.015283096581697464, "examples": 220, "session_seconds": 171.0237674079981, "peak_vram_bytes": 1827210752}
{"step": 230, "loss": 0.01367693580687046, "examples": 230, "session_seconds": 179.22968726399995, "peak_vram_bytes": 1827210752}
{"step": 240, "loss": 0.015049166977405548, "examples": 240, "session_seconds": 187.43550785099796, "peak_vram_bytes": 1827210752}
{"step": 250, "loss": 7.018803119659424, "examples": 250, "session_seconds": 195.16788552999787, "peak_vram_bytes": 1827210752}
{"step": 260, "loss": 0.013472740538418293, "examples": 260, "session_seconds": 202.67874326699894, "peak_vram_bytes": 1827210752}
{"step": 270, "loss": 0.013448757119476795, "examples": 270, "session_seconds": 210.3223529479983, "peak_vram_bytes": 1827210752}
{"step": 280, "loss": 5.889120101928711, "examples": 280, "session_seconds": 217.63895298999705, "peak_vram_bytes": 1827210752}
{"step": 290, "loss": 0.14539974927902222, "examples": 290, "session_seconds": 225.21533877899856, "peak_vram_bytes": 1827210752}
{"step": 300, "loss": 0.051499444991350174, "examples": 300, "session_seconds": 232.7512172099996, "peak_vram_bytes": 1827506688}
{"step": 310, "loss": 0.013438044115900993, "examples": 310, "session_seconds": 241.1916463029993, "peak_vram_bytes": 1827506688}
{"step": 320, "loss": 0.013430840335786343, "examples": 320, "session_seconds": 248.18922264799767, "peak_vram_bytes": 1827506688}
{"step": 330, "loss": 0.013457877561450005, "examples": 330, "session_seconds": 255.30744133199914, "peak_vram_bytes": 1827506688}
{"step": 340, "loss": 0.01932903565466404, "examples": 340, "session_seconds": 262.59697949699694, "peak_vram_bytes": 1827506688}
{"step": 350, "loss": 0.013573209755122662, "examples": 350, "session_seconds": 270.1235394349969, "peak_vram_bytes": 1827506688}
{"step": 360, "loss": 0.017638297751545906, "examples": 360, "session_seconds": 277.58806162399924, "peak_vram_bytes": 1827829248}
{"step": 370, "loss": 0.013446934521198273, "examples": 370, "session_seconds": 284.5585231309997, "peak_vram_bytes": 1827829248}
{"step": 380, "loss": 0.013571685180068016, "examples": 380, "session_seconds": 292.71056218099693, "peak_vram_bytes": 1827829248}
{"step": 390, "loss": 0.014496431685984135, "examples": 390, "session_seconds": 300.2822848859978, "peak_vram_bytes": 1827829248}
{"step": 400, "loss": 0.014689643867313862, "examples": 400, "session_seconds": 307.3182943319989, "peak_vram_bytes": 1827829248}
{"step": 410, "loss": 0.020774517208337784, "examples": 410, "session_seconds": 315.6301087489992, "peak_vram_bytes": 1827829248}
{"step": 420, "loss": 3.0991249084472656, "examples": 420, "session_seconds": 323.6861022519988, "peak_vram_bytes": 1827829248}
{"step": 430, "loss": 12.588176727294922, "examples": 430, "session_seconds": 331.45110244499665, "peak_vram_bytes": 1827829248}
{"step": 440, "loss": 0.020876171067357063, "examples": 440, "session_seconds": 338.89388026899906, "peak_vram_bytes": 1827829248}
{"step": 450, "loss": 12.3856782913208, "examples": 450, "session_seconds": 346.42860757000017, "peak_vram_bytes": 1827829248}
{"step": 460, "loss": 0.021333716809749603, "examples": 460, "session_seconds": 353.3587202179988, "peak_vram_bytes": 1827829248}
{"step": 470, "loss": 0.013764264062047005, "examples": 470, "session_seconds": 360.5685540839986, "peak_vram_bytes": 1827829248}
{"step": 480, "loss": 0.014260188676416874, "examples": 480, "session_seconds": 368.6310366129983, "peak_vram_bytes": 1827829248}
{"step": 490, "loss": 18.235870361328125, "examples": 490, "session_seconds": 376.5352523399997, "peak_vram_bytes": 1827829248}
{"step": 500, "loss": 0.013469296507537365, "examples": 500, "session_seconds": 384.72283593599786, "peak_vram_bytes": 1827829248}
{"step": 510, "loss": 0.019637824967503548, "examples": 510, "session_seconds": 393.39157124699705, "peak_vram_bytes": 1827829248}
{"step": 520, "loss": 0.013686602003872395, "examples": 520, "session_seconds": 401.8290273120001, "peak_vram_bytes": 1827829248}
{"step": 530, "loss": 9.153642654418945, "examples": 530, "session_seconds": 409.8354137949973, "peak_vram_bytes": 1827829248}
{"step": 540, "loss": 17.070085525512695, "examples": 540, "session_seconds": 417.9578627239971, "peak_vram_bytes": 1827829248}
{"step": 550, "loss": 19.668272018432617, "examples": 550, "session_seconds": 426.11840713499987, "peak_vram_bytes": 1827829248}
{"step": 560, "loss": 0.01567107066512108, "examples": 560, "session_seconds": 434.2496858300001, "peak_vram_bytes": 1827829248}
{"step": 570, "loss": 0.013383991084992886, "examples": 570, "session_seconds": 442.312921171997, "peak_vram_bytes": 1827829248}
{"step": 580, "loss": 0.013488462194800377, "examples": 580, "session_seconds": 450.1903510939992, "peak_vram_bytes": 1827829248}
{"step": 590, "loss": 0.013495279476046562, "examples": 590, "session_seconds": 457.65229651499976, "peak_vram_bytes": 1827829248}
{"step": 600, "loss": 0.014152217656373978, "examples": 600, "session_seconds": 465.4946764959968, "peak_vram_bytes": 1827829248}
{"step": 610, "loss": 0.013600938022136688, "examples": 610, "session_seconds": 473.66311090599993, "peak_vram_bytes": 1827829248}
{"step": 620, "loss": 0.013911213725805283, "examples": 620, "session_seconds": 481.845311052999, "peak_vram_bytes": 1827829248}
{"step": 630, "loss": 0.013506839983165264, "examples": 630, "session_seconds": 489.8323984389972, "peak_vram_bytes": 1827829248}
{"step": 640, "loss": 0.014481098391115665, "examples": 640, "session_seconds": 497.39965996799947, "peak_vram_bytes": 1827829248}
{"step": 650, "loss": 0.013507063500583172, "examples": 650, "session_seconds": 505.39996294999946, "peak_vram_bytes": 1827829248}
{"step": 660, "loss": 12.720874786376953, "examples": 660, "session_seconds": 512.5588747499969, "peak_vram_bytes": 1827829248}
{"step": 670, "loss": 0.01358547993004322, "examples": 670, "session_seconds": 519.7151581170001, "peak_vram_bytes": 1827829248}
{"step": 680, "loss": 0.013397326692938805, "examples": 680, "session_seconds": 526.7340822730002, "peak_vram_bytes": 1827829248}
{"step": 690, "loss": 15.520249366760254, "examples": 690, "session_seconds": 534.1394901919994, "peak_vram_bytes": 1827829248}
{"step": 700, "loss": 0.014031212776899338, "examples": 700, "session_seconds": 541.6965767789989, "peak_vram_bytes": 1827829248}
{"step": 710, "loss": 0.013487011194229126, "examples": 710, "session_seconds": 549.1423388769981, "peak_vram_bytes": 1827829248}
{"step": 720, "loss": 0.013444277457892895, "examples": 720, "session_seconds": 556.8250407329979, "peak_vram_bytes": 1827829248}
{"step": 730, "loss": 0.013482111506164074, "examples": 730, "session_seconds": 565.0548887789992, "peak_vram_bytes": 1827829248}
{"step": 740, "loss": 6.458629131317139, "examples": 740, "session_seconds": 573.1371878619975, "peak_vram_bytes": 1827829248}
{"step": 750, "loss": 0.013997253030538559, "examples": 750, "session_seconds": 581.1356212049977, "peak_vram_bytes": 1827829248}
{"step": 760, "loss": 0.013814983889460564, "examples": 760, "session_seconds": 589.2641814729977, "peak_vram_bytes": 1827829248}
{"step": 770, "loss": 18.283336639404297, "examples": 770, "session_seconds": 597.2688292439998, "peak_vram_bytes": 1827829248}
{"step": 780, "loss": 0.013440373353660107, "examples": 780, "session_seconds": 605.4745833999987, "peak_vram_bytes": 1827829248}
{"step": 790, "loss": 0.013833417557179928, "examples": 790, "session_seconds": 613.4646270579979, "peak_vram_bytes": 1827829248}
{"step": 800, "loss": 20.08243751525879, "examples": 800, "session_seconds": 621.7127827240001, "peak_vram_bytes": 1827829248}
{"step": 810, "loss": 0.013944162987172604, "examples": 810, "session_seconds": 629.9984080709983, "peak_vram_bytes": 1827829248}
{"step": 820, "loss": 0.013628142885863781, "examples": 820, "session_seconds": 637.8568648499968, "peak_vram_bytes": 1827829248}
{"step": 830, "loss": 0.013573488220572472, "examples": 830, "session_seconds": 645.7905606249988, "peak_vram_bytes": 1827829248}
{"step": 840, "loss": 0.013546172529459, "examples": 840, "session_seconds": 654.04981348, "peak_vram_bytes": 1827829248}
{"step": 850, "loss": 8.958710670471191, "examples": 850, "session_seconds": 661.8923298669979, "peak_vram_bytes": 1827829248}
{"step": 860, "loss": 0.015596208162605762, "examples": 860, "session_seconds": 669.6839512189981, "peak_vram_bytes": 1827829248}
{"step": 870, "loss": 0.08687452971935272, "examples": 870, "session_seconds": 677.6951979650003, "peak_vram_bytes": 1827829248}
{"step": 880, "loss": 0.014095058664679527, "examples": 880, "session_seconds": 685.5299336190001, "peak_vram_bytes": 1827829248}
{"step": 890, "loss": 0.013453232124447823, "examples": 890, "session_seconds": 693.5542135369978, "peak_vram_bytes": 1827829248}
{"step": 900, "loss": 0.013717849738895893, "examples": 900, "session_seconds": 701.1454531359996, "peak_vram_bytes": 1827829248}
{"step": 910, "loss": 0.013714563101530075, "examples": 910, "session_seconds": 709.4492268619979, "peak_vram_bytes": 1827829248}
{"step": 920, "loss": 0.047386184334754944, "examples": 920, "session_seconds": 717.76841212, "peak_vram_bytes": 1827941888}
{"step": 930, "loss": 0.014459424652159214, "examples": 930, "session_seconds": 725.8538106380001, "peak_vram_bytes": 1827941888}
{"step": 940, "loss": 0.013429444283246994, "examples": 940, "session_seconds": 733.8642037989994, "peak_vram_bytes": 1827941888}
{"step": 950, "loss": 0.01338359247893095, "examples": 950, "session_seconds": 742.2139400559972, "peak_vram_bytes": 1827941888}
{"step": 960, "loss": 3.052363634109497, "examples": 960, "session_seconds": 750.7056916559995, "peak_vram_bytes": 1827941888}
{"step": 970, "loss": 0.01491488516330719, "examples": 970, "session_seconds": 758.6232541419995, "peak_vram_bytes": 1827941888}
{"step": 980, "loss": 0.013439801521599293, "examples": 980, "session_seconds": 766.5644804459989, "peak_vram_bytes": 1827941888}
{"step": 990, "loss": 14.076006889343262, "examples": 990, "session_seconds": 774.776368224997, "peak_vram_bytes": 1827941888}
{"step": 1000, "loss": 0.013373474590480328, "examples": 1000, "session_seconds": 782.647285125, "peak_vram_bytes": 1827941888}
{"step": 1010, "loss": 0.014834104105830193, "examples": 1010, "session_seconds": 789.9512774389987, "peak_vram_bytes": 1827941888}
{"step": 1020, "loss": 0.016209814697504044, "examples": 1020, "session_seconds": 797.0537403299968, "peak_vram_bytes": 1827941888}
{"step": 1030, "loss": 11.753561019897461, "examples": 1030, "session_seconds": 804.2906735649995, "peak_vram_bytes": 1827941888}
{"step": 1040, "loss": 0.016982832923531532, "examples": 1040, "session_seconds": 811.7102215649975, "peak_vram_bytes": 1827941888}
{"step": 1050, "loss": 0.01411004550755024, "examples": 1050, "session_seconds": 819.8048265049983, "peak_vram_bytes": 1827941888}
{"step": 1060, "loss": 3.9628641605377197, "examples": 1060, "session_seconds": 827.830106483998, "peak_vram_bytes": 1827941888}
{"step": 1070, "loss": 13.920684814453125, "examples": 1070, "session_seconds": 835.5600425539997, "peak_vram_bytes": 1827941888}
{"step": 1080, "loss": 0.014636922627687454, "examples": 1080, "session_seconds": 843.0203710249989, "peak_vram_bytes": 1827941888}
{"step": 1090, "loss": 0.01498686708509922, "examples": 1090, "session_seconds": 850.551412984998, "peak_vram_bytes": 1827941888}
{"step": 1100, "loss": 0.01650686375796795, "examples": 1100, "session_seconds": 857.8352127459984, "peak_vram_bytes": 1827941888}
{"step": 1110, "loss": 0.013448113575577736, "examples": 1110, "session_seconds": 865.4338268399988, "peak_vram_bytes": 1827941888}
{"step": 1120, "loss": 0.01385502889752388, "examples": 1120, "session_seconds": 872.7778895319971, "peak_vram_bytes": 1827941888}
{"step": 1130, "loss": 0.014926317147910595, "examples": 1130, "session_seconds": 880.4710736979978, "peak_vram_bytes": 1827941888}
{"step": 1140, "loss": 0.013395173475146294, "examples": 1140, "session_seconds": 888.1320074289979, "peak_vram_bytes": 1827941888}
{"step": 1150, "loss": 0.014975620433688164, "examples": 1150, "session_seconds": 896.5496822429996, "peak_vram_bytes": 1827941888}
{"step": 1160, "loss": 0.013768223114311695, "examples": 1160, "session_seconds": 904.7865344699967, "peak_vram_bytes": 1827941888}
{"step": 1170, "loss": 0.013477791100740433, "examples": 1170, "session_seconds": 912.7283829999978, "peak_vram_bytes": 1829414912}
{"step": 1180, "loss": 0.013515212573111057, "examples": 1180, "session_seconds": 920.650312886999, "peak_vram_bytes": 1829414912}
{"step": 1190, "loss": 0.013764608651399612, "examples": 1190, "session_seconds": 928.4908547199993, "peak_vram_bytes": 1829414912}
{"step": 1200, "loss": 0.03027527406811714, "examples": 1200, "session_seconds": 936.7375922119973, "peak_vram_bytes": 1829414912}
{"step": 1210, "loss": 5.175835132598877, "examples": 1210, "session_seconds": 944.5147983119969, "peak_vram_bytes": 1829414912}
{"step": 1220, "loss": 0.014042729511857033, "examples": 1220, "session_seconds": 951.2725387989994, "peak_vram_bytes": 1829414912}
{"step": 1230, "loss": 2.2125353813171387, "examples": 1230, "session_seconds": 958.3587816319996, "peak_vram_bytes": 1829414912}
{"step": 1240, "loss": 0.013429337181150913, "examples": 1240, "session_seconds": 965.4437955129979, "peak_vram_bytes": 1829414912}
{"step": 1250, "loss": 7.517660140991211, "examples": 1250, "session_seconds": 973.8470011889985, "peak_vram_bytes": 1829414912}
{"step": 1260, "loss": 0.013397486880421638, "examples": 1260, "session_seconds": 982.0132093419998, "peak_vram_bytes": 1829414912}
{"step": 1270, "loss": 0.013577292673289776, "examples": 1270, "session_seconds": 990.1874259949982, "peak_vram_bytes": 1829414912}
{"step": 1280, "loss": 0.013793550431728363, "examples": 1280, "session_seconds": 997.6401408829988, "peak_vram_bytes": 1829414912}
{"step": 1290, "loss": 0.013502863235771656, "examples": 1290, "session_seconds": 1005.8500428029984, "peak_vram_bytes": 1829414912}
{"step": 1300, "loss": 0.013616743497550488, "examples": 1300, "session_seconds": 1013.605907547997, "peak_vram_bytes": 1829414912}
{"step": 1310, "loss": 19.05845069885254, "examples": 1310, "session_seconds": 1021.6745556399983, "peak_vram_bytes": 1829414912}
{"step": 1320, "loss": 0.02306966856122017, "examples": 1320, "session_seconds": 1029.7764722609973, "peak_vram_bytes": 1829414912}
{"step": 1330, "loss": 0.013349402695894241, "examples": 1330, "session_seconds": 1037.7757434630003, "peak_vram_bytes": 1829414912}
{"step": 1340, "loss": 25.27552604675293, "examples": 1340, "session_seconds": 1045.4109212199983, "peak_vram_bytes": 1829414912}
{"step": 1350, "loss": 0.014445198699831963, "examples": 1350, "session_seconds": 1052.596098662998, "peak_vram_bytes": 1829414912}
{"step": 1360, "loss": 0.07839234918355942, "examples": 1360, "session_seconds": 1059.701829010999, "peak_vram_bytes": 1831763968}
{"step": 1370, "loss": 0.01361591462045908, "examples": 1370, "session_seconds": 1066.7537461430002, "peak_vram_bytes": 1831763968}
{"step": 1380, "loss": 0.013689645566046238, "examples": 1380, "session_seconds": 1073.8119745679978, "peak_vram_bytes": 1831763968}
{"step": 1390, "loss": 0.013519221916794777, "examples": 1390, "session_seconds": 1081.2549935089992, "peak_vram_bytes": 1831763968}
{"step": 1400, "loss": 0.014028474688529968, "examples": 1400, "session_seconds": 1089.4563369209973, "peak_vram_bytes": 1831763968}
{"step": 1410, "loss": 0.01346952561289072, "examples": 1410, "session_seconds": 1097.7306983449998, "peak_vram_bytes": 1831763968}
{"step": 1420, "loss": 18.183361053466797, "examples": 1420, "session_seconds": 1105.591693006998, "peak_vram_bytes": 1831763968}
{"step": 1430, "loss": 0.015986360609531403, "examples": 1430, "session_seconds": 1113.7807551489968, "peak_vram_bytes": 1831763968}
{"step": 1440, "loss": 0.013698870316147804, "examples": 1440, "session_seconds": 1121.5816535349986, "peak_vram_bytes": 1831763968}
{"step": 1450, "loss": 0.025437738746404648, "examples": 1450, "session_seconds": 1129.4091296359984, "peak_vram_bytes": 1831763968}
{"step": 1460, "loss": 0.014264041557908058, "examples": 1460, "session_seconds": 1137.174975275997, "peak_vram_bytes": 1831763968}
{"step": 1470, "loss": 0.01551678217947483, "examples": 1470, "session_seconds": 1144.5760625229996, "peak_vram_bytes": 1831763968}
{"step": 1480, "loss": 0.014449764043092728, "examples": 1480, "session_seconds": 1151.7262533909998, "peak_vram_bytes": 1831763968}
{"step": 1490, "loss": 0.017328357324004173, "examples": 1490, "session_seconds": 1159.6173089339973, "peak_vram_bytes": 1831763968}
{"step": 1500, "loss": 0.03463185578584671, "examples": 1500, "session_seconds": 1166.7899554429969, "peak_vram_bytes": 1831763968}
{"step": 1510, "loss": 0.013851582072675228, "examples": 1510, "session_seconds": 1173.9951692219984, "peak_vram_bytes": 1831763968}
{"step": 1520, "loss": 0.014190379530191422, "examples": 1520, "session_seconds": 1180.826561558999, "peak_vram_bytes": 1831763968}
{"step": 1530, "loss": 3.0276637077331543, "examples": 1530, "session_seconds": 1187.700903416, "peak_vram_bytes": 1831763968}
{"step": 1540, "loss": 0.013523244298994541, "examples": 1540, "session_seconds": 1194.7293967839978, "peak_vram_bytes": 1831763968}
{"step": 1550, "loss": 11.57603931427002, "examples": 1550, "session_seconds": 1201.5057159869975, "peak_vram_bytes": 1831763968}
{"step": 1560, "loss": 0.013456904329359531, "examples": 1560, "session_seconds": 1208.9249378569984, "peak_vram_bytes": 1831763968}
{"step": 1570, "loss": 0.014930506236851215, "examples": 1570, "session_seconds": 1216.7358272539968, "peak_vram_bytes": 1831763968}
{"step": 1580, "loss": 0.015056226402521133, "examples": 1580, "session_seconds": 1223.938789249998, "peak_vram_bytes": 1831763968}
{"step": 1590, "loss": 18.692480087280273, "examples": 1590, "session_seconds": 1231.4625229919984, "peak_vram_bytes": 1831763968}
{"step": 1600, "loss": 0.015475653111934662, "examples": 1600, "session_seconds": 1239.4070395389972, "peak_vram_bytes": 1831763968}
{"step": 1610, "loss": 10.534514427185059, "examples": 1610, "session_seconds": 1247.4598232429998, "peak_vram_bytes": 1831763968}
{"step": 1620, "loss": 0.015125151723623276, "examples": 1620, "session_seconds": 1255.3055695529983, "peak_vram_bytes": 1831763968}
{"step": 1630, "loss": 10.653173446655273, "examples": 1630, "session_seconds": 1263.2399585819985, "peak_vram_bytes": 1831763968}
{"step": 1640, "loss": 15.482327461242676, "examples": 1640, "session_seconds": 1271.1259660529977, "peak_vram_bytes": 1831763968}
{"step": 1650, "loss": 0.05294642597436905, "examples": 1650, "session_seconds": 1279.3495374409977, "peak_vram_bytes": 1831763968}
{"step": 1660, "loss": 0.014047741889953613, "examples": 1660, "session_seconds": 1287.441656441999, "peak_vram_bytes": 1831763968}
{"step": 1670, "loss": 0.013872582465410233, "examples": 1670, "session_seconds": 1295.4995097599967, "peak_vram_bytes": 1831763968}
{"step": 1680, "loss": 0.013644253835082054, "examples": 1680, "session_seconds": 1303.1158561429984, "peak_vram_bytes": 1831763968}
{"step": 1690, "loss": 0.013467676937580109, "examples": 1690, "session_seconds": 1310.2738490269985, "peak_vram_bytes": 1831763968}
{"step": 1700, "loss": 0.12163296341896057, "examples": 1700, "session_seconds": 1318.2066415599984, "peak_vram_bytes": 1831763968}
{"step": 1710, "loss": 0.014066290110349655, "examples": 1710, "session_seconds": 1325.966193778997, "peak_vram_bytes": 1831763968}
{"step": 1720, "loss": 22.6674747467041, "examples": 1720, "session_seconds": 1333.4249561439974, "peak_vram_bytes": 1831763968}
{"step": 1730, "loss": 0.015370913781225681, "examples": 1730, "session_seconds": 1340.6136897319993, "peak_vram_bytes": 1831763968}
{"step": 1740, "loss": 0.01670427992939949, "examples": 1740, "session_seconds": 1347.7141117449974, "peak_vram_bytes": 1831763968}
{"step": 1750, "loss": 0.013943145982921124, "examples": 1750, "session_seconds": 1354.8515345029991, "peak_vram_bytes": 1831763968}
{"step": 1760, "loss": 21.5023250579834, "examples": 1760, "session_seconds": 1361.9744407899998, "peak_vram_bytes": 1831763968}
{"step": 1770, "loss": 4.169389247894287, "examples": 1770, "session_seconds": 1369.102255640999, "peak_vram_bytes": 1831763968}
{"step": 1780, "loss": 0.08013889938592911, "examples": 1780, "session_seconds": 1376.0989669569972, "peak_vram_bytes": 1831763968}
{"step": 1790, "loss": 4.107563018798828, "examples": 1790, "session_seconds": 1383.8499789460002, "peak_vram_bytes": 1831763968}
{"step": 1800, "loss": 0.014098485000431538, "examples": 1800, "session_seconds": 1390.9400485939987, "peak_vram_bytes": 1831763968}
{"step": 1810, "loss": 0.014078437350690365, "examples": 1810, "session_seconds": 1398.3898162289988, "peak_vram_bytes": 1831763968}
{"step": 1820, "loss": 0.013555305078625679, "examples": 1820, "session_seconds": 1405.8921949099968, "peak_vram_bytes": 1831763968}
{"step": 1830, "loss": 0.013421252369880676, "examples": 1830, "session_seconds": 1412.9697693109993, "peak_vram_bytes": 1831763968}
{"step": 1840, "loss": 6.503735542297363, "examples": 1840, "session_seconds": 1420.1814868119982, "peak_vram_bytes": 1831763968}
{"step": 1850, "loss": 0.013363460078835487, "examples": 1850, "session_seconds": 1426.9741990209986, "peak_vram_bytes": 1831763968}
{"step": 1860, "loss": 0.013404333963990211, "examples": 1860, "session_seconds": 1433.8912633919972, "peak_vram_bytes": 1831763968}
{"step": 1870, "loss": 0.0133691830560565, "examples": 1870, "session_seconds": 1441.475952867997, "peak_vram_bytes": 1831763968}
{"step": 1880, "loss": 0.013574231415987015, "examples": 1880, "session_seconds": 1449.3503196189995, "peak_vram_bytes": 1831763968}
{"step": 1890, "loss": 0.013707994483411312, "examples": 1890, "session_seconds": 1456.3786587329996, "peak_vram_bytes": 1831763968}
{"step": 1900, "loss": 6.805208206176758, "examples": 1900, "session_seconds": 1464.225800819997, "peak_vram_bytes": 1831763968}
{"step": 1910, "loss": 0.013391774147748947, "examples": 1910, "session_seconds": 1471.6057985179978, "peak_vram_bytes": 1831763968}
{"step": 1920, "loss": 20.74697494506836, "examples": 1920, "session_seconds": 1478.992708261998, "peak_vram_bytes": 1831763968}
{"step": 1930, "loss": 0.013775446452200413, "examples": 1930, "session_seconds": 1486.6549502319976, "peak_vram_bytes": 1831763968}
{"step": 1940, "loss": 0.013359597884118557, "examples": 1940, "session_seconds": 1494.4302804549989, "peak_vram_bytes": 1831763968}
{"step": 1950, "loss": 0.020454179495573044, "examples": 1950, "session_seconds": 1501.8674206199976, "peak_vram_bytes": 1831763968}
{"step": 1960, "loss": 0.015626491978764534, "examples": 1960, "session_seconds": 1509.014607670997, "peak_vram_bytes": 1831763968}
{"step": 1970, "loss": 0.01455560140311718, "examples": 1970, "session_seconds": 1515.9308297609969, "peak_vram_bytes": 1831763968}
{"step": 1980, "loss": 0.013604829087853432, "examples": 1980, "session_seconds": 1523.3487113099982, "peak_vram_bytes": 1831763968}
{"step": 1990, "loss": 0.027321962639689445, "examples": 1990, "session_seconds": 1530.8297166989978, "peak_vram_bytes": 1831763968}
{"step": 2000, "loss": 0.01538361981511116, "examples": 2000, "session_seconds": 1538.0211514429975, "peak_vram_bytes": 1831763968}
{"step": 2010, "loss": 0.015155362896621227, "examples": 2010, "session_seconds": 1545.4049768619989, "peak_vram_bytes": 1831763968}
{"step": 2020, "loss": 0.024617809802293777, "examples": 2020, "session_seconds": 1552.4898713449984, "peak_vram_bytes": 1831763968}
{"step": 2030, "loss": 0.014357239939272404, "examples": 2030, "session_seconds": 1559.5841241739981, "peak_vram_bytes": 1831763968}
{"step": 2040, "loss": 6.376882076263428, "examples": 2040, "session_seconds": 1566.650264082, "peak_vram_bytes": 1831763968}
{"step": 2050, "loss": 0.014269803650677204, "examples": 2050, "session_seconds": 1573.550295445999, "peak_vram_bytes": 1831763968}
{"step": 2060, "loss": 6.683529376983643, "examples": 2060, "session_seconds": 1580.7878963209987, "peak_vram_bytes": 1831763968}
{"step": 2070, "loss": 8.722540855407715, "examples": 2070, "session_seconds": 1588.6050292109976, "peak_vram_bytes": 1831763968}
{"step": 2080, "loss": 0.017297783866524696, "examples": 2080, "session_seconds": 1596.0704903699989, "peak_vram_bytes": 1831763968}
{"step": 2090, "loss": 0.013509034179151058, "examples": 2090, "session_seconds": 1603.8770337869973, "peak_vram_bytes": 1831763968}
{"step": 2100, "loss": 0.013479813002049923, "examples": 2100, "session_seconds": 1612.0217119579975, "peak_vram_bytes": 1831763968}
{"step": 2110, "loss": 6.353841304779053, "examples": 2110, "session_seconds": 1620.5099090339972, "peak_vram_bytes": 1831763968}
{"step": 2120, "loss": 16.308578491210938, "examples": 2120, "session_seconds": 1628.7428761829979, "peak_vram_bytes": 1831763968}
{"step": 2130, "loss": 3.0020177364349365, "examples": 2130, "session_seconds": 1636.4322885089969, "peak_vram_bytes": 1831763968}
{"step": 2140, "loss": 0.014883516356348991, "examples": 2140, "session_seconds": 1643.4980590399973, "peak_vram_bytes": 1831763968}
{"step": 2150, "loss": 0.014701290056109428, "examples": 2150, "session_seconds": 1650.491721424998, "peak_vram_bytes": 1831763968}
{"step": 2160, "loss": 0.014837757684290409, "examples": 2160, "session_seconds": 1657.5618010609978, "peak_vram_bytes": 1831763968}
{"step": 2170, "loss": 0.6399543285369873, "examples": 2170, "session_seconds": 1665.1621125219972, "peak_vram_bytes": 1831763968}
{"step": 2180, "loss": 0.015037045814096928, "examples": 2180, "session_seconds": 1672.1407399669988, "peak_vram_bytes": 1831763968}
{"step": 2190, "loss": 0.015958335250616074, "examples": 2190, "session_seconds": 1679.108308003997, "peak_vram_bytes": 1831763968}
{"step": 2200, "loss": 0.013587701134383678, "examples": 2200, "session_seconds": 1685.8642052929972, "peak_vram_bytes": 1831763968}
{"step": 2210, "loss": 0.013993429951369762, "examples": 2210, "session_seconds": 1693.3171937749976, "peak_vram_bytes": 1831763968}
{"step": 2220, "loss": 0.013855216093361378, "examples": 2220, "session_seconds": 1700.4560339949967, "peak_vram_bytes": 1831763968}
{"step": 2230, "loss": 0.015263203531503677, "examples": 2230, "session_seconds": 1707.5394124599989, "peak_vram_bytes": 1831763968}
{"step": 2240, "loss": 0.014168815687298775, "examples": 2240, "session_seconds": 1714.6618797889969, "peak_vram_bytes": 1831763968}
{"step": 2250, "loss": 0.013716276735067368, "examples": 2250, "session_seconds": 1721.7416009070002, "peak_vram_bytes": 1831763968}
{"step": 2260, "loss": 0.013425221666693687, "examples": 2260, "session_seconds": 1728.8846651449967, "peak_vram_bytes": 1831763968}
{"step": 2270, "loss": 0.013452758081257343, "examples": 2270, "session_seconds": 1735.9863016769996, "peak_vram_bytes": 1831763968}
{"step": 2280, "loss": 7.586070537567139, "examples": 2280, "session_seconds": 1743.015970471999, "peak_vram_bytes": 1831763968}
{"step": 2290, "loss": 0.013712555170059204, "examples": 2290, "session_seconds": 1750.2097450269976, "peak_vram_bytes": 1831763968}
{"step": 2300, "loss": 0.014080308377742767, "examples": 2300, "session_seconds": 1757.2261892209972, "peak_vram_bytes": 1831763968}
{"step": 2310, "loss": 0.014066427014768124, "examples": 2310, "session_seconds": 1764.6846430549995, "peak_vram_bytes": 1831763968}
{"step": 2320, "loss": 0.01368754357099533, "examples": 2320, "session_seconds": 1771.7215199289967, "peak_vram_bytes": 1831763968}
{"step": 2330, "loss": 15.46876335144043, "examples": 2330, "session_seconds": 1778.7583444359989, "peak_vram_bytes": 1831763968}
{"step": 2340, "loss": 0.013744580559432507, "examples": 2340, "session_seconds": 1785.8214710779976, "peak_vram_bytes": 1831763968}
{"step": 2350, "loss": 4.2681427001953125, "examples": 2350, "session_seconds": 1792.9401219039974, "peak_vram_bytes": 1831763968}
{"step": 2360, "loss": 0.30089011788368225, "examples": 2360, "session_seconds": 1799.9107885140002, "peak_vram_bytes": 1831763968}
{"step": 2370, "loss": 0.013846874237060547, "examples": 2370, "session_seconds": 1806.9997513259987, "peak_vram_bytes": 1831763968}
{"step": 2380, "loss": 0.014300691895186901, "examples": 2380, "session_seconds": 1814.0174050179994, "peak_vram_bytes": 1831763968}
{"step": 2390, "loss": 0.013642331585288048, "examples": 2390, "session_seconds": 1821.1229541510002, "peak_vram_bytes": 1831763968}
{"step": 2400, "loss": 0.013880507089197636, "examples": 2400, "session_seconds": 1828.215744623998, "peak_vram_bytes": 1831763968}
{"step": 2410, "loss": 0.017013022676110268, "examples": 2410, "session_seconds": 1835.5559469479995, "peak_vram_bytes": 1831763968}
{"step": 2420, "loss": 4.704151630401611, "examples": 2420, "session_seconds": 1843.5405718809998, "peak_vram_bytes": 1831763968}
{"step": 2430, "loss": 0.013446427881717682, "examples": 2430, "session_seconds": 1850.7347167099979, "peak_vram_bytes": 1831763968}
{"step": 2440, "loss": 13.736916542053223, "examples": 2440, "session_seconds": 1857.7641672229984, "peak_vram_bytes": 1831763968}
{"step": 2450, "loss": 0.013680086471140385, "examples": 2450, "session_seconds": 1864.7345416889984, "peak_vram_bytes": 1831763968}
{"step": 2460, "loss": 0.01358731184154749, "examples": 2460, "session_seconds": 1871.8052580179974, "peak_vram_bytes": 1831763968}
{"step": 2470, "loss": 0.6215272545814514, "examples": 2470, "session_seconds": 1878.9266439549974, "peak_vram_bytes": 1831763968}
{"step": 2480, "loss": 0.013868894428014755, "examples": 2480, "session_seconds": 1886.3633500469987, "peak_vram_bytes": 1831763968}
{"step": 2490, "loss": 0.013980556279420853, "examples": 2490, "session_seconds": 1893.9243355009967, "peak_vram_bytes": 1831763968}
{"step": 2500, "loss": 0.41888612508773804, "examples": 2500, "session_seconds": 1901.0909530029967, "peak_vram_bytes": 1831763968}
{"step": 2510, "loss": 0.013481010682880878, "examples": 2510, "session_seconds": 1909.495244947997, "peak_vram_bytes": 1831763968}
{"step": 2520, "loss": 0.013551531359553337, "examples": 2520, "session_seconds": 1917.2666663959972, "peak_vram_bytes": 1831763968}
{"step": 2530, "loss": 0.01669461280107498, "examples": 2530, "session_seconds": 1924.5736416109976, "peak_vram_bytes": 1831763968}
{"step": 2540, "loss": 0.013826414942741394, "examples": 2540, "session_seconds": 1932.4030734279986, "peak_vram_bytes": 1831763968}
{"step": 2550, "loss": 0.013457341119647026, "examples": 2550, "session_seconds": 1940.0028967649996, "peak_vram_bytes": 1831763968}
{"step": 2560, "loss": 0.013462042436003685, "examples": 2560, "session_seconds": 1948.2696729579984, "peak_vram_bytes": 1831763968}
{"step": 2570, "loss": 5.559093475341797, "examples": 2570, "session_seconds": 1956.233189388, "peak_vram_bytes": 1831763968}
{"step": 2580, "loss": 0.013439657166600227, "examples": 2580, "session_seconds": 1964.464544729999, "peak_vram_bytes": 1831763968}
{"step": 2590, "loss": 0.013515961356461048, "examples": 2590, "session_seconds": 1972.3235251899969, "peak_vram_bytes": 1831763968}
{"step": 2600, "loss": 0.2014574557542801, "examples": 2600, "session_seconds": 1980.3134869319983, "peak_vram_bytes": 1831763968}
{"step": 2610, "loss": 0.01344037614762783, "examples": 2610, "session_seconds": 1987.9445970460001, "peak_vram_bytes": 1831763968}
{"step": 2620, "loss": 0.014157092198729515, "examples": 2620, "session_seconds": 1995.2974036329979, "peak_vram_bytes": 1831763968}
{"step": 2630, "loss": 0.014558644033968449, "examples": 2630, "session_seconds": 2002.6022455189996, "peak_vram_bytes": 1831763968}
{"step": 2640, "loss": 0.013411957770586014, "examples": 2640, "session_seconds": 2010.1810205099973, "peak_vram_bytes": 1831763968}
{"step": 2650, "loss": 0.013422548770904541, "examples": 2650, "session_seconds": 2018.1273258309993, "peak_vram_bytes": 1831763968}
{"step": 2660, "loss": 0.013436196371912956, "examples": 2660, "session_seconds": 2025.8078152769995, "peak_vram_bytes": 1831763968}
{"step": 2670, "loss": 21.951419830322266, "examples": 2670, "session_seconds": 2033.6109124689974, "peak_vram_bytes": 1831872000}
{"step": 2680, "loss": 0.013934507966041565, "examples": 2680, "session_seconds": 2041.6232818569988, "peak_vram_bytes": 1831872000}
{"step": 2690, "loss": 0.016868244856595993, "examples": 2690, "session_seconds": 2049.288215237997, "peak_vram_bytes": 1831872000}
{"step": 2700, "loss": 0.014240886084735394, "examples": 2700, "session_seconds": 2057.4675346749973, "peak_vram_bytes": 1831872000}
{"step": 2710, "loss": 0.014459287747740746, "examples": 2710, "session_seconds": 2064.929437347997, "peak_vram_bytes": 1831872000}
{"step": 2720, "loss": 0.013405566103756428, "examples": 2720, "session_seconds": 2071.881962853, "peak_vram_bytes": 1831872000}
{"step": 2730, "loss": 0.01388712041079998, "examples": 2730, "session_seconds": 2078.937270901999, "peak_vram_bytes": 1831872000}
{"step": 2740, "loss": 0.013750658370554447, "examples": 2740, "session_seconds": 2086.223560675997, "peak_vram_bytes": 1831872000}
{"step": 2750, "loss": 0.013439595699310303, "examples": 2750, "session_seconds": 2093.439816449998, "peak_vram_bytes": 1831872000}
{"step": 2760, "loss": 0.013438235968351364, "examples": 2760, "session_seconds": 2100.552234035, "peak_vram_bytes": 1831872000}
{"step": 2770, "loss": 15.6578369140625, "examples": 2770, "session_seconds": 2107.641128632, "peak_vram_bytes": 1831872000}
{"step": 2780, "loss": 0.01415267214179039, "examples": 2780, "session_seconds": 2114.6390157319984, "peak_vram_bytes": 1831872000}
{"step": 2790, "loss": 0.01703767478466034, "examples": 2790, "session_seconds": 2121.6554455359983, "peak_vram_bytes": 1831872000}
{"step": 2800, "loss": 0.01893017813563347, "examples": 2800, "session_seconds": 2128.7801327729976, "peak_vram_bytes": 1831872000}
{"step": 2810, "loss": 0.01373032946139574, "examples": 2810, "session_seconds": 2136.242164154999, "peak_vram_bytes": 1831872000}
{"step": 2820, "loss": 0.014167921617627144, "examples": 2820, "session_seconds": 2143.4047832029974, "peak_vram_bytes": 1831872000}
{"step": 2830, "loss": 0.013495055958628654, "examples": 2830, "session_seconds": 2150.2973042779995, "peak_vram_bytes": 1831872000}
{"step": 2840, "loss": 0.014035900123417377, "examples": 2840, "session_seconds": 2157.177676289997, "peak_vram_bytes": 1831872000}
{"step": 2850, "loss": 0.013638675212860107, "examples": 2850, "session_seconds": 2164.1526232929973, "peak_vram_bytes": 1831872000}
{"step": 2860, "loss": 21.166038513183594, "examples": 2860, "session_seconds": 2171.2328144569983, "peak_vram_bytes": 1831872000}
{"step": 2870, "loss": 0.014840565621852875, "examples": 2870, "session_seconds": 2178.2692114659985, "peak_vram_bytes": 1831872000}
{"step": 2880, "loss": 0.014145647175610065, "examples": 2880, "session_seconds": 2185.8327763639973, "peak_vram_bytes": 1831872000}
{"step": 2890, "loss": 5.228001117706299, "examples": 2890, "session_seconds": 2193.0888907479966, "peak_vram_bytes": 1831872000}
{"step": 2900, "loss": 0.02445187047123909, "examples": 2900, "session_seconds": 2200.0757618179996, "peak_vram_bytes": 1831872000}
{"step": 2910, "loss": 0.013521622866392136, "examples": 2910, "session_seconds": 2207.5005935109984, "peak_vram_bytes": 1831872000}
{"step": 2920, "loss": 0.013525732792913914, "examples": 2920, "session_seconds": 2214.585465019998, "peak_vram_bytes": 1831872000}
{"step": 2930, "loss": 1.0861730575561523, "examples": 2930, "session_seconds": 2221.7417591999983, "peak_vram_bytes": 1831872000}
{"step": 2940, "loss": 0.015715360641479492, "examples": 2940, "session_seconds": 2228.9054463269968, "peak_vram_bytes": 1831872000}
{"step": 2950, "loss": 0.013762475922703743, "examples": 2950, "session_seconds": 2237.004349002, "peak_vram_bytes": 1831872000}
{"step": 2960, "loss": 0.018133332952857018, "examples": 2960, "session_seconds": 2244.665047677998, "peak_vram_bytes": 1831973888}
{"step": 2970, "loss": 8.064932823181152, "examples": 2970, "session_seconds": 2252.5934152699992, "peak_vram_bytes": 1831973888}
{"step": 2980, "loss": 0.013783974573016167, "examples": 2980, "session_seconds": 2260.3041592709997, "peak_vram_bytes": 1831973888}
{"step": 2990, "loss": 0.013983768410980701, "examples": 2990, "session_seconds": 2268.3721725389987, "peak_vram_bytes": 1831973888}
{"step": 3000, "loss": 0.06399166584014893, "examples": 3000, "session_seconds": 2276.425643983999, "peak_vram_bytes": 1831973888}
{"step": 3010, "loss": 0.013783764094114304, "examples": 3010, "session_seconds": 2283.992639467997, "peak_vram_bytes": 1831973888}
{"step": 3020, "loss": 0.013983473181724548, "examples": 3020, "session_seconds": 2291.126306569997, "peak_vram_bytes": 1831973888}
{"step": 3030, "loss": 0.016564827412366867, "examples": 3030, "session_seconds": 2298.143928297999, "peak_vram_bytes": 1831973888}
{"step": 3040, "loss": 0.01398022286593914, "examples": 3040, "session_seconds": 2305.310244696997, "peak_vram_bytes": 1831973888}
{"step": 3050, "loss": 0.013906238600611687, "examples": 3050, "session_seconds": 2312.4327674829983, "peak_vram_bytes": 1831973888}
{"step": 3060, "loss": 0.01525635365396738, "examples": 3060, "session_seconds": 2319.547265481, "peak_vram_bytes": 1831973888}
{"step": 3070, "loss": 0.014113345183432102, "examples": 3070, "session_seconds": 2326.593936235997, "peak_vram_bytes": 1831973888}
{"step": 3080, "loss": 0.01390831172466278, "examples": 3080, "session_seconds": 2333.564688178998, "peak_vram_bytes": 1831973888}
{"step": 3090, "loss": 0.013916926458477974, "examples": 3090, "session_seconds": 2340.5615892609967, "peak_vram_bytes": 1831973888}
{"step": 3100, "loss": 0.014009522274136543, "examples": 3100, "session_seconds": 2347.697207563997, "peak_vram_bytes": 1831973888}
{"step": 3110, "loss": 0.02449212223291397, "examples": 3110, "session_seconds": 2355.228721356998, "peak_vram_bytes": 1831973888}
{"step": 3120, "loss": 0.01446547731757164, "examples": 3120, "session_seconds": 2362.0921271589978, "peak_vram_bytes": 1831973888}
{"step": 3130, "loss": 0.015264106914401054, "examples": 3130, "session_seconds": 2369.139150867999, "peak_vram_bytes": 1831973888}
{"step": 3140, "loss": 0.014088248834013939, "examples": 3140, "session_seconds": 2376.1323644389995, "peak_vram_bytes": 1831973888}
{"step": 3150, "loss": 0.014276939444243908, "examples": 3150, "session_seconds": 2383.144385616997, "peak_vram_bytes": 1831973888}
{"step": 3160, "loss": 15.32337760925293, "examples": 3160, "session_seconds": 2390.1316988789986, "peak_vram_bytes": 1831973888}
{"step": 3170, "loss": 0.013675044290721416, "examples": 3170, "session_seconds": 2397.1750769009996, "peak_vram_bytes": 1831973888}
{"step": 3180, "loss": 0.013699878007173538, "examples": 3180, "session_seconds": 2404.29669395, "peak_vram_bytes": 1831973888}
{"step": 3190, "loss": 0.014196318574249744, "examples": 3190, "session_seconds": 2411.4171005869975, "peak_vram_bytes": 1831973888}
{"step": 3200, "loss": 0.015338564291596413, "examples": 3200, "session_seconds": 2418.4169859799986, "peak_vram_bytes": 1831973888}
{"step": 3210, "loss": 0.013732229359447956, "examples": 3210, "session_seconds": 2425.7428703469996, "peak_vram_bytes": 1831973888}
{"step": 3220, "loss": 0.013542300090193748, "examples": 3220, "session_seconds": 2432.831580066999, "peak_vram_bytes": 1831973888}
{"step": 3230, "loss": 0.34298861026763916, "examples": 3230, "session_seconds": 2439.955774181999, "peak_vram_bytes": 1831973888}
{"step": 3240, "loss": 10.218046188354492, "examples": 3240, "session_seconds": 2447.220355147998, "peak_vram_bytes": 1831973888}
{"step": 3250, "loss": 11.618154525756836, "examples": 3250, "session_seconds": 2454.5482283599995, "peak_vram_bytes": 1831973888}
{"step": 3260, "loss": 0.013682973571121693, "examples": 3260, "session_seconds": 2461.647022142999, "peak_vram_bytes": 1831973888}
{"step": 3270, "loss": 0.014035201631486416, "examples": 3270, "session_seconds": 2468.6529745419975, "peak_vram_bytes": 1831973888}
{"step": 3280, "loss": 14.594427108764648, "examples": 3280, "session_seconds": 2475.600642817997, "peak_vram_bytes": 1831973888}
{"step": 3290, "loss": 17.457555770874023, "examples": 3290, "session_seconds": 2482.7187883449988, "peak_vram_bytes": 1831973888}
{"step": 3300, "loss": 9.848883628845215, "examples": 3300, "session_seconds": 2489.852945688999, "peak_vram_bytes": 1831973888}
{"step": 3310, "loss": 21.23602867126465, "examples": 3310, "session_seconds": 2497.7033936319967, "peak_vram_bytes": 1831973888}
{"step": 3320, "loss": 0.013736600056290627, "examples": 3320, "session_seconds": 2505.6639579039984, "peak_vram_bytes": 1831973888}
{"step": 3330, "loss": 21.98297691345215, "examples": 3330, "session_seconds": 2513.5992548719987, "peak_vram_bytes": 1831973888}
{"step": 3340, "loss": 0.013772983103990555, "examples": 3340, "session_seconds": 2521.8204619509997, "peak_vram_bytes": 1831973888}
{"step": 3350, "loss": 0.014924366027116776, "examples": 3350, "session_seconds": 2529.733198021997, "peak_vram_bytes": 1831973888}
{"step": 3360, "loss": 0.013959487900137901, "examples": 3360, "session_seconds": 2537.627046739999, "peak_vram_bytes": 1831973888}
{"step": 3370, "loss": 0.014197411015629768, "examples": 3370, "session_seconds": 2545.387581767998, "peak_vram_bytes": 1831973888}
{"step": 3380, "loss": 4.883648872375488, "examples": 3380, "session_seconds": 2553.4332991409974, "peak_vram_bytes": 1831973888}
{"step": 3390, "loss": 0.013993963599205017, "examples": 3390, "session_seconds": 2561.5859879129966, "peak_vram_bytes": 1831973888}
{"step": 3400, "loss": 0.013738173060119152, "examples": 3400, "session_seconds": 2569.0849043869966, "peak_vram_bytes": 1831973888}
{"step": 3410, "loss": 0.013627301901578903, "examples": 3410, "session_seconds": 2577.5890187229998, "peak_vram_bytes": 1831973888}
{"step": 3420, "loss": 0.013709229417145252, "examples": 3420, "session_seconds": 2585.5071370039987, "peak_vram_bytes": 1831973888}
{"step": 3430, "loss": 15.909988403320312, "examples": 3430, "session_seconds": 2593.4336444069995, "peak_vram_bytes": 1831973888}
{"step": 3440, "loss": 0.014642437919974327, "examples": 3440, "session_seconds": 2601.193697577997, "peak_vram_bytes": 1831973888}
{"step": 3450, "loss": 0.013986638747155666, "examples": 3450, "session_seconds": 2609.422715583998, "peak_vram_bytes": 1831973888}
{"step": 3460, "loss": 0.013862580060958862, "examples": 3460, "session_seconds": 2617.5855598889975, "peak_vram_bytes": 1831973888}
{"step": 3470, "loss": 0.01388273574411869, "examples": 3470, "session_seconds": 2625.7584522849975, "peak_vram_bytes": 1831973888}
{"step": 3480, "loss": 0.013774868100881577, "examples": 3480, "session_seconds": 2633.831330564997, "peak_vram_bytes": 1831973888}
{"step": 3490, "loss": 14.308774948120117, "examples": 3490, "session_seconds": 2642.076125577998, "peak_vram_bytes": 1831973888}
{"step": 3500, "loss": 4.129819393157959, "examples": 3500, "session_seconds": 2650.1807693229966, "peak_vram_bytes": 1831973888}
{"step": 3510, "loss": 0.01487763412296772, "examples": 3510, "session_seconds": 2658.264727111, "peak_vram_bytes": 1831973888}
{"step": 3520, "loss": 0.013580810278654099, "examples": 3520, "session_seconds": 2665.6157559779967, "peak_vram_bytes": 1831973888}
{"step": 3530, "loss": 9.375154495239258, "examples": 3530, "session_seconds": 2673.419443101, "peak_vram_bytes": 1831973888}
{"step": 3540, "loss": 0.013941559940576553, "examples": 3540, "session_seconds": 2681.275746097999, "peak_vram_bytes": 1831973888}
{"step": 3550, "loss": 15.815247535705566, "examples": 3550, "session_seconds": 2688.4042932209995, "peak_vram_bytes": 1831973888}
{"step": 3560, "loss": 0.19388383626937866, "examples": 3560, "session_seconds": 2696.064402049, "peak_vram_bytes": 1831973888}
{"step": 3570, "loss": 0.014002650044858456, "examples": 3570, "session_seconds": 2703.236592465997, "peak_vram_bytes": 1831973888}
{"step": 3580, "loss": 0.013746368698775768, "examples": 3580, "session_seconds": 2710.545197195999, "peak_vram_bytes": 1831973888}
{"step": 3590, "loss": 18.146146774291992, "examples": 3590, "session_seconds": 2717.9067856939982, "peak_vram_bytes": 1831973888}
{"step": 3600, "loss": 0.014589325524866581, "examples": 3600, "session_seconds": 2725.104646410997, "peak_vram_bytes": 1831973888}
{"step": 3610, "loss": 9.284423828125, "examples": 3610, "session_seconds": 2732.634977616999, "peak_vram_bytes": 1831973888}
{"step": 3620, "loss": 16.09016227722168, "examples": 3620, "session_seconds": 2739.981934624, "peak_vram_bytes": 1831973888}
{"step": 3630, "loss": 0.013449753634631634, "examples": 3630, "session_seconds": 2747.056044535999, "peak_vram_bytes": 1831973888}
{"step": 3640, "loss": 0.013666799291968346, "examples": 3640, "session_seconds": 2754.1634589489986, "peak_vram_bytes": 1831973888}
{"step": 3650, "loss": 0.014444282278418541, "examples": 3650, "session_seconds": 2761.3013238719977, "peak_vram_bytes": 1831973888}
{"step": 3660, "loss": 0.013893838971853256, "examples": 3660, "session_seconds": 2768.426106196999, "peak_vram_bytes": 1831973888}
{"step": 3670, "loss": 0.013627871870994568, "examples": 3670, "session_seconds": 2775.5159804449977, "peak_vram_bytes": 1831973888}
{"step": 3680, "loss": 0.0282173752784729, "examples": 3680, "session_seconds": 2782.5627307299983, "peak_vram_bytes": 1831973888}
{"step": 3690, "loss": 19.948719024658203, "examples": 3690, "session_seconds": 2789.5869639239972, "peak_vram_bytes": 1831973888}
{"step": 3700, "loss": 15.991147994995117, "examples": 3700, "session_seconds": 2796.790683125997, "peak_vram_bytes": 1831973888}
{"step": 3710, "loss": 7.900503158569336, "examples": 3710, "session_seconds": 2804.8736874629976, "peak_vram_bytes": 1831973888}
{"step": 3720, "loss": 1.046715259552002, "examples": 3720, "session_seconds": 2812.041406510998, "peak_vram_bytes": 1831973888}
{"step": 3730, "loss": 0.014637671411037445, "examples": 3730, "session_seconds": 2819.3773085089997, "peak_vram_bytes": 1831973888}
{"step": 3740, "loss": 0.013834083452820778, "examples": 3740, "session_seconds": 2827.2320940559985, "peak_vram_bytes": 1831973888}
{"step": 3750, "loss": 0.017365943640470505, "examples": 3750, "session_seconds": 2836.141333348998, "peak_vram_bytes": 1831973888}
{"step": 3760, "loss": 0.014299388974905014, "examples": 3760, "session_seconds": 2844.497094970997, "peak_vram_bytes": 1831973888}
{"step": 3770, "loss": 0.014972135424613953, "examples": 3770, "session_seconds": 2852.547862141, "peak_vram_bytes": 1831973888}
{"step": 3780, "loss": 0.13772454857826233, "examples": 3780, "session_seconds": 2861.043810403, "peak_vram_bytes": 1831973888}
{"step": 3790, "loss": 11.581110954284668, "examples": 3790, "session_seconds": 2869.210550501997, "peak_vram_bytes": 1831973888}
{"step": 3800, "loss": 10.398733139038086, "examples": 3800, "session_seconds": 2877.5979538479987, "peak_vram_bytes": 1831973888}
{"step": 3810, "loss": 0.015032341703772545, "examples": 3810, "session_seconds": 2886.2891559329983, "peak_vram_bytes": 1831973888}
{"step": 3820, "loss": 0.014550777152180672, "examples": 3820, "session_seconds": 2894.590847200998, "peak_vram_bytes": 1831973888}
{"step": 3830, "loss": 0.014029299840331078, "examples": 3830, "session_seconds": 2902.480683210997, "peak_vram_bytes": 1831973888}
{"step": 3840, "loss": 0.014905832707881927, "examples": 3840, "session_seconds": 2910.581583182, "peak_vram_bytes": 1831973888}
{"step": 3850, "loss": 0.01341964490711689, "examples": 3850, "session_seconds": 2918.875156080998, "peak_vram_bytes": 1831973888}
{"step": 3860, "loss": 0.029871642589569092, "examples": 3860, "session_seconds": 2926.6372665229974, "peak_vram_bytes": 1831973888}
{"step": 3870, "loss": 0.013823289424180984, "examples": 3870, "session_seconds": 2934.60739949, "peak_vram_bytes": 1831973888}
{"step": 3880, "loss": 0.028686009347438812, "examples": 3880, "session_seconds": 2942.431340465999, "peak_vram_bytes": 1831973888}
{"step": 3890, "loss": 0.01401188038289547, "examples": 3890, "session_seconds": 2949.8045132419975, "peak_vram_bytes": 1831973888}
{"step": 3900, "loss": 0.15612846612930298, "examples": 3900, "session_seconds": 2957.2509609739973, "peak_vram_bytes": 1831973888}
{"step": 3910, "loss": 0.06492570787668228, "examples": 3910, "session_seconds": 2964.8402867429977, "peak_vram_bytes": 1831973888}
{"step": 3920, "loss": 0.013799011707305908, "examples": 3920, "session_seconds": 2971.9618978439976, "peak_vram_bytes": 1831973888}
{"step": 3930, "loss": 0.013896780088543892, "examples": 3930, "session_seconds": 2979.0353748419984, "peak_vram_bytes": 1831973888}
{"step": 3940, "loss": 0.015165143646299839, "examples": 3940, "session_seconds": 2986.1182187269987, "peak_vram_bytes": 1831973888}
{"step": 3950, "loss": 0.013443215750157833, "examples": 3950, "session_seconds": 2993.2544871929967, "peak_vram_bytes": 1831973888}
{"step": 3960, "loss": 0.013352757319808006, "examples": 3960, "session_seconds": 3000.4085366990003, "peak_vram_bytes": 1831973888}
{"step": 3970, "loss": 0.01340116560459137, "examples": 3970, "session_seconds": 3007.4925108499992, "peak_vram_bytes": 1831973888}
{"step": 3980, "loss": 12.930444717407227, "examples": 3980, "session_seconds": 3014.593674781998, "peak_vram_bytes": 1831973888}
{"step": 3990, "loss": 0.01364657748490572, "examples": 3990, "session_seconds": 3021.717565955998, "peak_vram_bytes": 1831973888}
{"step": 4000, "loss": 0.016602152958512306, "examples": 4000, "session_seconds": 3029.6047897009994, "peak_vram_bytes": 1831973888}
wandb: 
wandb: Run history:
wandb:        examples ▁▁▁▂▂▂▂▃▃▃▃▃▃▃▄▄▄▄▄▄▅▅▅▅▆▆▆▆▇▇▇▇▇▇▇█████
wandb:            loss ▁▁▁▁▆▁▁█▁▁▁▁▁▇▇▅▁▁▁▁▁▁▃▁▁▄▁▁▁▁▁▄▁▁▁▁▁▁▁▁
wandb: peak_vram_bytes ▁▂▂▂▂▄▄▄████████████████████████████████
wandb: session_seconds ▁▁▁▁▂▂▂▂▂▂▃▃▃▃▃▄▄▄▄▄▄▅▅▅▅▆▆▆▆▆▇▇▇▇▇█████
wandb:            step ▁▁▁▁▁▂▂▂▂▂▃▃▃▃▄▄▄▄▅▅▅▅▅▅▅▆▆▆▆▆▇▇▇▇▇▇████
wandb: 
wandb: Run summary:
wandb:        examples 4000
wandb:            loss 0.0166
wandb: peak_vram_bytes 1831973888
wandb: session_seconds 3029.60479
wandb:            step 4000
wandb: 
wandb: You can sync this run to the cloud by running:
wandb: wandb sync artifacts/longer-v1/0.8b/main/seed-11/continued_sft/tracking/wandb/offline-run-20261004_185403-utvx7zxz
wandb: Find logs at: artifacts/longer-v1/0.8b/main/seed-11/continued_sft/tracking/wandb/offline-run-20261004_185403-utvx7zxz/logs
{"artifact": "artifacts/longer-v1/0.8b/main/seed-11/continued_sft/artifact", "elapsed_seconds": 3029.9838457499973}
