
{"utc": "2026-10-05T07:03:53.802266+00:00", "command": ["-m", "myjev.train", "--config", "results/longer-v1/0.8b/main/seed-22/exact/config.json", "--data", "data/banking77/train.jsonl", "--output", "artifacts/longer-v1/0.8b/main/seed-22/exact", "--method", "exact", "--seed", "22", "--initial", "artifacts/longer-v1/0.8b/main/seed-22/sft/artifact"]}
Loading weights:   0%|          | 0/320 [00:00<?, ?it/s]Loading weights: 100%|██████████| 320/320 [00:00<00:00, 3930.75it/s]
wandb: Tracking run with wandb version 0.30.0
wandb: W&B syncing is set to `offline` in this directory. Run `wandb online` or set WANDB_MODE=online to enable cloud syncing.
wandb: Run data is saved locally in artifacts/longer-v1/0.8b/main/seed-22/exact/tracking/wandb/offline-run-20261005_000405-0i22o8xb
wandb: View this run in the terminal with `wandb leet`
[transformers] `causal_conv1d_fn` is falling back to its reference PyTorch implementation because `causal_conv1d` is not installed. This is correct but much slower; install `causal_conv1d` for the optimized kernel.
[transformers] `chunk_gated_delta_rule` is falling back to its reference PyTorch implementation because `flash-linear-attention` is not installed. This is correct but much slower; install `flash-linear-attention` for the optimized kernel.
{"step": 10, "loss": 0.003137188032269478, "examples": 10, "session_seconds": 10.675521828998171, "peak_vram_bytes": 1818857472}
{"step": 20, "loss": -0.0002900343097280711, "examples": 20, "session_seconds": 19.691947646002518, "peak_vram_bytes": 1819037696}
{"step": 30, "loss": -0.00036188054946251214, "examples": 30, "session_seconds": 29.307687000000442, "peak_vram_bytes": 1819037696}
{"step": 40, "loss": -0.00039569870568811893, "examples": 40, "session_seconds": 38.7105508320019, "peak_vram_bytes": 1829398016}
{"step": 50, "loss": -0.0003029165090993047, "examples": 50, "session_seconds": 47.773589589996845, "peak_vram_bytes": 1829398016}
{"step": 60, "loss": -0.00041765859350562096, "examples": 60, "session_seconds": 57.21700691099977, "peak_vram_bytes": 1829398016}
{"step": 70, "loss": -0.00039094340172596276, "examples": 70, "session_seconds": 66.67886829099734, "peak_vram_bytes": 1829398016}
{"step": 80, "loss": 0.004471941385418177, "examples": 80, "session_seconds": 76.1747563099998, "peak_vram_bytes": 1829398016}
{"step": 90, "loss": 0.02404661662876606, "examples": 90, "session_seconds": 84.77512926200143, "peak_vram_bytes": 1829398016}
{"step": 100, "loss": -0.0009646305697970092, "examples": 100, "session_seconds": 94.03116541299823, "peak_vram_bytes": 1829398016}
Warning: You are sending unauthenticated requests to the HF Hub. Please set a HF_TOKEN to enable higher rate limits and faster downloads.
{"step": 110, "loss": -0.0011644057231023908, "examples": 110, "session_seconds": 104.1200814249969, "peak_vram_bytes": 1833297408}
{"step": 120, "loss": -0.0031974129378795624, "examples": 120, "session_seconds": 113.6443641520018, "peak_vram_bytes": 1833297408}
{"step": 130, "loss": -0.024129098281264305, "examples": 130, "session_seconds": 122.658625844997, "peak_vram_bytes": 1833297408}
{"step": 140, "loss": -0.2596035599708557, "examples": 140, "session_seconds": 131.08564546200068, "peak_vram_bytes": 1833297408}
{"step": 150, "loss": -0.3417893648147583, "examples": 150, "session_seconds": 140.26359485700232, "peak_vram_bytes": 1833297408}
{"step": 160, "loss": 1.0129306316375732, "examples": 160, "session_seconds": 148.8392401450037, "peak_vram_bytes": 1833297408}
{"step": 170, "loss": -0.4057577848434448, "examples": 170, "session_seconds": 157.07906840299984, "peak_vram_bytes": 1835282432}
{"step": 180, "loss": -0.3987025022506714, "examples": 180, "session_seconds": 165.27143590900232, "peak_vram_bytes": 1835282432}
{"step": 190, "loss": -0.41140905022621155, "examples": 190, "session_seconds": 173.6469803889995, "peak_vram_bytes": 1835282432}
{"step": 200, "loss": -0.04307740926742554, "examples": 200, "session_seconds": 181.98973390799802, "peak_vram_bytes": 1835282432}
{"step": 210, "loss": -0.41124218702316284, "examples": 210, "session_seconds": 190.59680001899687, "peak_vram_bytes": 1835282432}
{"step": 220, "loss": -0.4137975573539734, "examples": 220, "session_seconds": 198.9511107770013, "peak_vram_bytes": 1835282432}
{"step": 230, "loss": 1.2113378047943115, "examples": 230, "session_seconds": 207.38786930900096, "peak_vram_bytes": 1835282432}
{"step": 240, "loss": -0.4286269545555115, "examples": 240, "session_seconds": 216.34223245400062, "peak_vram_bytes": 1835282432}
{"step": 250, "loss": -0.42923206090927124, "examples": 250, "session_seconds": 224.88644869499694, "peak_vram_bytes": 1835282432}
{"step": 260, "loss": -0.42050492763519287, "examples": 260, "session_seconds": 234.07295853400137, "peak_vram_bytes": 1835282432}
{"step": 270, "loss": -0.4206443428993225, "examples": 270, "session_seconds": 243.24289876800322, "peak_vram_bytes": 1835282432}
{"step": 280, "loss": -0.4280770421028137, "examples": 280, "session_seconds": 252.4037198060032, "peak_vram_bytes": 1835282432}
{"step": 290, "loss": 0.5826804041862488, "examples": 290, "session_seconds": 261.5084626370008, "peak_vram_bytes": 1835282432}
{"step": 300, "loss": -0.42424672842025757, "examples": 300, "session_seconds": 270.1161016400001, "peak_vram_bytes": 1835282432}
{"step": 310, "loss": -0.42307108640670776, "examples": 310, "session_seconds": 278.9812944259975, "peak_vram_bytes": 1835282432}
{"step": 320, "loss": -0.42723268270492554, "examples": 320, "session_seconds": 287.3058221620013, "peak_vram_bytes": 1835282432}
{"step": 330, "loss": -0.4309387803077698, "examples": 330, "session_seconds": 295.63337620499806, "peak_vram_bytes": 1835282432}
{"step": 340, "loss": -0.4305145740509033, "examples": 340, "session_seconds": 303.9576518419999, "peak_vram_bytes": 1835282432}
{"step": 350, "loss": 1.316183090209961, "examples": 350, "session_seconds": 312.2301368789995, "peak_vram_bytes": 1835282432}
{"step": 360, "loss": -0.3970261216163635, "examples": 360, "session_seconds": 320.68908864100376, "peak_vram_bytes": 1835282432}
{"step": 370, "loss": -0.4296885132789612, "examples": 370, "session_seconds": 329.08466125500127, "peak_vram_bytes": 1835282432}
{"step": 380, "loss": -0.4269985556602478, "examples": 380, "session_seconds": 337.524882644997, "peak_vram_bytes": 1835282432}
{"step": 390, "loss": -0.42730051279067993, "examples": 390, "session_seconds": 345.70463885999925, "peak_vram_bytes": 1835282432}
{"step": 400, "loss": -0.41579920053482056, "examples": 400, "session_seconds": 354.18400899900007, "peak_vram_bytes": 1835282432}
{"step": 410, "loss": 1.779114007949829, "examples": 410, "session_seconds": 362.90719112700026, "peak_vram_bytes": 1835282432}
{"step": 420, "loss": 1.2127153873443604, "examples": 420, "session_seconds": 371.26087440000265, "peak_vram_bytes": 1835282432}
{"step": 430, "loss": 0.015449250116944313, "examples": 430, "session_seconds": 379.9458322270002, "peak_vram_bytes": 1835282432}
{"step": 440, "loss": -0.4385526180267334, "examples": 440, "session_seconds": 388.96531021100236, "peak_vram_bytes": 1835282432}
{"step": 450, "loss": 0.0006578657776117325, "examples": 450, "session_seconds": 397.4233194970002, "peak_vram_bytes": 1835282432}
{"step": 460, "loss": -0.4213864803314209, "examples": 460, "session_seconds": 406.2019999129989, "peak_vram_bytes": 1835282432}
{"step": 470, "loss": -0.429588258266449, "examples": 470, "session_seconds": 414.53319534099865, "peak_vram_bytes": 1835282432}
{"step": 480, "loss": -0.4376599192619324, "examples": 480, "session_seconds": 422.8827951659987, "peak_vram_bytes": 1835282432}
{"step": 490, "loss": 0.1271110624074936, "examples": 490, "session_seconds": 432.1020561309997, "peak_vram_bytes": 1835282432}
{"step": 500, "loss": 1.0971341133117676, "examples": 500, "session_seconds": 441.0638827080038, "peak_vram_bytes": 1835282432}
{"step": 510, "loss": -0.43520253896713257, "examples": 510, "session_seconds": 449.8265796870037, "peak_vram_bytes": 1835282432}
{"step": 520, "loss": 0.27591654658317566, "examples": 520, "session_seconds": 458.2742516619983, "peak_vram_bytes": 1835282432}
{"step": 530, "loss": -0.42909395694732666, "examples": 530, "session_seconds": 466.566859671002, "peak_vram_bytes": 1835282432}
{"step": 540, "loss": -0.4317095875740051, "examples": 540, "session_seconds": 474.8573454840007, "peak_vram_bytes": 1835282432}
{"step": 550, "loss": 1.2429176568984985, "examples": 550, "session_seconds": 483.11512212199887, "peak_vram_bytes": 1835282432}
{"step": 560, "loss": -0.4173632860183716, "examples": 560, "session_seconds": 491.4787532260016, "peak_vram_bytes": 1835282432}
{"step": 570, "loss": -0.43220090866088867, "examples": 570, "session_seconds": 499.84735164800077, "peak_vram_bytes": 1835282432}
{"step": 580, "loss": -0.4513920545578003, "examples": 580, "session_seconds": 508.17766641000344, "peak_vram_bytes": 1835282432}
{"step": 590, "loss": -0.4367831349372864, "examples": 590, "session_seconds": 516.6307462050027, "peak_vram_bytes": 1835282432}
{"step": 600, "loss": -0.43451666831970215, "examples": 600, "session_seconds": 525.3643769089977, "peak_vram_bytes": 1835282432}
{"step": 610, "loss": -0.4348990321159363, "examples": 610, "session_seconds": 535.2409165159988, "peak_vram_bytes": 1835282432}
{"step": 620, "loss": 0.07998251914978027, "examples": 620, "session_seconds": 544.2837777599998, "peak_vram_bytes": 1835282432}
{"step": 630, "loss": -0.44302934408187866, "examples": 630, "session_seconds": 552.8748774959968, "peak_vram_bytes": 1835282432}
{"step": 640, "loss": -0.44042015075683594, "examples": 640, "session_seconds": 561.9464339789993, "peak_vram_bytes": 1835282432}
{"step": 650, "loss": -0.43586796522140503, "examples": 650, "session_seconds": 571.4127664499974, "peak_vram_bytes": 1835282432}
{"step": 660, "loss": -0.43376636505126953, "examples": 660, "session_seconds": 580.5643562679979, "peak_vram_bytes": 1835282432}
{"step": 670, "loss": -0.44279107451438904, "examples": 670, "session_seconds": 589.8050366199968, "peak_vram_bytes": 1835282432}
{"step": 680, "loss": -0.17375844717025757, "examples": 680, "session_seconds": 598.268902777003, "peak_vram_bytes": 1835282432}
{"step": 690, "loss": -0.438579797744751, "examples": 690, "session_seconds": 606.7357137650033, "peak_vram_bytes": 1835282432}
{"step": 700, "loss": -0.4255685806274414, "examples": 700, "session_seconds": 615.7124196570003, "peak_vram_bytes": 1835282432}
{"step": 710, "loss": -0.4342917203903198, "examples": 710, "session_seconds": 625.4723759629996, "peak_vram_bytes": 1835282432}
{"step": 720, "loss": -0.4398176670074463, "examples": 720, "session_seconds": 634.1058612880006, "peak_vram_bytes": 1835282432}
{"step": 730, "loss": -0.4385344982147217, "examples": 730, "session_seconds": 643.3848243519969, "peak_vram_bytes": 1835282432}
{"step": 740, "loss": -0.4281236529350281, "examples": 740, "session_seconds": 651.9946003389996, "peak_vram_bytes": 1835282432}
{"step": 750, "loss": -0.4428022503852844, "examples": 750, "session_seconds": 660.3345915699974, "peak_vram_bytes": 1835282432}
{"step": 760, "loss": -0.43750375509262085, "examples": 760, "session_seconds": 669.0745527949985, "peak_vram_bytes": 1835282432}
{"step": 770, "loss": -0.43564140796661377, "examples": 770, "session_seconds": 677.4611618700001, "peak_vram_bytes": 1835282432}
{"step": 780, "loss": -0.44005000591278076, "examples": 780, "session_seconds": 685.9123456919988, "peak_vram_bytes": 1835282432}
{"step": 790, "loss": 1.2177677154541016, "examples": 790, "session_seconds": 694.2995305349978, "peak_vram_bytes": 1835282432}
{"step": 800, "loss": -0.44314080476760864, "examples": 800, "session_seconds": 703.3581920170036, "peak_vram_bytes": 1835282432}
{"step": 810, "loss": -0.46279436349868774, "examples": 810, "session_seconds": 712.9356721000004, "peak_vram_bytes": 1835282432}
{"step": 820, "loss": -0.014805981889367104, "examples": 820, "session_seconds": 722.386485078001, "peak_vram_bytes": 1835282432}
{"step": 830, "loss": -0.4537699818611145, "examples": 830, "session_seconds": 731.5360324909998, "peak_vram_bytes": 1835282432}
{"step": 840, "loss": -0.4384930729866028, "examples": 840, "session_seconds": 740.0297239100037, "peak_vram_bytes": 1835282432}
{"step": 850, "loss": 0.004600312560796738, "examples": 850, "session_seconds": 748.1750380689991, "peak_vram_bytes": 1835282432}
{"step": 860, "loss": -0.42539840936660767, "examples": 860, "session_seconds": 756.8423381690009, "peak_vram_bytes": 1835282432}
{"step": 870, "loss": -0.43177950382232666, "examples": 870, "session_seconds": 764.9450176980026, "peak_vram_bytes": 1835282432}
{"step": 880, "loss": 1.242112398147583, "examples": 880, "session_seconds": 773.2893199859973, "peak_vram_bytes": 1835282432}
{"step": 890, "loss": -0.4357256293296814, "examples": 890, "session_seconds": 781.5880251659983, "peak_vram_bytes": 1835282432}
{"step": 900, "loss": -0.4415065050125122, "examples": 900, "session_seconds": 789.9366572849976, "peak_vram_bytes": 1835282432}
{"step": 910, "loss": -0.4240303039550781, "examples": 910, "session_seconds": 798.6991157480006, "peak_vram_bytes": 1835282432}
{"step": 920, "loss": -0.43912822008132935, "examples": 920, "session_seconds": 807.1140438520015, "peak_vram_bytes": 1835282432}
{"step": 930, "loss": -0.43609416484832764, "examples": 930, "session_seconds": 815.4912340239971, "peak_vram_bytes": 1835282432}
{"step": 940, "loss": 0.012829403392970562, "examples": 940, "session_seconds": 823.8248451260006, "peak_vram_bytes": 1835282432}
{"step": 950, "loss": 0.40402698516845703, "examples": 950, "session_seconds": 832.2676232320009, "peak_vram_bytes": 1835282432}
{"step": 960, "loss": -0.3835142254829407, "examples": 960, "session_seconds": 840.6257497019978, "peak_vram_bytes": 1835282432}
{"step": 970, "loss": -0.42214441299438477, "examples": 970, "session_seconds": 849.1916965790006, "peak_vram_bytes": 1835282432}
{"step": 980, "loss": -0.43555086851119995, "examples": 980, "session_seconds": 857.6004999979996, "peak_vram_bytes": 1835282432}
{"step": 990, "loss": -0.4343084692955017, "examples": 990, "session_seconds": 866.3795636439972, "peak_vram_bytes": 1835282432}
{"step": 1000, "loss": -0.448803186416626, "examples": 1000, "session_seconds": 874.9775865769989, "peak_vram_bytes": 1835282432}
{"step": 1010, "loss": -0.43140387535095215, "examples": 1010, "session_seconds": 883.6314170839978, "peak_vram_bytes": 1835282432}
{"step": 1020, "loss": -0.4341784119606018, "examples": 1020, "session_seconds": 892.0146510249979, "peak_vram_bytes": 1835282432}
{"step": 1030, "loss": -0.4374163746833801, "examples": 1030, "session_seconds": 900.361959463, "peak_vram_bytes": 1835282432}
{"step": 1040, "loss": 0.07005003094673157, "examples": 1040, "session_seconds": 908.6914865330036, "peak_vram_bytes": 1835282432}
{"step": 1050, "loss": -0.37178710103034973, "examples": 1050, "session_seconds": 917.1913304609989, "peak_vram_bytes": 1835282432}
{"step": 1060, "loss": -0.4193906784057617, "examples": 1060, "session_seconds": 925.8092594679983, "peak_vram_bytes": 1835282432}
{"step": 1070, "loss": -0.43416476249694824, "examples": 1070, "session_seconds": 934.4996936629977, "peak_vram_bytes": 1835282432}
{"step": 1080, "loss": -0.4460766911506653, "examples": 1080, "session_seconds": 943.5284982230005, "peak_vram_bytes": 1835282432}
{"step": 1090, "loss": -0.4337565302848816, "examples": 1090, "session_seconds": 952.5553495560016, "peak_vram_bytes": 1835282432}
{"step": 1100, "loss": -0.4450196623802185, "examples": 1100, "session_seconds": 961.7774382049975, "peak_vram_bytes": 1835282432}
{"step": 1110, "loss": -0.439888060092926, "examples": 1110, "session_seconds": 971.3298454050018, "peak_vram_bytes": 1835282432}
{"step": 1120, "loss": -0.4388078451156616, "examples": 1120, "session_seconds": 980.4236681179973, "peak_vram_bytes": 1835282432}
{"step": 1130, "loss": -0.07422514259815216, "examples": 1130, "session_seconds": 989.6458824139991, "peak_vram_bytes": 1835282432}
{"step": 1140, "loss": -0.44010764360427856, "examples": 1140, "session_seconds": 998.807006928997, "peak_vram_bytes": 1835282432}
{"step": 1150, "loss": 1.2453728914260864, "examples": 1150, "session_seconds": 1007.9786090280031, "peak_vram_bytes": 1835282432}
{"step": 1160, "loss": -0.4410388469696045, "examples": 1160, "session_seconds": 1017.1474414559998, "peak_vram_bytes": 1835282432}
{"step": 1170, "loss": 1.1906131505966187, "examples": 1170, "session_seconds": 1026.4822868100018, "peak_vram_bytes": 1835282432}
{"step": 1180, "loss": -0.44189345836639404, "examples": 1180, "session_seconds": 1035.9957814720037, "peak_vram_bytes": 1835282432}
{"step": 1190, "loss": -0.4494008421897888, "examples": 1190, "session_seconds": 1045.1295274250006, "peak_vram_bytes": 1835282432}
{"step": 1200, "loss": 1.1201674938201904, "examples": 1200, "session_seconds": 1054.0935246180015, "peak_vram_bytes": 1835282432}
{"step": 1210, "loss": -0.43828052282333374, "examples": 1210, "session_seconds": 1063.3813727379966, "peak_vram_bytes": 1835282432}
{"step": 1220, "loss": -0.4371148347854614, "examples": 1220, "session_seconds": 1072.074605816997, "peak_vram_bytes": 1835282432}
{"step": 1230, "loss": -0.07263416051864624, "examples": 1230, "session_seconds": 1081.0649884220038, "peak_vram_bytes": 1835282432}
{"step": 1240, "loss": -0.43768811225891113, "examples": 1240, "session_seconds": 1090.5666526319983, "peak_vram_bytes": 1835282432}
{"step": 1250, "loss": 0.022059962153434753, "examples": 1250, "session_seconds": 1099.7050210399975, "peak_vram_bytes": 1835282432}
{"step": 1260, "loss": -0.44924813508987427, "examples": 1260, "session_seconds": 1108.8392170279985, "peak_vram_bytes": 1835282432}
{"step": 1270, "loss": 1.2364239692687988, "examples": 1270, "session_seconds": 1117.7499528710032, "peak_vram_bytes": 1835282432}
{"step": 1280, "loss": -0.42519789934158325, "examples": 1280, "session_seconds": 1127.284259209002, "peak_vram_bytes": 1835282432}
{"step": 1290, "loss": 0.003907300066202879, "examples": 1290, "session_seconds": 1136.7034830699995, "peak_vram_bytes": 1835282432}
{"step": 1300, "loss": -0.43263059854507446, "examples": 1300, "session_seconds": 1145.6563207579966, "peak_vram_bytes": 1835282432}
{"step": 1310, "loss": 0.2412882298231125, "examples": 1310, "session_seconds": 1154.6198664819967, "peak_vram_bytes": 1835282432}
{"step": 1320, "loss": -0.4374006986618042, "examples": 1320, "session_seconds": 1162.9017772049992, "peak_vram_bytes": 1835282432}
{"step": 1330, "loss": -0.4431763291358948, "examples": 1330, "session_seconds": 1171.7717262150036, "peak_vram_bytes": 1835282432}
{"step": 1340, "loss": -0.4397433400154114, "examples": 1340, "session_seconds": 1180.5813261660005, "peak_vram_bytes": 1835282432}
{"step": 1350, "loss": 1.240401029586792, "examples": 1350, "session_seconds": 1188.894184251003, "peak_vram_bytes": 1835282432}
{"step": 1360, "loss": -0.30617910623550415, "examples": 1360, "session_seconds": 1197.1555741310003, "peak_vram_bytes": 1835282432}
{"step": 1370, "loss": 1.2524080276489258, "examples": 1370, "session_seconds": 1205.5222943339977, "peak_vram_bytes": 1835282432}
{"step": 1380, "loss": 0.008167400024831295, "examples": 1380, "session_seconds": 1213.9187517850005, "peak_vram_bytes": 1835282432}
{"step": 1390, "loss": -0.4291650652885437, "examples": 1390, "session_seconds": 1222.2015358179997, "peak_vram_bytes": 1835282432}
{"step": 1400, "loss": -0.4415696859359741, "examples": 1400, "session_seconds": 1230.2511530300035, "peak_vram_bytes": 1835282432}
{"step": 1410, "loss": -0.45148777961730957, "examples": 1410, "session_seconds": 1239.329095399, "peak_vram_bytes": 1835282432}
{"step": 1420, "loss": 0.21603743731975555, "examples": 1420, "session_seconds": 1247.7673191700014, "peak_vram_bytes": 1835282432}
{"step": 1430, "loss": -0.4471520781517029, "examples": 1430, "session_seconds": 1257.3130642050019, "peak_vram_bytes": 1835282432}
{"step": 1440, "loss": -0.43174415826797485, "examples": 1440, "session_seconds": 1266.677375277999, "peak_vram_bytes": 1835282432}
{"step": 1450, "loss": -0.44701147079467773, "examples": 1450, "session_seconds": 1275.4662021339973, "peak_vram_bytes": 1835282432}
{"step": 1460, "loss": 0.02084035612642765, "examples": 1460, "session_seconds": 1283.8542472490008, "peak_vram_bytes": 1835282432}
{"step": 1470, "loss": -0.43376249074935913, "examples": 1470, "session_seconds": 1292.2953105850029, "peak_vram_bytes": 1835282432}
{"step": 1480, "loss": -0.43621569871902466, "examples": 1480, "session_seconds": 1300.6930024009998, "peak_vram_bytes": 1835282432}
{"step": 1490, "loss": -0.45024681091308594, "examples": 1490, "session_seconds": 1309.138187782999, "peak_vram_bytes": 1835282432}
{"step": 1500, "loss": -0.4350508451461792, "examples": 1500, "session_seconds": 1317.8145175710015, "peak_vram_bytes": 1835282432}
{"step": 1510, "loss": -0.001613151514902711, "examples": 1510, "session_seconds": 1326.6895571630012, "peak_vram_bytes": 1835282432}
{"step": 1520, "loss": -0.4486458897590637, "examples": 1520, "session_seconds": 1335.9276666200021, "peak_vram_bytes": 1835282432}
{"step": 1530, "loss": -0.43726372718811035, "examples": 1530, "session_seconds": 1344.556686857999, "peak_vram_bytes": 1835282432}
{"step": 1540, "loss": 1.2497403621673584, "examples": 1540, "session_seconds": 1352.8796329940014, "peak_vram_bytes": 1835282432}
{"step": 1550, "loss": -0.43169355392456055, "examples": 1550, "session_seconds": 1361.608346574998, "peak_vram_bytes": 1835282432}
{"step": 1560, "loss": 1.2207059860229492, "examples": 1560, "session_seconds": 1370.4697774919987, "peak_vram_bytes": 1835282432}
{"step": 1570, "loss": -0.44638919830322266, "examples": 1570, "session_seconds": 1379.4452116730026, "peak_vram_bytes": 1835282432}
{"step": 1580, "loss": -0.43402230739593506, "examples": 1580, "session_seconds": 1387.8834561979966, "peak_vram_bytes": 1835282432}
{"step": 1590, "loss": -0.44067054986953735, "examples": 1590, "session_seconds": 1396.2950776740036, "peak_vram_bytes": 1835282432}
{"step": 1600, "loss": -0.019194021821022034, "examples": 1600, "session_seconds": 1404.6373015420031, "peak_vram_bytes": 1835282432}
{"step": 1610, "loss": -0.44863587617874146, "examples": 1610, "session_seconds": 1413.3626244859988, "peak_vram_bytes": 1835282432}
{"step": 1620, "loss": 1.2582764625549316, "examples": 1620, "session_seconds": 1422.573672765, "peak_vram_bytes": 1835282432}
{"step": 1630, "loss": 0.9736584424972534, "examples": 1630, "session_seconds": 1431.1231916679972, "peak_vram_bytes": 1835282432}
{"step": 1640, "loss": -0.4374098777770996, "examples": 1640, "session_seconds": 1440.6322036990023, "peak_vram_bytes": 1835282432}
{"step": 1650, "loss": -0.43840569257736206, "examples": 1650, "session_seconds": 1449.3916647200022, "peak_vram_bytes": 1835282432}
{"step": 1660, "loss": -0.3767675757408142, "examples": 1660, "session_seconds": 1457.9128610740008, "peak_vram_bytes": 1835282432}
{"step": 1670, "loss": 0.33053964376449585, "examples": 1670, "session_seconds": 1466.285848280997, "peak_vram_bytes": 1835282432}
{"step": 1680, "loss": -0.289183646440506, "examples": 1680, "session_seconds": 1474.5336101860012, "peak_vram_bytes": 1835282432}
{"step": 1690, "loss": -0.0010703232837840915, "examples": 1690, "session_seconds": 1482.9110748699968, "peak_vram_bytes": 1835282432}
{"step": 1700, "loss": -0.434093713760376, "examples": 1700, "session_seconds": 1491.6734746840011, "peak_vram_bytes": 1835282432}
{"step": 1710, "loss": 0.0029184555169194937, "examples": 1710, "session_seconds": 1500.4637305439974, "peak_vram_bytes": 1835282432}
{"step": 1720, "loss": 1.254382848739624, "examples": 1720, "session_seconds": 1509.0167480989985, "peak_vram_bytes": 1835282432}
{"step": 1730, "loss": -0.43131130933761597, "examples": 1730, "session_seconds": 1517.5545487459967, "peak_vram_bytes": 1835282432}
{"step": 1740, "loss": -0.429074227809906, "examples": 1740, "session_seconds": 1525.8291365050027, "peak_vram_bytes": 1835282432}
{"step": 1750, "loss": -0.42820221185684204, "examples": 1750, "session_seconds": 1534.662087138, "peak_vram_bytes": 1835282432}
{"step": 1760, "loss": 0.02581760287284851, "examples": 1760, "session_seconds": 1543.1902319319997, "peak_vram_bytes": 1835282432}
{"step": 1770, "loss": -0.42962509393692017, "examples": 1770, "session_seconds": 1551.983532680002, "peak_vram_bytes": 1835282432}
{"step": 1780, "loss": -0.4404701590538025, "examples": 1780, "session_seconds": 1561.6360334380006, "peak_vram_bytes": 1835282432}
{"step": 1790, "loss": -0.43414729833602905, "examples": 1790, "session_seconds": 1570.7955823250013, "peak_vram_bytes": 1835282432}
{"step": 1800, "loss": -0.43397223949432373, "examples": 1800, "session_seconds": 1579.4904847729995, "peak_vram_bytes": 1835282432}
{"step": 1810, "loss": 1.1787949800491333, "examples": 1810, "session_seconds": 1588.5780046869986, "peak_vram_bytes": 1835282432}
{"step": 1820, "loss": 0.22068677842617035, "examples": 1820, "session_seconds": 1597.4474488139967, "peak_vram_bytes": 1835282432}
{"step": 1830, "loss": -0.44261837005615234, "examples": 1830, "session_seconds": 1606.8710424029996, "peak_vram_bytes": 1835282432}
{"step": 1840, "loss": -0.451379656791687, "examples": 1840, "session_seconds": 1615.9852508769982, "peak_vram_bytes": 1835282432}
{"step": 1850, "loss": -0.424349844455719, "examples": 1850, "session_seconds": 1625.173011302999, "peak_vram_bytes": 1835282432}
{"step": 1860, "loss": -0.4266703724861145, "examples": 1860, "session_seconds": 1634.8715360869974, "peak_vram_bytes": 1835282432}
{"step": 1870, "loss": -0.4406711459159851, "examples": 1870, "session_seconds": 1644.418740578003, "peak_vram_bytes": 1835282432}
{"step": 1880, "loss": -0.4402569532394409, "examples": 1880, "session_seconds": 1653.9714296320017, "peak_vram_bytes": 1835282432}
{"step": 1890, "loss": -0.44185346364974976, "examples": 1890, "session_seconds": 1663.6494947500032, "peak_vram_bytes": 1835282432}
{"step": 1900, "loss": 0.05755643546581268, "examples": 1900, "session_seconds": 1673.233177754002, "peak_vram_bytes": 1835282432}
{"step": 1910, "loss": 1.2749266624450684, "examples": 1910, "session_seconds": 1682.0478869889994, "peak_vram_bytes": 1835282432}
{"step": 1920, "loss": -0.010344489477574825, "examples": 1920, "session_seconds": 1690.936618945998, "peak_vram_bytes": 1835282432}
{"step": 1930, "loss": -0.44186878204345703, "examples": 1930, "session_seconds": 1700.4556198010032, "peak_vram_bytes": 1835282432}
{"step": 1940, "loss": -0.4532277584075928, "examples": 1940, "session_seconds": 1709.124278559997, "peak_vram_bytes": 1835282432}
{"step": 1950, "loss": -0.4394792914390564, "examples": 1950, "session_seconds": 1717.9070464129982, "peak_vram_bytes": 1835282432}
{"step": 1960, "loss": -0.4462588429450989, "examples": 1960, "session_seconds": 1726.618353222002, "peak_vram_bytes": 1835282432}
{"step": 1970, "loss": -0.4383350610733032, "examples": 1970, "session_seconds": 1735.371634007999, "peak_vram_bytes": 1835282432}
{"step": 1980, "loss": -0.4495998024940491, "examples": 1980, "session_seconds": 1743.6601411849988, "peak_vram_bytes": 1835282432}
{"step": 1990, "loss": -0.4298551678657532, "examples": 1990, "session_seconds": 1752.040589999, "peak_vram_bytes": 1835282432}
{"step": 2000, "loss": -0.2550836205482483, "examples": 2000, "session_seconds": 1760.4706522179986, "peak_vram_bytes": 1835282432}
{"step": 2010, "loss": -0.4257904291152954, "examples": 2010, "session_seconds": 1769.0900596409992, "peak_vram_bytes": 1835282432}
{"step": 2020, "loss": -0.43112701177597046, "examples": 2020, "session_seconds": 1777.4524394460022, "peak_vram_bytes": 1835282432}
{"step": 2030, "loss": 1.2414679527282715, "examples": 2030, "session_seconds": 1785.8613568439978, "peak_vram_bytes": 1835282432}
{"step": 2040, "loss": -0.43019330501556396, "examples": 2040, "session_seconds": 1794.220674602002, "peak_vram_bytes": 1835282432}
{"step": 2050, "loss": -0.4398682117462158, "examples": 2050, "session_seconds": 1802.5013017430028, "peak_vram_bytes": 1835282432}
{"step": 2060, "loss": -0.44292187690734863, "examples": 2060, "session_seconds": 1810.8694781599988, "peak_vram_bytes": 1835282432}
{"step": 2070, "loss": -0.4432560205459595, "examples": 2070, "session_seconds": 1819.2334874939988, "peak_vram_bytes": 1835282432}
{"step": 2080, "loss": -0.4456426501274109, "examples": 2080, "session_seconds": 1827.5546077559993, "peak_vram_bytes": 1835282432}
{"step": 2090, "loss": -0.44441694021224976, "examples": 2090, "session_seconds": 1835.9446097820037, "peak_vram_bytes": 1835282432}
{"step": 2100, "loss": -0.4484480023384094, "examples": 2100, "session_seconds": 1844.248633889998, "peak_vram_bytes": 1835282432}
{"step": 2110, "loss": -0.3311390280723572, "examples": 2110, "session_seconds": 1853.0459601699986, "peak_vram_bytes": 1835282432}
{"step": 2120, "loss": 1.242287516593933, "examples": 2120, "session_seconds": 1861.4622874880006, "peak_vram_bytes": 1835282432}
{"step": 2130, "loss": -0.4421260356903076, "examples": 2130, "session_seconds": 1869.9003561069985, "peak_vram_bytes": 1835282432}
{"step": 2140, "loss": -0.4505198001861572, "examples": 2140, "session_seconds": 1878.246575129997, "peak_vram_bytes": 1835282432}
{"step": 2150, "loss": 1.065712332725525, "examples": 2150, "session_seconds": 1886.8534246060008, "peak_vram_bytes": 1835282432}
{"step": 2160, "loss": -0.4481557011604309, "examples": 2160, "session_seconds": 1895.1606386170024, "peak_vram_bytes": 1835282432}
{"step": 2170, "loss": -0.4341695308685303, "examples": 2170, "session_seconds": 1903.6193459729984, "peak_vram_bytes": 1835282432}
{"step": 2180, "loss": -0.4388692378997803, "examples": 2180, "session_seconds": 1911.9821484760032, "peak_vram_bytes": 1835282432}
{"step": 2190, "loss": -0.4342278838157654, "examples": 2190, "session_seconds": 1920.9260487900028, "peak_vram_bytes": 1835282432}
{"step": 2200, "loss": -0.44482022523880005, "examples": 2200, "session_seconds": 1930.0871732649975, "peak_vram_bytes": 1835282432}
{"step": 2210, "loss": -0.44849294424057007, "examples": 2210, "session_seconds": 1939.6459106260008, "peak_vram_bytes": 1835282432}
{"step": 2220, "loss": -0.4400213956832886, "examples": 2220, "session_seconds": 1949.0864970900002, "peak_vram_bytes": 1835282432}
{"step": 2230, "loss": -0.44539254903793335, "examples": 2230, "session_seconds": 1958.488355417001, "peak_vram_bytes": 1835282432}
{"step": 2240, "loss": -0.44423842430114746, "examples": 2240, "session_seconds": 1966.832353013997, "peak_vram_bytes": 1835282432}
{"step": 2250, "loss": -0.4389423727989197, "examples": 2250, "session_seconds": 1975.0654372900026, "peak_vram_bytes": 1835282432}
{"step": 2260, "loss": -0.44557952880859375, "examples": 2260, "session_seconds": 1983.415109759997, "peak_vram_bytes": 1835282432}
{"step": 2270, "loss": -0.4411718249320984, "examples": 2270, "session_seconds": 1991.808417911001, "peak_vram_bytes": 1835282432}
{"step": 2280, "loss": -0.4533199667930603, "examples": 2280, "session_seconds": 2000.3066635689975, "peak_vram_bytes": 1835282432}
{"step": 2290, "loss": -0.4387531280517578, "examples": 2290, "session_seconds": 2008.7296900880028, "peak_vram_bytes": 1835282432}
{"step": 2300, "loss": 1.277774691581726, "examples": 2300, "session_seconds": 2017.1329643729987, "peak_vram_bytes": 1835282432}
{"step": 2310, "loss": -0.4395642876625061, "examples": 2310, "session_seconds": 2025.8389998940038, "peak_vram_bytes": 1835282432}
{"step": 2320, "loss": -0.4422626495361328, "examples": 2320, "session_seconds": 2034.1620886949968, "peak_vram_bytes": 1835282432}
{"step": 2330, "loss": -0.4465332627296448, "examples": 2330, "session_seconds": 2042.4251859299984, "peak_vram_bytes": 1835282432}
{"step": 2340, "loss": -0.45472776889801025, "examples": 2340, "session_seconds": 2050.969221116, "peak_vram_bytes": 1835282432}
{"step": 2350, "loss": -0.45119690895080566, "examples": 2350, "session_seconds": 2059.4060339650023, "peak_vram_bytes": 1835282432}
{"step": 2360, "loss": 1.079741358757019, "examples": 2360, "session_seconds": 2067.834087481002, "peak_vram_bytes": 1835282432}
{"step": 2370, "loss": -0.44950437545776367, "examples": 2370, "session_seconds": 2076.290095354998, "peak_vram_bytes": 1835282432}
{"step": 2380, "loss": -0.011298720724880695, "examples": 2380, "session_seconds": 2084.734916763002, "peak_vram_bytes": 1835282432}
{"step": 2390, "loss": 0.020377058535814285, "examples": 2390, "session_seconds": 2093.064465442003, "peak_vram_bytes": 1835282432}
{"step": 2400, "loss": -0.4453824758529663, "examples": 2400, "session_seconds": 2101.364508810999, "peak_vram_bytes": 1835282432}
{"step": 2410, "loss": -0.4502262473106384, "examples": 2410, "session_seconds": 2110.683970377999, "peak_vram_bytes": 1835282432}
{"step": 2420, "loss": -0.44208383560180664, "examples": 2420, "session_seconds": 2119.0246074919996, "peak_vram_bytes": 1835282432}
{"step": 2430, "loss": -0.4497207999229431, "examples": 2430, "session_seconds": 2127.2971959049974, "peak_vram_bytes": 1835282432}
{"step": 2440, "loss": -0.43626999855041504, "examples": 2440, "session_seconds": 2135.507760376997, "peak_vram_bytes": 1835282432}
{"step": 2450, "loss": -0.4333599805831909, "examples": 2450, "session_seconds": 2143.8191293459968, "peak_vram_bytes": 1835282432}
{"step": 2460, "loss": -0.4423174262046814, "examples": 2460, "session_seconds": 2152.4100505239985, "peak_vram_bytes": 1835282432}
{"step": 2470, "loss": -0.4407585859298706, "examples": 2470, "session_seconds": 2160.850265551002, "peak_vram_bytes": 1835282432}
{"step": 2480, "loss": 1.257265567779541, "examples": 2480, "session_seconds": 2169.278253204997, "peak_vram_bytes": 1835282432}
{"step": 2490, "loss": -0.43902677297592163, "examples": 2490, "session_seconds": 2177.6228509170032, "peak_vram_bytes": 1835282432}
{"step": 2500, "loss": -0.43609750270843506, "examples": 2500, "session_seconds": 2186.6913587969975, "peak_vram_bytes": 1835282432}
{"step": 2510, "loss": -0.4408223032951355, "examples": 2510, "session_seconds": 2196.479374565002, "peak_vram_bytes": 1835282432}
{"step": 2520, "loss": -0.4371899366378784, "examples": 2520, "session_seconds": 2205.850121456002, "peak_vram_bytes": 1835282432}
{"step": 2530, "loss": -0.4503970742225647, "examples": 2530, "session_seconds": 2214.1157391649976, "peak_vram_bytes": 1835282432}
{"step": 2540, "loss": -0.4475829005241394, "examples": 2540, "session_seconds": 2222.7934351150034, "peak_vram_bytes": 1835282432}
{"step": 2550, "loss": 1.2077596187591553, "examples": 2550, "session_seconds": 2231.543438458997, "peak_vram_bytes": 1835282432}
{"step": 2560, "loss": -0.4356570839881897, "examples": 2560, "session_seconds": 2240.7606426260027, "peak_vram_bytes": 1835282432}
{"step": 2570, "loss": -0.43913203477859497, "examples": 2570, "session_seconds": 2250.010794171001, "peak_vram_bytes": 1835282432}
{"step": 2580, "loss": -0.4324341416358948, "examples": 2580, "session_seconds": 2259.189293563999, "peak_vram_bytes": 1835282432}
{"step": 2590, "loss": 1.4689316749572754, "examples": 2590, "session_seconds": 2268.6134552000003, "peak_vram_bytes": 1835282432}
{"step": 2600, "loss": -0.4497380256652832, "examples": 2600, "session_seconds": 2277.2652176560005, "peak_vram_bytes": 1835282432}
{"step": 2610, "loss": -0.44237643480300903, "examples": 2610, "session_seconds": 2287.1610603060035, "peak_vram_bytes": 1835282432}
{"step": 2620, "loss": -0.43660032749176025, "examples": 2620, "session_seconds": 2296.6380560000034, "peak_vram_bytes": 1835282432}
{"step": 2630, "loss": -0.442493200302124, "examples": 2630, "session_seconds": 2306.5366354319995, "peak_vram_bytes": 1835282432}
{"step": 2640, "loss": -0.44758909940719604, "examples": 2640, "session_seconds": 2315.912792269999, "peak_vram_bytes": 1835282432}
{"step": 2650, "loss": 1.4322264194488525, "examples": 2650, "session_seconds": 2325.289696813001, "peak_vram_bytes": 1835282432}
{"step": 2660, "loss": -0.4393230080604553, "examples": 2660, "session_seconds": 2334.8557013009995, "peak_vram_bytes": 1835282432}
{"step": 2670, "loss": -0.4397783875465393, "examples": 2670, "session_seconds": 2344.0170779969994, "peak_vram_bytes": 1835282432}
{"step": 2680, "loss": -0.4386964440345764, "examples": 2680, "session_seconds": 2353.1858783630014, "peak_vram_bytes": 1835282432}
{"step": 2690, "loss": -0.4467772841453552, "examples": 2690, "session_seconds": 2361.8060888390028, "peak_vram_bytes": 1835282432}
{"step": 2700, "loss": -0.4509134888648987, "examples": 2700, "session_seconds": 2370.1799885759974, "peak_vram_bytes": 1835282432}
{"step": 2710, "loss": -0.24681884050369263, "examples": 2710, "session_seconds": 2378.7753759519983, "peak_vram_bytes": 1835282432}
{"step": 2720, "loss": 0.12286880612373352, "examples": 2720, "session_seconds": 2387.067658193002, "peak_vram_bytes": 1835282432}
{"step": 2730, "loss": -0.44299256801605225, "examples": 2730, "session_seconds": 2395.3328247160025, "peak_vram_bytes": 1835282432}
{"step": 2740, "loss": -0.4503090977668762, "examples": 2740, "session_seconds": 2403.822145252001, "peak_vram_bytes": 1835282432}
{"step": 2750, "loss": -0.43109261989593506, "examples": 2750, "session_seconds": 2413.0179775060024, "peak_vram_bytes": 1835282432}
{"step": 2760, "loss": 1.2607555389404297, "examples": 2760, "session_seconds": 2422.1042017360014, "peak_vram_bytes": 1835282432}
{"step": 2770, "loss": -0.4385632276535034, "examples": 2770, "session_seconds": 2431.8294783870006, "peak_vram_bytes": 1835282432}
{"step": 2780, "loss": 1.2586272954940796, "examples": 2780, "session_seconds": 2440.0955326850017, "peak_vram_bytes": 1835282432}
{"step": 2790, "loss": -0.44296354055404663, "examples": 2790, "session_seconds": 2448.5517426040024, "peak_vram_bytes": 1835282432}
{"step": 2800, "loss": -0.45198094844818115, "examples": 2800, "session_seconds": 2458.0670831690004, "peak_vram_bytes": 1835282432}
{"step": 2810, "loss": 1.3631898164749146, "examples": 2810, "session_seconds": 2467.6269135819966, "peak_vram_bytes": 1835282432}
{"step": 2820, "loss": 0.011419191025197506, "examples": 2820, "session_seconds": 2477.052366101998, "peak_vram_bytes": 1835282432}
{"step": 2830, "loss": -0.44041067361831665, "examples": 2830, "session_seconds": 2485.57039488, "peak_vram_bytes": 1835282432}
{"step": 2840, "loss": -0.44091910123825073, "examples": 2840, "session_seconds": 2493.9916406109987, "peak_vram_bytes": 1835282432}
{"step": 2850, "loss": -0.4327927827835083, "examples": 2850, "session_seconds": 2502.2863437159976, "peak_vram_bytes": 1835282432}
{"step": 2860, "loss": -0.4395673871040344, "examples": 2860, "session_seconds": 2510.6765149190032, "peak_vram_bytes": 1835282432}
{"step": 2870, "loss": -0.44315725564956665, "examples": 2870, "session_seconds": 2519.1535448509967, "peak_vram_bytes": 1835282432}
{"step": 2880, "loss": -0.44517046213150024, "examples": 2880, "session_seconds": 2528.535731226999, "peak_vram_bytes": 1835282432}
{"step": 2890, "loss": -0.432705819606781, "examples": 2890, "session_seconds": 2537.966392868999, "peak_vram_bytes": 1835282432}
{"step": 2900, "loss": 1.2679834365844727, "examples": 2900, "session_seconds": 2547.3586938040025, "peak_vram_bytes": 1835282432}
{"step": 2910, "loss": -0.441761314868927, "examples": 2910, "session_seconds": 2557.149681982002, "peak_vram_bytes": 1835282432}
{"step": 2920, "loss": 0.008039988577365875, "examples": 2920, "session_seconds": 2566.6506120420017, "peak_vram_bytes": 1835282432}
{"step": 2930, "loss": -0.4474288821220398, "examples": 2930, "session_seconds": 2575.8886783729977, "peak_vram_bytes": 1835282432}
{"step": 2940, "loss": 0.14113247394561768, "examples": 2940, "session_seconds": 2585.3544952619995, "peak_vram_bytes": 1835282432}
{"step": 2950, "loss": 0.026538792997598648, "examples": 2950, "session_seconds": 2594.7505524399967, "peak_vram_bytes": 1835282432}
{"step": 2960, "loss": -0.43949443101882935, "examples": 2960, "session_seconds": 2604.3507593090035, "peak_vram_bytes": 1835282432}
{"step": 2970, "loss": -0.43472105264663696, "examples": 2970, "session_seconds": 2613.8370009889986, "peak_vram_bytes": 1835282432}
{"step": 2980, "loss": -0.43887120485305786, "examples": 2980, "session_seconds": 2623.5632181019973, "peak_vram_bytes": 1835282432}
{"step": 2990, "loss": -0.44763195514678955, "examples": 2990, "session_seconds": 2632.5135613759994, "peak_vram_bytes": 1835282432}
{"step": 3000, "loss": -0.43990862369537354, "examples": 3000, "session_seconds": 2642.116782058998, "peak_vram_bytes": 1835282432}
{"step": 3010, "loss": 0.032001037150621414, "examples": 3010, "session_seconds": 2651.074649105998, "peak_vram_bytes": 1835282432}
{"step": 3020, "loss": -0.45336204767227173, "examples": 3020, "session_seconds": 2659.395184781002, "peak_vram_bytes": 1835282432}
{"step": 3030, "loss": -0.43051642179489136, "examples": 3030, "session_seconds": 2667.652369782998, "peak_vram_bytes": 1835282432}
{"step": 3040, "loss": -0.445335328578949, "examples": 3040, "session_seconds": 2675.873867766997, "peak_vram_bytes": 1835282432}
{"step": 3050, "loss": -0.4375767111778259, "examples": 3050, "session_seconds": 2684.2006390629977, "peak_vram_bytes": 1835282432}
{"step": 3060, "loss": 1.2440965175628662, "examples": 3060, "session_seconds": 2692.848409514001, "peak_vram_bytes": 1835282432}
{"step": 3070, "loss": -0.43691641092300415, "examples": 3070, "session_seconds": 2701.0812621259975, "peak_vram_bytes": 1835282432}
{"step": 3080, "loss": -0.2381359189748764, "examples": 3080, "session_seconds": 2709.541191903998, "peak_vram_bytes": 1835282432}
{"step": 3090, "loss": 0.1988014429807663, "examples": 3090, "session_seconds": 2717.918167896998, "peak_vram_bytes": 1835282432}
{"step": 3100, "loss": 1.2538256645202637, "examples": 3100, "session_seconds": 2726.3065104350026, "peak_vram_bytes": 1835282432}
{"step": 3110, "loss": 0.00165504589676857, "examples": 3110, "session_seconds": 2735.7192335040017, "peak_vram_bytes": 1835282432}
{"step": 3120, "loss": -0.4336519241333008, "examples": 3120, "session_seconds": 2744.672469188001, "peak_vram_bytes": 1835282432}
{"step": 3130, "loss": -0.4441189765930176, "examples": 3130, "session_seconds": 2753.759145474003, "peak_vram_bytes": 1835282432}
{"step": 3140, "loss": -0.440615713596344, "examples": 3140, "session_seconds": 2763.0679753720033, "peak_vram_bytes": 1835282432}
{"step": 3150, "loss": -0.4312260150909424, "examples": 3150, "session_seconds": 2771.728339451998, "peak_vram_bytes": 1835282432}
{"step": 3160, "loss": -0.4406239986419678, "examples": 3160, "session_seconds": 2780.504420997, "peak_vram_bytes": 1835282432}
{"step": 3170, "loss": -0.437539279460907, "examples": 3170, "session_seconds": 2790.0633436920034, "peak_vram_bytes": 1835282432}
{"step": 3180, "loss": -0.4423179030418396, "examples": 3180, "session_seconds": 2799.3083961919983, "peak_vram_bytes": 1835282432}
{"step": 3190, "loss": -0.4400904178619385, "examples": 3190, "session_seconds": 2807.9816537669976, "peak_vram_bytes": 1835282432}
{"step": 3200, "loss": 1.4786882400512695, "examples": 3200, "session_seconds": 2816.2735279679982, "peak_vram_bytes": 1835282432}
{"step": 3210, "loss": -0.4410543441772461, "examples": 3210, "session_seconds": 2825.266464868, "peak_vram_bytes": 1835282432}
{"step": 3220, "loss": 0.9000306129455566, "examples": 3220, "session_seconds": 2834.4022184409987, "peak_vram_bytes": 1835282432}
{"step": 3230, "loss": -0.4071159362792969, "examples": 3230, "session_seconds": 2843.8333326100037, "peak_vram_bytes": 1835282432}
{"step": 3240, "loss": -0.44267743825912476, "examples": 3240, "session_seconds": 2853.184070328003, "peak_vram_bytes": 1835282432}
{"step": 3250, "loss": -0.431254506111145, "examples": 3250, "session_seconds": 2861.8463014169974, "peak_vram_bytes": 1835282432}
{"step": 3260, "loss": -0.4285127520561218, "examples": 3260, "session_seconds": 2870.7582159090016, "peak_vram_bytes": 1835282432}
{"step": 3270, "loss": -0.4532018303871155, "examples": 3270, "session_seconds": 2880.127034860998, "peak_vram_bytes": 1835282432}
{"step": 3280, "loss": -0.1404317021369934, "examples": 3280, "session_seconds": 2889.0270039239986, "peak_vram_bytes": 1835282432}
{"step": 3290, "loss": 1.1879991292953491, "examples": 3290, "session_seconds": 2897.838227868, "peak_vram_bytes": 1835282432}
{"step": 3300, "loss": -0.440105676651001, "examples": 3300, "session_seconds": 2906.4984683779985, "peak_vram_bytes": 1835282432}
{"step": 3310, "loss": -0.4447104334831238, "examples": 3310, "session_seconds": 2916.222292102, "peak_vram_bytes": 1835282432}
{"step": 3320, "loss": -0.44556087255477905, "examples": 3320, "session_seconds": 2925.489778242998, "peak_vram_bytes": 1835282432}
{"step": 3330, "loss": -0.4418797492980957, "examples": 3330, "session_seconds": 2934.658692019999, "peak_vram_bytes": 1835282432}
{"step": 3340, "loss": -0.4408283829689026, "examples": 3340, "session_seconds": 2944.4003901749966, "peak_vram_bytes": 1835282432}
{"step": 3350, "loss": 0.8459444046020508, "examples": 3350, "session_seconds": 2953.713779739999, "peak_vram_bytes": 1835282432}
{"step": 3360, "loss": -0.4336869716644287, "examples": 3360, "session_seconds": 2963.317518830998, "peak_vram_bytes": 1835282432}
{"step": 3370, "loss": -0.42939478158950806, "examples": 3370, "session_seconds": 2972.9597978029997, "peak_vram_bytes": 1835282432}
{"step": 3380, "loss": -0.4470899701118469, "examples": 3380, "session_seconds": 2982.2959754839976, "peak_vram_bytes": 1835282432}
{"step": 3390, "loss": -0.4478977918624878, "examples": 3390, "session_seconds": 2991.62278736, "peak_vram_bytes": 1835282432}
{"step": 3400, "loss": 0.009731100872159004, "examples": 3400, "session_seconds": 3000.0488335789996, "peak_vram_bytes": 1835282432}
{"step": 3410, "loss": -0.43051648139953613, "examples": 3410, "session_seconds": 3008.867855343, "peak_vram_bytes": 1835282432}
{"step": 3420, "loss": -0.4393635392189026, "examples": 3420, "session_seconds": 3018.095910062999, "peak_vram_bytes": 1835282432}
{"step": 3430, "loss": -0.4417620301246643, "examples": 3430, "session_seconds": 3027.724364196998, "peak_vram_bytes": 1835282432}
{"step": 3440, "loss": -0.44176411628723145, "examples": 3440, "session_seconds": 3037.0536728610023, "peak_vram_bytes": 1835282432}
{"step": 3450, "loss": -0.43861591815948486, "examples": 3450, "session_seconds": 3046.837798567998, "peak_vram_bytes": 1835282432}
{"step": 3460, "loss": -0.4404333829879761, "examples": 3460, "session_seconds": 3056.3774220409978, "peak_vram_bytes": 1835282432}
{"step": 3470, "loss": -0.44463980197906494, "examples": 3470, "session_seconds": 3066.0068652260015, "peak_vram_bytes": 1835282432}
{"step": 3480, "loss": -0.4402045011520386, "examples": 3480, "session_seconds": 3074.797393034998, "peak_vram_bytes": 1835282432}
{"step": 3490, "loss": -0.4408462643623352, "examples": 3490, "session_seconds": 3084.047523137997, "peak_vram_bytes": 1835282432}
{"step": 3500, "loss": 1.3098580837249756, "examples": 3500, "session_seconds": 3092.9052139210035, "peak_vram_bytes": 1835282432}
{"step": 3510, "loss": -0.44217073917388916, "examples": 3510, "session_seconds": 3102.806280851997, "peak_vram_bytes": 1835282432}
{"step": 3520, "loss": -0.42440158128738403, "examples": 3520, "session_seconds": 3111.963864211997, "peak_vram_bytes": 1835282432}
{"step": 3530, "loss": 0.009067225269973278, "examples": 3530, "session_seconds": 3121.6236568500026, "peak_vram_bytes": 1835282432}
{"step": 3540, "loss": -0.14369922876358032, "examples": 3540, "session_seconds": 3131.326276601998, "peak_vram_bytes": 1835282432}
{"step": 3550, "loss": -0.4441069960594177, "examples": 3550, "session_seconds": 3140.638452624, "peak_vram_bytes": 1835282432}
{"step": 3560, "loss": 0.008352022618055344, "examples": 3560, "session_seconds": 3149.6874634370033, "peak_vram_bytes": 1835282432}
{"step": 3570, "loss": -0.4482406973838806, "examples": 3570, "session_seconds": 3159.1861323830017, "peak_vram_bytes": 1835282432}
{"step": 3580, "loss": -0.44205987453460693, "examples": 3580, "session_seconds": 3168.2542987100023, "peak_vram_bytes": 1835282432}
{"step": 3590, "loss": -0.4412735104560852, "examples": 3590, "session_seconds": 3177.8867993500025, "peak_vram_bytes": 1835282432}
{"step": 3600, "loss": -0.4509255886077881, "examples": 3600, "session_seconds": 3187.5667146030028, "peak_vram_bytes": 1835282432}
{"step": 3610, "loss": -0.443905770778656, "examples": 3610, "session_seconds": 3197.659831735, "peak_vram_bytes": 1835282432}
{"step": 3620, "loss": -0.44316965341567993, "examples": 3620, "session_seconds": 3207.1555258200024, "peak_vram_bytes": 1835282432}
{"step": 3630, "loss": -0.4292163848876953, "examples": 3630, "session_seconds": 3216.734685862997, "peak_vram_bytes": 1835282432}
{"step": 3640, "loss": 1.2756218910217285, "examples": 3640, "session_seconds": 3226.3591740120028, "peak_vram_bytes": 1835282432}
{"step": 3650, "loss": -0.4402885437011719, "examples": 3650, "session_seconds": 3235.808656825, "peak_vram_bytes": 1835282432}
{"step": 3660, "loss": -0.45557647943496704, "examples": 3660, "session_seconds": 3245.603962412002, "peak_vram_bytes": 1835282432}
{"step": 3670, "loss": -0.37520453333854675, "examples": 3670, "session_seconds": 3255.3664264499967, "peak_vram_bytes": 1835282432}
{"step": 3680, "loss": -0.4450005292892456, "examples": 3680, "session_seconds": 3264.851044779003, "peak_vram_bytes": 1835282432}
{"step": 3690, "loss": -0.4371402859687805, "examples": 3690, "session_seconds": 3273.833655041999, "peak_vram_bytes": 1835282432}
{"step": 3700, "loss": 1.2534681558609009, "examples": 3700, "session_seconds": 3283.2002844849994, "peak_vram_bytes": 1835282432}
{"step": 3710, "loss": -0.42392730712890625, "examples": 3710, "session_seconds": 3292.3812876060038, "peak_vram_bytes": 1835282432}
{"step": 3720, "loss": -0.4391480088233948, "examples": 3720, "session_seconds": 3302.043970521998, "peak_vram_bytes": 1835282432}
{"step": 3730, "loss": -0.440025269985199, "examples": 3730, "session_seconds": 3311.5426205760014, "peak_vram_bytes": 1835282432}
{"step": 3740, "loss": 0.00782057736068964, "examples": 3740, "session_seconds": 3320.4581176799984, "peak_vram_bytes": 1835282432}
{"step": 3750, "loss": -0.44167882204055786, "examples": 3750, "session_seconds": 3329.9732994509977, "peak_vram_bytes": 1835282432}
{"step": 3760, "loss": -0.45394742488861084, "examples": 3760, "session_seconds": 3339.617870396003, "peak_vram_bytes": 1835282432}
{"step": 3770, "loss": -0.43074339628219604, "examples": 3770, "session_seconds": 3348.457524065998, "peak_vram_bytes": 1835282432}
{"step": 3780, "loss": -0.44035208225250244, "examples": 3780, "session_seconds": 3356.877905774003, "peak_vram_bytes": 1835282432}
{"step": 3790, "loss": -0.4516899585723877, "examples": 3790, "session_seconds": 3365.3976530360014, "peak_vram_bytes": 1835282432}
{"step": 3800, "loss": -0.43619024753570557, "examples": 3800, "session_seconds": 3374.372474126998, "peak_vram_bytes": 1835282432}
{"step": 3810, "loss": -0.4369078278541565, "examples": 3810, "session_seconds": 3384.0828997470016, "peak_vram_bytes": 1835282432}
{"step": 3820, "loss": -0.44168245792388916, "examples": 3820, "session_seconds": 3393.016136787999, "peak_vram_bytes": 1835282432}
{"step": 3830, "loss": -0.43874073028564453, "examples": 3830, "session_seconds": 3401.906935138002, "peak_vram_bytes": 1835282432}
{"step": 3840, "loss": -0.4503570795059204, "examples": 3840, "session_seconds": 3411.045470042998, "peak_vram_bytes": 1835282432}
{"step": 3850, "loss": 0.018702825531363487, "examples": 3850, "session_seconds": 3419.708152330997, "peak_vram_bytes": 1835282432}
{"step": 3860, "loss": 0.05007302388548851, "examples": 3860, "session_seconds": 3428.8284002459986, "peak_vram_bytes": 1835282432}
{"step": 3870, "loss": 0.0627475380897522, "examples": 3870, "session_seconds": 3437.588476830999, "peak_vram_bytes": 1835282432}
{"step": 3880, "loss": 0.13144442439079285, "examples": 3880, "session_seconds": 3446.2931581059966, "peak_vram_bytes": 1835282432}
{"step": 3890, "loss": -0.4479210376739502, "examples": 3890, "session_seconds": 3455.442852166001, "peak_vram_bytes": 1835282432}
{"step": 3900, "loss": -0.428297221660614, "examples": 3900, "session_seconds": 3464.0600825599977, "peak_vram_bytes": 1835282432}
{"step": 3910, "loss": -0.44080209732055664, "examples": 3910, "session_seconds": 3473.5643762850013, "peak_vram_bytes": 1835282432}
{"step": 3920, "loss": -0.4410375952720642, "examples": 3920, "session_seconds": 3482.401326990999, "peak_vram_bytes": 1835282432}
{"step": 3930, "loss": -0.4418414831161499, "examples": 3930, "session_seconds": 3491.242388587001, "peak_vram_bytes": 1835282432}
{"step": 3940, "loss": -0.4387355446815491, "examples": 3940, "session_seconds": 3499.866650142998, "peak_vram_bytes": 1835282432}
{"step": 3950, "loss": 0.0376867912709713, "examples": 3950, "session_seconds": 3508.5940806279978, "peak_vram_bytes": 1835282432}
{"step": 3960, "loss": 1.179412603378296, "examples": 3960, "session_seconds": 3517.8397929389976, "peak_vram_bytes": 1835282432}
{"step": 3970, "loss": 1.2767925262451172, "examples": 3970, "session_seconds": 3526.875503520998, "peak_vram_bytes": 1835282432}
{"step": 3980, "loss": -0.3552563786506653, "examples": 3980, "session_seconds": 3535.536264528004, "peak_vram_bytes": 1835282432}
{"step": 3990, "loss": 0.016020413488149643, "examples": 3990, "session_seconds": 3544.9163348400034, "peak_vram_bytes": 1835282432}
{"step": 4000, "loss": -0.4419817328453064, "examples": 4000, "session_seconds": 3554.0881299780012, "peak_vram_bytes": 1835282432}
wandb: 
wandb: Run history:
wandb:        examples ▁▁▁▁▁▁▂▂▂▂▂▂▂▂▂▃▃▄▄▄▄▄▄▅▅▅▅▅▆▆▆▆▆▇▇▇▇███
wandb:            loss ▃▃▃▃▃▁▁▁█▁█▁▁▇█▁▁▁▁▃▁▁█▁█▅▂▁▁▁▁▁▁▁▁▁▁▁▁█
wandb: peak_vram_bytes ▁███████████████████████████████████████
wandb: session_seconds ▁▁▁▁▁▂▂▂▂▂▂▂▃▃▃▄▄▄▄▄▄▄▄▅▅▅▅▅▅▆▆▇▇▇▇█████
wandb:            step ▁▁▁▁▁▂▂▂▂▃▃▃▃▃▃▄▄▄▄▄▄▄▅▅▅▅▅▆▆▆▆▆▆▆▇▇▇▇██
wandb: 
wandb: Run summary:
wandb:        examples 4000
wandb:            loss -0.44198
wandb: peak_vram_bytes 1835282432
wandb: session_seconds 3554.08813
wandb:            step 4000
wandb: 
wandb: You can sync this run to the cloud by running:
wandb: wandb sync artifacts/longer-v1/0.8b/main/seed-22/exact/tracking/wandb/offline-run-20261005_000405-0i22o8xb
wandb: Find logs at: artifacts/longer-v1/0.8b/main/seed-22/exact/tracking/wandb/offline-run-20261005_000405-0i22o8xb/logs
{"artifact": "artifacts/longer-v1/0.8b/main/seed-22/exact/artifact", "elapsed_seconds": 3554.4639592309977}
