
{"utc": "2026-10-05T03:17:30.574291+00:00", "command": ["-m", "myjev.train", "--config", "results/longer-v1/4b/main/seed-11/continued_sft/config.json", "--data", "data/banking77/train.jsonl", "--output", "artifacts/longer-v1/4b/main/seed-11/continued_sft", "--method", "continued_sft", "--seed", "11", "--initial", "artifacts/longer-v1/4b/main/seed-11/sft/artifact"]}
Loading weights:   0%|          | 0/426 [00:00<?, ?it/s]Loading weights:  74%|███████▎  | 314/426 [00:00<00:00, 3129.22it/s]Loading weights: 100%|██████████| 426/426 [00:00<00:00, 3502.12it/s]
wandb: Tracking run with wandb version 0.30.0
wandb: W&B syncing is set to `offline` in this directory. Run `wandb online` or set WANDB_MODE=online to enable cloud syncing.
wandb: Run data is saved locally in artifacts/longer-v1/4b/main/seed-11/continued_sft/tracking/wandb/offline-run-20261004_201744-0ntd01vj
wandb: View this run in the terminal with `wandb leet`
[transformers] `causal_conv1d_fn` is falling back to its reference PyTorch implementation because `causal_conv1d` is not installed. This is correct but much slower; install `causal_conv1d` for the optimized kernel.
[transformers] `chunk_gated_delta_rule` is falling back to its reference PyTorch implementation because `flash-linear-attention` is not installed. This is correct but much slower; install `flash-linear-attention` for the optimized kernel.
{"step": 10, "loss": 5.779190540313721, "examples": 10, "session_seconds": 11.58323070500046, "peak_vram_bytes": 9145042944}
{"step": 20, "loss": 0.014562277123332024, "examples": 20, "session_seconds": 22.333503120004025, "peak_vram_bytes": 9172228096}
{"step": 30, "loss": 0.0370788648724556, "examples": 30, "session_seconds": 32.82369674700021, "peak_vram_bytes": 9172228096}
{"step": 40, "loss": 0.01361306756734848, "examples": 40, "session_seconds": 43.14805447799881, "peak_vram_bytes": 9172228096}
{"step": 50, "loss": 0.014378383755683899, "examples": 50, "session_seconds": 53.28299109200452, "peak_vram_bytes": 9172228096}
{"step": 60, "loss": 0.050346020609140396, "examples": 60, "session_seconds": 63.26611896900431, "peak_vram_bytes": 9172228096}
{"step": 70, "loss": 18.290786743164062, "examples": 70, "session_seconds": 73.38521357100399, "peak_vram_bytes": 9172228096}
{"step": 80, "loss": 0.013702942989766598, "examples": 80, "session_seconds": 83.54984562499885, "peak_vram_bytes": 9172228096}
{"step": 90, "loss": 0.013795577920973301, "examples": 90, "session_seconds": 93.73403625000356, "peak_vram_bytes": 9172228096}
{"step": 100, "loss": 0.014065025374293327, "examples": 100, "session_seconds": 104.28099739499885, "peak_vram_bytes": 9172228096}
Warning: You are sending unauthenticated requests to the HF Hub. Please set a HF_TOKEN to enable higher rate limits and faster downloads.
{"step": 110, "loss": 0.013787247240543365, "examples": 110, "session_seconds": 114.86975401000382, "peak_vram_bytes": 9172228096}
{"step": 120, "loss": 12.445952415466309, "examples": 120, "session_seconds": 124.48724544500146, "peak_vram_bytes": 9172228096}
{"step": 130, "loss": 0.01367176789790392, "examples": 130, "session_seconds": 134.12621142699936, "peak_vram_bytes": 9172228096}
{"step": 140, "loss": 0.013669082894921303, "examples": 140, "session_seconds": 144.01801656099997, "peak_vram_bytes": 9172228096}
{"step": 150, "loss": 4.44497537612915, "examples": 150, "session_seconds": 153.77688758799923, "peak_vram_bytes": 9172228096}
{"step": 160, "loss": 0.014046752825379372, "examples": 160, "session_seconds": 163.82702629599953, "peak_vram_bytes": 9172228096}
{"step": 170, "loss": 0.013733088970184326, "examples": 170, "session_seconds": 174.49912032200518, "peak_vram_bytes": 9172228096}
{"step": 180, "loss": 0.014190600253641605, "examples": 180, "session_seconds": 184.45776704599848, "peak_vram_bytes": 9172228096}
{"step": 190, "loss": 0.03380391746759415, "examples": 190, "session_seconds": 195.1529680579988, "peak_vram_bytes": 9172228096}
{"step": 200, "loss": 0.013918192125856876, "examples": 200, "session_seconds": 205.20295996100322, "peak_vram_bytes": 9172228096}
{"step": 210, "loss": 0.024806130677461624, "examples": 210, "session_seconds": 215.4521189070001, "peak_vram_bytes": 9172228096}
{"step": 220, "loss": 0.01496216095983982, "examples": 220, "session_seconds": 225.27787548999913, "peak_vram_bytes": 9172918272}
{"step": 230, "loss": 0.01357702910900116, "examples": 230, "session_seconds": 235.63886028200068, "peak_vram_bytes": 9172918272}
{"step": 240, "loss": 0.015281574800610542, "examples": 240, "session_seconds": 245.508794459005, "peak_vram_bytes": 9173024256}
{"step": 250, "loss": 0.025192052125930786, "examples": 250, "session_seconds": 255.1610763350036, "peak_vram_bytes": 9173024256}
{"step": 260, "loss": 0.01375113520771265, "examples": 260, "session_seconds": 264.9115413000036, "peak_vram_bytes": 9173024256}
{"step": 270, "loss": 0.013505316339433193, "examples": 270, "session_seconds": 274.8618082309986, "peak_vram_bytes": 9173024256}
{"step": 280, "loss": 0.025995798408985138, "examples": 280, "session_seconds": 284.54436867099867, "peak_vram_bytes": 9173024256}
{"step": 290, "loss": 0.014256130903959274, "examples": 290, "session_seconds": 294.24459190999914, "peak_vram_bytes": 9173024256}
{"step": 300, "loss": 0.01799912564456463, "examples": 300, "session_seconds": 304.2271355269986, "peak_vram_bytes": 9173143552}
{"step": 310, "loss": 0.013464478775858879, "examples": 310, "session_seconds": 314.3121453979984, "peak_vram_bytes": 9173143552}
{"step": 320, "loss": 0.013462399132549763, "examples": 320, "session_seconds": 324.0150347710005, "peak_vram_bytes": 9173143552}
{"step": 330, "loss": 0.013464843854308128, "examples": 330, "session_seconds": 334.05227098400064, "peak_vram_bytes": 9173143552}
{"step": 340, "loss": 0.01522014755755663, "examples": 340, "session_seconds": 343.7068781370035, "peak_vram_bytes": 9173143552}
{"step": 350, "loss": 0.013461434282362461, "examples": 350, "session_seconds": 353.4187915280054, "peak_vram_bytes": 9173143552}
{"step": 360, "loss": 0.01435965858399868, "examples": 360, "session_seconds": 364.10436145600397, "peak_vram_bytes": 9173143552}
{"step": 370, "loss": 0.01438355352729559, "examples": 370, "session_seconds": 374.4965526160013, "peak_vram_bytes": 9173143552}
{"step": 380, "loss": 0.013615543022751808, "examples": 380, "session_seconds": 384.44548611799837, "peak_vram_bytes": 9173143552}
{"step": 390, "loss": 0.015566250309348106, "examples": 390, "session_seconds": 394.43593708000117, "peak_vram_bytes": 9173143552}
{"step": 400, "loss": 0.014592898078262806, "examples": 400, "session_seconds": 404.7439773990045, "peak_vram_bytes": 9173143552}
{"step": 410, "loss": 0.01644739881157875, "examples": 410, "session_seconds": 414.79869364800106, "peak_vram_bytes": 9173143552}
{"step": 420, "loss": 0.014814760535955429, "examples": 420, "session_seconds": 424.5249446880043, "peak_vram_bytes": 9173143552}
{"step": 430, "loss": 0.01355385035276413, "examples": 430, "session_seconds": 434.61662521600374, "peak_vram_bytes": 9173143552}
{"step": 440, "loss": 0.01716909185051918, "examples": 440, "session_seconds": 444.4907380470031, "peak_vram_bytes": 9173143552}
{"step": 450, "loss": 7.362782001495361, "examples": 450, "session_seconds": 454.9570138120034, "peak_vram_bytes": 9173143552}
{"step": 460, "loss": 0.017112117260694504, "examples": 460, "session_seconds": 465.76809342100023, "peak_vram_bytes": 9173143552}
{"step": 470, "loss": 0.013638193719089031, "examples": 470, "session_seconds": 476.09446236299846, "peak_vram_bytes": 9173399040}
{"step": 480, "loss": 0.014105752110481262, "examples": 480, "session_seconds": 486.383933187004, "peak_vram_bytes": 9173399040}
{"step": 490, "loss": 13.220528602600098, "examples": 490, "session_seconds": 496.8881291360012, "peak_vram_bytes": 9173399040}
{"step": 500, "loss": 0.013575417920947075, "examples": 500, "session_seconds": 506.9104847300041, "peak_vram_bytes": 9173399040}
{"step": 510, "loss": 0.013421732001006603, "examples": 510, "session_seconds": 517.3386530190037, "peak_vram_bytes": 9173399040}
{"step": 520, "loss": 0.013432062231004238, "examples": 520, "session_seconds": 527.1684686139997, "peak_vram_bytes": 9173399040}
{"step": 530, "loss": 0.01401529274880886, "examples": 530, "session_seconds": 537.7154591139988, "peak_vram_bytes": 9173399040}
{"step": 540, "loss": 7.848683834075928, "examples": 540, "session_seconds": 548.2259006460008, "peak_vram_bytes": 9173399040}
{"step": 550, "loss": 21.454513549804688, "examples": 550, "session_seconds": 558.8630417700042, "peak_vram_bytes": 9173399040}
{"step": 560, "loss": 0.013596498407423496, "examples": 560, "session_seconds": 569.3767802310031, "peak_vram_bytes": 9173399040}
{"step": 570, "loss": 0.013756027445197105, "examples": 570, "session_seconds": 580.0718922740052, "peak_vram_bytes": 9173399040}
{"step": 580, "loss": 0.014236506074666977, "examples": 580, "session_seconds": 589.9293973200038, "peak_vram_bytes": 9173399040}
{"step": 590, "loss": 0.01644705981016159, "examples": 590, "session_seconds": 600.6109412290025, "peak_vram_bytes": 9173399040}
{"step": 600, "loss": 0.03554954379796982, "examples": 600, "session_seconds": 610.6427445560039, "peak_vram_bytes": 9173399040}
{"step": 610, "loss": 0.014146585948765278, "examples": 610, "session_seconds": 620.8126865500017, "peak_vram_bytes": 9173399040}
{"step": 620, "loss": 0.014098254032433033, "examples": 620, "session_seconds": 630.5087523740003, "peak_vram_bytes": 9173399040}
{"step": 630, "loss": 0.013708343729376793, "examples": 630, "session_seconds": 640.456977091002, "peak_vram_bytes": 9173399040}
{"step": 640, "loss": 0.014030790887773037, "examples": 640, "session_seconds": 650.9050425230016, "peak_vram_bytes": 9173399040}
{"step": 650, "loss": 0.01353524997830391, "examples": 650, "session_seconds": 661.3349610510049, "peak_vram_bytes": 9173399040}
{"step": 660, "loss": 0.014442235231399536, "examples": 660, "session_seconds": 671.7993630499986, "peak_vram_bytes": 9173399040}
{"step": 670, "loss": 0.013484524562954903, "examples": 670, "session_seconds": 682.5079139720037, "peak_vram_bytes": 9173399040}
{"step": 680, "loss": 0.013462364673614502, "examples": 680, "session_seconds": 693.0104962620026, "peak_vram_bytes": 9173399040}
{"step": 690, "loss": 0.013522130437195301, "examples": 690, "session_seconds": 704.2531973200021, "peak_vram_bytes": 9173399040}
{"step": 700, "loss": 10.75352668762207, "examples": 700, "session_seconds": 715.0199369120019, "peak_vram_bytes": 9173966848}
{"step": 710, "loss": 0.015186933800578117, "examples": 710, "session_seconds": 725.8507586850028, "peak_vram_bytes": 9173966848}
{"step": 720, "loss": 0.013628117740154266, "examples": 720, "session_seconds": 737.2511700290052, "peak_vram_bytes": 9177753088}
{"step": 730, "loss": 0.01367907039821148, "examples": 730, "session_seconds": 747.8387197870034, "peak_vram_bytes": 9177753088}
{"step": 740, "loss": 12.429319381713867, "examples": 740, "session_seconds": 758.3547993969987, "peak_vram_bytes": 9177753088}
{"step": 750, "loss": 0.013859996572136879, "examples": 750, "session_seconds": 769.3738979340051, "peak_vram_bytes": 9177753088}
{"step": 760, "loss": 0.013882159255445004, "examples": 760, "session_seconds": 780.1199557979999, "peak_vram_bytes": 9177753088}
{"step": 770, "loss": 9.001311302185059, "examples": 770, "session_seconds": 790.8369904680003, "peak_vram_bytes": 9177753088}
{"step": 780, "loss": 0.025781624019145966, "examples": 780, "session_seconds": 801.205911295001, "peak_vram_bytes": 9177753088}
{"step": 790, "loss": 0.013446393422782421, "examples": 790, "session_seconds": 811.9430710119996, "peak_vram_bytes": 9177753088}
{"step": 800, "loss": 0.23948369920253754, "examples": 800, "session_seconds": 822.6279355459992, "peak_vram_bytes": 9177753088}
{"step": 810, "loss": 0.013451754115521908, "examples": 810, "session_seconds": 833.7255518849997, "peak_vram_bytes": 9177753088}
{"step": 820, "loss": 0.013495584949851036, "examples": 820, "session_seconds": 843.7670151150014, "peak_vram_bytes": 9177753088}
{"step": 830, "loss": 0.013621363788843155, "examples": 830, "session_seconds": 853.4727934620023, "peak_vram_bytes": 9177753088}
{"step": 840, "loss": 8.12808609008789, "examples": 840, "session_seconds": 863.1840934749998, "peak_vram_bytes": 9177753088}
{"step": 850, "loss": 0.013371084816753864, "examples": 850, "session_seconds": 873.2056898529991, "peak_vram_bytes": 9177753088}
{"step": 860, "loss": 0.013471708633005619, "examples": 860, "session_seconds": 882.9315959820015, "peak_vram_bytes": 9177753088}
{"step": 870, "loss": 0.015659885480999947, "examples": 870, "session_seconds": 892.8186961660031, "peak_vram_bytes": 9177753088}
{"step": 880, "loss": 0.01449347473680973, "examples": 880, "session_seconds": 902.7606722210039, "peak_vram_bytes": 9177753088}
{"step": 890, "loss": 0.0135278832167387, "examples": 890, "session_seconds": 912.4677147969996, "peak_vram_bytes": 9177753088}
{"step": 900, "loss": 0.013539696112275124, "examples": 900, "session_seconds": 923.1097721320039, "peak_vram_bytes": 9177753088}
{"step": 910, "loss": 0.014458000659942627, "examples": 910, "session_seconds": 933.2515023580054, "peak_vram_bytes": 9177753088}
{"step": 920, "loss": 0.02981138974428177, "examples": 920, "session_seconds": 943.2179300450007, "peak_vram_bytes": 9177753088}
{"step": 930, "loss": 0.013689746148884296, "examples": 930, "session_seconds": 953.0038398629986, "peak_vram_bytes": 9177753088}
{"step": 940, "loss": 0.013457737863063812, "examples": 940, "session_seconds": 962.7040228379992, "peak_vram_bytes": 9177753088}
{"step": 950, "loss": 0.013518252409994602, "examples": 950, "session_seconds": 972.6257298630007, "peak_vram_bytes": 9177753088}
{"step": 960, "loss": 7.600522518157959, "examples": 960, "session_seconds": 982.3568575509998, "peak_vram_bytes": 9177753088}
{"step": 970, "loss": 0.013830743730068207, "examples": 970, "session_seconds": 992.0105127350034, "peak_vram_bytes": 9177753088}
{"step": 980, "loss": 0.01343094278126955, "examples": 980, "session_seconds": 1002.1298523980004, "peak_vram_bytes": 9177753088}
{"step": 990, "loss": 9.380152702331543, "examples": 990, "session_seconds": 1011.8534889549992, "peak_vram_bytes": 9177753088}
{"step": 1000, "loss": 0.01358902920037508, "examples": 1000, "session_seconds": 1021.5211774580021, "peak_vram_bytes": 9177753088}
{"step": 1010, "loss": 0.01790400594472885, "examples": 1010, "session_seconds": 1031.965746460999, "peak_vram_bytes": 9177753088}
{"step": 1020, "loss": 0.043904177844524384, "examples": 1020, "session_seconds": 1041.7531492390044, "peak_vram_bytes": 9177753088}
{"step": 1030, "loss": 19.256078720092773, "examples": 1030, "session_seconds": 1051.4818139240015, "peak_vram_bytes": 9177753088}
{"step": 1040, "loss": 0.013674513436853886, "examples": 1040, "session_seconds": 1061.5163481570053, "peak_vram_bytes": 9177753088}
{"step": 1050, "loss": 0.013505551964044571, "examples": 1050, "session_seconds": 1071.3380493830045, "peak_vram_bytes": 9177753088}
{"step": 1060, "loss": 0.01698409765958786, "examples": 1060, "session_seconds": 1081.0902447500048, "peak_vram_bytes": 9177753088}
{"step": 1070, "loss": 11.689024925231934, "examples": 1070, "session_seconds": 1090.8627294899998, "peak_vram_bytes": 9177753088}
{"step": 1080, "loss": 0.014476407319307327, "examples": 1080, "session_seconds": 1100.9046765649982, "peak_vram_bytes": 9177753088}
{"step": 1090, "loss": 0.014460168778896332, "examples": 1090, "session_seconds": 1110.5884282810002, "peak_vram_bytes": 9177753088}
{"step": 1100, "loss": 0.014899115078151226, "examples": 1100, "session_seconds": 1120.2680059179984, "peak_vram_bytes": 9177753088}
{"step": 1110, "loss": 0.013948125764727592, "examples": 1110, "session_seconds": 1130.6850285180044, "peak_vram_bytes": 9177753088}
{"step": 1120, "loss": 0.014075474813580513, "examples": 1120, "session_seconds": 1140.4031433960045, "peak_vram_bytes": 9177753088}
{"step": 1130, "loss": 0.016143977642059326, "examples": 1130, "session_seconds": 1150.0938144500033, "peak_vram_bytes": 9177753088}
{"step": 1140, "loss": 0.013812312856316566, "examples": 1140, "session_seconds": 1160.1552927459998, "peak_vram_bytes": 9177753088}
{"step": 1150, "loss": 0.013939223252236843, "examples": 1150, "session_seconds": 1169.8850319570047, "peak_vram_bytes": 9177753088}
{"step": 1160, "loss": 0.014371050521731377, "examples": 1160, "session_seconds": 1179.9119294320044, "peak_vram_bytes": 9177753088}
{"step": 1170, "loss": 0.013797550462186337, "examples": 1170, "session_seconds": 1189.666861083002, "peak_vram_bytes": 9177753088}
{"step": 1180, "loss": 0.01359815988689661, "examples": 1180, "session_seconds": 1200.1618244409983, "peak_vram_bytes": 9177753088}
{"step": 1190, "loss": 0.013997954316437244, "examples": 1190, "session_seconds": 1210.4806236400036, "peak_vram_bytes": 9177753088}
{"step": 1200, "loss": 7.033580780029297, "examples": 1200, "session_seconds": 1220.830686459005, "peak_vram_bytes": 9177753088}
{"step": 1210, "loss": 0.014042187482118607, "examples": 1210, "session_seconds": 1231.9263192159997, "peak_vram_bytes": 9177753088}
{"step": 1220, "loss": 0.013761227950453758, "examples": 1220, "session_seconds": 1242.5544233420005, "peak_vram_bytes": 9177753088}
{"step": 1230, "loss": 0.014439721591770649, "examples": 1230, "session_seconds": 1253.0333474720028, "peak_vram_bytes": 9177753088}
{"step": 1240, "loss": 0.013784639537334442, "examples": 1240, "session_seconds": 1263.5440788210035, "peak_vram_bytes": 9177753088}
{"step": 1250, "loss": 0.01679537072777748, "examples": 1250, "session_seconds": 1273.4735913420009, "peak_vram_bytes": 9177753088}
{"step": 1260, "loss": 0.01393961627036333, "examples": 1260, "session_seconds": 1283.3569784389983, "peak_vram_bytes": 9177753088}
{"step": 1270, "loss": 0.01349688321352005, "examples": 1270, "session_seconds": 1293.4572180169998, "peak_vram_bytes": 9177753088}
{"step": 1280, "loss": 0.013730835169553757, "examples": 1280, "session_seconds": 1303.2656299660011, "peak_vram_bytes": 9177753088}
{"step": 1290, "loss": 0.014819256961345673, "examples": 1290, "session_seconds": 1313.075631161002, "peak_vram_bytes": 9177753088}
{"step": 1300, "loss": 0.013902807608246803, "examples": 1300, "session_seconds": 1322.829090060004, "peak_vram_bytes": 9177753088}
{"step": 1310, "loss": 20.49874496459961, "examples": 1310, "session_seconds": 1333.2150733490053, "peak_vram_bytes": 9177753088}
{"step": 1320, "loss": 0.013983076438307762, "examples": 1320, "session_seconds": 1343.1873804330025, "peak_vram_bytes": 9177753088}
{"step": 1330, "loss": 0.013490743935108185, "examples": 1330, "session_seconds": 1353.8955807050006, "peak_vram_bytes": 9177753088}
{"step": 1340, "loss": 11.513445854187012, "examples": 1340, "session_seconds": 1364.9521404570041, "peak_vram_bytes": 9177753088}
{"step": 1350, "loss": 0.013495111837983131, "examples": 1350, "session_seconds": 1375.3500589670002, "peak_vram_bytes": 9177753088}
{"step": 1360, "loss": 13.008743286132812, "examples": 1360, "session_seconds": 1385.9172889260008, "peak_vram_bytes": 9178290176}
{"step": 1370, "loss": 0.014754150994122028, "examples": 1370, "session_seconds": 1396.995404565001, "peak_vram_bytes": 9178290176}
{"step": 1380, "loss": 0.014937564730644226, "examples": 1380, "session_seconds": 1407.6719338699986, "peak_vram_bytes": 9178290176}
{"step": 1390, "loss": 0.014296093955636024, "examples": 1390, "session_seconds": 1418.3553759749993, "peak_vram_bytes": 9178290176}
{"step": 1400, "loss": 0.02744397334754467, "examples": 1400, "session_seconds": 1429.0883000120011, "peak_vram_bytes": 9178290176}
{"step": 1410, "loss": 0.013405999168753624, "examples": 1410, "session_seconds": 1440.2117416190013, "peak_vram_bytes": 9178290176}
{"step": 1420, "loss": 0.017360974103212357, "examples": 1420, "session_seconds": 1450.790892379002, "peak_vram_bytes": 9178290176}
{"step": 1430, "loss": 0.013497714884579182, "examples": 1430, "session_seconds": 1461.849995386001, "peak_vram_bytes": 9178290176}
{"step": 1440, "loss": 0.013794882223010063, "examples": 1440, "session_seconds": 1472.290641671003, "peak_vram_bytes": 9178290176}
{"step": 1450, "loss": 0.01399022713303566, "examples": 1450, "session_seconds": 1482.7998007839997, "peak_vram_bytes": 9178290176}
{"step": 1460, "loss": 0.013502401299774647, "examples": 1460, "session_seconds": 1492.680520173999, "peak_vram_bytes": 9178290176}
{"step": 1470, "loss": 0.01362141128629446, "examples": 1470, "session_seconds": 1503.3789010010005, "peak_vram_bytes": 9178290176}
{"step": 1480, "loss": 0.015825524926185608, "examples": 1480, "session_seconds": 1513.1758319459987, "peak_vram_bytes": 9178290176}
{"step": 1490, "loss": 0.02048230916261673, "examples": 1490, "session_seconds": 1522.978293527005, "peak_vram_bytes": 9178290176}
{"step": 1500, "loss": 0.015614408999681473, "examples": 1500, "session_seconds": 1532.876359671005, "peak_vram_bytes": 9178290176}
{"step": 1510, "loss": 0.0155893350020051, "examples": 1510, "session_seconds": 1542.999601084004, "peak_vram_bytes": 9178290176}
{"step": 1520, "loss": 0.01422739215195179, "examples": 1520, "session_seconds": 1553.3206766889998, "peak_vram_bytes": 9178290176}
{"step": 1530, "loss": 0.014666073024272919, "examples": 1530, "session_seconds": 1563.3429666910015, "peak_vram_bytes": 9178290176}
{"step": 1540, "loss": 0.01378678996115923, "examples": 1540, "session_seconds": 1573.1888700940035, "peak_vram_bytes": 9178290176}
{"step": 1550, "loss": 0.014071445912122726, "examples": 1550, "session_seconds": 1583.6430820009991, "peak_vram_bytes": 9178290176}
{"step": 1560, "loss": 0.013504703529179096, "examples": 1560, "session_seconds": 1593.988774688005, "peak_vram_bytes": 9178290176}
{"step": 1570, "loss": 0.013486312702298164, "examples": 1570, "session_seconds": 1604.6304202870015, "peak_vram_bytes": 9178290176}
{"step": 1580, "loss": 0.01351542305201292, "examples": 1580, "session_seconds": 1614.6931884110018, "peak_vram_bytes": 9178290176}
{"step": 1590, "loss": 0.014753017574548721, "examples": 1590, "session_seconds": 1624.5103549230043, "peak_vram_bytes": 9178290176}
{"step": 1600, "loss": 0.01435526367276907, "examples": 1600, "session_seconds": 1635.326667813999, "peak_vram_bytes": 9178290176}
{"step": 1610, "loss": 0.07570027559995651, "examples": 1610, "session_seconds": 1646.1357848080006, "peak_vram_bytes": 9178290176}
{"step": 1620, "loss": 0.020190266892313957, "examples": 1620, "session_seconds": 1656.7114862070011, "peak_vram_bytes": 9178290176}
{"step": 1630, "loss": 0.014418890699744225, "examples": 1630, "session_seconds": 1667.4284593750053, "peak_vram_bytes": 9178290176}
{"step": 1640, "loss": 18.41461753845215, "examples": 1640, "session_seconds": 1677.3958618940014, "peak_vram_bytes": 9178290176}
{"step": 1650, "loss": 0.015540175139904022, "examples": 1650, "session_seconds": 1687.276381566, "peak_vram_bytes": 9178290176}
{"step": 1660, "loss": 0.013960102573037148, "examples": 1660, "session_seconds": 1697.896817425004, "peak_vram_bytes": 9178290176}
{"step": 1670, "loss": 0.013770941644906998, "examples": 1670, "session_seconds": 1708.2640206290016, "peak_vram_bytes": 9178290176}
{"step": 1680, "loss": 0.013908833265304565, "examples": 1680, "session_seconds": 1718.8940461040038, "peak_vram_bytes": 9178290176}
{"step": 1690, "loss": 0.013569710776209831, "examples": 1690, "session_seconds": 1729.509956547001, "peak_vram_bytes": 9178290176}
{"step": 1700, "loss": 0.014672191813588142, "examples": 1700, "session_seconds": 1741.0047894689997, "peak_vram_bytes": 9178290176}
{"step": 1710, "loss": 0.013427658937871456, "examples": 1710, "session_seconds": 1751.8282715110035, "peak_vram_bytes": 9178290176}
{"step": 1720, "loss": 18.2359619140625, "examples": 1720, "session_seconds": 1762.340904470002, "peak_vram_bytes": 9178290176}
{"step": 1730, "loss": 0.013465509749948978, "examples": 1730, "session_seconds": 1773.4288852739992, "peak_vram_bytes": 9178290176}
{"step": 1740, "loss": 0.014165308326482773, "examples": 1740, "session_seconds": 1784.3850432270046, "peak_vram_bytes": 9178290176}
{"step": 1750, "loss": 0.016310540959239006, "examples": 1750, "session_seconds": 1794.449975648, "peak_vram_bytes": 9178290176}
{"step": 1760, "loss": 22.370546340942383, "examples": 1760, "session_seconds": 1804.6690356460022, "peak_vram_bytes": 9178290176}
{"step": 1770, "loss": 0.01467127911746502, "examples": 1770, "session_seconds": 1814.5339901280022, "peak_vram_bytes": 9178290176}
{"step": 1780, "loss": 0.014152739197015762, "examples": 1780, "session_seconds": 1825.2122214670017, "peak_vram_bytes": 9178290176}
{"step": 1790, "loss": 0.01404011994600296, "examples": 1790, "session_seconds": 1835.4744313970004, "peak_vram_bytes": 9178290176}
{"step": 1800, "loss": 0.013388186693191528, "examples": 1800, "session_seconds": 1845.3654856970024, "peak_vram_bytes": 9178290176}
{"step": 1810, "loss": 0.013484426774084568, "examples": 1810, "session_seconds": 1856.3972324630013, "peak_vram_bytes": 9178290176}
{"step": 1820, "loss": 0.013339691795408726, "examples": 1820, "session_seconds": 1866.8701227140045, "peak_vram_bytes": 9178290176}
{"step": 1830, "loss": 0.013352721929550171, "examples": 1830, "session_seconds": 1877.2091139250042, "peak_vram_bytes": 9178290176}
{"step": 1840, "loss": 11.840259552001953, "examples": 1840, "session_seconds": 1887.3530737239998, "peak_vram_bytes": 9178290176}
{"step": 1850, "loss": 0.013417570851743221, "examples": 1850, "session_seconds": 1898.3602037110031, "peak_vram_bytes": 9178290176}
{"step": 1860, "loss": 0.01335220504552126, "examples": 1860, "session_seconds": 1908.9063781959994, "peak_vram_bytes": 9178290176}
{"step": 1870, "loss": 0.013352004811167717, "examples": 1870, "session_seconds": 1919.0571676860054, "peak_vram_bytes": 9178290176}
{"step": 1880, "loss": 0.013364850543439388, "examples": 1880, "session_seconds": 1929.53353547, "peak_vram_bytes": 9178290176}
{"step": 1890, "loss": 0.013467705808579922, "examples": 1890, "session_seconds": 1941.0749329910032, "peak_vram_bytes": 9178290176}
{"step": 1900, "loss": 0.01616852357983589, "examples": 1900, "session_seconds": 1951.0498138460025, "peak_vram_bytes": 9178290176}
{"step": 1910, "loss": 0.013422289863228798, "examples": 1910, "session_seconds": 1961.1761862310013, "peak_vram_bytes": 9178290176}
{"step": 1920, "loss": 13.56186294555664, "examples": 1920, "session_seconds": 1971.3069301210053, "peak_vram_bytes": 9178290176}
{"step": 1930, "loss": 0.013553541153669357, "examples": 1930, "session_seconds": 1981.116635244005, "peak_vram_bytes": 9178290176}
{"step": 1940, "loss": 0.0134865902364254, "examples": 1940, "session_seconds": 1990.9809094480006, "peak_vram_bytes": 9178290176}
{"step": 1950, "loss": 0.016630422323942184, "examples": 1950, "session_seconds": 2001.1860372340016, "peak_vram_bytes": 9178290176}
{"step": 1960, "loss": 0.013730212114751339, "examples": 1960, "session_seconds": 2011.186059227999, "peak_vram_bytes": 9178290176}
{"step": 1970, "loss": 0.014089154079556465, "examples": 1970, "session_seconds": 2021.7360631710035, "peak_vram_bytes": 9178290176}
{"step": 1980, "loss": 0.01487567089498043, "examples": 1980, "session_seconds": 2032.448063957003, "peak_vram_bytes": 9178290176}
{"step": 1990, "loss": 0.014900200068950653, "examples": 1990, "session_seconds": 2043.9223182460046, "peak_vram_bytes": 9178290176}
{"step": 2000, "loss": 0.015451477840542793, "examples": 2000, "session_seconds": 2054.8088027600024, "peak_vram_bytes": 9178290176}
{"step": 2010, "loss": 0.013402784243226051, "examples": 2010, "session_seconds": 2065.1642426079998, "peak_vram_bytes": 9178290176}
{"step": 2020, "loss": 0.013369536027312279, "examples": 2020, "session_seconds": 2076.4410842880025, "peak_vram_bytes": 9178290176}
{"step": 2030, "loss": 0.013944046571850777, "examples": 2030, "session_seconds": 2086.845073522003, "peak_vram_bytes": 9178290176}
{"step": 2040, "loss": 4.9415459632873535, "examples": 2040, "session_seconds": 2097.5275565519987, "peak_vram_bytes": 9178290176}
{"step": 2050, "loss": 0.020606335252523422, "examples": 2050, "session_seconds": 2108.8733345229994, "peak_vram_bytes": 9178290176}
{"step": 2060, "loss": 6.407166957855225, "examples": 2060, "session_seconds": 2119.589924304004, "peak_vram_bytes": 9178290176}
{"step": 2070, "loss": 19.35190200805664, "examples": 2070, "session_seconds": 2130.551241858004, "peak_vram_bytes": 9178290176}
{"step": 2080, "loss": 0.013806959614157677, "examples": 2080, "session_seconds": 2140.9803418090014, "peak_vram_bytes": 9178290176}
{"step": 2090, "loss": 0.013428648933768272, "examples": 2090, "session_seconds": 2150.7903969219988, "peak_vram_bytes": 9178290176}
{"step": 2100, "loss": 0.014607791788876057, "examples": 2100, "session_seconds": 2161.5684170660024, "peak_vram_bytes": 9178290176}
{"step": 2110, "loss": 0.014136657118797302, "examples": 2110, "session_seconds": 2173.3702725830008, "peak_vram_bytes": 9178290176}
{"step": 2120, "loss": 13.507360458374023, "examples": 2120, "session_seconds": 2183.792912292003, "peak_vram_bytes": 9178290176}
{"step": 2130, "loss": 0.016271881759166718, "examples": 2130, "session_seconds": 2193.613306457999, "peak_vram_bytes": 9178290176}
{"step": 2140, "loss": 0.015739744529128075, "examples": 2140, "session_seconds": 2203.440716956, "peak_vram_bytes": 9178290176}
{"step": 2150, "loss": 0.013465986587107182, "examples": 2150, "session_seconds": 2213.5067566069993, "peak_vram_bytes": 9178290176}
{"step": 2160, "loss": 0.013526837341487408, "examples": 2160, "session_seconds": 2224.238730992998, "peak_vram_bytes": 9178290176}
{"step": 2170, "loss": 0.01670394279062748, "examples": 2170, "session_seconds": 2234.843879969005, "peak_vram_bytes": 9178290176}
{"step": 2180, "loss": 0.013768859207630157, "examples": 2180, "session_seconds": 2246.221187207004, "peak_vram_bytes": 9178290176}
{"step": 2190, "loss": 0.01509307324886322, "examples": 2190, "session_seconds": 2256.642702186, "peak_vram_bytes": 9178290176}
{"step": 2200, "loss": 0.01398513000458479, "examples": 2200, "session_seconds": 2267.0663843630027, "peak_vram_bytes": 9178290176}
{"step": 2210, "loss": 0.4401751160621643, "examples": 2210, "session_seconds": 2278.789368111, "peak_vram_bytes": 9178290176}
{"step": 2220, "loss": 0.014691384509205818, "examples": 2220, "session_seconds": 2289.7403225150047, "peak_vram_bytes": 9178290176}
{"step": 2230, "loss": 0.01351165771484375, "examples": 2230, "session_seconds": 2300.2169867560006, "peak_vram_bytes": 9178290176}
{"step": 2240, "loss": 0.016809022054076195, "examples": 2240, "session_seconds": 2311.598681167001, "peak_vram_bytes": 9178290176}
{"step": 2250, "loss": 0.013384733349084854, "examples": 2250, "session_seconds": 2322.278625664003, "peak_vram_bytes": 9178290176}
{"step": 2260, "loss": 0.013386962935328484, "examples": 2260, "session_seconds": 2333.139796043004, "peak_vram_bytes": 9178290176}
{"step": 2270, "loss": 0.013409009203314781, "examples": 2270, "session_seconds": 2343.9329058779986, "peak_vram_bytes": 9178290176}
{"step": 2280, "loss": 14.808524131774902, "examples": 2280, "session_seconds": 2355.287361044, "peak_vram_bytes": 9178290176}
{"step": 2290, "loss": 0.013356141746044159, "examples": 2290, "session_seconds": 2366.009603536004, "peak_vram_bytes": 9178290176}
{"step": 2300, "loss": 0.013420219533145428, "examples": 2300, "session_seconds": 2376.8499497340017, "peak_vram_bytes": 9178290176}
{"step": 2310, "loss": 0.01364129688590765, "examples": 2310, "session_seconds": 2388.9484461350003, "peak_vram_bytes": 9178290176}
{"step": 2320, "loss": 0.0133687574416399, "examples": 2320, "session_seconds": 2399.2907762100003, "peak_vram_bytes": 9178290176}
{"step": 2330, "loss": 16.846302032470703, "examples": 2330, "session_seconds": 2409.8595897890045, "peak_vram_bytes": 9178290176}
{"step": 2340, "loss": 0.013404586352407932, "examples": 2340, "session_seconds": 2419.8488749989992, "peak_vram_bytes": 9178290176}
{"step": 2350, "loss": 2.526970386505127, "examples": 2350, "session_seconds": 2429.6365861990053, "peak_vram_bytes": 9178290176}
{"step": 2360, "loss": 0.051261212676763535, "examples": 2360, "session_seconds": 2439.328492567998, "peak_vram_bytes": 9178290176}
{"step": 2370, "loss": 0.013647026382386684, "examples": 2370, "session_seconds": 2449.0765816870044, "peak_vram_bytes": 9178290176}
{"step": 2380, "loss": 0.015659049153327942, "examples": 2380, "session_seconds": 2459.134847182002, "peak_vram_bytes": 9178290176}
{"step": 2390, "loss": 0.013960782438516617, "examples": 2390, "session_seconds": 2469.5381927650014, "peak_vram_bytes": 9178290176}
{"step": 2400, "loss": 0.014886617660522461, "examples": 2400, "session_seconds": 2480.1380490910014, "peak_vram_bytes": 9178290176}
{"step": 2410, "loss": 0.013657801784574986, "examples": 2410, "session_seconds": 2490.6788865499984, "peak_vram_bytes": 9178290176}
{"step": 2420, "loss": 0.014550020918250084, "examples": 2420, "session_seconds": 2500.3286252649996, "peak_vram_bytes": 9178290176}
{"step": 2430, "loss": 0.013707198202610016, "examples": 2430, "session_seconds": 2510.068469910002, "peak_vram_bytes": 9178290176}
{"step": 2440, "loss": 11.800682067871094, "examples": 2440, "session_seconds": 2520.0853538849988, "peak_vram_bytes": 9178290176}
{"step": 2450, "loss": 0.015092073008418083, "examples": 2450, "session_seconds": 2529.7700530560032, "peak_vram_bytes": 9178290176}
{"step": 2460, "loss": 0.014678019098937511, "examples": 2460, "session_seconds": 2539.6586001270043, "peak_vram_bytes": 9178290176}
{"step": 2470, "loss": 0.05331392586231232, "examples": 2470, "session_seconds": 2549.764330154001, "peak_vram_bytes": 9178290176}
{"step": 2480, "loss": 0.014080189168453217, "examples": 2480, "session_seconds": 2560.360763567005, "peak_vram_bytes": 9178290176}
{"step": 2490, "loss": 0.01443178579211235, "examples": 2490, "session_seconds": 2570.247262830999, "peak_vram_bytes": 9178290176}
{"step": 2500, "loss": 13.016948699951172, "examples": 2500, "session_seconds": 2581.030860152001, "peak_vram_bytes": 9178290176}
{"step": 2510, "loss": 0.014783929102122784, "examples": 2510, "session_seconds": 2591.9513361639983, "peak_vram_bytes": 9178290176}
{"step": 2520, "loss": 0.014237435534596443, "examples": 2520, "session_seconds": 2602.410969422999, "peak_vram_bytes": 9178290176}
{"step": 2530, "loss": 0.01766883209347725, "examples": 2530, "session_seconds": 2612.659339265003, "peak_vram_bytes": 9178290176}
{"step": 2540, "loss": 0.01370274368673563, "examples": 2540, "session_seconds": 2623.7375399540033, "peak_vram_bytes": 9178290176}
{"step": 2550, "loss": 0.01380229089409113, "examples": 2550, "session_seconds": 2634.4632416560053, "peak_vram_bytes": 9178290176}
{"step": 2560, "loss": 0.014035265892744064, "examples": 2560, "session_seconds": 2644.7812224170048, "peak_vram_bytes": 9178290176}
{"step": 2570, "loss": 0.014757709577679634, "examples": 2570, "session_seconds": 2655.478572824002, "peak_vram_bytes": 9178290176}
{"step": 2580, "loss": 0.013562217354774475, "examples": 2580, "session_seconds": 2665.2642039320053, "peak_vram_bytes": 9178290176}
{"step": 2590, "loss": 0.014620435424149036, "examples": 2590, "session_seconds": 2674.9843784890036, "peak_vram_bytes": 9178290176}
{"step": 2600, "loss": 0.01578458584845066, "examples": 2600, "session_seconds": 2684.937563334999, "peak_vram_bytes": 9178290176}
{"step": 2610, "loss": 0.014094079844653606, "examples": 2610, "session_seconds": 2695.0789787870017, "peak_vram_bytes": 9178290176}
{"step": 2620, "loss": 0.013747788965702057, "examples": 2620, "session_seconds": 2704.826686707005, "peak_vram_bytes": 9178290176}
{"step": 2630, "loss": 0.014811074361205101, "examples": 2630, "session_seconds": 2714.8852953140013, "peak_vram_bytes": 9178290176}
{"step": 2640, "loss": 0.014623909257352352, "examples": 2640, "session_seconds": 2724.6764049440026, "peak_vram_bytes": 9178290176}
{"step": 2650, "loss": 0.013542886823415756, "examples": 2650, "session_seconds": 2734.367563632004, "peak_vram_bytes": 9178290176}
{"step": 2660, "loss": 0.014896039851009846, "examples": 2660, "session_seconds": 2744.1657078610006, "peak_vram_bytes": 9178290176}
{"step": 2670, "loss": 15.67566967010498, "examples": 2670, "session_seconds": 2754.194932709004, "peak_vram_bytes": 9184541696}
{"step": 2680, "loss": 0.014400177635252476, "examples": 2680, "session_seconds": 2763.994151086001, "peak_vram_bytes": 9184541696}
{"step": 2690, "loss": 0.014519610442221165, "examples": 2690, "session_seconds": 2773.707435479999, "peak_vram_bytes": 9184541696}
{"step": 2700, "loss": 0.01567944884300232, "examples": 2700, "session_seconds": 2783.601347601005, "peak_vram_bytes": 9184541696}
{"step": 2710, "loss": 0.018840860575437546, "examples": 2710, "session_seconds": 2794.131569641002, "peak_vram_bytes": 9184541696}
{"step": 2720, "loss": 0.013663547113537788, "examples": 2720, "session_seconds": 2804.565425229004, "peak_vram_bytes": 9184541696}
{"step": 2730, "loss": 0.01386644784361124, "examples": 2730, "session_seconds": 2815.3088957360014, "peak_vram_bytes": 9184541696}
{"step": 2740, "loss": 0.013598509132862091, "examples": 2740, "session_seconds": 2825.6143310469997, "peak_vram_bytes": 9184541696}
{"step": 2750, "loss": 0.013500010594725609, "examples": 2750, "session_seconds": 2836.6355305780016, "peak_vram_bytes": 9184541696}
{"step": 2760, "loss": 0.013995001092553139, "examples": 2760, "session_seconds": 2847.437115616005, "peak_vram_bytes": 9184541696}
{"step": 2770, "loss": 0.015259346924722195, "examples": 2770, "session_seconds": 2857.986411304999, "peak_vram_bytes": 9184541696}
{"step": 2780, "loss": 0.016143344342708588, "examples": 2780, "session_seconds": 2868.339840244, "peak_vram_bytes": 9184541696}
{"step": 2790, "loss": 0.037833645939826965, "examples": 2790, "session_seconds": 2878.718484541001, "peak_vram_bytes": 9184541696}
{"step": 2800, "loss": 0.01567467674612999, "examples": 2800, "session_seconds": 2888.5136394639994, "peak_vram_bytes": 9184541696}
{"step": 2810, "loss": 0.014246444217860699, "examples": 2810, "session_seconds": 2898.755473527999, "peak_vram_bytes": 9184541696}
{"step": 2820, "loss": 0.018861524760723114, "examples": 2820, "session_seconds": 2908.639759053003, "peak_vram_bytes": 9184541696}
{"step": 2830, "loss": 0.013839302584528923, "examples": 2830, "session_seconds": 2919.3993687440015, "peak_vram_bytes": 9184541696}
{"step": 2840, "loss": 0.014025679789483547, "examples": 2840, "session_seconds": 2929.930646339002, "peak_vram_bytes": 9184541696}
{"step": 2850, "loss": 0.013747597113251686, "examples": 2850, "session_seconds": 2940.410162704, "peak_vram_bytes": 9184541696}
{"step": 2860, "loss": 15.344820022583008, "examples": 2860, "session_seconds": 2950.7024577890043, "peak_vram_bytes": 9184541696}
{"step": 2870, "loss": 0.013952255249023438, "examples": 2870, "session_seconds": 2960.5155544610025, "peak_vram_bytes": 9184541696}
{"step": 2880, "loss": 0.013966860249638557, "examples": 2880, "session_seconds": 2970.1986653460044, "peak_vram_bytes": 9184541696}
{"step": 2890, "loss": 0.015646090731024742, "examples": 2890, "session_seconds": 2980.522727087002, "peak_vram_bytes": 9184541696}
{"step": 2900, "loss": 0.6611058115959167, "examples": 2900, "session_seconds": 2990.7225311400034, "peak_vram_bytes": 9184541696}
{"step": 2910, "loss": 0.013559342361986637, "examples": 2910, "session_seconds": 3001.461643489005, "peak_vram_bytes": 9184541696}
{"step": 2920, "loss": 0.013520210050046444, "examples": 2920, "session_seconds": 3012.302522370999, "peak_vram_bytes": 9184541696}
{"step": 2930, "loss": 0.032974231988191605, "examples": 2930, "session_seconds": 3022.2259101310046, "peak_vram_bytes": 9184541696}
{"step": 2940, "loss": 0.013678468763828278, "examples": 2940, "session_seconds": 3032.046952993005, "peak_vram_bytes": 9184541696}
{"step": 2950, "loss": 0.013444139622151852, "examples": 2950, "session_seconds": 3042.4523967429996, "peak_vram_bytes": 9184541696}
{"step": 2960, "loss": 0.014295097440481186, "examples": 2960, "session_seconds": 3052.413459219999, "peak_vram_bytes": 9184541696}
{"step": 2970, "loss": 0.013389487750828266, "examples": 2970, "session_seconds": 3062.2625112700043, "peak_vram_bytes": 9184541696}
{"step": 2980, "loss": 0.013820207677781582, "examples": 2980, "session_seconds": 3072.0477182079994, "peak_vram_bytes": 9184541696}
{"step": 2990, "loss": 0.01374334841966629, "examples": 2990, "session_seconds": 3083.0119062130034, "peak_vram_bytes": 9184541696}
{"step": 3000, "loss": 0.01819802075624466, "examples": 3000, "session_seconds": 3093.4001173860015, "peak_vram_bytes": 9184541696}
{"step": 3010, "loss": 0.01360789593309164, "examples": 3010, "session_seconds": 3103.8154494679984, "peak_vram_bytes": 9184541696}
{"step": 3020, "loss": 0.013340010307729244, "examples": 3020, "session_seconds": 3114.4442037010012, "peak_vram_bytes": 9184541696}
{"step": 3030, "loss": 0.01582309789955616, "examples": 3030, "session_seconds": 3124.7436249169987, "peak_vram_bytes": 9184541696}
{"step": 3040, "loss": 0.013780210167169571, "examples": 3040, "session_seconds": 3134.966181515003, "peak_vram_bytes": 9184541696}
{"step": 3050, "loss": 0.013882945291697979, "examples": 3050, "session_seconds": 3145.8114624619993, "peak_vram_bytes": 9184541696}
{"step": 3060, "loss": 0.014255359768867493, "examples": 3060, "session_seconds": 3156.3878968800054, "peak_vram_bytes": 9184541696}
{"step": 3070, "loss": 0.01330258883535862, "examples": 3070, "session_seconds": 3166.673053413004, "peak_vram_bytes": 9184541696}
{"step": 3080, "loss": 0.01406051404774189, "examples": 3080, "session_seconds": 3177.555762615004, "peak_vram_bytes": 9184541696}
{"step": 3090, "loss": 0.015517188236117363, "examples": 3090, "session_seconds": 3188.069717557002, "peak_vram_bytes": 9184541696}
{"step": 3100, "loss": 0.014708389528095722, "examples": 3100, "session_seconds": 3198.8969397840046, "peak_vram_bytes": 9184541696}
{"step": 3110, "loss": 0.013402387499809265, "examples": 3110, "session_seconds": 3209.236558964003, "peak_vram_bytes": 9184541696}
{"step": 3120, "loss": 0.014720245264470577, "examples": 3120, "session_seconds": 3220.4459483579994, "peak_vram_bytes": 9184541696}
{"step": 3130, "loss": 0.016896091401576996, "examples": 3130, "session_seconds": 3231.075027660001, "peak_vram_bytes": 9184541696}
{"step": 3140, "loss": 0.014431586489081383, "examples": 3140, "session_seconds": 3241.7293880760044, "peak_vram_bytes": 9184541696}
{"step": 3150, "loss": 0.013280898332595825, "examples": 3150, "session_seconds": 3252.4457789760054, "peak_vram_bytes": 9184541696}
{"step": 3160, "loss": 9.101881980895996, "examples": 3160, "session_seconds": 3262.8465240290025, "peak_vram_bytes": 9184541696}
{"step": 3170, "loss": 0.01392378006130457, "examples": 3170, "session_seconds": 3273.6677634320004, "peak_vram_bytes": 9184541696}
{"step": 3180, "loss": 0.013442311435937881, "examples": 3180, "session_seconds": 3285.1664474200006, "peak_vram_bytes": 9184541696}
{"step": 3190, "loss": 0.013836750760674477, "examples": 3190, "session_seconds": 3295.162293760004, "peak_vram_bytes": 9184541696}
{"step": 3200, "loss": 0.1754424273967743, "examples": 3200, "session_seconds": 3304.900202527002, "peak_vram_bytes": 9184541696}
{"step": 3210, "loss": 0.013289326801896095, "examples": 3210, "session_seconds": 3317.198048080005, "peak_vram_bytes": 9184541696}
{"step": 3220, "loss": 0.013621673919260502, "examples": 3220, "session_seconds": 3327.238710799, "peak_vram_bytes": 9184541696}
{"step": 3230, "loss": 1.0594159364700317, "examples": 3230, "session_seconds": 3338.277024562005, "peak_vram_bytes": 9184541696}
{"step": 3240, "loss": 0.019008008763194084, "examples": 3240, "session_seconds": 3348.8452746990006, "peak_vram_bytes": 9184541696}
{"step": 3250, "loss": 0.015422869473695755, "examples": 3250, "session_seconds": 3358.7680488640035, "peak_vram_bytes": 9184541696}
{"step": 3260, "loss": 0.013696249574422836, "examples": 3260, "session_seconds": 3368.4658867969993, "peak_vram_bytes": 9184541696}
{"step": 3270, "loss": 0.014441185630857944, "examples": 3270, "session_seconds": 3378.1564645590042, "peak_vram_bytes": 9184541696}
{"step": 3280, "loss": 17.437517166137695, "examples": 3280, "session_seconds": 3388.0875891360047, "peak_vram_bytes": 9184541696}
{"step": 3290, "loss": 0.2696647047996521, "examples": 3290, "session_seconds": 3397.810375462999, "peak_vram_bytes": 9184541696}
{"step": 3300, "loss": 0.015591632574796677, "examples": 3300, "session_seconds": 3407.545988881, "peak_vram_bytes": 9184541696}
{"step": 3310, "loss": 5.3909173011779785, "examples": 3310, "session_seconds": 3418.851989750001, "peak_vram_bytes": 9184541696}
{"step": 3320, "loss": 0.013493829406797886, "examples": 3320, "session_seconds": 3428.9780264540022, "peak_vram_bytes": 9184541696}
{"step": 3330, "loss": 13.59190845489502, "examples": 3330, "session_seconds": 3439.616786724, "peak_vram_bytes": 9184541696}
{"step": 3340, "loss": 0.013450413011014462, "examples": 3340, "session_seconds": 3451.0706742750044, "peak_vram_bytes": 9184541696}
{"step": 3350, "loss": 0.013694863766431808, "examples": 3350, "session_seconds": 3461.3284535819985, "peak_vram_bytes": 9184541696}
{"step": 3360, "loss": 0.015227784402668476, "examples": 3360, "session_seconds": 3471.8214902260006, "peak_vram_bytes": 9184541696}
{"step": 3370, "loss": 0.015826430171728134, "examples": 3370, "session_seconds": 3482.2582311040023, "peak_vram_bytes": 9184541696}
{"step": 3380, "loss": 0.02224890887737274, "examples": 3380, "session_seconds": 3492.8498050530034, "peak_vram_bytes": 9184541696}
{"step": 3390, "loss": 0.0146201616153121, "examples": 3390, "session_seconds": 3503.2635973310025, "peak_vram_bytes": 9184541696}
{"step": 3400, "loss": 0.013580651953816414, "examples": 3400, "session_seconds": 3513.6491764890015, "peak_vram_bytes": 9184541696}
{"step": 3410, "loss": 0.013250228948891163, "examples": 3410, "session_seconds": 3525.229779801004, "peak_vram_bytes": 9184541696}
{"step": 3420, "loss": 0.014003251679241657, "examples": 3420, "session_seconds": 3535.832574535001, "peak_vram_bytes": 9184541696}
{"step": 3430, "loss": 0.015381733886897564, "examples": 3430, "session_seconds": 3546.118372447003, "peak_vram_bytes": 9184541696}
{"step": 3440, "loss": 0.01408909261226654, "examples": 3440, "session_seconds": 3556.5328107960013, "peak_vram_bytes": 9184541696}
{"step": 3450, "loss": 0.013560209423303604, "examples": 3450, "session_seconds": 3567.457985594003, "peak_vram_bytes": 9184541696}
{"step": 3460, "loss": 0.013977515511214733, "examples": 3460, "session_seconds": 3577.5706861470026, "peak_vram_bytes": 9184541696}
{"step": 3470, "loss": 0.014877242036163807, "examples": 3470, "session_seconds": 3587.5087215750027, "peak_vram_bytes": 9184541696}
{"step": 3480, "loss": 0.013880808837711811, "examples": 3480, "session_seconds": 3597.1506645109985, "peak_vram_bytes": 9184541696}
{"step": 3490, "loss": 0.01557905599474907, "examples": 3490, "session_seconds": 3606.7653464789983, "peak_vram_bytes": 9184541696}
{"step": 3500, "loss": 12.541954040527344, "examples": 3500, "session_seconds": 3616.8294873460036, "peak_vram_bytes": 9184541696}
{"step": 3510, "loss": 0.015119382180273533, "examples": 3510, "session_seconds": 3627.379372512005, "peak_vram_bytes": 9184541696}
{"step": 3520, "loss": 0.013629800640046597, "examples": 3520, "session_seconds": 3637.199399887002, "peak_vram_bytes": 9184541696}
{"step": 3530, "loss": 0.02514861337840557, "examples": 3530, "session_seconds": 3647.0572087850014, "peak_vram_bytes": 9184541696}
{"step": 3540, "loss": 0.01390999648720026, "examples": 3540, "session_seconds": 3657.1677700470027, "peak_vram_bytes": 9184541696}
{"step": 3550, "loss": 14.031538009643555, "examples": 3550, "session_seconds": 3666.964449195002, "peak_vram_bytes": 9184541696}
{"step": 3560, "loss": 10.600675582885742, "examples": 3560, "session_seconds": 3676.780754231004, "peak_vram_bytes": 9184541696}
{"step": 3570, "loss": 0.014412732794880867, "examples": 3570, "session_seconds": 3688.1829065940037, "peak_vram_bytes": 9184541696}
{"step": 3580, "loss": 0.013875473290681839, "examples": 3580, "session_seconds": 3698.7098901260033, "peak_vram_bytes": 9184541696}
{"step": 3590, "loss": 11.160511016845703, "examples": 3590, "session_seconds": 3708.423893420004, "peak_vram_bytes": 9184541696}
{"step": 3600, "loss": 0.014307553879916668, "examples": 3600, "session_seconds": 3718.343313407, "peak_vram_bytes": 9184541696}
{"step": 3610, "loss": 13.560730934143066, "examples": 3610, "session_seconds": 3728.665761518001, "peak_vram_bytes": 9184541696}
{"step": 3620, "loss": 4.773581027984619, "examples": 3620, "session_seconds": 3738.458898900004, "peak_vram_bytes": 9184541696}
{"step": 3630, "loss": 0.013438836671411991, "examples": 3630, "session_seconds": 3748.5806916280053, "peak_vram_bytes": 9184541696}
{"step": 3640, "loss": 0.014133622869849205, "examples": 3640, "session_seconds": 3758.5082746760017, "peak_vram_bytes": 9184541696}
{"step": 3650, "loss": 0.021877553313970566, "examples": 3650, "session_seconds": 3768.309913183002, "peak_vram_bytes": 9184541696}
{"step": 3660, "loss": 0.013591299764811993, "examples": 3660, "session_seconds": 3778.138619342004, "peak_vram_bytes": 9184541696}
{"step": 3670, "loss": 0.014365045353770256, "examples": 3670, "session_seconds": 3788.246704516001, "peak_vram_bytes": 9184541696}
{"step": 3680, "loss": 0.014870749786496162, "examples": 3680, "session_seconds": 3798.1333890280002, "peak_vram_bytes": 9184541696}
{"step": 3690, "loss": 16.315954208374023, "examples": 3690, "session_seconds": 3808.0077265590007, "peak_vram_bytes": 9184541696}
{"step": 3700, "loss": 11.584831237792969, "examples": 3700, "session_seconds": 3818.241272651001, "peak_vram_bytes": 9184541696}
{"step": 3710, "loss": 0.024529803544282913, "examples": 3710, "session_seconds": 3828.5933916389986, "peak_vram_bytes": 9184541696}
{"step": 3720, "loss": 1.1704566478729248, "examples": 3720, "session_seconds": 3838.3670785970025, "peak_vram_bytes": 9184541696}
{"step": 3730, "loss": 0.17810507118701935, "examples": 3730, "session_seconds": 3848.476963264002, "peak_vram_bytes": 9184541696}
{"step": 3740, "loss": 0.01413829904049635, "examples": 3740, "session_seconds": 3858.3633836430017, "peak_vram_bytes": 9184541696}
{"step": 3750, "loss": 0.018961025401949883, "examples": 3750, "session_seconds": 3868.246327587003, "peak_vram_bytes": 9184541696}
{"step": 3760, "loss": 0.01391773484647274, "examples": 3760, "session_seconds": 3878.2889684719994, "peak_vram_bytes": 9184541696}
{"step": 3770, "loss": 0.01388061884790659, "examples": 3770, "session_seconds": 3887.940796030998, "peak_vram_bytes": 9184541696}
{"step": 3780, "loss": 0.017230790108442307, "examples": 3780, "session_seconds": 3897.6821887800033, "peak_vram_bytes": 9184541696}
{"step": 3790, "loss": 17.72971534729004, "examples": 3790, "session_seconds": 3907.3487019120003, "peak_vram_bytes": 9184541696}
{"step": 3800, "loss": 9.771514892578125, "examples": 3800, "session_seconds": 3917.3244964800033, "peak_vram_bytes": 9184541696}
{"step": 3810, "loss": 0.014638029038906097, "examples": 3810, "session_seconds": 3927.4717129280034, "peak_vram_bytes": 9184541696}
{"step": 3820, "loss": 0.014044002629816532, "examples": 3820, "session_seconds": 3937.178231263999, "peak_vram_bytes": 9184541696}
{"step": 3830, "loss": 0.014265866950154305, "examples": 3830, "session_seconds": 3947.159763470001, "peak_vram_bytes": 9184541696}
{"step": 3840, "loss": 0.014254412613809109, "examples": 3840, "session_seconds": 3956.8998811109996, "peak_vram_bytes": 9184541696}
{"step": 3850, "loss": 0.013820979744195938, "examples": 3850, "session_seconds": 3966.6093079970015, "peak_vram_bytes": 9184541696}
{"step": 3860, "loss": 11.34314250946045, "examples": 3860, "session_seconds": 3976.564159943002, "peak_vram_bytes": 9184541696}
{"step": 3870, "loss": 0.014766314066946507, "examples": 3870, "session_seconds": 3986.3470586340045, "peak_vram_bytes": 9184541696}
{"step": 3880, "loss": 0.015378225594758987, "examples": 3880, "session_seconds": 3996.193913217001, "peak_vram_bytes": 9184541696}
{"step": 3890, "loss": 0.014236132614314556, "examples": 3890, "session_seconds": 4006.806936190005, "peak_vram_bytes": 9184541696}
{"step": 3900, "loss": 0.014203159138560295, "examples": 3900, "session_seconds": 4016.7111646699996, "peak_vram_bytes": 9184541696}
{"step": 3910, "loss": 2.7344915866851807, "examples": 3910, "session_seconds": 4026.908706177004, "peak_vram_bytes": 9184541696}
{"step": 3920, "loss": 0.014021184295415878, "examples": 3920, "session_seconds": 4036.992512315999, "peak_vram_bytes": 9184541696}
{"step": 3930, "loss": 0.014212255366146564, "examples": 3930, "session_seconds": 4048.0028758020053, "peak_vram_bytes": 9184541696}
{"step": 3940, "loss": 0.015079272910952568, "examples": 3940, "session_seconds": 4057.769523161005, "peak_vram_bytes": 9184541696}
{"step": 3950, "loss": 0.01394665613770485, "examples": 3950, "session_seconds": 4068.203864520001, "peak_vram_bytes": 9184541696}
{"step": 3960, "loss": 0.013923523016273975, "examples": 3960, "session_seconds": 4078.9478258189993, "peak_vram_bytes": 9184541696}
{"step": 3970, "loss": 0.014013492502272129, "examples": 3970, "session_seconds": 4088.6912355120003, "peak_vram_bytes": 9184541696}
{"step": 3980, "loss": 0.3022311329841614, "examples": 3980, "session_seconds": 4098.386707058002, "peak_vram_bytes": 9184541696}
{"step": 3990, "loss": 0.01402641274034977, "examples": 3990, "session_seconds": 4108.931133687001, "peak_vram_bytes": 9184541696}
{"step": 4000, "loss": 0.014089747332036495, "examples": 4000, "session_seconds": 4118.689978129005, "peak_vram_bytes": 9184541696}
wandb: 
wandb: Run history:
wandb:        examples ▁▁▁▁▁▁▁▂▂▂▂▂▃▃▃▃▄▄▄▄▄▅▅▅▅▆▆▆▆▆▇▇▇▇▇█████
wandb:            loss ▁▁▆▁▁▁▁▁▁▁▁▁▁▁▁▁▁▁▁▁█▁▄▁▁▁▁▁▁▁▁▁▁▁▁▆▇▁▁▁
wandb: peak_vram_bytes ▁▆▆▆▆▆▆▇▇▇▇▇▇▇▇▇▇▇▇▇▇▇▇▇████████████████
wandb: session_seconds ▁▁▁▁▂▂▂▂▂▂▂▂▂▃▃▄▄▄▄▄▄▄▅▅▅▅▅▅▆▆▆▆▆▆▇▇▇▇▇█
wandb:            step ▁▁▁▁▁▁▂▂▂▂▃▄▄▄▄▅▅▅▅▅▅▅▆▆▆▆▆▆▆▇▇▇▇▇▇▇▇▇██
wandb: 
wandb: Run summary:
wandb:        examples 4000
wandb:            loss 0.01409
wandb: peak_vram_bytes 9184541696
wandb: session_seconds 4118.68998
wandb:            step 4000
wandb: 
wandb: You can sync this run to the cloud by running:
wandb: wandb sync artifacts/longer-v1/4b/main/seed-11/continued_sft/tracking/wandb/offline-run-20261004_201744-0ntd01vj
wandb: Find logs at: artifacts/longer-v1/4b/main/seed-11/continued_sft/tracking/wandb/offline-run-20261004_201744-0ntd01vj/logs
{"artifact": "artifacts/longer-v1/4b/main/seed-11/continued_sft/artifact", "elapsed_seconds": 4119.125843321999}
