
{"utc": "2026-10-05T09:18:08.405443+00:00", "command": ["-m", "myjev.train", "--config", "results/longer-v1/0.8b/main/seed-33/sft/config.json", "--data", "data/banking77/train.jsonl", "--output", "artifacts/longer-v1/0.8b/main/seed-33/sft", "--method", "sft", "--seed", "33"]}
Loading weights:   0%|          | 0/320 [00:00<?, ?it/s]Loading weights: 100%|██████████| 320/320 [00:00<00:00, 3324.43it/s]
wandb: Tracking run with wandb version 0.30.0
wandb: W&B syncing is set to `offline` in this directory. Run `wandb online` or set WANDB_MODE=online to enable cloud syncing.
wandb: Run data is saved locally in artifacts/longer-v1/0.8b/main/seed-33/sft/tracking/wandb/offline-run-20261005_021820-pbucmznf
wandb: View this run in the terminal with `wandb leet`
[transformers] `causal_conv1d_fn` is falling back to its reference PyTorch implementation because `causal_conv1d` is not installed. This is correct but much slower; install `causal_conv1d` for the optimized kernel.
[transformers] `chunk_gated_delta_rule` is falling back to its reference PyTorch implementation because `flash-linear-attention` is not installed. This is correct but much slower; install `flash-linear-attention` for the optimized kernel.
{"step": 10, "loss": 11.255390167236328, "examples": 10, "session_seconds": 9.613976123000612, "peak_vram_bytes": 1819006976}
{"step": 20, "loss": 2.181922197341919, "examples": 20, "session_seconds": 17.70630411500315, "peak_vram_bytes": 1819006976}
{"step": 30, "loss": 2.69309401512146, "examples": 30, "session_seconds": 24.986253574999864, "peak_vram_bytes": 1827403776}
{"step": 40, "loss": 6.072534084320068, "examples": 40, "session_seconds": 32.23529807900195, "peak_vram_bytes": 1827403776}
{"step": 50, "loss": 3.220637083053589, "examples": 50, "session_seconds": 40.20144874200196, "peak_vram_bytes": 1827403776}
{"step": 60, "loss": 1.1621636152267456, "examples": 60, "session_seconds": 47.95441875600227, "peak_vram_bytes": 1827403776}
{"step": 70, "loss": 12.61789321899414, "examples": 70, "session_seconds": 55.696199176003574, "peak_vram_bytes": 1827403776}
{"step": 80, "loss": 3.522991418838501, "examples": 80, "session_seconds": 63.95419001200207, "peak_vram_bytes": 1827403776}
{"step": 90, "loss": 0.3365495800971985, "examples": 90, "session_seconds": 71.78243130299961, "peak_vram_bytes": 1827403776}
{"step": 100, "loss": 7.677712917327881, "examples": 100, "session_seconds": 78.93820787400182, "peak_vram_bytes": 1827403776}
Warning: You are sending unauthenticated requests to the HF Hub. Please set a HF_TOKEN to enable higher rate limits and faster downloads.
{"step": 110, "loss": 0.35386523604393005, "examples": 110, "session_seconds": 86.44680715999857, "peak_vram_bytes": 1827403776}
{"step": 120, "loss": 9.90616512298584, "examples": 120, "session_seconds": 93.5200162770052, "peak_vram_bytes": 1827403776}
{"step": 130, "loss": 0.4491354525089264, "examples": 130, "session_seconds": 100.6333896340002, "peak_vram_bytes": 1827403776}
{"step": 140, "loss": 8.364916801452637, "examples": 140, "session_seconds": 107.70758199600095, "peak_vram_bytes": 1827403776}
{"step": 150, "loss": 0.11706499755382538, "examples": 150, "session_seconds": 114.65457572699961, "peak_vram_bytes": 1827403776}
{"step": 160, "loss": 9.295130729675293, "examples": 160, "session_seconds": 121.66959709500225, "peak_vram_bytes": 1827403776}
{"step": 170, "loss": 5.183417797088623, "examples": 170, "session_seconds": 129.51089519900415, "peak_vram_bytes": 1827403776}
{"step": 180, "loss": 0.5939900875091553, "examples": 180, "session_seconds": 137.5822953349998, "peak_vram_bytes": 1827403776}
{"step": 190, "loss": 8.168235778808594, "examples": 190, "session_seconds": 145.13926271100354, "peak_vram_bytes": 1827403776}
{"step": 200, "loss": 0.19739246368408203, "examples": 200, "session_seconds": 152.17237572800514, "peak_vram_bytes": 1827403776}
{"step": 210, "loss": 0.8079813122749329, "examples": 210, "session_seconds": 159.5312479569984, "peak_vram_bytes": 1827403776}
{"step": 220, "loss": 0.053412310779094696, "examples": 220, "session_seconds": 166.55842113900144, "peak_vram_bytes": 1827403776}
{"step": 230, "loss": 18.315454483032227, "examples": 230, "session_seconds": 173.5019131670051, "peak_vram_bytes": 1827403776}
{"step": 240, "loss": 20.77942657470703, "examples": 240, "session_seconds": 180.53666440799861, "peak_vram_bytes": 1827403776}
{"step": 250, "loss": 0.038650937378406525, "examples": 250, "session_seconds": 187.52654432000418, "peak_vram_bytes": 1827403776}
{"step": 260, "loss": 0.8584182262420654, "examples": 260, "session_seconds": 194.60060526300367, "peak_vram_bytes": 1827586560}
{"step": 270, "loss": 0.03587695583701134, "examples": 270, "session_seconds": 201.59117234700534, "peak_vram_bytes": 1827586560}
{"step": 280, "loss": 10.985933303833008, "examples": 280, "session_seconds": 209.321978511005, "peak_vram_bytes": 1827586560}
{"step": 290, "loss": 13.847071647644043, "examples": 290, "session_seconds": 217.06120951699995, "peak_vram_bytes": 1827586560}
{"step": 300, "loss": 6.628951549530029, "examples": 300, "session_seconds": 224.52140344700456, "peak_vram_bytes": 1827586560}
{"step": 310, "loss": 0.30094626545906067, "examples": 310, "session_seconds": 232.71199294800317, "peak_vram_bytes": 1827586560}
{"step": 320, "loss": 0.0408160462975502, "examples": 320, "session_seconds": 240.79513539800246, "peak_vram_bytes": 1827586560}
{"step": 330, "loss": 6.519556045532227, "examples": 330, "session_seconds": 248.63163418600016, "peak_vram_bytes": 1827586560}
{"step": 340, "loss": 0.03478790819644928, "examples": 340, "session_seconds": 256.63256299000204, "peak_vram_bytes": 1827586560}
{"step": 350, "loss": 6.423267841339111, "examples": 350, "session_seconds": 264.5488269380003, "peak_vram_bytes": 1827586560}
{"step": 360, "loss": 0.03910622000694275, "examples": 360, "session_seconds": 272.35631192200526, "peak_vram_bytes": 1828274688}
{"step": 370, "loss": 0.03629697859287262, "examples": 370, "session_seconds": 279.8939946840037, "peak_vram_bytes": 1828274688}
{"step": 380, "loss": 0.03516288101673126, "examples": 380, "session_seconds": 287.7259165580035, "peak_vram_bytes": 1828274688}
{"step": 390, "loss": 0.03791718930006027, "examples": 390, "session_seconds": 295.31460546699964, "peak_vram_bytes": 1828274688}
{"step": 400, "loss": 0.03131529316306114, "examples": 400, "session_seconds": 302.4524238369995, "peak_vram_bytes": 1828274688}
{"step": 410, "loss": 0.029374174773693085, "examples": 410, "session_seconds": 310.0103611010054, "peak_vram_bytes": 1828274688}
{"step": 420, "loss": 0.027330299839377403, "examples": 420, "session_seconds": 317.27744914300274, "peak_vram_bytes": 1828274688}
{"step": 430, "loss": 0.1743238866329193, "examples": 430, "session_seconds": 324.62437004299863, "peak_vram_bytes": 1828274688}
{"step": 440, "loss": 0.054706864058971405, "examples": 440, "session_seconds": 332.1048552479988, "peak_vram_bytes": 1828274688}
{"step": 450, "loss": 0.028733624145388603, "examples": 450, "session_seconds": 339.63686003199837, "peak_vram_bytes": 1828274688}
{"step": 460, "loss": 0.025455094873905182, "examples": 460, "session_seconds": 347.07840613900044, "peak_vram_bytes": 1828274688}
{"step": 470, "loss": 0.024833953008055687, "examples": 470, "session_seconds": 354.70865147400036, "peak_vram_bytes": 1828274688}
{"step": 480, "loss": 0.024028241634368896, "examples": 480, "session_seconds": 362.27457716600475, "peak_vram_bytes": 1828274688}
{"step": 490, "loss": 0.023012349382042885, "examples": 490, "session_seconds": 369.7933634920046, "peak_vram_bytes": 1828274688}
{"step": 500, "loss": 0.059559281915426254, "examples": 500, "session_seconds": 377.1432318840016, "peak_vram_bytes": 1829667840}
{"step": 510, "loss": 14.15750789642334, "examples": 510, "session_seconds": 385.48837061000086, "peak_vram_bytes": 1829667840}
{"step": 520, "loss": 0.02224351279437542, "examples": 520, "session_seconds": 393.6135333780039, "peak_vram_bytes": 1829667840}
{"step": 530, "loss": 0.020111335441470146, "examples": 530, "session_seconds": 401.26767677300086, "peak_vram_bytes": 1829667840}
{"step": 540, "loss": 0.040795404464006424, "examples": 540, "session_seconds": 409.4704699580034, "peak_vram_bytes": 1829667840}
{"step": 550, "loss": 0.03332725167274475, "examples": 550, "session_seconds": 416.687589920999, "peak_vram_bytes": 1829667840}
{"step": 560, "loss": 0.019384298473596573, "examples": 560, "session_seconds": 423.8117149760001, "peak_vram_bytes": 1829667840}
{"step": 570, "loss": 27.2790584564209, "examples": 570, "session_seconds": 430.961871159001, "peak_vram_bytes": 1829667840}
{"step": 580, "loss": 0.01804717257618904, "examples": 580, "session_seconds": 439.10727995100024, "peak_vram_bytes": 1829667840}
{"step": 590, "loss": 0.017284920439124107, "examples": 590, "session_seconds": 447.23056453300524, "peak_vram_bytes": 1829667840}
{"step": 600, "loss": 12.614893913269043, "examples": 600, "session_seconds": 454.5499704180038, "peak_vram_bytes": 1829667840}
{"step": 610, "loss": 1.4693928956985474, "examples": 610, "session_seconds": 462.50838975900115, "peak_vram_bytes": 1829667840}
{"step": 620, "loss": 0.019368477165699005, "examples": 620, "session_seconds": 470.24280308200105, "peak_vram_bytes": 1829667840}
{"step": 630, "loss": 0.017978880554437637, "examples": 630, "session_seconds": 478.32032135900226, "peak_vram_bytes": 1829667840}
{"step": 640, "loss": 0.05325482785701752, "examples": 640, "session_seconds": 486.59987296200416, "peak_vram_bytes": 1829667840}
{"step": 650, "loss": 0.015868056565523148, "examples": 650, "session_seconds": 494.8848280250022, "peak_vram_bytes": 1829667840}
{"step": 660, "loss": 25.218856811523438, "examples": 660, "session_seconds": 502.75659957600146, "peak_vram_bytes": 1829667840}
{"step": 670, "loss": 17.25008201599121, "examples": 670, "session_seconds": 510.9259328690023, "peak_vram_bytes": 1829667840}
{"step": 680, "loss": 8.585256576538086, "examples": 680, "session_seconds": 518.9579214789992, "peak_vram_bytes": 1829667840}
{"step": 690, "loss": 1.6116561889648438, "examples": 690, "session_seconds": 526.9438901340036, "peak_vram_bytes": 1829667840}
{"step": 700, "loss": 0.015578997321426868, "examples": 700, "session_seconds": 535.2905783860042, "peak_vram_bytes": 1829667840}
{"step": 710, "loss": 0.1917584091424942, "examples": 710, "session_seconds": 543.5619913690025, "peak_vram_bytes": 1829667840}
{"step": 720, "loss": 1.053483486175537, "examples": 720, "session_seconds": 551.5432149900007, "peak_vram_bytes": 1829667840}
{"step": 730, "loss": 0.016588453203439713, "examples": 730, "session_seconds": 559.4141811860027, "peak_vram_bytes": 1829667840}
{"step": 740, "loss": 0.018791429698467255, "examples": 740, "session_seconds": 567.6143726869996, "peak_vram_bytes": 1829667840}
{"step": 750, "loss": 16.340456008911133, "examples": 750, "session_seconds": 575.3876054510038, "peak_vram_bytes": 1829667840}
{"step": 760, "loss": 0.026717714965343475, "examples": 760, "session_seconds": 583.005818798003, "peak_vram_bytes": 1829667840}
{"step": 770, "loss": 4.833779335021973, "examples": 770, "session_seconds": 591.4501646680001, "peak_vram_bytes": 1829667840}
{"step": 780, "loss": 0.034766342490911484, "examples": 780, "session_seconds": 599.4215451019991, "peak_vram_bytes": 1829667840}
{"step": 790, "loss": 0.01591905765235424, "examples": 790, "session_seconds": 607.5198262820049, "peak_vram_bytes": 1829667840}
{"step": 800, "loss": 11.127973556518555, "examples": 800, "session_seconds": 615.5600723880052, "peak_vram_bytes": 1829667840}
{"step": 810, "loss": 12.996145248413086, "examples": 810, "session_seconds": 623.6407533349993, "peak_vram_bytes": 1829667840}
{"step": 820, "loss": 3.900888442993164, "examples": 820, "session_seconds": 631.0333103270023, "peak_vram_bytes": 1829667840}
{"step": 830, "loss": 16.02532958984375, "examples": 830, "session_seconds": 638.4226188480025, "peak_vram_bytes": 1829667840}
{"step": 840, "loss": 0.01922762580215931, "examples": 840, "session_seconds": 645.5801038680002, "peak_vram_bytes": 1829667840}
{"step": 850, "loss": 0.015543010085821152, "examples": 850, "session_seconds": 652.5843957090037, "peak_vram_bytes": 1829667840}
{"step": 860, "loss": 6.672379016876221, "examples": 860, "session_seconds": 659.6038409399989, "peak_vram_bytes": 1829667840}
{"step": 870, "loss": 0.33526208996772766, "examples": 870, "session_seconds": 666.7759881520033, "peak_vram_bytes": 1829667840}
{"step": 880, "loss": 0.01628301478922367, "examples": 880, "session_seconds": 673.7327561749989, "peak_vram_bytes": 1829667840}
{"step": 890, "loss": 0.015404367819428444, "examples": 890, "session_seconds": 681.3330177710013, "peak_vram_bytes": 1829667840}
{"step": 900, "loss": 0.014981108717620373, "examples": 900, "session_seconds": 689.0235796660054, "peak_vram_bytes": 1829667840}
{"step": 910, "loss": 0.014984400942921638, "examples": 910, "session_seconds": 697.3362919220017, "peak_vram_bytes": 1829667840}
{"step": 920, "loss": 10.390008926391602, "examples": 920, "session_seconds": 705.0963153379998, "peak_vram_bytes": 1829667840}
{"step": 930, "loss": 0.07379727065563202, "examples": 930, "session_seconds": 712.9746596769983, "peak_vram_bytes": 1829667840}
{"step": 940, "loss": 4.348133087158203, "examples": 940, "session_seconds": 721.123042170002, "peak_vram_bytes": 1829667840}
{"step": 950, "loss": 0.39202597737312317, "examples": 950, "session_seconds": 728.8712886170033, "peak_vram_bytes": 1829667840}
{"step": 960, "loss": 0.015849050134420395, "examples": 960, "session_seconds": 735.8841846830037, "peak_vram_bytes": 1829667840}
{"step": 970, "loss": 12.067436218261719, "examples": 970, "session_seconds": 742.8811275570042, "peak_vram_bytes": 1829667840}
{"step": 980, "loss": 17.836105346679688, "examples": 980, "session_seconds": 750.3190973200035, "peak_vram_bytes": 1829667840}
{"step": 990, "loss": 14.624882698059082, "examples": 990, "session_seconds": 758.6444928120036, "peak_vram_bytes": 1829667840}
{"step": 1000, "loss": 3.916086435317993, "examples": 1000, "session_seconds": 766.708567255002, "peak_vram_bytes": 1829667840}
{"step": 1010, "loss": 0.1288285106420517, "examples": 1010, "session_seconds": 775.5140071700007, "peak_vram_bytes": 1829667840}
{"step": 1020, "loss": 0.24909429252147675, "examples": 1020, "session_seconds": 783.7252429159998, "peak_vram_bytes": 1829667840}
{"step": 1030, "loss": 0.015117449685931206, "examples": 1030, "session_seconds": 791.6476363780021, "peak_vram_bytes": 1829667840}
{"step": 1040, "loss": 13.250378608703613, "examples": 1040, "session_seconds": 799.592924479999, "peak_vram_bytes": 1829667840}
{"step": 1050, "loss": 3.2233362197875977, "examples": 1050, "session_seconds": 807.7913584320049, "peak_vram_bytes": 1829667840}
{"step": 1060, "loss": 0.014736359938979149, "examples": 1060, "session_seconds": 815.6848557280027, "peak_vram_bytes": 1829667840}
{"step": 1070, "loss": 2.311680316925049, "examples": 1070, "session_seconds": 824.0551564640045, "peak_vram_bytes": 1829667840}
{"step": 1080, "loss": 4.900102138519287, "examples": 1080, "session_seconds": 832.4091887550021, "peak_vram_bytes": 1829667840}
{"step": 1090, "loss": 0.01520858146250248, "examples": 1090, "session_seconds": 840.8467809020003, "peak_vram_bytes": 1829667840}
{"step": 1100, "loss": 0.17405591905117035, "examples": 1100, "session_seconds": 849.2607813260038, "peak_vram_bytes": 1829667840}
{"step": 1110, "loss": 0.03318236023187637, "examples": 1110, "session_seconds": 857.698485699002, "peak_vram_bytes": 1829667840}
{"step": 1120, "loss": 0.016973018646240234, "examples": 1120, "session_seconds": 865.5384503930036, "peak_vram_bytes": 1829667840}
{"step": 1130, "loss": 0.014451630413532257, "examples": 1130, "session_seconds": 873.1899620460026, "peak_vram_bytes": 1829667840}
{"step": 1140, "loss": 0.014491678215563297, "examples": 1140, "session_seconds": 881.0845112770039, "peak_vram_bytes": 1829667840}
{"step": 1150, "loss": 7.5378923416137695, "examples": 1150, "session_seconds": 889.1273335180013, "peak_vram_bytes": 1829667840}
{"step": 1160, "loss": 0.021219201385974884, "examples": 1160, "session_seconds": 896.7391254309987, "peak_vram_bytes": 1829667840}
{"step": 1170, "loss": 16.568115234375, "examples": 1170, "session_seconds": 903.9609286539999, "peak_vram_bytes": 1829667840}
{"step": 1180, "loss": 0.021706676110625267, "examples": 1180, "session_seconds": 911.180243406001, "peak_vram_bytes": 1829667840}
{"step": 1190, "loss": 11.705485343933105, "examples": 1190, "session_seconds": 919.1264233740003, "peak_vram_bytes": 1829667840}
{"step": 1200, "loss": 0.19668735563755035, "examples": 1200, "session_seconds": 927.0864559000038, "peak_vram_bytes": 1829667840}
{"step": 1210, "loss": 20.562761306762695, "examples": 1210, "session_seconds": 935.2160567430037, "peak_vram_bytes": 1829667840}
{"step": 1220, "loss": 0.016854042187333107, "examples": 1220, "session_seconds": 942.6803318460006, "peak_vram_bytes": 1829667840}
{"step": 1230, "loss": 0.014379517175257206, "examples": 1230, "session_seconds": 950.1040264699986, "peak_vram_bytes": 1829667840}
{"step": 1240, "loss": 3.97786808013916, "examples": 1240, "session_seconds": 957.5238388970029, "peak_vram_bytes": 1829667840}
{"step": 1250, "loss": 0.01610582508146763, "examples": 1250, "session_seconds": 965.4695128050007, "peak_vram_bytes": 1829667840}
{"step": 1260, "loss": 0.016850704327225685, "examples": 1260, "session_seconds": 973.5817903970019, "peak_vram_bytes": 1829667840}
{"step": 1270, "loss": 13.249472618103027, "examples": 1270, "session_seconds": 981.4703193220048, "peak_vram_bytes": 1829667840}
{"step": 1280, "loss": 18.4918155670166, "examples": 1280, "session_seconds": 989.6813305350006, "peak_vram_bytes": 1829667840}
{"step": 1290, "loss": 0.019356083124876022, "examples": 1290, "session_seconds": 997.8667427649998, "peak_vram_bytes": 1829667840}
{"step": 1300, "loss": 0.021137189120054245, "examples": 1300, "session_seconds": 1005.9729285319991, "peak_vram_bytes": 1829667840}
{"step": 1310, "loss": 0.017929084599018097, "examples": 1310, "session_seconds": 1014.4659428240047, "peak_vram_bytes": 1829667840}
{"step": 1320, "loss": 28.28473663330078, "examples": 1320, "session_seconds": 1022.425684640999, "peak_vram_bytes": 1829667840}
{"step": 1330, "loss": 12.080157279968262, "examples": 1330, "session_seconds": 1029.6515685220002, "peak_vram_bytes": 1829667840}
{"step": 1340, "loss": 0.017757629975676537, "examples": 1340, "session_seconds": 1037.2586633280007, "peak_vram_bytes": 1829667840}
{"step": 1350, "loss": 0.01540149562060833, "examples": 1350, "session_seconds": 1045.4332253590037, "peak_vram_bytes": 1829667840}
{"step": 1360, "loss": 0.02121521346271038, "examples": 1360, "session_seconds": 1052.9534808980025, "peak_vram_bytes": 1829667840}
{"step": 1370, "loss": 16.643779754638672, "examples": 1370, "session_seconds": 1060.2171343849986, "peak_vram_bytes": 1829667840}
{"step": 1380, "loss": 0.018105898052453995, "examples": 1380, "session_seconds": 1067.493839572002, "peak_vram_bytes": 1829667840}
{"step": 1390, "loss": 0.016988229006528854, "examples": 1390, "session_seconds": 1074.837387943, "peak_vram_bytes": 1829667840}
{"step": 1400, "loss": 0.14420053362846375, "examples": 1400, "session_seconds": 1082.0545434570013, "peak_vram_bytes": 1829667840}
{"step": 1410, "loss": 7.565053462982178, "examples": 1410, "session_seconds": 1089.5467949259983, "peak_vram_bytes": 1829667840}
{"step": 1420, "loss": 0.49804407358169556, "examples": 1420, "session_seconds": 1096.72707257, "peak_vram_bytes": 1829667840}
{"step": 1430, "loss": 0.01602260023355484, "examples": 1430, "session_seconds": 1103.812744322, "peak_vram_bytes": 1829667840}
{"step": 1440, "loss": 0.02273392677307129, "examples": 1440, "session_seconds": 1110.9990774410035, "peak_vram_bytes": 1829667840}
{"step": 1450, "loss": 0.014483138918876648, "examples": 1450, "session_seconds": 1118.0454116820038, "peak_vram_bytes": 1829667840}
{"step": 1460, "loss": 0.01467101089656353, "examples": 1460, "session_seconds": 1125.1226563320015, "peak_vram_bytes": 1829667840}
{"step": 1470, "loss": 0.01718461513519287, "examples": 1470, "session_seconds": 1132.2012824190024, "peak_vram_bytes": 1829667840}
{"step": 1480, "loss": 0.016104066744446754, "examples": 1480, "session_seconds": 1139.4066124520032, "peak_vram_bytes": 1829667840}
{"step": 1490, "loss": 0.016220364719629288, "examples": 1490, "session_seconds": 1146.6188571060047, "peak_vram_bytes": 1829667840}
{"step": 1500, "loss": 7.2266716957092285, "examples": 1500, "session_seconds": 1153.7692872629996, "peak_vram_bytes": 1829667840}
{"step": 1510, "loss": 16.459815979003906, "examples": 1510, "session_seconds": 1161.1986021300036, "peak_vram_bytes": 1829667840}
{"step": 1520, "loss": 5.1319756507873535, "examples": 1520, "session_seconds": 1168.3778357420015, "peak_vram_bytes": 1829667840}
{"step": 1530, "loss": 0.015327874571084976, "examples": 1530, "session_seconds": 1176.3739835400047, "peak_vram_bytes": 1829667840}
{"step": 1540, "loss": 0.05832041800022125, "examples": 1540, "session_seconds": 1184.013606903005, "peak_vram_bytes": 1829667840}
{"step": 1550, "loss": 0.15536314249038696, "examples": 1550, "session_seconds": 1191.9246884489985, "peak_vram_bytes": 1829667840}
{"step": 1560, "loss": 0.014532728120684624, "examples": 1560, "session_seconds": 1199.9242506260052, "peak_vram_bytes": 1829667840}
{"step": 1570, "loss": 12.670222282409668, "examples": 1570, "session_seconds": 1207.846326910003, "peak_vram_bytes": 1829667840}
{"step": 1580, "loss": 0.01619209349155426, "examples": 1580, "session_seconds": 1215.736632830005, "peak_vram_bytes": 1829667840}
{"step": 1590, "loss": 0.018898382782936096, "examples": 1590, "session_seconds": 1223.1423051860038, "peak_vram_bytes": 1829667840}
{"step": 1600, "loss": 0.015452573075890541, "examples": 1600, "session_seconds": 1230.5993316110034, "peak_vram_bytes": 1829667840}
{"step": 1610, "loss": 0.01647355407476425, "examples": 1610, "session_seconds": 1238.9174900150028, "peak_vram_bytes": 1829667840}
{"step": 1620, "loss": 0.19920307397842407, "examples": 1620, "session_seconds": 1247.1642450020008, "peak_vram_bytes": 1832199680}
{"step": 1630, "loss": 0.02157963067293167, "examples": 1630, "session_seconds": 1255.1128399189984, "peak_vram_bytes": 1832199680}
{"step": 1640, "loss": 0.01473301462829113, "examples": 1640, "session_seconds": 1262.9465055859982, "peak_vram_bytes": 1832199680}
{"step": 1650, "loss": 7.353935718536377, "examples": 1650, "session_seconds": 1270.8789648009988, "peak_vram_bytes": 1832199680}
{"step": 1660, "loss": 7.436110496520996, "examples": 1660, "session_seconds": 1278.9620532129993, "peak_vram_bytes": 1832199680}
{"step": 1670, "loss": 0.01585441827774048, "examples": 1670, "session_seconds": 1286.9240898550051, "peak_vram_bytes": 1832199680}
{"step": 1680, "loss": 0.014914819039404392, "examples": 1680, "session_seconds": 1295.2584320079986, "peak_vram_bytes": 1832199680}
{"step": 1690, "loss": 1.1519832611083984, "examples": 1690, "session_seconds": 1303.1795542460022, "peak_vram_bytes": 1832199680}
{"step": 1700, "loss": 4.622751235961914, "examples": 1700, "session_seconds": 1311.0967139409986, "peak_vram_bytes": 1832199680}
{"step": 1710, "loss": 0.018173402175307274, "examples": 1710, "session_seconds": 1319.1241283690033, "peak_vram_bytes": 1832199680}
{"step": 1720, "loss": 0.015076464042067528, "examples": 1720, "session_seconds": 1326.5701233670043, "peak_vram_bytes": 1832199680}
{"step": 1730, "loss": 0.014592372812330723, "examples": 1730, "session_seconds": 1333.8041990089987, "peak_vram_bytes": 1832199680}
{"step": 1740, "loss": 0.029945755377411842, "examples": 1740, "session_seconds": 1341.0674882110034, "peak_vram_bytes": 1832199680}
{"step": 1750, "loss": 0.022133903577923775, "examples": 1750, "session_seconds": 1348.7577901090044, "peak_vram_bytes": 1832199680}
{"step": 1760, "loss": 0.015440700575709343, "examples": 1760, "session_seconds": 1356.6585283649983, "peak_vram_bytes": 1832199680}
{"step": 1770, "loss": 0.014517921023070812, "examples": 1770, "session_seconds": 1364.6133610410034, "peak_vram_bytes": 1832199680}
{"step": 1780, "loss": 0.018541239202022552, "examples": 1780, "session_seconds": 1372.931662355004, "peak_vram_bytes": 1832199680}
{"step": 1790, "loss": 0.02201220951974392, "examples": 1790, "session_seconds": 1381.181453092002, "peak_vram_bytes": 1832199680}
{"step": 1800, "loss": 23.536334991455078, "examples": 1800, "session_seconds": 1389.3364862870003, "peak_vram_bytes": 1832199680}
{"step": 1810, "loss": 0.014632864855229855, "examples": 1810, "session_seconds": 1397.7343645319997, "peak_vram_bytes": 1832199680}
{"step": 1820, "loss": 15.634469032287598, "examples": 1820, "session_seconds": 1406.0227077820018, "peak_vram_bytes": 1832199680}
{"step": 1830, "loss": 3.8165862560272217, "examples": 1830, "session_seconds": 1414.4068387439984, "peak_vram_bytes": 1832199680}
{"step": 1840, "loss": 3.7068278789520264, "examples": 1840, "session_seconds": 1422.676527427, "peak_vram_bytes": 1832199680}
{"step": 1850, "loss": 0.10347805917263031, "examples": 1850, "session_seconds": 1430.490908892003, "peak_vram_bytes": 1832199680}
{"step": 1860, "loss": 9.74959945678711, "examples": 1860, "session_seconds": 1438.7833517820036, "peak_vram_bytes": 1832199680}
{"step": 1870, "loss": 0.014771904796361923, "examples": 1870, "session_seconds": 1447.041959410999, "peak_vram_bytes": 1832199680}
{"step": 1880, "loss": 13.003887176513672, "examples": 1880, "session_seconds": 1455.3321474240001, "peak_vram_bytes": 1832199680}
{"step": 1890, "loss": 0.21162299811840057, "examples": 1890, "session_seconds": 1463.4398015370025, "peak_vram_bytes": 1832199680}
{"step": 1900, "loss": 0.06264062225818634, "examples": 1900, "session_seconds": 1471.3402203430014, "peak_vram_bytes": 1832199680}
{"step": 1910, "loss": 0.014131023548543453, "examples": 1910, "session_seconds": 1479.9919655470003, "peak_vram_bytes": 1832199680}
{"step": 1920, "loss": 13.048852920532227, "examples": 1920, "session_seconds": 1487.5718526120036, "peak_vram_bytes": 1832199680}
{"step": 1930, "loss": 12.091723442077637, "examples": 1930, "session_seconds": 1495.5979811330035, "peak_vram_bytes": 1832199680}
{"step": 1940, "loss": 0.0164673812687397, "examples": 1940, "session_seconds": 1503.6059114290038, "peak_vram_bytes": 1832199680}
{"step": 1950, "loss": 0.014512090012431145, "examples": 1950, "session_seconds": 1511.0476381670014, "peak_vram_bytes": 1832199680}
{"step": 1960, "loss": 0.027507444843649864, "examples": 1960, "session_seconds": 1518.1493627730015, "peak_vram_bytes": 1832199680}
{"step": 1970, "loss": 0.029043417423963547, "examples": 1970, "session_seconds": 1525.6892722019984, "peak_vram_bytes": 1832199680}
{"step": 1980, "loss": 0.014636743813753128, "examples": 1980, "session_seconds": 1533.6060854250027, "peak_vram_bytes": 1832199680}
{"step": 1990, "loss": 19.253942489624023, "examples": 1990, "session_seconds": 1541.736246983004, "peak_vram_bytes": 1832199680}
{"step": 2000, "loss": 0.01425639446824789, "examples": 2000, "session_seconds": 1549.5394659750018, "peak_vram_bytes": 1832199680}
{"step": 2010, "loss": 0.014412256889045238, "examples": 2010, "session_seconds": 1558.1263319280042, "peak_vram_bytes": 1832199680}
{"step": 2020, "loss": 0.3974563479423523, "examples": 2020, "session_seconds": 1566.1620708129994, "peak_vram_bytes": 1832199680}
{"step": 2030, "loss": 0.014576166868209839, "examples": 2030, "session_seconds": 1574.0888877110046, "peak_vram_bytes": 1832199680}
{"step": 2040, "loss": 0.02388639561831951, "examples": 2040, "session_seconds": 1582.0561746210005, "peak_vram_bytes": 1832199680}
{"step": 2050, "loss": 0.031271811574697495, "examples": 2050, "session_seconds": 1590.0751737669998, "peak_vram_bytes": 1832199680}
{"step": 2060, "loss": 0.014337507076561451, "examples": 2060, "session_seconds": 1597.5684380599996, "peak_vram_bytes": 1832199680}
{"step": 2070, "loss": 0.04198542609810829, "examples": 2070, "session_seconds": 1604.9153035089985, "peak_vram_bytes": 1832199680}
{"step": 2080, "loss": 10.733893394470215, "examples": 2080, "session_seconds": 1612.3462281989996, "peak_vram_bytes": 1832199680}
{"step": 2090, "loss": 0.04718288779258728, "examples": 2090, "session_seconds": 1619.537740284999, "peak_vram_bytes": 1832199680}
{"step": 2100, "loss": 5.165414333343506, "examples": 2100, "session_seconds": 1626.5600269089991, "peak_vram_bytes": 1832199680}
{"step": 2110, "loss": 0.020282872021198273, "examples": 2110, "session_seconds": 1634.433692081002, "peak_vram_bytes": 1832199680}
{"step": 2120, "loss": 13.21214485168457, "examples": 2120, "session_seconds": 1642.2821679090048, "peak_vram_bytes": 1832199680}
{"step": 2130, "loss": 15.79398250579834, "examples": 2130, "session_seconds": 1650.6178797559987, "peak_vram_bytes": 1832199680}
{"step": 2140, "loss": 20.30379295349121, "examples": 2140, "session_seconds": 1658.809247516001, "peak_vram_bytes": 1832199680}
{"step": 2150, "loss": 15.506265640258789, "examples": 2150, "session_seconds": 1666.6789086870049, "peak_vram_bytes": 1832199680}
{"step": 2160, "loss": 0.014253383502364159, "examples": 2160, "session_seconds": 1673.9895850899993, "peak_vram_bytes": 1832199680}
{"step": 2170, "loss": 0.014031955040991306, "examples": 2170, "session_seconds": 1681.395264232, "peak_vram_bytes": 1832199680}
{"step": 2180, "loss": 0.014665303751826286, "examples": 2180, "session_seconds": 1688.6327093120053, "peak_vram_bytes": 1832199680}
{"step": 2190, "loss": 0.013880019076168537, "examples": 2190, "session_seconds": 1695.948810574002, "peak_vram_bytes": 1832199680}
{"step": 2200, "loss": 0.0139674823731184, "examples": 2200, "session_seconds": 1703.1183171650046, "peak_vram_bytes": 1832199680}
{"step": 2210, "loss": 18.83009910583496, "examples": 2210, "session_seconds": 1710.970519239003, "peak_vram_bytes": 1832199680}
{"step": 2220, "loss": 0.9943717122077942, "examples": 2220, "session_seconds": 1719.2091579780026, "peak_vram_bytes": 1832199680}
{"step": 2230, "loss": 0.014385964721441269, "examples": 2230, "session_seconds": 1726.821801158003, "peak_vram_bytes": 1832199680}
{"step": 2240, "loss": 19.880268096923828, "examples": 2240, "session_seconds": 1734.2037322890028, "peak_vram_bytes": 1832199680}
{"step": 2250, "loss": 0.019876964390277863, "examples": 2250, "session_seconds": 1741.6032488380006, "peak_vram_bytes": 1832199680}
{"step": 2260, "loss": 0.01390264742076397, "examples": 2260, "session_seconds": 1748.8131902640016, "peak_vram_bytes": 1832199680}
{"step": 2270, "loss": 0.03372776508331299, "examples": 2270, "session_seconds": 1755.9680846039992, "peak_vram_bytes": 1832199680}
{"step": 2280, "loss": 5.693573951721191, "examples": 2280, "session_seconds": 1763.0897906430037, "peak_vram_bytes": 1832199680}
{"step": 2290, "loss": 0.013979368843138218, "examples": 2290, "session_seconds": 1770.179096521002, "peak_vram_bytes": 1832199680}
{"step": 2300, "loss": 0.014717578887939453, "examples": 2300, "session_seconds": 1777.7545029030007, "peak_vram_bytes": 1832199680}
{"step": 2310, "loss": 11.288125038146973, "examples": 2310, "session_seconds": 1786.2366835089997, "peak_vram_bytes": 1832199680}
{"step": 2320, "loss": 0.013738860376179218, "examples": 2320, "session_seconds": 1794.0757564880041, "peak_vram_bytes": 1832199680}
{"step": 2330, "loss": 1.982257604598999, "examples": 2330, "session_seconds": 1802.3104801029986, "peak_vram_bytes": 1832199680}
{"step": 2340, "loss": 0.6853616237640381, "examples": 2340, "session_seconds": 1810.2781346440024, "peak_vram_bytes": 1832199680}
{"step": 2350, "loss": 0.014120225794613361, "examples": 2350, "session_seconds": 1818.1787326090052, "peak_vram_bytes": 1832199680}
{"step": 2360, "loss": 9.47976303100586, "examples": 2360, "session_seconds": 1826.0491006740049, "peak_vram_bytes": 1832199680}
{"step": 2370, "loss": 2.0962696075439453, "examples": 2370, "session_seconds": 1833.968928795999, "peak_vram_bytes": 1832199680}
{"step": 2380, "loss": 0.014035919681191444, "examples": 2380, "session_seconds": 1842.0630705680014, "peak_vram_bytes": 1832199680}
{"step": 2390, "loss": 0.01481524296104908, "examples": 2390, "session_seconds": 1849.959687280003, "peak_vram_bytes": 1832199680}
{"step": 2400, "loss": 0.22811326384544373, "examples": 2400, "session_seconds": 1858.2044238950039, "peak_vram_bytes": 1832199680}
{"step": 2410, "loss": 10.47126293182373, "examples": 2410, "session_seconds": 1866.7118815659996, "peak_vram_bytes": 1832199680}
{"step": 2420, "loss": 10.45078182220459, "examples": 2420, "session_seconds": 1874.5941242210029, "peak_vram_bytes": 1832199680}
{"step": 2430, "loss": 1.7608675956726074, "examples": 2430, "session_seconds": 1881.8194735920042, "peak_vram_bytes": 1832199680}
{"step": 2440, "loss": 0.013781781308352947, "examples": 2440, "session_seconds": 1888.8886427530015, "peak_vram_bytes": 1832199680}
{"step": 2450, "loss": 0.01380958128720522, "examples": 2450, "session_seconds": 1895.9486553720053, "peak_vram_bytes": 1832199680}
{"step": 2460, "loss": 0.03892893344163895, "examples": 2460, "session_seconds": 1903.1612605629998, "peak_vram_bytes": 1832199680}
{"step": 2470, "loss": 0.01427797507494688, "examples": 2470, "session_seconds": 1910.340665266005, "peak_vram_bytes": 1832199680}
{"step": 2480, "loss": 0.013833127915859222, "examples": 2480, "session_seconds": 1917.5033268210027, "peak_vram_bytes": 1832199680}
{"step": 2490, "loss": 0.015538305044174194, "examples": 2490, "session_seconds": 1924.580221393, "peak_vram_bytes": 1832199680}
{"step": 2500, "loss": 0.013735915534198284, "examples": 2500, "session_seconds": 1931.7711103410038, "peak_vram_bytes": 1832199680}
{"step": 2510, "loss": 8.021452903747559, "examples": 2510, "session_seconds": 1939.3109821649996, "peak_vram_bytes": 1832199680}
{"step": 2520, "loss": 0.014264165423810482, "examples": 2520, "session_seconds": 1946.386525810005, "peak_vram_bytes": 1832199680}
{"step": 2530, "loss": 0.019444946199655533, "examples": 2530, "session_seconds": 1953.6191238419997, "peak_vram_bytes": 1832199680}
{"step": 2540, "loss": 5.336938858032227, "examples": 2540, "session_seconds": 1960.7982517060009, "peak_vram_bytes": 1832199680}
{"step": 2550, "loss": 9.139613151550293, "examples": 2550, "session_seconds": 1968.0096129910016, "peak_vram_bytes": 1832199680}
{"step": 2560, "loss": 0.01764177903532982, "examples": 2560, "session_seconds": 1975.1133912720034, "peak_vram_bytes": 1832199680}
{"step": 2570, "loss": 0.013763276860117912, "examples": 2570, "session_seconds": 1982.2562487239993, "peak_vram_bytes": 1832199680}
{"step": 2580, "loss": 0.013904599472880363, "examples": 2580, "session_seconds": 1989.3392136930051, "peak_vram_bytes": 1832199680}
{"step": 2590, "loss": 0.013964417390525341, "examples": 2590, "session_seconds": 1996.2484043700024, "peak_vram_bytes": 1832199680}
{"step": 2600, "loss": 0.014021333307027817, "examples": 2600, "session_seconds": 2003.3340169130024, "peak_vram_bytes": 1832199680}
{"step": 2610, "loss": 2.645414113998413, "examples": 2610, "session_seconds": 2010.8003971700018, "peak_vram_bytes": 1832199680}
{"step": 2620, "loss": 0.014560460112988949, "examples": 2620, "session_seconds": 2017.9045215000006, "peak_vram_bytes": 1832199680}
{"step": 2630, "loss": 0.033711500465869904, "examples": 2630, "session_seconds": 2025.0093289350043, "peak_vram_bytes": 1832199680}
{"step": 2640, "loss": 0.013678803108632565, "examples": 2640, "session_seconds": 2032.1402357070037, "peak_vram_bytes": 1832199680}
{"step": 2650, "loss": 0.013666296377778053, "examples": 2650, "session_seconds": 2039.2146383780055, "peak_vram_bytes": 1832199680}
{"step": 2660, "loss": 0.013703854754567146, "examples": 2660, "session_seconds": 2046.6739279870017, "peak_vram_bytes": 1832199680}
{"step": 2670, "loss": 0.015504414215683937, "examples": 2670, "session_seconds": 2054.4785479850034, "peak_vram_bytes": 1832199680}
{"step": 2680, "loss": 0.014875875785946846, "examples": 2680, "session_seconds": 2062.464371754002, "peak_vram_bytes": 1832199680}
{"step": 2690, "loss": 0.014743980020284653, "examples": 2690, "session_seconds": 2070.442483427003, "peak_vram_bytes": 1832199680}
{"step": 2700, "loss": 0.01883356086909771, "examples": 2700, "session_seconds": 2078.349275708002, "peak_vram_bytes": 1832199680}
{"step": 2710, "loss": 0.014917147345840931, "examples": 2710, "session_seconds": 2086.9756956810015, "peak_vram_bytes": 1832199680}
{"step": 2720, "loss": 0.014860611408948898, "examples": 2720, "session_seconds": 2095.4002100760044, "peak_vram_bytes": 1832199680}
{"step": 2730, "loss": 7.428191661834717, "examples": 2730, "session_seconds": 2103.095287105003, "peak_vram_bytes": 1832199680}
{"step": 2740, "loss": 0.01373310573399067, "examples": 2740, "session_seconds": 2110.8126879590054, "peak_vram_bytes": 1832199680}
{"step": 2750, "loss": 0.013888351619243622, "examples": 2750, "session_seconds": 2118.9137442909996, "peak_vram_bytes": 1832199680}
{"step": 2760, "loss": 3.5377299785614014, "examples": 2760, "session_seconds": 2127.026375130001, "peak_vram_bytes": 1832199680}
{"step": 2770, "loss": 0.01692764274775982, "examples": 2770, "session_seconds": 2135.217837973003, "peak_vram_bytes": 1832199680}
{"step": 2780, "loss": 0.11491542309522629, "examples": 2780, "session_seconds": 2143.5036000860055, "peak_vram_bytes": 1832199680}
{"step": 2790, "loss": 16.171449661254883, "examples": 2790, "session_seconds": 2151.456076137001, "peak_vram_bytes": 1832199680}
{"step": 2800, "loss": 0.5486236810684204, "examples": 2800, "session_seconds": 2159.6556162240013, "peak_vram_bytes": 1832199680}
{"step": 2810, "loss": 3.758960723876953, "examples": 2810, "session_seconds": 2167.982703490001, "peak_vram_bytes": 1832199680}
{"step": 2820, "loss": 8.708516120910645, "examples": 2820, "session_seconds": 2176.0747579579984, "peak_vram_bytes": 1832199680}
{"step": 2830, "loss": 4.120692253112793, "examples": 2830, "session_seconds": 2183.422405312005, "peak_vram_bytes": 1832199680}
{"step": 2840, "loss": 0.014179606921970844, "examples": 2840, "session_seconds": 2190.508282046001, "peak_vram_bytes": 1832199680}
{"step": 2850, "loss": 0.014763833954930305, "examples": 2850, "session_seconds": 2197.486438081003, "peak_vram_bytes": 1832199680}
{"step": 2860, "loss": 0.014412986114621162, "examples": 2860, "session_seconds": 2204.542292351005, "peak_vram_bytes": 1832199680}
{"step": 2870, "loss": 20.44239616394043, "examples": 2870, "session_seconds": 2211.5950296299998, "peak_vram_bytes": 1832199680}
{"step": 2880, "loss": 0.01428295485675335, "examples": 2880, "session_seconds": 2219.334054320003, "peak_vram_bytes": 1832199680}
{"step": 2890, "loss": 0.013806428760290146, "examples": 2890, "session_seconds": 2226.6983286329996, "peak_vram_bytes": 1832199680}
{"step": 2900, "loss": 0.0144306356087327, "examples": 2900, "session_seconds": 2233.7034799770045, "peak_vram_bytes": 1832199680}
{"step": 2910, "loss": 0.49265149235725403, "examples": 2910, "session_seconds": 2240.715592452005, "peak_vram_bytes": 1832199680}
{"step": 2920, "loss": 0.014054903760552406, "examples": 2920, "session_seconds": 2247.673090930999, "peak_vram_bytes": 1832199680}
{"step": 2930, "loss": 20.886165618896484, "examples": 2930, "session_seconds": 2254.7194023050033, "peak_vram_bytes": 1832199680}
{"step": 2940, "loss": 0.01602781191468239, "examples": 2940, "session_seconds": 2261.892455043999, "peak_vram_bytes": 1832199680}
{"step": 2950, "loss": 0.013922469690442085, "examples": 2950, "session_seconds": 2269.0550552300047, "peak_vram_bytes": 1832199680}
{"step": 2960, "loss": 0.015292614698410034, "examples": 2960, "session_seconds": 2276.158967057003, "peak_vram_bytes": 1832199680}
{"step": 2970, "loss": 0.016026489436626434, "examples": 2970, "session_seconds": 2283.318579188999, "peak_vram_bytes": 1832199680}
{"step": 2980, "loss": 0.014397520571947098, "examples": 2980, "session_seconds": 2290.4530121760035, "peak_vram_bytes": 1832199680}
{"step": 2990, "loss": 0.015057818964123726, "examples": 2990, "session_seconds": 2297.4333838360035, "peak_vram_bytes": 1832199680}
{"step": 3000, "loss": 0.016343459486961365, "examples": 3000, "session_seconds": 2304.370629985002, "peak_vram_bytes": 1832199680}
{"step": 3010, "loss": 8.107760429382324, "examples": 3010, "session_seconds": 2312.555246034004, "peak_vram_bytes": 1832199680}
{"step": 3020, "loss": 0.016110340133309364, "examples": 3020, "session_seconds": 2320.6386049700013, "peak_vram_bytes": 1832199680}
{"step": 3030, "loss": 4.58999490737915, "examples": 3030, "session_seconds": 2328.5447163620047, "peak_vram_bytes": 1832199680}
{"step": 3040, "loss": 0.013781713321805, "examples": 3040, "session_seconds": 2336.032124382, "peak_vram_bytes": 1832199680}
{"step": 3050, "loss": 14.09383487701416, "examples": 3050, "session_seconds": 2344.0754270570033, "peak_vram_bytes": 1832199680}
{"step": 3060, "loss": 0.013795619830489159, "examples": 3060, "session_seconds": 2351.6553890729992, "peak_vram_bytes": 1832199680}
{"step": 3070, "loss": 2.442955493927002, "examples": 3070, "session_seconds": 2359.111741947003, "peak_vram_bytes": 1832199680}
{"step": 3080, "loss": 3.1361446380615234, "examples": 3080, "session_seconds": 2366.751437226005, "peak_vram_bytes": 1832199680}
{"step": 3090, "loss": 0.013691576197743416, "examples": 3090, "session_seconds": 2375.015409821004, "peak_vram_bytes": 1832199680}
{"step": 3100, "loss": 0.02746647223830223, "examples": 3100, "session_seconds": 2383.3270084250034, "peak_vram_bytes": 1832199680}
{"step": 3110, "loss": 13.210592269897461, "examples": 3110, "session_seconds": 2391.149238254002, "peak_vram_bytes": 1832199680}
{"step": 3120, "loss": 0.016616055741906166, "examples": 3120, "session_seconds": 2398.4333483230002, "peak_vram_bytes": 1832199680}
{"step": 3130, "loss": 15.143718719482422, "examples": 3130, "session_seconds": 2406.3115100389987, "peak_vram_bytes": 1832199680}
{"step": 3140, "loss": 0.013694374822080135, "examples": 3140, "session_seconds": 2414.048781907004, "peak_vram_bytes": 1832199680}
{"step": 3150, "loss": 0.013681190088391304, "examples": 3150, "session_seconds": 2421.3363671960033, "peak_vram_bytes": 1832199680}
{"step": 3160, "loss": 0.013643335551023483, "examples": 3160, "session_seconds": 2428.5848733079984, "peak_vram_bytes": 1832199680}
{"step": 3170, "loss": 26.019580841064453, "examples": 3170, "session_seconds": 2435.762501613004, "peak_vram_bytes": 1832199680}
{"step": 3180, "loss": 15.536699295043945, "examples": 3180, "session_seconds": 2442.996407464001, "peak_vram_bytes": 1832199680}
{"step": 3190, "loss": 0.016297949478030205, "examples": 3190, "session_seconds": 2450.1580912620047, "peak_vram_bytes": 1832199680}
{"step": 3200, "loss": 3.761291027069092, "examples": 3200, "session_seconds": 2457.3358537370004, "peak_vram_bytes": 1832199680}
{"step": 3210, "loss": 0.015102824196219444, "examples": 3210, "session_seconds": 2465.0051511359998, "peak_vram_bytes": 1832199680}
{"step": 3220, "loss": 0.014219891279935837, "examples": 3220, "session_seconds": 2472.160925616001, "peak_vram_bytes": 1832199680}
{"step": 3230, "loss": 0.013639195822179317, "examples": 3230, "session_seconds": 2479.3613949089995, "peak_vram_bytes": 1832199680}
{"step": 3240, "loss": 0.013848246075212955, "examples": 3240, "session_seconds": 2487.370054967003, "peak_vram_bytes": 1832199680}
{"step": 3250, "loss": 0.013876309618353844, "examples": 3250, "session_seconds": 2494.4742813140037, "peak_vram_bytes": 1832199680}
{"step": 3260, "loss": 14.52367115020752, "examples": 3260, "session_seconds": 2501.5315164560016, "peak_vram_bytes": 1832199680}
{"step": 3270, "loss": 0.013757873326539993, "examples": 3270, "session_seconds": 2508.5306614869987, "peak_vram_bytes": 1832199680}
{"step": 3280, "loss": 0.014462210237979889, "examples": 3280, "session_seconds": 2515.607873286004, "peak_vram_bytes": 1832199680}
{"step": 3290, "loss": 4.238356590270996, "examples": 3290, "session_seconds": 2522.9577533150004, "peak_vram_bytes": 1832199680}
{"step": 3300, "loss": 0.32535791397094727, "examples": 3300, "session_seconds": 2530.4247143910034, "peak_vram_bytes": 1832199680}
{"step": 3310, "loss": 0.023279106244444847, "examples": 3310, "session_seconds": 2538.3556003760023, "peak_vram_bytes": 1832199680}
{"step": 3320, "loss": 16.616024017333984, "examples": 3320, "session_seconds": 2545.4995468089983, "peak_vram_bytes": 1832199680}
{"step": 3330, "loss": 0.014924039132893085, "examples": 3330, "session_seconds": 2552.5961868669983, "peak_vram_bytes": 1832199680}
{"step": 3340, "loss": 14.49538516998291, "examples": 3340, "session_seconds": 2559.7319942460017, "peak_vram_bytes": 1832199680}
{"step": 3350, "loss": 10.630436897277832, "examples": 3350, "session_seconds": 2566.9050621159986, "peak_vram_bytes": 1832199680}
{"step": 3360, "loss": 0.014573197811841965, "examples": 3360, "session_seconds": 2574.0599292960032, "peak_vram_bytes": 1832199680}
{"step": 3370, "loss": 0.013708875514566898, "examples": 3370, "session_seconds": 2581.232241304002, "peak_vram_bytes": 1832199680}
{"step": 3380, "loss": 0.2350926697254181, "examples": 3380, "session_seconds": 2588.4243425189998, "peak_vram_bytes": 1832199680}
{"step": 3390, "loss": 0.013786384835839272, "examples": 3390, "session_seconds": 2595.4677895420027, "peak_vram_bytes": 1832199680}
{"step": 3400, "loss": 5.7957563400268555, "examples": 3400, "session_seconds": 2602.605658147004, "peak_vram_bytes": 1832199680}
{"step": 3410, "loss": 3.963576078414917, "examples": 3410, "session_seconds": 2610.1552093380014, "peak_vram_bytes": 1832199680}
{"step": 3420, "loss": 19.664541244506836, "examples": 3420, "session_seconds": 2617.250403484999, "peak_vram_bytes": 1832199680}
{"step": 3430, "loss": 15.042866706848145, "examples": 3430, "session_seconds": 2624.454597515003, "peak_vram_bytes": 1832199680}
{"step": 3440, "loss": 0.038965582847595215, "examples": 3440, "session_seconds": 2631.433004301005, "peak_vram_bytes": 1832199680}
{"step": 3450, "loss": 0.013815847225487232, "examples": 3450, "session_seconds": 2638.5123093360016, "peak_vram_bytes": 1832199680}
{"step": 3460, "loss": 0.014052093960344791, "examples": 3460, "session_seconds": 2645.6426739669987, "peak_vram_bytes": 1832199680}
{"step": 3470, "loss": 0.01368618756532669, "examples": 3470, "session_seconds": 2652.892592693999, "peak_vram_bytes": 1832199680}
{"step": 3480, "loss": 13.51087760925293, "examples": 3480, "session_seconds": 2660.0889739900013, "peak_vram_bytes": 1832199680}
{"step": 3490, "loss": 0.013642393052577972, "examples": 3490, "session_seconds": 2667.251813048002, "peak_vram_bytes": 1832199680}
{"step": 3500, "loss": 0.01370195858180523, "examples": 3500, "session_seconds": 2674.2554796620025, "peak_vram_bytes": 1832199680}
{"step": 3510, "loss": 0.013853796757757664, "examples": 3510, "session_seconds": 2681.645434898004, "peak_vram_bytes": 1832199680}
{"step": 3520, "loss": 0.013659319840371609, "examples": 3520, "session_seconds": 2688.7922196869986, "peak_vram_bytes": 1832199680}
{"step": 3530, "loss": 0.05258987471461296, "examples": 3530, "session_seconds": 2695.9240687800047, "peak_vram_bytes": 1832199680}
{"step": 3540, "loss": 11.128138542175293, "examples": 3540, "session_seconds": 2702.7528076259987, "peak_vram_bytes": 1832199680}
{"step": 3550, "loss": 0.15322518348693848, "examples": 3550, "session_seconds": 2709.848553323005, "peak_vram_bytes": 1832199680}
{"step": 3560, "loss": 0.013957318849861622, "examples": 3560, "session_seconds": 2716.9187010520036, "peak_vram_bytes": 1832199680}
{"step": 3570, "loss": 0.7528216242790222, "examples": 3570, "session_seconds": 2724.0281803430044, "peak_vram_bytes": 1832199680}
{"step": 3580, "loss": 10.442068099975586, "examples": 3580, "session_seconds": 2731.157283487002, "peak_vram_bytes": 1832199680}
{"step": 3590, "loss": 0.014227291569113731, "examples": 3590, "session_seconds": 2738.3190389599986, "peak_vram_bytes": 1832199680}
{"step": 3600, "loss": 0.12604545056819916, "examples": 3600, "session_seconds": 2745.3244159950045, "peak_vram_bytes": 1832199680}
{"step": 3610, "loss": 0.01627320796251297, "examples": 3610, "session_seconds": 2752.895423834001, "peak_vram_bytes": 1832199680}
{"step": 3620, "loss": 0.02651873230934143, "examples": 3620, "session_seconds": 2760.0314774209983, "peak_vram_bytes": 1832199680}
{"step": 3630, "loss": 0.015567882917821407, "examples": 3630, "session_seconds": 2767.1620209620014, "peak_vram_bytes": 1832199680}
{"step": 3640, "loss": 14.468284606933594, "examples": 3640, "session_seconds": 2774.3001103990027, "peak_vram_bytes": 1832199680}
{"step": 3650, "loss": 11.401043891906738, "examples": 3650, "session_seconds": 2781.4088888190017, "peak_vram_bytes": 1832199680}
{"step": 3660, "loss": 13.344367980957031, "examples": 3660, "session_seconds": 2788.8945612450043, "peak_vram_bytes": 1832199680}
{"step": 3670, "loss": 15.34278678894043, "examples": 3670, "session_seconds": 2796.758245073004, "peak_vram_bytes": 1832199680}
{"step": 3680, "loss": 0.015870625153183937, "examples": 3680, "session_seconds": 2804.062991687002, "peak_vram_bytes": 1832199680}
{"step": 3690, "loss": 0.020072516053915024, "examples": 3690, "session_seconds": 2811.2035835839997, "peak_vram_bytes": 1832199680}
{"step": 3700, "loss": 0.014474860392510891, "examples": 3700, "session_seconds": 2818.655012398005, "peak_vram_bytes": 1832199680}
{"step": 3710, "loss": 0.015861958265304565, "examples": 3710, "session_seconds": 2826.349040346002, "peak_vram_bytes": 1832199680}
{"step": 3720, "loss": 0.013946148566901684, "examples": 3720, "session_seconds": 2834.2074343460044, "peak_vram_bytes": 1832199680}
{"step": 3730, "loss": 0.288046270608902, "examples": 3730, "session_seconds": 2842.448555518, "peak_vram_bytes": 1832199680}
{"step": 3740, "loss": 18.675947189331055, "examples": 3740, "session_seconds": 2850.3566931230016, "peak_vram_bytes": 1832199680}
{"step": 3750, "loss": 0.01431233435869217, "examples": 3750, "session_seconds": 2858.3994742430004, "peak_vram_bytes": 1832199680}
{"step": 3760, "loss": 0.017576877027750015, "examples": 3760, "session_seconds": 2865.833842660999, "peak_vram_bytes": 1832199680}
{"step": 3770, "loss": 9.04148006439209, "examples": 3770, "session_seconds": 2873.834477043005, "peak_vram_bytes": 1832199680}
{"step": 3780, "loss": 18.795923233032227, "examples": 3780, "session_seconds": 2881.237297104999, "peak_vram_bytes": 1832199680}
{"step": 3790, "loss": 0.12500880658626556, "examples": 3790, "session_seconds": 2888.236421813999, "peak_vram_bytes": 1832199680}
{"step": 3800, "loss": 0.015253831632435322, "examples": 3800, "session_seconds": 2895.4860223740034, "peak_vram_bytes": 1832199680}
{"step": 3810, "loss": 0.015178143978118896, "examples": 3810, "session_seconds": 2903.6294724830004, "peak_vram_bytes": 1832199680}
{"step": 3820, "loss": 0.014412859454751015, "examples": 3820, "session_seconds": 2911.5610097160024, "peak_vram_bytes": 1832199680}
{"step": 3830, "loss": 11.551647186279297, "examples": 3830, "session_seconds": 2918.741439340003, "peak_vram_bytes": 1832199680}
{"step": 3840, "loss": 14.558284759521484, "examples": 3840, "session_seconds": 2926.1999873230016, "peak_vram_bytes": 1832199680}
{"step": 3850, "loss": 0.024424001574516296, "examples": 3850, "session_seconds": 2933.43657256, "peak_vram_bytes": 1832199680}
{"step": 3860, "loss": 20.687057495117188, "examples": 3860, "session_seconds": 2941.213333394, "peak_vram_bytes": 1832199680}
{"step": 3870, "loss": 0.015936950221657753, "examples": 3870, "session_seconds": 2948.8754727230043, "peak_vram_bytes": 1832199680}
{"step": 3880, "loss": 0.03972012549638748, "examples": 3880, "session_seconds": 2956.979011772004, "peak_vram_bytes": 1832199680}
{"step": 3890, "loss": 1.2335808277130127, "examples": 3890, "session_seconds": 2964.938403018001, "peak_vram_bytes": 1832199680}
{"step": 3900, "loss": 0.014157576486468315, "examples": 3900, "session_seconds": 2972.7460376610034, "peak_vram_bytes": 1832199680}
{"step": 3910, "loss": 0.4378322958946228, "examples": 3910, "session_seconds": 2980.216365854001, "peak_vram_bytes": 1832199680}
{"step": 3920, "loss": 0.013966670259833336, "examples": 3920, "session_seconds": 2987.3964660160054, "peak_vram_bytes": 1832199680}
{"step": 3930, "loss": 0.01364123821258545, "examples": 3930, "session_seconds": 2994.5399581470047, "peak_vram_bytes": 1832199680}
{"step": 3940, "loss": 0.014687292277812958, "examples": 3940, "session_seconds": 3001.687543066, "peak_vram_bytes": 1832199680}
{"step": 3950, "loss": 7.514112949371338, "examples": 3950, "session_seconds": 3008.766688570002, "peak_vram_bytes": 1832199680}
{"step": 3960, "loss": 0.02135084569454193, "examples": 3960, "session_seconds": 3015.8772014080023, "peak_vram_bytes": 1832199680}
{"step": 3970, "loss": 0.020917057991027832, "examples": 3970, "session_seconds": 3022.9656428740054, "peak_vram_bytes": 1832199680}
{"step": 3980, "loss": 0.013851581141352654, "examples": 3980, "session_seconds": 3030.064961437005, "peak_vram_bytes": 1832199680}
{"step": 3990, "loss": 20.41866111755371, "examples": 3990, "session_seconds": 3037.101708271999, "peak_vram_bytes": 1832199680}
{"step": 4000, "loss": 14.215376853942871, "examples": 4000, "session_seconds": 3044.241207292005, "peak_vram_bytes": 1832199680}
wandb: 
wandb: Run history:
wandb:        examples ▁▂▂▂▂▃▃▃▃▃▄▄▄▄▄▅▅▆▆▆▆▆▆▆▆▆▆▆▆▆▇▇▇▇▇▇▇▇▇█
wandb:            loss ▄▃▁▁▆▇▁▁▁▂▂▁▁▁▁▁▃▁▄▁▁▁▁▁▁▁█▁▁▄▁▄▁▂▁▁▁▁▁▁
wandb: peak_vram_bytes ▁▁▁▁▂▄▄▄▄▄▄▄▄▄▄▄▄███████████████████████
wandb: session_seconds ▁▁▁▁▁▂▂▂▂▂▂▃▃▃▃▄▄▄▄▄▅▅▅▅▆▆▆▆▆▆▇▇▇▇▇▇▇███
wandb:            step ▁▁▁▂▂▂▂▂▂▃▃▄▄▄▄▄▄▄▄▅▅▅▅▆▆▆▆▇▇▇▇▇▇▇▇█████
wandb: 
wandb: Run summary:
wandb:        examples 4000
wandb:            loss 14.21538
wandb: peak_vram_bytes 1832199680
wandb: session_seconds 3044.24121
wandb:            step 4000
wandb: 
wandb: You can sync this run to the cloud by running:
wandb: wandb sync artifacts/longer-v1/0.8b/main/seed-33/sft/tracking/wandb/offline-run-20261005_021820-pbucmznf
wandb: Find logs at: artifacts/longer-v1/0.8b/main/seed-33/sft/tracking/wandb/offline-run-20261005_021820-pbucmznf/logs
{"artifact": "artifacts/longer-v1/0.8b/main/seed-33/sft/artifact", "elapsed_seconds": 3044.586478312005}
