
{"utc": "2026-10-05T02:52:49.923399+00:00", "command": ["-m", "myjev.train", "--config", "results/longer-v1/0.8b/main/seed-11/exact/config.json", "--data", "data/banking77/train.jsonl", "--output", "artifacts/longer-v1/0.8b/main/seed-11/exact", "--method", "exact", "--seed", "11", "--initial", "artifacts/longer-v1/0.8b/main/seed-11/sft/artifact"]}
Loading weights:   0%|          | 0/320 [00:00<?, ?it/s]Loading weights: 100%|██████████| 320/320 [00:00<00:00, 3625.21it/s]
wandb: Tracking run with wandb version 0.30.0
wandb: W&B syncing is set to `offline` in this directory. Run `wandb online` or set WANDB_MODE=online to enable cloud syncing.
wandb: Run data is saved locally in artifacts/longer-v1/0.8b/main/seed-11/exact/tracking/wandb/offline-run-20261004_195300-a8axy2no
wandb: View this run in the terminal with `wandb leet`
[transformers] `causal_conv1d_fn` is falling back to its reference PyTorch implementation because `causal_conv1d` is not installed. This is correct but much slower; install `causal_conv1d` for the optimized kernel.
[transformers] `chunk_gated_delta_rule` is falling back to its reference PyTorch implementation because `flash-linear-attention` is not installed. This is correct but much slower; install `flash-linear-attention` for the optimized kernel.
{"step": 10, "loss": -0.00013629667228087783, "examples": 10, "session_seconds": 10.50159829399854, "peak_vram_bytes": 1820661248}
{"step": 20, "loss": -0.000619954545982182, "examples": 20, "session_seconds": 19.56841581899789, "peak_vram_bytes": 1828050432}
{"step": 30, "loss": 0.004725742153823376, "examples": 30, "session_seconds": 28.277973642998404, "peak_vram_bytes": 1828050432}
{"step": 40, "loss": -0.0005603368044830859, "examples": 40, "session_seconds": 36.95416304899845, "peak_vram_bytes": 1828720128}
{"step": 50, "loss": -0.0005173074314370751, "examples": 50, "session_seconds": 46.14306867100095, "peak_vram_bytes": 1828720128}
{"step": 60, "loss": -0.00035543134436011314, "examples": 60, "session_seconds": 54.49078352499782, "peak_vram_bytes": 1828720128}
{"step": 70, "loss": 0.0014995425008237362, "examples": 70, "session_seconds": 62.80459095200058, "peak_vram_bytes": 1828720128}
{"step": 80, "loss": -0.0004980119992978871, "examples": 80, "session_seconds": 71.24966550400131, "peak_vram_bytes": 1829758464}
{"step": 90, "loss": -0.00045381789095699787, "examples": 90, "session_seconds": 79.63427131799835, "peak_vram_bytes": 1829758464}
{"step": 100, "loss": -0.00043780190753750503, "examples": 100, "session_seconds": 87.95989049700074, "peak_vram_bytes": 1829758464}
{"step": 110, "loss": 0.0006813348736613989, "examples": 110, "session_seconds": 96.77663896200102, "peak_vram_bytes": 1829758464}
{"step": 120, "loss": 0.008005352690815926, "examples": 120, "session_seconds": 105.0241245219986, "peak_vram_bytes": 1829758464}
{"step": 130, "loss": -0.0005537949036806822, "examples": 130, "session_seconds": 113.94553964999795, "peak_vram_bytes": 1829758464}
{"step": 140, "loss": -0.000687058549374342, "examples": 140, "session_seconds": 122.90268752499833, "peak_vram_bytes": 1829758464}
{"step": 150, "loss": -0.0010368478251621127, "examples": 150, "session_seconds": 131.2350849559989, "peak_vram_bytes": 1829758464}
{"step": 160, "loss": -0.0008780217031016946, "examples": 160, "session_seconds": 139.56292160299927, "peak_vram_bytes": 1829910528}
{"step": 170, "loss": -0.0014316611923277378, "examples": 170, "session_seconds": 147.92479501499838, "peak_vram_bytes": 1829910528}
{"step": 180, "loss": 0.284187912940979, "examples": 180, "session_seconds": 156.28549723899778, "peak_vram_bytes": 1829910528}
{"step": 190, "loss": -0.0024375231005251408, "examples": 190, "session_seconds": 165.71197252699858, "peak_vram_bytes": 1829910528}
{"step": 200, "loss": -0.0013274536468088627, "examples": 200, "session_seconds": 174.43967463100125, "peak_vram_bytes": 1829910528}
Warning: You are sending unauthenticated requests to the HF Hub. Please set a HF_TOKEN to enable higher rate limits and faster downloads.
{"step": 210, "loss": -0.003114165272563696, "examples": 210, "session_seconds": 184.6298668470008, "peak_vram_bytes": 1829910528}
{"step": 220, "loss": -0.0042173611000180244, "examples": 220, "session_seconds": 194.03520277499774, "peak_vram_bytes": 1830486016}
{"step": 230, "loss": -0.010230799205601215, "examples": 230, "session_seconds": 203.60174118299983, "peak_vram_bytes": 1830486016}
{"step": 240, "loss": -0.023946940898895264, "examples": 240, "session_seconds": 213.2453368919996, "peak_vram_bytes": 1830486016}
{"step": 250, "loss": -0.0766020268201828, "examples": 250, "session_seconds": 222.50424175800072, "peak_vram_bytes": 1830486016}
{"step": 260, "loss": -0.1319848895072937, "examples": 260, "session_seconds": 231.80835114, "peak_vram_bytes": 1830486016}
{"step": 270, "loss": -0.24430957436561584, "examples": 270, "session_seconds": 241.1301384119979, "peak_vram_bytes": 1830486016}
{"step": 280, "loss": 0.19822710752487183, "examples": 280, "session_seconds": 250.697977025, "peak_vram_bytes": 1830486016}
{"step": 290, "loss": -0.31508660316467285, "examples": 290, "session_seconds": 260.3317916619999, "peak_vram_bytes": 1830486016}
{"step": 300, "loss": 1.0506484508514404, "examples": 300, "session_seconds": 269.51483169399944, "peak_vram_bytes": 1830781952}
{"step": 310, "loss": -0.39562880992889404, "examples": 310, "session_seconds": 279.0368248650011, "peak_vram_bytes": 1830781952}
{"step": 320, "loss": -0.34417808055877686, "examples": 320, "session_seconds": 288.42038183899786, "peak_vram_bytes": 1830781952}
{"step": 330, "loss": -0.3648837208747864, "examples": 330, "session_seconds": 297.89478813499954, "peak_vram_bytes": 1830781952}
{"step": 340, "loss": -0.3654977083206177, "examples": 340, "session_seconds": 306.7226185549989, "peak_vram_bytes": 1830781952}
{"step": 350, "loss": -0.34804147481918335, "examples": 350, "session_seconds": 316.0066767700009, "peak_vram_bytes": 1830781952}
{"step": 360, "loss": -0.3969126343727112, "examples": 360, "session_seconds": 325.168883544, "peak_vram_bytes": 1831104512}
{"step": 370, "loss": -0.3892599940299988, "examples": 370, "session_seconds": 333.8139533680005, "peak_vram_bytes": 1831104512}
{"step": 380, "loss": -0.39132851362228394, "examples": 380, "session_seconds": 342.1524037550007, "peak_vram_bytes": 1831104512}
{"step": 390, "loss": -0.4120795726776123, "examples": 390, "session_seconds": 350.86486072099797, "peak_vram_bytes": 1831104512}
{"step": 400, "loss": -0.422202467918396, "examples": 400, "session_seconds": 359.59342757099876, "peak_vram_bytes": 1831104512}
{"step": 410, "loss": -0.4110047221183777, "examples": 410, "session_seconds": 368.5420359819982, "peak_vram_bytes": 1831104512}
{"step": 420, "loss": -0.40003329515457153, "examples": 420, "session_seconds": 376.3996121630007, "peak_vram_bytes": 1831104512}
{"step": 430, "loss": 1.2999824285507202, "examples": 430, "session_seconds": 384.8334809799999, "peak_vram_bytes": 1831104512}
{"step": 440, "loss": -0.4393518567085266, "examples": 440, "session_seconds": 393.92736057300135, "peak_vram_bytes": 1831104512}
{"step": 450, "loss": 1.3075474500656128, "examples": 450, "session_seconds": 402.8151179289998, "peak_vram_bytes": 1831104512}
{"step": 460, "loss": -0.4219972491264343, "examples": 460, "session_seconds": 411.9226527770006, "peak_vram_bytes": 1831104512}
{"step": 470, "loss": -0.3708667755126953, "examples": 470, "session_seconds": 421.38166083599936, "peak_vram_bytes": 1831104512}
{"step": 480, "loss": -0.3895682096481323, "examples": 480, "session_seconds": 429.8690390289994, "peak_vram_bytes": 1831104512}
{"step": 490, "loss": 1.2195329666137695, "examples": 490, "session_seconds": 439.0646748750005, "peak_vram_bytes": 1831104512}
{"step": 500, "loss": -0.4089394211769104, "examples": 500, "session_seconds": 447.8823725379989, "peak_vram_bytes": 1831104512}
{"step": 510, "loss": -0.4143994450569153, "examples": 510, "session_seconds": 456.7035877950002, "peak_vram_bytes": 1831104512}
{"step": 520, "loss": -0.4183186888694763, "examples": 520, "session_seconds": 465.0829406869998, "peak_vram_bytes": 1831104512}
{"step": 530, "loss": -0.41139209270477295, "examples": 530, "session_seconds": 473.7578570789992, "peak_vram_bytes": 1831104512}
{"step": 540, "loss": 1.0374774932861328, "examples": 540, "session_seconds": 483.34136585599845, "peak_vram_bytes": 1831104512}
{"step": 550, "loss": 1.6208161115646362, "examples": 550, "session_seconds": 492.6583064869992, "peak_vram_bytes": 1831104512}
{"step": 560, "loss": -0.40814048051834106, "examples": 560, "session_seconds": 501.55172780999783, "peak_vram_bytes": 1831104512}
{"step": 570, "loss": -0.43219369649887085, "examples": 570, "session_seconds": 510.287716513998, "peak_vram_bytes": 1831104512}
{"step": 580, "loss": -0.4187256693840027, "examples": 580, "session_seconds": 519.022198835999, "peak_vram_bytes": 1831104512}
{"step": 590, "loss": -0.3960675001144409, "examples": 590, "session_seconds": 528.316704457, "peak_vram_bytes": 1831104512}
{"step": 600, "loss": -0.3940156102180481, "examples": 600, "session_seconds": 536.6020256599986, "peak_vram_bytes": 1831104512}
{"step": 610, "loss": -0.4085037112236023, "examples": 610, "session_seconds": 545.2556619620009, "peak_vram_bytes": 1831104512}
{"step": 620, "loss": -0.4275745153427124, "examples": 620, "session_seconds": 553.6516443170003, "peak_vram_bytes": 1831104512}
{"step": 630, "loss": -0.37645822763442993, "examples": 630, "session_seconds": 562.0743311429978, "peak_vram_bytes": 1831104512}
{"step": 640, "loss": -0.4789329469203949, "examples": 640, "session_seconds": 570.5167270829988, "peak_vram_bytes": 1831104512}
{"step": 650, "loss": -0.4336391091346741, "examples": 650, "session_seconds": 579.2679374199979, "peak_vram_bytes": 1831104512}
{"step": 660, "loss": -0.4328160881996155, "examples": 660, "session_seconds": 587.7242533680001, "peak_vram_bytes": 1831104512}
{"step": 670, "loss": -0.29375725984573364, "examples": 670, "session_seconds": 595.9967641119983, "peak_vram_bytes": 1831104512}
{"step": 680, "loss": -0.4347001314163208, "examples": 680, "session_seconds": 604.3509728620011, "peak_vram_bytes": 1831104512}
{"step": 690, "loss": 0.958653450012207, "examples": 690, "session_seconds": 612.6370868739978, "peak_vram_bytes": 1831104512}
{"step": 700, "loss": -0.4101043939590454, "examples": 700, "session_seconds": 620.907947972999, "peak_vram_bytes": 1831104512}
{"step": 710, "loss": -0.41409939527511597, "examples": 710, "session_seconds": 629.7289301009987, "peak_vram_bytes": 1831104512}
{"step": 720, "loss": -0.39959126710891724, "examples": 720, "session_seconds": 638.0670908690008, "peak_vram_bytes": 1831104512}
{"step": 730, "loss": -0.45256680250167847, "examples": 730, "session_seconds": 646.4795007959983, "peak_vram_bytes": 1831104512}
{"step": 740, "loss": 1.2890697717666626, "examples": 740, "session_seconds": 655.2030282689993, "peak_vram_bytes": 1831104512}
{"step": 750, "loss": -0.38623178005218506, "examples": 750, "session_seconds": 663.5510983940003, "peak_vram_bytes": 1831104512}
{"step": 760, "loss": -0.441133975982666, "examples": 760, "session_seconds": 671.9229149540006, "peak_vram_bytes": 1831104512}
{"step": 770, "loss": 1.3044878244400024, "examples": 770, "session_seconds": 680.541178823998, "peak_vram_bytes": 1831104512}
{"step": 780, "loss": -0.4169090986251831, "examples": 780, "session_seconds": 690.0930957870005, "peak_vram_bytes": 1831104512}
{"step": 790, "loss": -0.4148257374763489, "examples": 790, "session_seconds": 699.5965088849989, "peak_vram_bytes": 1831104512}
{"step": 800, "loss": 1.2891418933868408, "examples": 800, "session_seconds": 708.3522678519985, "peak_vram_bytes": 1831104512}
{"step": 810, "loss": -0.39224785566329956, "examples": 810, "session_seconds": 717.8868863380012, "peak_vram_bytes": 1831104512}
{"step": 820, "loss": -0.3967896103858948, "examples": 820, "session_seconds": 727.3400297469998, "peak_vram_bytes": 1831104512}
{"step": 830, "loss": -0.4111064672470093, "examples": 830, "session_seconds": 736.4790861619986, "peak_vram_bytes": 1831104512}
{"step": 840, "loss": -0.4093288779258728, "examples": 840, "session_seconds": 745.9732009389991, "peak_vram_bytes": 1831104512}
{"step": 850, "loss": 0.6288604736328125, "examples": 850, "session_seconds": 755.1493760109988, "peak_vram_bytes": 1831104512}
{"step": 860, "loss": -0.40824103355407715, "examples": 860, "session_seconds": 764.6143108299984, "peak_vram_bytes": 1831104512}
{"step": 870, "loss": -0.4383559226989746, "examples": 870, "session_seconds": 774.088722960998, "peak_vram_bytes": 1831104512}
{"step": 880, "loss": -0.40062910318374634, "examples": 880, "session_seconds": 783.1803483570002, "peak_vram_bytes": 1831104512}
{"step": 890, "loss": -0.39319783449172974, "examples": 890, "session_seconds": 791.7738438349988, "peak_vram_bytes": 1831104512}
{"step": 900, "loss": -0.42350804805755615, "examples": 900, "session_seconds": 800.0879487249986, "peak_vram_bytes": 1831104512}
{"step": 910, "loss": -0.43314212560653687, "examples": 910, "session_seconds": 808.4949172380002, "peak_vram_bytes": 1831104512}
{"step": 920, "loss": 0.9273883104324341, "examples": 920, "session_seconds": 816.850408590999, "peak_vram_bytes": 1831217152}
{"step": 930, "loss": -0.5428621768951416, "examples": 930, "session_seconds": 825.247534528, "peak_vram_bytes": 1831217152}
{"step": 940, "loss": -0.39406538009643555, "examples": 940, "session_seconds": 833.6510233049994, "peak_vram_bytes": 1831217152}
{"step": 950, "loss": -0.4135569930076599, "examples": 950, "session_seconds": 842.0217129349985, "peak_vram_bytes": 1831217152}
{"step": 960, "loss": -0.435140997171402, "examples": 960, "session_seconds": 850.3733913590004, "peak_vram_bytes": 1831217152}
{"step": 970, "loss": -0.43744224309921265, "examples": 970, "session_seconds": 858.7969732860001, "peak_vram_bytes": 1831217152}
{"step": 980, "loss": -0.4019123315811157, "examples": 980, "session_seconds": 867.199444984999, "peak_vram_bytes": 1831217152}
{"step": 990, "loss": 0.9788411855697632, "examples": 990, "session_seconds": 875.4334202280006, "peak_vram_bytes": 1831217152}
{"step": 1000, "loss": -0.3909999132156372, "examples": 1000, "session_seconds": 883.6824815190012, "peak_vram_bytes": 1831217152}
{"step": 1010, "loss": -0.41510009765625, "examples": 1010, "session_seconds": 892.3871914189986, "peak_vram_bytes": 1831217152}
{"step": 1020, "loss": -0.46564289927482605, "examples": 1020, "session_seconds": 900.7512863150005, "peak_vram_bytes": 1831217152}
{"step": 1030, "loss": 1.2412455081939697, "examples": 1030, "session_seconds": 909.1106311020012, "peak_vram_bytes": 1831217152}
{"step": 1040, "loss": -0.4185706377029419, "examples": 1040, "session_seconds": 917.5023254029984, "peak_vram_bytes": 1831217152}
{"step": 1050, "loss": -0.41259270906448364, "examples": 1050, "session_seconds": 925.880563019, "peak_vram_bytes": 1831217152}
{"step": 1060, "loss": -0.5324722528457642, "examples": 1060, "session_seconds": 934.120452141, "peak_vram_bytes": 1831217152}
{"step": 1070, "loss": 1.234092116355896, "examples": 1070, "session_seconds": 942.3556195450001, "peak_vram_bytes": 1831217152}
{"step": 1080, "loss": -0.383714497089386, "examples": 1080, "session_seconds": 950.5629756829985, "peak_vram_bytes": 1831217152}
{"step": 1090, "loss": -0.39844071865081787, "examples": 1090, "session_seconds": 958.8046188810004, "peak_vram_bytes": 1831217152}
{"step": 1100, "loss": -0.3915982246398926, "examples": 1100, "session_seconds": 967.0437447349977, "peak_vram_bytes": 1831217152}
{"step": 1110, "loss": -0.43522220849990845, "examples": 1110, "session_seconds": 975.7095583250011, "peak_vram_bytes": 1831217152}
{"step": 1120, "loss": -0.40656596422195435, "examples": 1120, "session_seconds": 984.8512931049991, "peak_vram_bytes": 1831217152}
{"step": 1130, "loss": -0.42816996574401855, "examples": 1130, "session_seconds": 994.3686853569998, "peak_vram_bytes": 1831217152}
{"step": 1140, "loss": -0.3915930986404419, "examples": 1140, "session_seconds": 1003.5383412730007, "peak_vram_bytes": 1831217152}
{"step": 1150, "loss": -0.41569405794143677, "examples": 1150, "session_seconds": 1013.154968144001, "peak_vram_bytes": 1831217152}
{"step": 1160, "loss": -0.5652959942817688, "examples": 1160, "session_seconds": 1022.8245456430013, "peak_vram_bytes": 1831217152}
{"step": 1170, "loss": -0.4196394085884094, "examples": 1170, "session_seconds": 1031.8784920090002, "peak_vram_bytes": 1832690176}
{"step": 1180, "loss": -0.41759824752807617, "examples": 1180, "session_seconds": 1041.4915414690004, "peak_vram_bytes": 1832690176}
{"step": 1190, "loss": -0.4101490378379822, "examples": 1190, "session_seconds": 1050.9745101679982, "peak_vram_bytes": 1832690176}
{"step": 1200, "loss": -0.42000943422317505, "examples": 1200, "session_seconds": 1060.313629160999, "peak_vram_bytes": 1832690176}
{"step": 1210, "loss": 0.9278908967971802, "examples": 1210, "session_seconds": 1069.7681015870003, "peak_vram_bytes": 1832690176}
{"step": 1220, "loss": -0.4079960584640503, "examples": 1220, "session_seconds": 1078.845131432001, "peak_vram_bytes": 1832690176}
{"step": 1230, "loss": -0.5762150287628174, "examples": 1230, "session_seconds": 1088.261216384999, "peak_vram_bytes": 1832690176}
{"step": 1240, "loss": -0.38513630628585815, "examples": 1240, "session_seconds": 1097.6377629499984, "peak_vram_bytes": 1832690176}
{"step": 1250, "loss": 0.4734906554222107, "examples": 1250, "session_seconds": 1106.818734389999, "peak_vram_bytes": 1832690176}
{"step": 1260, "loss": -0.41247081756591797, "examples": 1260, "session_seconds": 1116.4381756109979, "peak_vram_bytes": 1832690176}
{"step": 1270, "loss": -0.4566580653190613, "examples": 1270, "session_seconds": 1126.0012031799997, "peak_vram_bytes": 1832690176}
{"step": 1280, "loss": -0.4371861219406128, "examples": 1280, "session_seconds": 1135.2724972159995, "peak_vram_bytes": 1832690176}
{"step": 1290, "loss": -0.4191160202026367, "examples": 1290, "session_seconds": 1144.3742635439994, "peak_vram_bytes": 1832690176}
{"step": 1300, "loss": -0.4018594026565552, "examples": 1300, "session_seconds": 1153.3551388409978, "peak_vram_bytes": 1832690176}
{"step": 1310, "loss": 0.8537372350692749, "examples": 1310, "session_seconds": 1162.845349198, "peak_vram_bytes": 1832690176}
{"step": 1320, "loss": -0.45916685461997986, "examples": 1320, "session_seconds": 1171.534362358001, "peak_vram_bytes": 1832690176}
{"step": 1330, "loss": -0.43423742055892944, "examples": 1330, "session_seconds": 1180.520384765001, "peak_vram_bytes": 1832690176}
{"step": 1340, "loss": 1.3171812295913696, "examples": 1340, "session_seconds": 1189.8454552679977, "peak_vram_bytes": 1832690176}
{"step": 1350, "loss": -0.4319998621940613, "examples": 1350, "session_seconds": 1198.4597298900007, "peak_vram_bytes": 1832690176}
{"step": 1360, "loss": -0.42758065462112427, "examples": 1360, "session_seconds": 1207.6992077649993, "peak_vram_bytes": 1835039232}
{"step": 1370, "loss": -0.43532419204711914, "examples": 1370, "session_seconds": 1217.247279848998, "peak_vram_bytes": 1835039232}
{"step": 1380, "loss": -0.3998796343803406, "examples": 1380, "session_seconds": 1225.8829152899998, "peak_vram_bytes": 1835039232}
{"step": 1390, "loss": -0.34696805477142334, "examples": 1390, "session_seconds": 1234.5981759749993, "peak_vram_bytes": 1835039232}
{"step": 1400, "loss": -0.5772010087966919, "examples": 1400, "session_seconds": 1243.3454558390004, "peak_vram_bytes": 1835039232}
{"step": 1410, "loss": -0.4382566213607788, "examples": 1410, "session_seconds": 1252.0632754850012, "peak_vram_bytes": 1835039232}
{"step": 1420, "loss": 1.2769579887390137, "examples": 1420, "session_seconds": 1260.3105898289978, "peak_vram_bytes": 1835039232}
{"step": 1430, "loss": -0.40136057138442993, "examples": 1430, "session_seconds": 1269.2461042659997, "peak_vram_bytes": 1835039232}
{"step": 1440, "loss": -0.40406709909439087, "examples": 1440, "session_seconds": 1278.9395453469988, "peak_vram_bytes": 1835039232}
{"step": 1450, "loss": -0.39149707555770874, "examples": 1450, "session_seconds": 1287.8227439559996, "peak_vram_bytes": 1835039232}
{"step": 1460, "loss": -0.4453856348991394, "examples": 1460, "session_seconds": 1296.9378120910005, "peak_vram_bytes": 1835039232}
{"step": 1470, "loss": -0.43093937635421753, "examples": 1470, "session_seconds": 1306.028329607001, "peak_vram_bytes": 1835039232}
{"step": 1480, "loss": -0.441230833530426, "examples": 1480, "session_seconds": 1314.4904886590011, "peak_vram_bytes": 1835039232}
{"step": 1490, "loss": -0.10623443126678467, "examples": 1490, "session_seconds": 1323.1196478909987, "peak_vram_bytes": 1835039232}
{"step": 1500, "loss": -0.41494035720825195, "examples": 1500, "session_seconds": 1332.0838651759987, "peak_vram_bytes": 1835039232}
{"step": 1510, "loss": -0.4118999242782593, "examples": 1510, "session_seconds": 1341.3215967539982, "peak_vram_bytes": 1835039232}
{"step": 1520, "loss": -0.3997373580932617, "examples": 1520, "session_seconds": 1350.7597721149978, "peak_vram_bytes": 1835039232}
{"step": 1530, "loss": 1.155641794204712, "examples": 1530, "session_seconds": 1359.777155978998, "peak_vram_bytes": 1835039232}
{"step": 1540, "loss": -0.3879208564758301, "examples": 1540, "session_seconds": 1368.907857039998, "peak_vram_bytes": 1835039232}
{"step": 1550, "loss": 0.3735550343990326, "examples": 1550, "session_seconds": 1378.498431826003, "peak_vram_bytes": 1835039232}
{"step": 1560, "loss": -0.3927533030509949, "examples": 1560, "session_seconds": 1387.3314594769981, "peak_vram_bytes": 1835039232}
{"step": 1570, "loss": 0.8434401750564575, "examples": 1570, "session_seconds": 1395.548548464998, "peak_vram_bytes": 1835039232}
{"step": 1580, "loss": -0.42902618646621704, "examples": 1580, "session_seconds": 1403.8816498020024, "peak_vram_bytes": 1835039232}
{"step": 1590, "loss": 1.2501189708709717, "examples": 1590, "session_seconds": 1412.2020831850023, "peak_vram_bytes": 1835039232}
{"step": 1600, "loss": 0.3188929259777069, "examples": 1600, "session_seconds": 1420.6342467950017, "peak_vram_bytes": 1835039232}
{"step": 1610, "loss": 0.6279206275939941, "examples": 1610, "session_seconds": 1429.2873439929972, "peak_vram_bytes": 1835039232}
{"step": 1620, "loss": -0.36341142654418945, "examples": 1620, "session_seconds": 1437.6509989870028, "peak_vram_bytes": 1835039232}
{"step": 1630, "loss": -0.469735711812973, "examples": 1630, "session_seconds": 1445.8767099179968, "peak_vram_bytes": 1835039232}
{"step": 1640, "loss": 1.2769253253936768, "examples": 1640, "session_seconds": 1454.409787423996, "peak_vram_bytes": 1835039232}
{"step": 1650, "loss": 1.1491506099700928, "examples": 1650, "session_seconds": 1463.093477082999, "peak_vram_bytes": 1835039232}
{"step": 1660, "loss": -0.22731727361679077, "examples": 1660, "session_seconds": 1471.642463023003, "peak_vram_bytes": 1835039232}
{"step": 1670, "loss": -0.43403011560440063, "examples": 1670, "session_seconds": 1480.8420844560023, "peak_vram_bytes": 1835039232}
{"step": 1680, "loss": -0.4090532064437866, "examples": 1680, "session_seconds": 1489.997454256998, "peak_vram_bytes": 1835039232}
{"step": 1690, "loss": -0.4108850955963135, "examples": 1690, "session_seconds": 1499.0733542020025, "peak_vram_bytes": 1835039232}
{"step": 1700, "loss": -0.4644975960254669, "examples": 1700, "session_seconds": 1508.5692392019992, "peak_vram_bytes": 1835039232}
{"step": 1710, "loss": -0.39399945735931396, "examples": 1710, "session_seconds": 1518.3912632339998, "peak_vram_bytes": 1835039232}
{"step": 1720, "loss": 1.351353645324707, "examples": 1720, "session_seconds": 1527.067719573999, "peak_vram_bytes": 1835039232}
{"step": 1730, "loss": -0.44603729248046875, "examples": 1730, "session_seconds": 1536.5094863600025, "peak_vram_bytes": 1835039232}
{"step": 1740, "loss": -0.4142906069755554, "examples": 1740, "session_seconds": 1545.7327262429972, "peak_vram_bytes": 1835039232}
{"step": 1750, "loss": -0.42112505435943604, "examples": 1750, "session_seconds": 1553.981495316999, "peak_vram_bytes": 1835039232}
{"step": 1760, "loss": 1.2488603591918945, "examples": 1760, "session_seconds": 1562.3390893789983, "peak_vram_bytes": 1835039232}
{"step": 1770, "loss": -0.3293364644050598, "examples": 1770, "session_seconds": 1570.9643172409997, "peak_vram_bytes": 1835039232}
{"step": 1780, "loss": -0.4527921676635742, "examples": 1780, "session_seconds": 1579.3061876130014, "peak_vram_bytes": 1835039232}
{"step": 1790, "loss": -0.5059691667556763, "examples": 1790, "session_seconds": 1587.6339466729987, "peak_vram_bytes": 1835039232}
{"step": 1800, "loss": -0.4520735740661621, "examples": 1800, "session_seconds": 1596.105837533003, "peak_vram_bytes": 1835039232}
{"step": 1810, "loss": -0.3497660160064697, "examples": 1810, "session_seconds": 1605.2670862270024, "peak_vram_bytes": 1835039232}
{"step": 1820, "loss": -0.42566072940826416, "examples": 1820, "session_seconds": 1613.638347275999, "peak_vram_bytes": 1835039232}
{"step": 1830, "loss": -0.3928079605102539, "examples": 1830, "session_seconds": 1622.6813666110029, "peak_vram_bytes": 1835039232}
{"step": 1840, "loss": 0.031442925333976746, "examples": 1840, "session_seconds": 1631.9547305419983, "peak_vram_bytes": 1835039232}
{"step": 1850, "loss": -0.41501951217651367, "examples": 1850, "session_seconds": 1641.5988519879975, "peak_vram_bytes": 1835039232}
{"step": 1860, "loss": -0.4457862973213196, "examples": 1860, "session_seconds": 1650.277389390998, "peak_vram_bytes": 1835039232}
{"step": 1870, "loss": -0.40453195571899414, "examples": 1870, "session_seconds": 1659.6949307219984, "peak_vram_bytes": 1835039232}
{"step": 1880, "loss": -0.39804601669311523, "examples": 1880, "session_seconds": 1668.870888022997, "peak_vram_bytes": 1835039232}
{"step": 1890, "loss": -0.38512521982192993, "examples": 1890, "session_seconds": 1678.0808352070017, "peak_vram_bytes": 1835039232}
{"step": 1900, "loss": 1.832292079925537, "examples": 1900, "session_seconds": 1687.3046432120027, "peak_vram_bytes": 1835039232}
{"step": 1910, "loss": -0.40160632133483887, "examples": 1910, "session_seconds": 1696.4418947759987, "peak_vram_bytes": 1835039232}
{"step": 1920, "loss": 1.348475694656372, "examples": 1920, "session_seconds": 1705.6017609069968, "peak_vram_bytes": 1835039232}
{"step": 1930, "loss": -0.4055001139640808, "examples": 1930, "session_seconds": 1714.1934078539998, "peak_vram_bytes": 1835039232}
{"step": 1940, "loss": -0.39074981212615967, "examples": 1940, "session_seconds": 1723.101195752999, "peak_vram_bytes": 1835039232}
{"step": 1950, "loss": 0.027730856090784073, "examples": 1950, "session_seconds": 1731.7262842499986, "peak_vram_bytes": 1835039232}
{"step": 1960, "loss": -0.43477410078048706, "examples": 1960, "session_seconds": 1740.0947548420008, "peak_vram_bytes": 1835039232}
{"step": 1970, "loss": -0.42530274391174316, "examples": 1970, "session_seconds": 1748.4088381300026, "peak_vram_bytes": 1835039232}
{"step": 1980, "loss": -0.4091094732284546, "examples": 1980, "session_seconds": 1756.7471095239962, "peak_vram_bytes": 1835039232}
{"step": 1990, "loss": 0.028171222656965256, "examples": 1990, "session_seconds": 1765.051607962996, "peak_vram_bytes": 1835039232}
{"step": 2000, "loss": -0.41906237602233887, "examples": 2000, "session_seconds": 1773.4147273869967, "peak_vram_bytes": 1835039232}
{"step": 2010, "loss": -0.43030011653900146, "examples": 2010, "session_seconds": 1782.0938591800004, "peak_vram_bytes": 1835039232}
{"step": 2020, "loss": -0.4394645094871521, "examples": 2020, "session_seconds": 1790.3754719860008, "peak_vram_bytes": 1835039232}
{"step": 2030, "loss": -0.3886198401451111, "examples": 2030, "session_seconds": 1798.8421843980032, "peak_vram_bytes": 1835039232}
{"step": 2040, "loss": 0.5967274904251099, "examples": 2040, "session_seconds": 1807.2182394310003, "peak_vram_bytes": 1835039232}
{"step": 2050, "loss": -0.42177140712738037, "examples": 2050, "session_seconds": 1815.5904541409982, "peak_vram_bytes": 1835039232}
{"step": 2060, "loss": 0.15728995203971863, "examples": 2060, "session_seconds": 1823.7857798740006, "peak_vram_bytes": 1835039232}
{"step": 2070, "loss": 1.2566211223602295, "examples": 2070, "session_seconds": 1832.149491835, "peak_vram_bytes": 1835039232}
{"step": 2080, "loss": -0.407387912273407, "examples": 2080, "session_seconds": 1840.6669445709995, "peak_vram_bytes": 1835039232}
{"step": 2090, "loss": -0.4243614077568054, "examples": 2090, "session_seconds": 1849.9297284400018, "peak_vram_bytes": 1835039232}
{"step": 2100, "loss": -0.40552133321762085, "examples": 2100, "session_seconds": 1859.0820829110016, "peak_vram_bytes": 1835039232}
{"step": 2110, "loss": 1.343611717224121, "examples": 2110, "session_seconds": 1868.8037154850026, "peak_vram_bytes": 1835039232}
{"step": 2120, "loss": 1.183672547340393, "examples": 2120, "session_seconds": 1878.275534510998, "peak_vram_bytes": 1835039232}
{"step": 2130, "loss": 0.0009014252573251724, "examples": 2130, "session_seconds": 1887.889923249997, "peak_vram_bytes": 1835039232}
{"step": 2140, "loss": -0.4242972135543823, "examples": 2140, "session_seconds": 1897.439261888001, "peak_vram_bytes": 1835039232}
{"step": 2150, "loss": -0.43804991245269775, "examples": 2150, "session_seconds": 1906.032354846, "peak_vram_bytes": 1835039232}
{"step": 2160, "loss": -0.4399314522743225, "examples": 2160, "session_seconds": 1914.6987027720024, "peak_vram_bytes": 1835039232}
{"step": 2170, "loss": -0.009979741647839546, "examples": 2170, "session_seconds": 1923.007345619997, "peak_vram_bytes": 1835039232}
{"step": 2180, "loss": -0.3998614549636841, "examples": 2180, "session_seconds": 1932.0783602299998, "peak_vram_bytes": 1835039232}
{"step": 2190, "loss": -0.4441909193992615, "examples": 2190, "session_seconds": 1940.7448216789999, "peak_vram_bytes": 1835039232}
{"step": 2200, "loss": -0.39046722650527954, "examples": 2200, "session_seconds": 1949.4103406110007, "peak_vram_bytes": 1835039232}
{"step": 2210, "loss": 1.2263209819793701, "examples": 2210, "session_seconds": 1959.078823736003, "peak_vram_bytes": 1835039232}
{"step": 2220, "loss": -0.4603734314441681, "examples": 2220, "session_seconds": 1968.4707305639968, "peak_vram_bytes": 1835039232}
{"step": 2230, "loss": -0.386277973651886, "examples": 2230, "session_seconds": 1977.765037887002, "peak_vram_bytes": 1835039232}
{"step": 2240, "loss": -0.46175453066825867, "examples": 2240, "session_seconds": 1986.6353349799974, "peak_vram_bytes": 1835039232}
{"step": 2250, "loss": -0.40152573585510254, "examples": 2250, "session_seconds": 1995.3366430070018, "peak_vram_bytes": 1835039232}
{"step": 2260, "loss": -0.42374032735824585, "examples": 2260, "session_seconds": 2003.7994608480003, "peak_vram_bytes": 1835039232}
{"step": 2270, "loss": -0.40808814764022827, "examples": 2270, "session_seconds": 2012.3001000860022, "peak_vram_bytes": 1835039232}
{"step": 2280, "loss": 0.04963475838303566, "examples": 2280, "session_seconds": 2021.6633984130021, "peak_vram_bytes": 1835039232}
{"step": 2290, "loss": -0.3887259364128113, "examples": 2290, "session_seconds": 2030.428144530997, "peak_vram_bytes": 1835039232}
{"step": 2300, "loss": -0.40661245584487915, "examples": 2300, "session_seconds": 2039.6966624549968, "peak_vram_bytes": 1835039232}
{"step": 2310, "loss": -0.4230775237083435, "examples": 2310, "session_seconds": 2048.955111151001, "peak_vram_bytes": 1835039232}
{"step": 2320, "loss": -0.42220020294189453, "examples": 2320, "session_seconds": 2058.3818393830006, "peak_vram_bytes": 1835039232}
{"step": 2330, "loss": 1.3639435768127441, "examples": 2330, "session_seconds": 2067.797297104, "peak_vram_bytes": 1835039232}
{"step": 2340, "loss": -0.41592729091644287, "examples": 2340, "session_seconds": 2077.21429204, "peak_vram_bytes": 1835039232}
{"step": 2350, "loss": 0.9678219556808472, "examples": 2350, "session_seconds": 2085.988702444003, "peak_vram_bytes": 1835039232}
{"step": 2360, "loss": -0.5951260328292847, "examples": 2360, "session_seconds": 2094.7356381349964, "peak_vram_bytes": 1835039232}
{"step": 2370, "loss": -0.38758206367492676, "examples": 2370, "session_seconds": 2103.508241734002, "peak_vram_bytes": 1835039232}
{"step": 2380, "loss": -0.46267959475517273, "examples": 2380, "session_seconds": 2112.3782866999973, "peak_vram_bytes": 1835039232}
{"step": 2390, "loss": -0.4089840054512024, "examples": 2390, "session_seconds": 2121.632382172, "peak_vram_bytes": 1835039232}
{"step": 2400, "loss": -0.3943060040473938, "examples": 2400, "session_seconds": 2130.2422869329966, "peak_vram_bytes": 1835039232}
{"step": 2410, "loss": -0.4127885699272156, "examples": 2410, "session_seconds": 2139.069595230001, "peak_vram_bytes": 1835039232}
{"step": 2420, "loss": 0.776069164276123, "examples": 2420, "session_seconds": 2147.1681513110016, "peak_vram_bytes": 1835039232}
{"step": 2430, "loss": -0.41958945989608765, "examples": 2430, "session_seconds": 2155.4855402309986, "peak_vram_bytes": 1835039232}
{"step": 2440, "loss": 1.2414872646331787, "examples": 2440, "session_seconds": 2164.3129702000006, "peak_vram_bytes": 1835039232}
{"step": 2450, "loss": -0.4273632764816284, "examples": 2450, "session_seconds": 2173.7940723930005, "peak_vram_bytes": 1835039232}
{"step": 2460, "loss": -0.3907013535499573, "examples": 2460, "session_seconds": 2182.934592243, "peak_vram_bytes": 1835039232}
{"step": 2470, "loss": 0.016982877627015114, "examples": 2470, "session_seconds": 2192.408945358002, "peak_vram_bytes": 1835039232}
{"step": 2480, "loss": -0.3909587860107422, "examples": 2480, "session_seconds": 2201.5638871539995, "peak_vram_bytes": 1835039232}
{"step": 2490, "loss": -0.40673917531967163, "examples": 2490, "session_seconds": 2211.108391282003, "peak_vram_bytes": 1835039232}
{"step": 2500, "loss": 0.0026785898953676224, "examples": 2500, "session_seconds": 2220.658033631, "peak_vram_bytes": 1835039232}
{"step": 2510, "loss": -0.44122081995010376, "examples": 2510, "session_seconds": 2230.639536303999, "peak_vram_bytes": 1835039232}
{"step": 2520, "loss": -0.42417627573013306, "examples": 2520, "session_seconds": 2240.1834573710003, "peak_vram_bytes": 1835039232}
{"step": 2530, "loss": -0.4100534915924072, "examples": 2530, "session_seconds": 2249.629622829001, "peak_vram_bytes": 1835039232}
{"step": 2540, "loss": -0.47125229239463806, "examples": 2540, "session_seconds": 2258.146597712999, "peak_vram_bytes": 1835039232}
{"step": 2550, "loss": -0.40202945470809937, "examples": 2550, "session_seconds": 2267.546527935003, "peak_vram_bytes": 1835039232}
{"step": 2560, "loss": -0.41202449798583984, "examples": 2560, "session_seconds": 2276.219286145002, "peak_vram_bytes": 1835039232}
{"step": 2570, "loss": -0.38943105936050415, "examples": 2570, "session_seconds": 2285.265770361002, "peak_vram_bytes": 1835039232}
{"step": 2580, "loss": -0.4289180040359497, "examples": 2580, "session_seconds": 2294.2902131759984, "peak_vram_bytes": 1835039232}
{"step": 2590, "loss": -0.4003274440765381, "examples": 2590, "session_seconds": 2302.9483648090027, "peak_vram_bytes": 1835039232}
{"step": 2600, "loss": 0.027820812538266182, "examples": 2600, "session_seconds": 2311.2651965350015, "peak_vram_bytes": 1835039232}
{"step": 2610, "loss": -0.4245717525482178, "examples": 2610, "session_seconds": 2319.9615984159973, "peak_vram_bytes": 1835039232}
{"step": 2620, "loss": -0.44332122802734375, "examples": 2620, "session_seconds": 2328.3008707629997, "peak_vram_bytes": 1835039232}
{"step": 2630, "loss": -0.002148367464542389, "examples": 2630, "session_seconds": 2336.684922446002, "peak_vram_bytes": 1835039232}
{"step": 2640, "loss": -0.44131213426589966, "examples": 2640, "session_seconds": 2345.1169815320027, "peak_vram_bytes": 1835039232}
{"step": 2650, "loss": -0.38671910762786865, "examples": 2650, "session_seconds": 2353.4334416959973, "peak_vram_bytes": 1835039232}
{"step": 2660, "loss": -0.4410931468009949, "examples": 2660, "session_seconds": 2361.862753387999, "peak_vram_bytes": 1835039232}
{"step": 2670, "loss": 0.9395045638084412, "examples": 2670, "session_seconds": 2370.3861529439964, "peak_vram_bytes": 1835147264}
{"step": 2680, "loss": -0.3988916277885437, "examples": 2680, "session_seconds": 2378.733214330001, "peak_vram_bytes": 1835147264}
{"step": 2690, "loss": -0.40085315704345703, "examples": 2690, "session_seconds": 2387.1263735070024, "peak_vram_bytes": 1835147264}
{"step": 2700, "loss": -0.4429832696914673, "examples": 2700, "session_seconds": 2395.531626236996, "peak_vram_bytes": 1835147264}
{"step": 2710, "loss": -0.5780435800552368, "examples": 2710, "session_seconds": 2404.646640607003, "peak_vram_bytes": 1835147264}
{"step": 2720, "loss": -0.387495219707489, "examples": 2720, "session_seconds": 2413.7569485299973, "peak_vram_bytes": 1835147264}
{"step": 2730, "loss": -0.42796528339385986, "examples": 2730, "session_seconds": 2423.047763165996, "peak_vram_bytes": 1835147264}
{"step": 2740, "loss": -0.3945654034614563, "examples": 2740, "session_seconds": 2431.7455047190015, "peak_vram_bytes": 1835147264}
{"step": 2750, "loss": -0.3919658064842224, "examples": 2750, "session_seconds": 2440.070824663999, "peak_vram_bytes": 1835147264}
{"step": 2760, "loss": -0.42863917350769043, "examples": 2760, "session_seconds": 2448.420921211, "peak_vram_bytes": 1835147264}
{"step": 2770, "loss": 1.2901132106781006, "examples": 2770, "session_seconds": 2456.8576330310025, "peak_vram_bytes": 1835147264}
{"step": 2780, "loss": -0.5352568030357361, "examples": 2780, "session_seconds": 2466.0656276770023, "peak_vram_bytes": 1835147264}
{"step": 2790, "loss": -0.4278413653373718, "examples": 2790, "session_seconds": 2475.489288951001, "peak_vram_bytes": 1835147264}
{"step": 2800, "loss": -0.43762534856796265, "examples": 2800, "session_seconds": 2484.270574838003, "peak_vram_bytes": 1835147264}
{"step": 2810, "loss": -0.4040149450302124, "examples": 2810, "session_seconds": 2492.9760477020027, "peak_vram_bytes": 1835147264}
{"step": 2820, "loss": 1.1797471046447754, "examples": 2820, "session_seconds": 2501.263515797, "peak_vram_bytes": 1835147264}
{"step": 2830, "loss": -0.40018415451049805, "examples": 2830, "session_seconds": 2509.653367715997, "peak_vram_bytes": 1835147264}
{"step": 2840, "loss": -0.4077076315879822, "examples": 2840, "session_seconds": 2518.108429539003, "peak_vram_bytes": 1835147264}
{"step": 2850, "loss": -0.3911866545677185, "examples": 2850, "session_seconds": 2526.5513003930027, "peak_vram_bytes": 1835147264}
{"step": 2860, "loss": 1.3166452646255493, "examples": 2860, "session_seconds": 2535.000197317997, "peak_vram_bytes": 1835147264}
{"step": 2870, "loss": -0.4461888074874878, "examples": 2870, "session_seconds": 2543.3825054659974, "peak_vram_bytes": 1835147264}
{"step": 2880, "loss": -0.4449847340583801, "examples": 2880, "session_seconds": 2551.690195461997, "peak_vram_bytes": 1835147264}
{"step": 2890, "loss": 0.29636669158935547, "examples": 2890, "session_seconds": 2560.0200012860005, "peak_vram_bytes": 1835147264}
{"step": 2900, "loss": -0.12987428903579712, "examples": 2900, "session_seconds": 2568.368210795001, "peak_vram_bytes": 1835147264}
{"step": 2910, "loss": -0.3955006003379822, "examples": 2910, "session_seconds": 2577.178711321001, "peak_vram_bytes": 1835147264}
{"step": 2920, "loss": -0.4207528233528137, "examples": 2920, "session_seconds": 2585.518484633998, "peak_vram_bytes": 1835147264}
{"step": 2930, "loss": -0.23147860169410706, "examples": 2930, "session_seconds": 2593.967165091999, "peak_vram_bytes": 1835147264}
{"step": 2940, "loss": -0.40844404697418213, "examples": 2940, "session_seconds": 2602.3727644460014, "peak_vram_bytes": 1835147264}
{"step": 2950, "loss": -0.3859071135520935, "examples": 2950, "session_seconds": 2610.722313954997, "peak_vram_bytes": 1835147264}
{"step": 2960, "loss": -0.44429445266723633, "examples": 2960, "session_seconds": 2619.070103664002, "peak_vram_bytes": 1835249152}
{"step": 2970, "loss": -0.4004225730895996, "examples": 2970, "session_seconds": 2627.4333914579984, "peak_vram_bytes": 1835249152}
{"step": 2980, "loss": -0.41129642724990845, "examples": 2980, "session_seconds": 2635.6135594029984, "peak_vram_bytes": 1835249152}
{"step": 2990, "loss": -0.39773643016815186, "examples": 2990, "session_seconds": 2644.070277423998, "peak_vram_bytes": 1835249152}
{"step": 3000, "loss": -0.4235244393348694, "examples": 3000, "session_seconds": 2652.433453985999, "peak_vram_bytes": 1835249152}
{"step": 3010, "loss": -0.3898990750312805, "examples": 3010, "session_seconds": 2661.1346741590023, "peak_vram_bytes": 1835249152}
{"step": 3020, "loss": -0.38749372959136963, "examples": 3020, "session_seconds": 2669.4757745829993, "peak_vram_bytes": 1835249152}
{"step": 3030, "loss": -0.39041006565093994, "examples": 3030, "session_seconds": 2677.913503898002, "peak_vram_bytes": 1835249152}
{"step": 3040, "loss": -0.4021422863006592, "examples": 3040, "session_seconds": 2686.5744461110007, "peak_vram_bytes": 1835249152}
{"step": 3050, "loss": -0.3861507177352905, "examples": 3050, "session_seconds": 2694.910652341001, "peak_vram_bytes": 1835249152}
{"step": 3060, "loss": -0.4513876438140869, "examples": 3060, "session_seconds": 2703.17617205, "peak_vram_bytes": 1835249152}
{"step": 3070, "loss": -0.38780128955841064, "examples": 3070, "session_seconds": 2711.767372276001, "peak_vram_bytes": 1835249152}
{"step": 3080, "loss": -0.41715317964553833, "examples": 3080, "session_seconds": 2720.5636998359987, "peak_vram_bytes": 1835249152}
{"step": 3090, "loss": -0.43179237842559814, "examples": 3090, "session_seconds": 2729.287232935996, "peak_vram_bytes": 1835249152}
{"step": 3100, "loss": -0.40862005949020386, "examples": 3100, "session_seconds": 2737.7930848739998, "peak_vram_bytes": 1835249152}
{"step": 3110, "loss": -0.41789036989212036, "examples": 3110, "session_seconds": 2746.6423802220015, "peak_vram_bytes": 1835249152}
{"step": 3120, "loss": -0.42536377906799316, "examples": 3120, "session_seconds": 2755.041355595, "peak_vram_bytes": 1835249152}
{"step": 3130, "loss": -0.4199064373970032, "examples": 3130, "session_seconds": 2763.449309286996, "peak_vram_bytes": 1835249152}
{"step": 3140, "loss": -0.42032861709594727, "examples": 3140, "session_seconds": 2771.771112244998, "peak_vram_bytes": 1835249152}
{"step": 3150, "loss": -0.3999830484390259, "examples": 3150, "session_seconds": 2780.0682673810006, "peak_vram_bytes": 1835249152}
{"step": 3160, "loss": 0.5399081110954285, "examples": 3160, "session_seconds": 2788.4197075190023, "peak_vram_bytes": 1835249152}
{"step": 3170, "loss": -0.40766245126724243, "examples": 3170, "session_seconds": 2796.8045583810017, "peak_vram_bytes": 1835249152}
{"step": 3180, "loss": -0.3936678171157837, "examples": 3180, "session_seconds": 2805.1998981200013, "peak_vram_bytes": 1835249152}
{"step": 3190, "loss": -0.38658082485198975, "examples": 3190, "session_seconds": 2813.569647944998, "peak_vram_bytes": 1835249152}
{"step": 3200, "loss": -0.38842153549194336, "examples": 3200, "session_seconds": 2821.888756530003, "peak_vram_bytes": 1835249152}
{"step": 3210, "loss": -0.3854880928993225, "examples": 3210, "session_seconds": 2830.6192624649993, "peak_vram_bytes": 1835249152}
{"step": 3220, "loss": -0.41715556383132935, "examples": 3220, "session_seconds": 2838.9852873679993, "peak_vram_bytes": 1835249152}
{"step": 3230, "loss": 0.04403642192482948, "examples": 3230, "session_seconds": 2847.791648141996, "peak_vram_bytes": 1835249152}
{"step": 3240, "loss": 1.5879770517349243, "examples": 3240, "session_seconds": 2856.6277611859987, "peak_vram_bytes": 1835249152}
{"step": 3250, "loss": 0.997934103012085, "examples": 3250, "session_seconds": 2864.967683734001, "peak_vram_bytes": 1835249152}
{"step": 3260, "loss": -0.3961445689201355, "examples": 3260, "session_seconds": 2873.6004985940017, "peak_vram_bytes": 1835249152}
{"step": 3270, "loss": -0.4463351368904114, "examples": 3270, "session_seconds": 2882.692526245002, "peak_vram_bytes": 1835249152}
{"step": 3280, "loss": 0.004919564351439476, "examples": 3280, "session_seconds": 2890.897035246002, "peak_vram_bytes": 1835249152}
{"step": 3290, "loss": 0.38732773065567017, "examples": 3290, "session_seconds": 2900.2656406259994, "peak_vram_bytes": 1835249152}
{"step": 3300, "loss": -0.026212066411972046, "examples": 3300, "session_seconds": 2909.7420336020004, "peak_vram_bytes": 1835249152}
{"step": 3310, "loss": 0.9230425357818604, "examples": 3310, "session_seconds": 2919.2656301009993, "peak_vram_bytes": 1835249152}
{"step": 3320, "loss": -0.4319194555282593, "examples": 3320, "session_seconds": 2928.763150965002, "peak_vram_bytes": 1835249152}
{"step": 3330, "loss": 1.182852029800415, "examples": 3330, "session_seconds": 2937.6676530069963, "peak_vram_bytes": 1835249152}
{"step": 3340, "loss": -0.4062127470970154, "examples": 3340, "session_seconds": 2947.008843413998, "peak_vram_bytes": 1835249152}
{"step": 3350, "loss": -0.3873932361602783, "examples": 3350, "session_seconds": 2956.0974604069997, "peak_vram_bytes": 1835249152}
{"step": 3360, "loss": -0.42708784341812134, "examples": 3360, "session_seconds": 2964.667949540002, "peak_vram_bytes": 1835249152}
{"step": 3370, "loss": -0.40787291526794434, "examples": 3370, "session_seconds": 2973.1052935929984, "peak_vram_bytes": 1835249152}
{"step": 3380, "loss": -0.45938974618911743, "examples": 3380, "session_seconds": 2981.574544492003, "peak_vram_bytes": 1835249152}
{"step": 3390, "loss": -0.41118258237838745, "examples": 3390, "session_seconds": 2990.3665734949973, "peak_vram_bytes": 1835249152}
{"step": 3400, "loss": -0.3974221348762512, "examples": 3400, "session_seconds": 2999.5860791259984, "peak_vram_bytes": 1835249152}
{"step": 3410, "loss": -0.42131590843200684, "examples": 3410, "session_seconds": 3009.131515897003, "peak_vram_bytes": 1835249152}
{"step": 3420, "loss": -0.40732282400131226, "examples": 3420, "session_seconds": 3018.500255692001, "peak_vram_bytes": 1835249152}
{"step": 3430, "loss": 0.017499029636383057, "examples": 3430, "session_seconds": 3027.6618289249964, "peak_vram_bytes": 1835249152}
{"step": 3440, "loss": -0.4682490825653076, "examples": 3440, "session_seconds": 3036.567129741001, "peak_vram_bytes": 1835249152}
{"step": 3450, "loss": -0.3865230083465576, "examples": 3450, "session_seconds": 3045.6715006680024, "peak_vram_bytes": 1835249152}
{"step": 3460, "loss": -0.420529305934906, "examples": 3460, "session_seconds": 3054.8394282329973, "peak_vram_bytes": 1835249152}
{"step": 3470, "loss": -0.4487946033477783, "examples": 3470, "session_seconds": 3064.3241829819963, "peak_vram_bytes": 1835249152}
{"step": 3480, "loss": -0.41658318042755127, "examples": 3480, "session_seconds": 3073.0209599160007, "peak_vram_bytes": 1835249152}
{"step": 3490, "loss": 1.2857967615127563, "examples": 3490, "session_seconds": 3081.5168843930005, "peak_vram_bytes": 1835249152}
{"step": 3500, "loss": -0.4466269314289093, "examples": 3500, "session_seconds": 3090.508587327, "peak_vram_bytes": 1835249152}
{"step": 3510, "loss": 0.0463981032371521, "examples": 3510, "session_seconds": 3100.4164408450015, "peak_vram_bytes": 1835249152}
{"step": 3520, "loss": -0.43036526441574097, "examples": 3520, "session_seconds": 3109.498651404996, "peak_vram_bytes": 1835249152}
{"step": 3530, "loss": 1.288841962814331, "examples": 3530, "session_seconds": 3118.250782533003, "peak_vram_bytes": 1835249152}
{"step": 3540, "loss": -0.392215371131897, "examples": 3540, "session_seconds": 3126.7014145020003, "peak_vram_bytes": 1835249152}
{"step": 3550, "loss": 1.324411392211914, "examples": 3550, "session_seconds": 3135.1352148000005, "peak_vram_bytes": 1835249152}
{"step": 3560, "loss": -0.4211742877960205, "examples": 3560, "session_seconds": 3143.3654108970004, "peak_vram_bytes": 1835249152}
{"step": 3570, "loss": -0.41891711950302124, "examples": 3570, "session_seconds": 3151.8328677419995, "peak_vram_bytes": 1835249152}
{"step": 3580, "loss": -0.41009753942489624, "examples": 3580, "session_seconds": 3160.1623182870026, "peak_vram_bytes": 1835249152}
{"step": 3590, "loss": 1.4057714939117432, "examples": 3590, "session_seconds": 3168.594447229996, "peak_vram_bytes": 1835249152}
{"step": 3600, "loss": -0.44430679082870483, "examples": 3600, "session_seconds": 3177.374011476997, "peak_vram_bytes": 1835249152}
{"step": 3610, "loss": 1.174411654472351, "examples": 3610, "session_seconds": 3186.3481922089995, "peak_vram_bytes": 1835249152}
{"step": 3620, "loss": 0.1354341208934784, "examples": 3620, "session_seconds": 3195.2704187769996, "peak_vram_bytes": 1835249152}
{"step": 3630, "loss": -0.4169617295265198, "examples": 3630, "session_seconds": 3204.572159880998, "peak_vram_bytes": 1835249152}
{"step": 3640, "loss": -0.4354203939437866, "examples": 3640, "session_seconds": 3213.4114115019984, "peak_vram_bytes": 1835249152}
{"step": 3650, "loss": -0.4538079500198364, "examples": 3650, "session_seconds": 3222.785145388996, "peak_vram_bytes": 1835249152}
{"step": 3660, "loss": -0.41890329122543335, "examples": 3660, "session_seconds": 3232.090233105002, "peak_vram_bytes": 1835249152}
{"step": 3670, "loss": -0.4206380248069763, "examples": 3670, "session_seconds": 3241.0650351779987, "peak_vram_bytes": 1835249152}
{"step": 3680, "loss": 1.1852689981460571, "examples": 3680, "session_seconds": 3250.551862401, "peak_vram_bytes": 1835249152}
{"step": 3690, "loss": 1.0940202474594116, "examples": 3690, "session_seconds": 3258.9352847440023, "peak_vram_bytes": 1835249152}
{"step": 3700, "loss": 1.3081574440002441, "examples": 3700, "session_seconds": 3267.3001244120023, "peak_vram_bytes": 1835249152}
{"step": 3710, "loss": 0.1324944943189621, "examples": 3710, "session_seconds": 3276.134281131999, "peak_vram_bytes": 1835249152}
{"step": 3720, "loss": 0.015378798358142376, "examples": 3720, "session_seconds": 3284.625009429001, "peak_vram_bytes": 1835249152}
{"step": 3730, "loss": -0.40657299757003784, "examples": 3730, "session_seconds": 3293.1628181859996, "peak_vram_bytes": 1835249152}
{"step": 3740, "loss": -0.43386518955230713, "examples": 3740, "session_seconds": 3301.7281868249993, "peak_vram_bytes": 1835249152}
{"step": 3750, "loss": -0.029131831601262093, "examples": 3750, "session_seconds": 3310.8874127840027, "peak_vram_bytes": 1835249152}
{"step": 3760, "loss": -0.4122265577316284, "examples": 3760, "session_seconds": 3319.283270827, "peak_vram_bytes": 1835249152}
{"step": 3770, "loss": -0.3977975845336914, "examples": 3770, "session_seconds": 3328.7705151850023, "peak_vram_bytes": 1835249152}
{"step": 3780, "loss": -0.4687763452529907, "examples": 3780, "session_seconds": 3337.631158862001, "peak_vram_bytes": 1835249152}
{"step": 3790, "loss": 0.02537895180284977, "examples": 3790, "session_seconds": 3346.2902697300015, "peak_vram_bytes": 1835249152}
{"step": 3800, "loss": 1.1176775693893433, "examples": 3800, "session_seconds": 3355.1726580449977, "peak_vram_bytes": 1835249152}
{"step": 3810, "loss": -0.4071752429008484, "examples": 3810, "session_seconds": 3364.061011578, "peak_vram_bytes": 1835249152}
{"step": 3820, "loss": -0.4340550899505615, "examples": 3820, "session_seconds": 3373.530114864996, "peak_vram_bytes": 1835249152}
{"step": 3830, "loss": -0.43341851234436035, "examples": 3830, "session_seconds": 3382.608222255003, "peak_vram_bytes": 1835249152}
{"step": 3840, "loss": -0.46097493171691895, "examples": 3840, "session_seconds": 3391.729481602997, "peak_vram_bytes": 1835249152}
{"step": 3850, "loss": -0.39479905366897583, "examples": 3850, "session_seconds": 3400.5947619759972, "peak_vram_bytes": 1835249152}
{"step": 3860, "loss": 0.09452827274799347, "examples": 3860, "session_seconds": 3409.404143836, "peak_vram_bytes": 1835249152}
{"step": 3870, "loss": -0.4220348596572876, "examples": 3870, "session_seconds": 3417.9329482039975, "peak_vram_bytes": 1835249152}
{"step": 3880, "loss": -0.4270852208137512, "examples": 3880, "session_seconds": 3426.17586209, "peak_vram_bytes": 1835249152}
{"step": 3890, "loss": -0.4259648323059082, "examples": 3890, "session_seconds": 3434.450226658002, "peak_vram_bytes": 1835249152}
{"step": 3900, "loss": -0.4236909747123718, "examples": 3900, "session_seconds": 3442.958929569999, "peak_vram_bytes": 1835249152}
{"step": 3910, "loss": -0.47010350227355957, "examples": 3910, "session_seconds": 3452.518548091997, "peak_vram_bytes": 1835249152}
{"step": 3920, "loss": -0.4132336974143982, "examples": 3920, "session_seconds": 3461.8119543909997, "peak_vram_bytes": 1835249152}
{"step": 3930, "loss": -0.4227205514907837, "examples": 3930, "session_seconds": 3470.8924966139966, "peak_vram_bytes": 1835249152}
{"step": 3940, "loss": -0.42149317264556885, "examples": 3940, "session_seconds": 3479.686751938003, "peak_vram_bytes": 1835249152}
{"step": 3950, "loss": -0.38796013593673706, "examples": 3950, "session_seconds": 3488.875758483002, "peak_vram_bytes": 1835249152}
{"step": 3960, "loss": -0.4225262403488159, "examples": 3960, "session_seconds": 3497.950491522999, "peak_vram_bytes": 1835249152}
{"step": 3970, "loss": -0.44630002975463867, "examples": 3970, "session_seconds": 3507.100426586003, "peak_vram_bytes": 1835249152}
{"step": 3980, "loss": -0.5629315376281738, "examples": 3980, "session_seconds": 3516.4420851100003, "peak_vram_bytes": 1835249152}
{"step": 3990, "loss": -0.42899227142333984, "examples": 3990, "session_seconds": 3525.745222997997, "peak_vram_bytes": 1835249152}
{"step": 4000, "loss": -0.4459606409072876, "examples": 4000, "session_seconds": 3535.2074792389976, "peak_vram_bytes": 1835249152}
wandb: 
wandb: Run history:
wandb:        examples ▁▁▁▁▁▁▂▂▂▂▂▂▃▃▃▃▃▃▃▄▄▄▄▅▅▅▆▆▆▆▇▇▇▇▇▇████
wandb:            loss ▃▃▃▆▇▂▂▁▂▁█▂▂█▆▂▂▁▂█▁▂▁▁▂▃▁▂▁▄▃▁▁▁▂▃▂▁▂▂
wandb: peak_vram_bytes ▁▁▃▃▃▃▃▅▅▅██████████████████████████████
wandb: session_seconds ▁▁▁▁▁▂▂▂▂▂▃▃▃▃▃▃▄▄▄▄▅▅▅▅▅▆▆▆▆▆▆▆▇▇▇▇▇███
wandb:            step ▁▁▁▁▂▂▂▂▂▂▂▂▃▃▃▃▄▄▄▄▅▅▅▅▅▆▆▆▆▆▆▇▇▇▇▇▇▇██
wandb: 
wandb: Run summary:
wandb:        examples 4000
wandb:            loss -0.44596
wandb: peak_vram_bytes 1835249152
wandb: session_seconds 3535.20748
wandb:            step 4000
wandb: 
wandb: You can sync this run to the cloud by running:
wandb: wandb sync artifacts/longer-v1/0.8b/main/seed-11/exact/tracking/wandb/offline-run-20261004_195300-a8axy2no
wandb: Find logs at: artifacts/longer-v1/0.8b/main/seed-11/exact/tracking/wandb/offline-run-20261004_195300-a8axy2no/logs
{"artifact": "artifacts/longer-v1/0.8b/main/seed-11/exact/artifact", "elapsed_seconds": 3535.5905702879973}
