
{"utc": "2026-10-05T04:41:34.112089+00:00", "command": ["-m", "myjev.train", "--config", "results/longer-v1/4b/main/seed-11/exact/config.json", "--data", "data/banking77/train.jsonl", "--output", "artifacts/longer-v1/4b/main/seed-11/exact", "--method", "exact", "--seed", "11", "--initial", "artifacts/longer-v1/4b/main/seed-11/sft/artifact"]}
Loading weights:   0%|          | 0/426 [00:00<?, ?it/s]Loading weights:  70%|███████   | 300/426 [00:00<00:00, 2979.42it/s]Loading weights: 100%|██████████| 426/426 [00:00<00:00, 3086.07it/s]
wandb: Tracking run with wandb version 0.30.0
wandb: W&B syncing is set to `offline` in this directory. Run `wandb online` or set WANDB_MODE=online to enable cloud syncing.
wandb: Run data is saved locally in artifacts/longer-v1/4b/main/seed-11/exact/tracking/wandb/offline-run-20261004_214147-wu7301f0
wandb: View this run in the terminal with `wandb leet`
[transformers] `causal_conv1d_fn` is falling back to its reference PyTorch implementation because `causal_conv1d` is not installed. This is correct but much slower; install `causal_conv1d` for the optimized kernel.
[transformers] `chunk_gated_delta_rule` is falling back to its reference PyTorch implementation because `flash-linear-attention` is not installed. This is correct but much slower; install `flash-linear-attention` for the optimized kernel.
{"step": 10, "loss": -0.0013267360627651215, "examples": 10, "session_seconds": 13.769210618003854, "peak_vram_bytes": 9152454144}
{"step": 20, "loss": -0.0009239294449798763, "examples": 20, "session_seconds": 26.963315141001658, "peak_vram_bytes": 9178298880}
{"step": 30, "loss": -0.006959942635148764, "examples": 30, "session_seconds": 39.3707228380008, "peak_vram_bytes": 9178298880}
{"step": 40, "loss": -0.0004249714547768235, "examples": 40, "session_seconds": 51.27878838600009, "peak_vram_bytes": 9178298880}
{"step": 50, "loss": -0.00045166356721892953, "examples": 50, "session_seconds": 64.13698277799995, "peak_vram_bytes": 9178298880}
{"step": 60, "loss": -0.0009814718505367637, "examples": 60, "session_seconds": 76.90983844199945, "peak_vram_bytes": 9178298880}
{"step": 70, "loss": 0.0005519858095794916, "examples": 70, "session_seconds": 89.6851563090022, "peak_vram_bytes": 9178298880}
{"step": 80, "loss": -0.0006048608920536935, "examples": 80, "session_seconds": 103.21740344400314, "peak_vram_bytes": 9179626496}
{"step": 90, "loss": -0.001054963911883533, "examples": 90, "session_seconds": 116.00284339400241, "peak_vram_bytes": 9179626496}
{"step": 100, "loss": -0.0009754935745149851, "examples": 100, "session_seconds": 128.21075250200374, "peak_vram_bytes": 9179626496}
Warning: You are sending unauthenticated requests to the HF Hub. Please set a HF_TOKEN to enable higher rate limits and faster downloads.
{"step": 110, "loss": -0.0014548322651535273, "examples": 110, "session_seconds": 142.32065211900044, "peak_vram_bytes": 9179626496}
{"step": 120, "loss": 0.008637314662337303, "examples": 120, "session_seconds": 154.17909958100063, "peak_vram_bytes": 9179626496}
{"step": 130, "loss": -0.002509901998564601, "examples": 130, "session_seconds": 166.75509754600353, "peak_vram_bytes": 9179626496}
{"step": 140, "loss": -0.00952997151762247, "examples": 140, "session_seconds": 178.72873059500125, "peak_vram_bytes": 9179626496}
{"step": 150, "loss": 0.0486045777797699, "examples": 150, "session_seconds": 190.91955913800484, "peak_vram_bytes": 9179626496}
{"step": 160, "loss": -0.13456115126609802, "examples": 160, "session_seconds": 202.80655970000225, "peak_vram_bytes": 9180880384}
{"step": 170, "loss": -0.24210214614868164, "examples": 170, "session_seconds": 215.163222727002, "peak_vram_bytes": 9180880384}
{"step": 180, "loss": -0.34789586067199707, "examples": 180, "session_seconds": 227.292852822, "peak_vram_bytes": 9180880384}
{"step": 190, "loss": 1.0803163051605225, "examples": 190, "session_seconds": 239.4256822400057, "peak_vram_bytes": 9180880384}
{"step": 200, "loss": -0.3356558680534363, "examples": 200, "session_seconds": 252.72154641499947, "peak_vram_bytes": 9180880384}
{"step": 210, "loss": -0.39211010932922363, "examples": 210, "session_seconds": 265.8646136200041, "peak_vram_bytes": 9180880384}
{"step": 220, "loss": -0.3840150833129883, "examples": 220, "session_seconds": 278.8680380799997, "peak_vram_bytes": 9181799936}
{"step": 230, "loss": -0.3546937108039856, "examples": 230, "session_seconds": 292.3094509990042, "peak_vram_bytes": 9181799936}
{"step": 240, "loss": -0.3883581757545471, "examples": 240, "session_seconds": 304.95056179200037, "peak_vram_bytes": 9181799936}
{"step": 250, "loss": -0.40310728549957275, "examples": 250, "session_seconds": 317.18544593299885, "peak_vram_bytes": 9181799936}
{"step": 260, "loss": -0.38268864154815674, "examples": 260, "session_seconds": 330.0855545890008, "peak_vram_bytes": 9181799936}
{"step": 270, "loss": -0.3512149453163147, "examples": 270, "session_seconds": 342.5479425320009, "peak_vram_bytes": 9181799936}
{"step": 280, "loss": -0.1647632122039795, "examples": 280, "session_seconds": 354.99677444000554, "peak_vram_bytes": 9181799936}
{"step": 290, "loss": -0.37781089544296265, "examples": 290, "session_seconds": 366.86340540600213, "peak_vram_bytes": 9181799936}
{"step": 300, "loss": 1.1076908111572266, "examples": 300, "session_seconds": 379.60904588500125, "peak_vram_bytes": 9182534144}
{"step": 310, "loss": -0.36170250177383423, "examples": 310, "session_seconds": 392.81528759199864, "peak_vram_bytes": 9182534144}
{"step": 320, "loss": -0.4042103886604309, "examples": 320, "session_seconds": 405.1033036380031, "peak_vram_bytes": 9182534144}
{"step": 330, "loss": -0.36308419704437256, "examples": 330, "session_seconds": 418.56238937200396, "peak_vram_bytes": 9182534144}
{"step": 340, "loss": -0.3937007784843445, "examples": 340, "session_seconds": 431.33596209600364, "peak_vram_bytes": 9182534144}
{"step": 350, "loss": -0.3666028380393982, "examples": 350, "session_seconds": 443.7077204779998, "peak_vram_bytes": 9182534144}
{"step": 360, "loss": -0.43324047327041626, "examples": 360, "session_seconds": 456.0083692260014, "peak_vram_bytes": 9182534144}
{"step": 370, "loss": -0.391568124294281, "examples": 370, "session_seconds": 467.92111080400355, "peak_vram_bytes": 9182534144}
{"step": 380, "loss": -0.36725032329559326, "examples": 380, "session_seconds": 479.716433996, "peak_vram_bytes": 9182534144}
{"step": 390, "loss": -0.3720393180847168, "examples": 390, "session_seconds": 492.2462596080004, "peak_vram_bytes": 9182534144}
{"step": 400, "loss": -0.3963344693183899, "examples": 400, "session_seconds": 504.8748556930004, "peak_vram_bytes": 9182534144}
{"step": 410, "loss": -0.41568446159362793, "examples": 410, "session_seconds": 517.246925419, "peak_vram_bytes": 9182534144}
{"step": 420, "loss": -0.3930199146270752, "examples": 420, "session_seconds": 529.0276488080053, "peak_vram_bytes": 9182534144}
{"step": 430, "loss": -0.36608022451400757, "examples": 430, "session_seconds": 541.9418923420017, "peak_vram_bytes": 9182534144}
{"step": 440, "loss": -0.4061277508735657, "examples": 440, "session_seconds": 554.1798408890027, "peak_vram_bytes": 9182534144}
{"step": 450, "loss": -0.16067993640899658, "examples": 450, "session_seconds": 566.1267395730029, "peak_vram_bytes": 9182534144}
{"step": 460, "loss": -0.41217178106307983, "examples": 460, "session_seconds": 578.8221962430034, "peak_vram_bytes": 9182534144}
{"step": 470, "loss": -0.3732437491416931, "examples": 470, "session_seconds": 590.7097866969998, "peak_vram_bytes": 9182534144}
{"step": 480, "loss": -0.3949117660522461, "examples": 480, "session_seconds": 602.4875433740017, "peak_vram_bytes": 9182534144}
{"step": 490, "loss": 1.1764987707138062, "examples": 490, "session_seconds": 614.6089928180008, "peak_vram_bytes": 9182534144}
{"step": 500, "loss": -0.3769945502281189, "examples": 500, "session_seconds": 626.3930072799994, "peak_vram_bytes": 9182534144}
{"step": 510, "loss": -0.396343469619751, "examples": 510, "session_seconds": 638.7361063210046, "peak_vram_bytes": 9182534144}
{"step": 520, "loss": -0.3906092643737793, "examples": 520, "session_seconds": 651.592696341002, "peak_vram_bytes": 9182534144}
{"step": 530, "loss": -0.3741505742073059, "examples": 530, "session_seconds": 663.3637819950018, "peak_vram_bytes": 9182534144}
{"step": 540, "loss": -0.5241104364395142, "examples": 540, "session_seconds": 675.5788391690003, "peak_vram_bytes": 9182534144}
{"step": 550, "loss": 1.2544238567352295, "examples": 550, "session_seconds": 688.7249198470017, "peak_vram_bytes": 9182534144}
{"step": 560, "loss": -0.353850781917572, "examples": 560, "session_seconds": 701.1079476830055, "peak_vram_bytes": 9182534144}
{"step": 570, "loss": -0.39067786931991577, "examples": 570, "session_seconds": 713.564711402003, "peak_vram_bytes": 9182534144}
{"step": 580, "loss": -0.39779162406921387, "examples": 580, "session_seconds": 725.77844396, "peak_vram_bytes": 9182534144}
{"step": 590, "loss": -0.3585718274116516, "examples": 590, "session_seconds": 738.0327833670017, "peak_vram_bytes": 9182534144}
{"step": 600, "loss": -0.4005314111709595, "examples": 600, "session_seconds": 750.083527447001, "peak_vram_bytes": 9182534144}
{"step": 610, "loss": -0.3952663540840149, "examples": 610, "session_seconds": 762.9455150260037, "peak_vram_bytes": 9182534144}
{"step": 620, "loss": -0.4418630599975586, "examples": 620, "session_seconds": 776.4467088620004, "peak_vram_bytes": 9182534144}
{"step": 630, "loss": -0.37266993522644043, "examples": 630, "session_seconds": 788.6169848569989, "peak_vram_bytes": 9182534144}
{"step": 640, "loss": -0.5048038959503174, "examples": 640, "session_seconds": 801.5744578630038, "peak_vram_bytes": 9182534144}
{"step": 650, "loss": -0.4040834903717041, "examples": 650, "session_seconds": 815.1336528930042, "peak_vram_bytes": 9182534144}
{"step": 660, "loss": -0.4153563380241394, "examples": 660, "session_seconds": 827.5165029679993, "peak_vram_bytes": 9182534144}
{"step": 670, "loss": -0.4030601382255554, "examples": 670, "session_seconds": 839.6404870180049, "peak_vram_bytes": 9182534144}
{"step": 680, "loss": -0.37487906217575073, "examples": 680, "session_seconds": 851.8493033030027, "peak_vram_bytes": 9182534144}
{"step": 690, "loss": -0.4352784752845764, "examples": 690, "session_seconds": 865.0160990280056, "peak_vram_bytes": 9182534144}
{"step": 700, "loss": -0.3980758786201477, "examples": 700, "session_seconds": 877.2351697970007, "peak_vram_bytes": 9182534144}
{"step": 710, "loss": -0.4002613425254822, "examples": 710, "session_seconds": 890.3137209760025, "peak_vram_bytes": 9182534144}
{"step": 720, "loss": -0.3554115891456604, "examples": 720, "session_seconds": 902.7887676480022, "peak_vram_bytes": 9185560576}
{"step": 730, "loss": -0.39458900690078735, "examples": 730, "session_seconds": 915.6286373960029, "peak_vram_bytes": 9185560576}
{"step": 740, "loss": 1.179152488708496, "examples": 740, "session_seconds": 927.583594335003, "peak_vram_bytes": 9185560576}
{"step": 750, "loss": -0.39288246631622314, "examples": 750, "session_seconds": 941.2466343350025, "peak_vram_bytes": 9185560576}
{"step": 760, "loss": -0.4220196604728699, "examples": 760, "session_seconds": 953.6410357960049, "peak_vram_bytes": 9185560576}
{"step": 770, "loss": 1.0904209613800049, "examples": 770, "session_seconds": 965.7737600700057, "peak_vram_bytes": 9185560576}
{"step": 780, "loss": -0.38219088315963745, "examples": 780, "session_seconds": 977.9726094500002, "peak_vram_bytes": 9185560576}
{"step": 790, "loss": -0.4065357446670532, "examples": 790, "session_seconds": 990.5568812640049, "peak_vram_bytes": 9185560576}
{"step": 800, "loss": -0.4236717224121094, "examples": 800, "session_seconds": 1003.4532592370015, "peak_vram_bytes": 9185560576}
{"step": 810, "loss": -0.38962942361831665, "examples": 810, "session_seconds": 1016.7049959889991, "peak_vram_bytes": 9185560576}
{"step": 820, "loss": -0.40026432275772095, "examples": 820, "session_seconds": 1029.4641214959993, "peak_vram_bytes": 9185560576}
{"step": 830, "loss": -0.3850531578063965, "examples": 830, "session_seconds": 1041.2953050159995, "peak_vram_bytes": 9185560576}
{"step": 840, "loss": -0.4618537127971649, "examples": 840, "session_seconds": 1053.0665065030043, "peak_vram_bytes": 9185560576}
{"step": 850, "loss": -0.3817472457885742, "examples": 850, "session_seconds": 1065.8996976630006, "peak_vram_bytes": 9185560576}
{"step": 860, "loss": -0.4008973240852356, "examples": 860, "session_seconds": 1078.5896620820058, "peak_vram_bytes": 9185560576}
{"step": 870, "loss": -0.43105247616767883, "examples": 870, "session_seconds": 1091.1438328820004, "peak_vram_bytes": 9185560576}
{"step": 880, "loss": -0.3893212676048279, "examples": 880, "session_seconds": 1103.8750316000005, "peak_vram_bytes": 9185560576}
{"step": 890, "loss": -0.3583848476409912, "examples": 890, "session_seconds": 1116.4401014680043, "peak_vram_bytes": 9185560576}
{"step": 900, "loss": -0.39065736532211304, "examples": 900, "session_seconds": 1128.7328670650022, "peak_vram_bytes": 9185560576}
{"step": 910, "loss": -0.40457266569137573, "examples": 910, "session_seconds": 1141.6633683290056, "peak_vram_bytes": 9185560576}
{"step": 920, "loss": -0.46073880791664124, "examples": 920, "session_seconds": 1153.7332270539991, "peak_vram_bytes": 9185560576}
{"step": 930, "loss": -0.417052686214447, "examples": 930, "session_seconds": 1166.420842476, "peak_vram_bytes": 9185560576}
{"step": 940, "loss": -0.3852540850639343, "examples": 940, "session_seconds": 1179.0269057500045, "peak_vram_bytes": 9185560576}
{"step": 950, "loss": -0.377071738243103, "examples": 950, "session_seconds": 1191.1598487320007, "peak_vram_bytes": 9185560576}
{"step": 960, "loss": 1.1166361570358276, "examples": 960, "session_seconds": 1203.0150488310028, "peak_vram_bytes": 9185560576}
{"step": 970, "loss": -0.35644829273223877, "examples": 970, "session_seconds": 1215.1325803490035, "peak_vram_bytes": 9185560576}
{"step": 980, "loss": -0.3672523498535156, "examples": 980, "session_seconds": 1227.6744903, "peak_vram_bytes": 9185560576}
{"step": 990, "loss": 1.1942994594573975, "examples": 990, "session_seconds": 1239.602655640003, "peak_vram_bytes": 9185560576}
{"step": 1000, "loss": -0.3836439847946167, "examples": 1000, "session_seconds": 1251.395786138004, "peak_vram_bytes": 9185560576}
{"step": 1010, "loss": -0.40943700075149536, "examples": 1010, "session_seconds": 1264.3405326400025, "peak_vram_bytes": 9185560576}
{"step": 1020, "loss": -0.5550697445869446, "examples": 1020, "session_seconds": 1276.717565163999, "peak_vram_bytes": 9185560576}
{"step": 1030, "loss": 1.264665126800537, "examples": 1030, "session_seconds": 1289.4060486830058, "peak_vram_bytes": 9185560576}
{"step": 1040, "loss": -0.3796720504760742, "examples": 1040, "session_seconds": 1302.0498164829987, "peak_vram_bytes": 9185560576}
{"step": 1050, "loss": -0.36032432317733765, "examples": 1050, "session_seconds": 1314.6296693420009, "peak_vram_bytes": 9185560576}
{"step": 1060, "loss": -0.42576736211776733, "examples": 1060, "session_seconds": 1327.3255879720018, "peak_vram_bytes": 9185560576}
{"step": 1070, "loss": 1.4666728973388672, "examples": 1070, "session_seconds": 1340.2752005100047, "peak_vram_bytes": 9185560576}
{"step": 1080, "loss": -0.3766798973083496, "examples": 1080, "session_seconds": 1352.54832111, "peak_vram_bytes": 9185560576}
{"step": 1090, "loss": -0.3918190598487854, "examples": 1090, "session_seconds": 1365.035265876002, "peak_vram_bytes": 9185560576}
{"step": 1100, "loss": -0.3739493489265442, "examples": 1100, "session_seconds": 1378.776779179003, "peak_vram_bytes": 9185560576}
{"step": 1110, "loss": -0.3611917495727539, "examples": 1110, "session_seconds": 1391.841836006999, "peak_vram_bytes": 9185560576}
{"step": 1120, "loss": -0.387317955493927, "examples": 1120, "session_seconds": 1404.4018779370017, "peak_vram_bytes": 9185560576}
{"step": 1130, "loss": -0.4611087739467621, "examples": 1130, "session_seconds": 1417.868897074004, "peak_vram_bytes": 9185560576}
{"step": 1140, "loss": -0.38201260566711426, "examples": 1140, "session_seconds": 1430.435755962004, "peak_vram_bytes": 9185560576}
{"step": 1150, "loss": -0.3749048709869385, "examples": 1150, "session_seconds": 1443.2192513199989, "peak_vram_bytes": 9185560576}
{"step": 1160, "loss": -0.4460306763648987, "examples": 1160, "session_seconds": 1456.3571480710016, "peak_vram_bytes": 9185560576}
{"step": 1170, "loss": -0.373176634311676, "examples": 1170, "session_seconds": 1469.0611218420017, "peak_vram_bytes": 9185862144}
{"step": 1180, "loss": -0.4041440486907959, "examples": 1180, "session_seconds": 1481.6692191719994, "peak_vram_bytes": 9185862144}
{"step": 1190, "loss": -0.38803696632385254, "examples": 1190, "session_seconds": 1494.2022021090015, "peak_vram_bytes": 9185862144}
{"step": 1200, "loss": -0.3962240219116211, "examples": 1200, "session_seconds": 1507.6604997850009, "peak_vram_bytes": 9185862144}
{"step": 1210, "loss": -0.3972705602645874, "examples": 1210, "session_seconds": 1520.717181126005, "peak_vram_bytes": 9185862144}
{"step": 1220, "loss": -0.36117005348205566, "examples": 1220, "session_seconds": 1533.1992939550037, "peak_vram_bytes": 9185862144}
{"step": 1230, "loss": -0.41290318965911865, "examples": 1230, "session_seconds": 1545.728204500003, "peak_vram_bytes": 9185862144}
{"step": 1240, "loss": -0.3862878084182739, "examples": 1240, "session_seconds": 1558.3357773520038, "peak_vram_bytes": 9185862144}
{"step": 1250, "loss": -0.4824534058570862, "examples": 1250, "session_seconds": 1570.965797017001, "peak_vram_bytes": 9185862144}
{"step": 1260, "loss": -0.38423073291778564, "examples": 1260, "session_seconds": 1583.9910636429995, "peak_vram_bytes": 9185862144}
{"step": 1270, "loss": -0.3856303095817566, "examples": 1270, "session_seconds": 1596.667610618002, "peak_vram_bytes": 9185862144}
{"step": 1280, "loss": -0.4073340892791748, "examples": 1280, "session_seconds": 1608.5273482060002, "peak_vram_bytes": 9185862144}
{"step": 1290, "loss": -0.465761661529541, "examples": 1290, "session_seconds": 1621.4171387070019, "peak_vram_bytes": 9185862144}
{"step": 1300, "loss": -0.43714725971221924, "examples": 1300, "session_seconds": 1633.8963549580003, "peak_vram_bytes": 9185862144}
{"step": 1310, "loss": 1.2021896839141846, "examples": 1310, "session_seconds": 1646.2416032590045, "peak_vram_bytes": 9185862144}
{"step": 1320, "loss": -0.4422222375869751, "examples": 1320, "session_seconds": 1659.2050546329992, "peak_vram_bytes": 9185862144}
{"step": 1330, "loss": -0.37602174282073975, "examples": 1330, "session_seconds": 1671.827646001002, "peak_vram_bytes": 9185862144}
{"step": 1340, "loss": 1.2371230125427246, "examples": 1340, "session_seconds": 1684.6006141629987, "peak_vram_bytes": 9185862144}
{"step": 1350, "loss": -0.3776521682739258, "examples": 1350, "session_seconds": 1696.985612687, "peak_vram_bytes": 9185862144}
{"step": 1360, "loss": -0.4013686776161194, "examples": 1360, "session_seconds": 1710.1548046850003, "peak_vram_bytes": 9186433536}
{"step": 1370, "loss": -0.3994615077972412, "examples": 1370, "session_seconds": 1722.8378861890014, "peak_vram_bytes": 9186433536}
{"step": 1380, "loss": -0.39671802520751953, "examples": 1380, "session_seconds": 1735.2194459870007, "peak_vram_bytes": 9186433536}
{"step": 1390, "loss": -0.3761391043663025, "examples": 1390, "session_seconds": 1747.9913537570028, "peak_vram_bytes": 9186433536}
{"step": 1400, "loss": -0.43849629163742065, "examples": 1400, "session_seconds": 1760.6152498740048, "peak_vram_bytes": 9186433536}
{"step": 1410, "loss": -0.3665817975997925, "examples": 1410, "session_seconds": 1773.7188631040044, "peak_vram_bytes": 9186433536}
{"step": 1420, "loss": -0.4442980885505676, "examples": 1420, "session_seconds": 1787.0787943680043, "peak_vram_bytes": 9186433536}
{"step": 1430, "loss": -0.39970844984054565, "examples": 1430, "session_seconds": 1799.4198736090038, "peak_vram_bytes": 9186433536}
{"step": 1440, "loss": -0.39234405755996704, "examples": 1440, "session_seconds": 1811.6954126390046, "peak_vram_bytes": 9186433536}
{"step": 1450, "loss": -0.41933125257492065, "examples": 1450, "session_seconds": 1824.1052623590003, "peak_vram_bytes": 9186433536}
{"step": 1460, "loss": -0.40057146549224854, "examples": 1460, "session_seconds": 1835.9521318250045, "peak_vram_bytes": 9186433536}
{"step": 1470, "loss": -0.3873388171195984, "examples": 1470, "session_seconds": 1848.1441288589995, "peak_vram_bytes": 9186433536}
{"step": 1480, "loss": -0.41248422861099243, "examples": 1480, "session_seconds": 1860.4138336020042, "peak_vram_bytes": 9186433536}
{"step": 1490, "loss": -0.4535984992980957, "examples": 1490, "session_seconds": 1872.607473517004, "peak_vram_bytes": 9186433536}
{"step": 1500, "loss": -0.4033128619194031, "examples": 1500, "session_seconds": 1884.770106668002, "peak_vram_bytes": 9186433536}
{"step": 1510, "loss": -0.4482182264328003, "examples": 1510, "session_seconds": 1897.8221493370002, "peak_vram_bytes": 9186433536}
{"step": 1520, "loss": -0.3984052538871765, "examples": 1520, "session_seconds": 1911.1996771970007, "peak_vram_bytes": 9186433536}
{"step": 1530, "loss": -0.4772484004497528, "examples": 1530, "session_seconds": 1924.0645615190006, "peak_vram_bytes": 9186433536}
{"step": 1540, "loss": -0.3994133472442627, "examples": 1540, "session_seconds": 1936.2483486820056, "peak_vram_bytes": 9186433536}
{"step": 1550, "loss": -0.508557915687561, "examples": 1550, "session_seconds": 1948.3889020429997, "peak_vram_bytes": 9186433536}
{"step": 1560, "loss": -0.372994601726532, "examples": 1560, "session_seconds": 1960.3274664769997, "peak_vram_bytes": 9186433536}
{"step": 1570, "loss": -0.33061420917510986, "examples": 1570, "session_seconds": 1972.2307357590034, "peak_vram_bytes": 9186433536}
{"step": 1580, "loss": -0.37657928466796875, "examples": 1580, "session_seconds": 1984.5546465290026, "peak_vram_bytes": 9186433536}
{"step": 1590, "loss": 1.1657720804214478, "examples": 1590, "session_seconds": 1997.195479877002, "peak_vram_bytes": 9186433536}
{"step": 1600, "loss": -0.40160977840423584, "examples": 1600, "session_seconds": 2009.9446601689997, "peak_vram_bytes": 9186433536}
{"step": 1610, "loss": -0.5127214193344116, "examples": 1610, "session_seconds": 2023.3037746080008, "peak_vram_bytes": 9186433536}
{"step": 1620, "loss": -0.48274269700050354, "examples": 1620, "session_seconds": 2035.990241669002, "peak_vram_bytes": 9186433536}
{"step": 1630, "loss": -0.5499255657196045, "examples": 1630, "session_seconds": 2048.092929784005, "peak_vram_bytes": 9186433536}
{"step": 1640, "loss": 1.2533948421478271, "examples": 1640, "session_seconds": 2061.1117445929995, "peak_vram_bytes": 9186433536}
{"step": 1650, "loss": -0.6307319402694702, "examples": 1650, "session_seconds": 2074.1337300820014, "peak_vram_bytes": 9186433536}
{"step": 1660, "loss": -0.3944464325904846, "examples": 1660, "session_seconds": 2086.764303105003, "peak_vram_bytes": 9186433536}
{"step": 1670, "loss": -0.41093432903289795, "examples": 1670, "session_seconds": 2099.0605387910036, "peak_vram_bytes": 9186433536}
{"step": 1680, "loss": -0.39973384141921997, "examples": 1680, "session_seconds": 2111.6072400010016, "peak_vram_bytes": 9186433536}
{"step": 1690, "loss": -0.407798707485199, "examples": 1690, "session_seconds": 2124.2649002110047, "peak_vram_bytes": 9186433536}
{"step": 1700, "loss": -0.37933844327926636, "examples": 1700, "session_seconds": 2137.1168714349988, "peak_vram_bytes": 9186433536}
{"step": 1710, "loss": -0.3945434093475342, "examples": 1710, "session_seconds": 2150.4040461039986, "peak_vram_bytes": 9186433536}
{"step": 1720, "loss": 1.1454441547393799, "examples": 1720, "session_seconds": 2163.2371094430055, "peak_vram_bytes": 9186433536}
{"step": 1730, "loss": -0.3980320692062378, "examples": 1730, "session_seconds": 2175.034989234002, "peak_vram_bytes": 9186433536}
{"step": 1740, "loss": -0.4112030267715454, "examples": 1740, "session_seconds": 2187.876533524999, "peak_vram_bytes": 9186433536}
{"step": 1750, "loss": -0.5289462804794312, "examples": 1750, "session_seconds": 2200.473052662004, "peak_vram_bytes": 9186433536}
{"step": 1760, "loss": 1.289981722831726, "examples": 1760, "session_seconds": 2213.2518455940008, "peak_vram_bytes": 9186433536}
{"step": 1770, "loss": -0.41208869218826294, "examples": 1770, "session_seconds": 2226.887240191005, "peak_vram_bytes": 9186433536}
{"step": 1780, "loss": -0.41018521785736084, "examples": 1780, "session_seconds": 2239.4324817300003, "peak_vram_bytes": 9186433536}
{"step": 1790, "loss": -0.4261718988418579, "examples": 1790, "session_seconds": 2252.1101111919997, "peak_vram_bytes": 9186433536}
{"step": 1800, "loss": -0.4251728057861328, "examples": 1800, "session_seconds": 2264.9363333049987, "peak_vram_bytes": 9186433536}
{"step": 1810, "loss": -0.3757496476173401, "examples": 1810, "session_seconds": 2278.2180597940023, "peak_vram_bytes": 9186433536}
{"step": 1820, "loss": -0.3752943277359009, "examples": 1820, "session_seconds": 2290.650217000002, "peak_vram_bytes": 9186433536}
{"step": 1830, "loss": -0.4174237847328186, "examples": 1830, "session_seconds": 2302.576265856005, "peak_vram_bytes": 9186433536}
{"step": 1840, "loss": 1.0060044527053833, "examples": 1840, "session_seconds": 2315.274533269003, "peak_vram_bytes": 9186433536}
{"step": 1850, "loss": -0.39943981170654297, "examples": 1850, "session_seconds": 2327.2267456110058, "peak_vram_bytes": 9186433536}
{"step": 1860, "loss": -0.389636754989624, "examples": 1860, "session_seconds": 2339.1978371540026, "peak_vram_bytes": 9186433536}
{"step": 1870, "loss": -0.38305020332336426, "examples": 1870, "session_seconds": 2351.3182582619993, "peak_vram_bytes": 9186433536}
{"step": 1880, "loss": -0.4084448218345642, "examples": 1880, "session_seconds": 2363.2149862730002, "peak_vram_bytes": 9186433536}
{"step": 1890, "loss": -0.375235915184021, "examples": 1890, "session_seconds": 2375.1297204229995, "peak_vram_bytes": 9186433536}
{"step": 1900, "loss": -0.3643471598625183, "examples": 1900, "session_seconds": 2387.3048284110046, "peak_vram_bytes": 9186433536}
{"step": 1910, "loss": -0.36388617753982544, "examples": 1910, "session_seconds": 2399.6188068440024, "peak_vram_bytes": 9186433536}
{"step": 1920, "loss": 1.1931142807006836, "examples": 1920, "session_seconds": 2411.9630631719992, "peak_vram_bytes": 9186433536}
{"step": 1930, "loss": -0.3595898747444153, "examples": 1930, "session_seconds": 2425.446383143004, "peak_vram_bytes": 9186433536}
{"step": 1940, "loss": -0.39578717947006226, "examples": 1940, "session_seconds": 2437.874299158, "peak_vram_bytes": 9186433536}
{"step": 1950, "loss": -0.5591961145401001, "examples": 1950, "session_seconds": 2450.6553618690014, "peak_vram_bytes": 9186433536}
{"step": 1960, "loss": -0.4084993004798889, "examples": 1960, "session_seconds": 2462.987940115003, "peak_vram_bytes": 9186433536}
{"step": 1970, "loss": -0.3663639426231384, "examples": 1970, "session_seconds": 2476.155948370004, "peak_vram_bytes": 9186433536}
{"step": 1980, "loss": -0.39459121227264404, "examples": 1980, "session_seconds": 2488.4844820430008, "peak_vram_bytes": 9186433536}
{"step": 1990, "loss": -0.38013213872909546, "examples": 1990, "session_seconds": 2500.674156373003, "peak_vram_bytes": 9186433536}
{"step": 2000, "loss": -0.3714084029197693, "examples": 2000, "session_seconds": 2513.519456962, "peak_vram_bytes": 9186433536}
{"step": 2010, "loss": -0.4036276340484619, "examples": 2010, "session_seconds": 2526.202572786002, "peak_vram_bytes": 9186433536}
{"step": 2020, "loss": -0.40255188941955566, "examples": 2020, "session_seconds": 2538.6955368490017, "peak_vram_bytes": 9186433536}
{"step": 2030, "loss": -0.39632904529571533, "examples": 2030, "session_seconds": 2551.5394355320022, "peak_vram_bytes": 9186433536}
{"step": 2040, "loss": 0.8226275444030762, "examples": 2040, "session_seconds": 2563.391047208999, "peak_vram_bytes": 9186433536}
{"step": 2050, "loss": -0.3580090403556824, "examples": 2050, "session_seconds": 2575.1055004849986, "peak_vram_bytes": 9186433536}
{"step": 2060, "loss": 0.9709979295730591, "examples": 2060, "session_seconds": 2587.1867314160045, "peak_vram_bytes": 9186433536}
{"step": 2070, "loss": 1.1574952602386475, "examples": 2070, "session_seconds": 2599.839781585004, "peak_vram_bytes": 9186433536}
{"step": 2080, "loss": -0.39709264039993286, "examples": 2080, "session_seconds": 2612.6695058910045, "peak_vram_bytes": 9186433536}
{"step": 2090, "loss": -0.3849276900291443, "examples": 2090, "session_seconds": 2626.2167952480013, "peak_vram_bytes": 9186433536}
{"step": 2100, "loss": -0.3674236536026001, "examples": 2100, "session_seconds": 2638.6747431730037, "peak_vram_bytes": 9186433536}
{"step": 2110, "loss": -0.22091984748840332, "examples": 2110, "session_seconds": 2651.722643424, "peak_vram_bytes": 9186433536}
{"step": 2120, "loss": 1.1888500452041626, "examples": 2120, "session_seconds": 2664.1925394089994, "peak_vram_bytes": 9186433536}
{"step": 2130, "loss": -0.4510486125946045, "examples": 2130, "session_seconds": 2677.1907977610026, "peak_vram_bytes": 9186433536}
{"step": 2140, "loss": -0.403775691986084, "examples": 2140, "session_seconds": 2690.104005424, "peak_vram_bytes": 9186433536}
{"step": 2150, "loss": -0.38126808404922485, "examples": 2150, "session_seconds": 2703.554840402001, "peak_vram_bytes": 9186433536}
{"step": 2160, "loss": -0.3616408109664917, "examples": 2160, "session_seconds": 2716.1591659680053, "peak_vram_bytes": 9186433536}
{"step": 2170, "loss": -0.4040146470069885, "examples": 2170, "session_seconds": 2728.755540586004, "peak_vram_bytes": 9186433536}
{"step": 2180, "loss": -0.3728333115577698, "examples": 2180, "session_seconds": 2741.0275433220013, "peak_vram_bytes": 9186433536}
{"step": 2190, "loss": -0.4088468551635742, "examples": 2190, "session_seconds": 2753.179059201, "peak_vram_bytes": 9186433536}
{"step": 2200, "loss": -0.3879937529563904, "examples": 2200, "session_seconds": 2765.048195948002, "peak_vram_bytes": 9186433536}
{"step": 2210, "loss": -0.5279182195663452, "examples": 2210, "session_seconds": 2777.2611134399995, "peak_vram_bytes": 9186433536}
{"step": 2220, "loss": -0.4272761940956116, "examples": 2220, "session_seconds": 2790.1068217300053, "peak_vram_bytes": 9186433536}
{"step": 2230, "loss": -0.5183044672012329, "examples": 2230, "session_seconds": 2802.8129559279987, "peak_vram_bytes": 9186433536}
{"step": 2240, "loss": -0.4559040665626526, "examples": 2240, "session_seconds": 2814.8803603019987, "peak_vram_bytes": 9186433536}
{"step": 2250, "loss": -0.38150811195373535, "examples": 2250, "session_seconds": 2827.4393515830016, "peak_vram_bytes": 9186433536}
{"step": 2260, "loss": -0.38746243715286255, "examples": 2260, "session_seconds": 2840.0514322150048, "peak_vram_bytes": 9186433536}
{"step": 2270, "loss": -0.4325244426727295, "examples": 2270, "session_seconds": 2852.418067645005, "peak_vram_bytes": 9186433536}
{"step": 2280, "loss": 0.0452771931886673, "examples": 2280, "session_seconds": 2865.319651673999, "peak_vram_bytes": 9186433536}
{"step": 2290, "loss": -0.35823166370391846, "examples": 2290, "session_seconds": 2877.577617887, "peak_vram_bytes": 9186433536}
{"step": 2300, "loss": -0.38406580686569214, "examples": 2300, "session_seconds": 2890.2249595329995, "peak_vram_bytes": 9186433536}
{"step": 2310, "loss": -0.4039355516433716, "examples": 2310, "session_seconds": 2902.775257844005, "peak_vram_bytes": 9186433536}
{"step": 2320, "loss": -0.38350141048431396, "examples": 2320, "session_seconds": 2915.140757648005, "peak_vram_bytes": 9186433536}
{"step": 2330, "loss": -0.49167928099632263, "examples": 2330, "session_seconds": 2927.609003893005, "peak_vram_bytes": 9186433536}
{"step": 2340, "loss": -0.375426709651947, "examples": 2340, "session_seconds": 2939.428334078002, "peak_vram_bytes": 9186433536}
{"step": 2350, "loss": -0.014203634113073349, "examples": 2350, "session_seconds": 2952.8309001470043, "peak_vram_bytes": 9186433536}
{"step": 2360, "loss": -0.4296024441719055, "examples": 2360, "session_seconds": 2965.0423404210014, "peak_vram_bytes": 9186433536}
{"step": 2370, "loss": -0.3575977683067322, "examples": 2370, "session_seconds": 2977.1498869190036, "peak_vram_bytes": 9186433536}
{"step": 2380, "loss": -0.41819149255752563, "examples": 2380, "session_seconds": 2989.9847641740052, "peak_vram_bytes": 9186433536}
{"step": 2390, "loss": -0.37279969453811646, "examples": 2390, "session_seconds": 3002.9172434790016, "peak_vram_bytes": 9186433536}
{"step": 2400, "loss": -0.3793032765388489, "examples": 2400, "session_seconds": 3015.3832269560007, "peak_vram_bytes": 9186433536}
{"step": 2410, "loss": -0.38187718391418457, "examples": 2410, "session_seconds": 3028.145391717, "peak_vram_bytes": 9186433536}
{"step": 2420, "loss": -0.40040820837020874, "examples": 2420, "session_seconds": 3041.2760468019987, "peak_vram_bytes": 9186433536}
{"step": 2430, "loss": -0.3688678741455078, "examples": 2430, "session_seconds": 3053.156254628004, "peak_vram_bytes": 9186433536}
{"step": 2440, "loss": 1.2711894512176514, "examples": 2440, "session_seconds": 3065.956379326002, "peak_vram_bytes": 9186433536}
{"step": 2450, "loss": -0.38688910007476807, "examples": 2450, "session_seconds": 3079.3786424780046, "peak_vram_bytes": 9186433536}
{"step": 2460, "loss": -0.37156254053115845, "examples": 2460, "session_seconds": 3091.8701779180046, "peak_vram_bytes": 9186433536}
{"step": 2470, "loss": 1.0600028038024902, "examples": 2470, "session_seconds": 3104.518228626999, "peak_vram_bytes": 9186433536}
{"step": 2480, "loss": -0.35688310861587524, "examples": 2480, "session_seconds": 3117.1539182039996, "peak_vram_bytes": 9186433536}
{"step": 2490, "loss": -0.37434911727905273, "examples": 2490, "session_seconds": 3128.937475055005, "peak_vram_bytes": 9186433536}
{"step": 2500, "loss": 0.04277702420949936, "examples": 2500, "session_seconds": 3141.2648507199992, "peak_vram_bytes": 9186433536}
{"step": 2510, "loss": -0.4012536406517029, "examples": 2510, "session_seconds": 3154.336148112001, "peak_vram_bytes": 9186433536}
{"step": 2520, "loss": -0.37827396392822266, "examples": 2520, "session_seconds": 3167.162714992999, "peak_vram_bytes": 9186433536}
{"step": 2530, "loss": -0.40009719133377075, "examples": 2530, "session_seconds": 3179.178447256003, "peak_vram_bytes": 9186433536}
{"step": 2540, "loss": -0.4101276397705078, "examples": 2540, "session_seconds": 3191.368149989001, "peak_vram_bytes": 9186433536}
{"step": 2550, "loss": -0.3755571246147156, "examples": 2550, "session_seconds": 3203.6123968470056, "peak_vram_bytes": 9186433536}
{"step": 2560, "loss": -0.4034664034843445, "examples": 2560, "session_seconds": 3215.7535564930004, "peak_vram_bytes": 9186433536}
{"step": 2570, "loss": -0.4171628952026367, "examples": 2570, "session_seconds": 3227.8868444430045, "peak_vram_bytes": 9186433536}
{"step": 2580, "loss": -0.3684720993041992, "examples": 2580, "session_seconds": 3239.9786564780006, "peak_vram_bytes": 9186433536}
{"step": 2590, "loss": -0.44727224111557007, "examples": 2590, "session_seconds": 3251.7077548140005, "peak_vram_bytes": 9186433536}
{"step": 2600, "loss": -0.4934065043926239, "examples": 2600, "session_seconds": 3263.5327640510004, "peak_vram_bytes": 9186433536}
{"step": 2610, "loss": -0.4198608994483948, "examples": 2610, "session_seconds": 3276.7275652310054, "peak_vram_bytes": 9186433536}
{"step": 2620, "loss": -0.38209009170532227, "examples": 2620, "session_seconds": 3289.261645109, "peak_vram_bytes": 9186433536}
{"step": 2630, "loss": -0.4269014000892639, "examples": 2630, "session_seconds": 3301.333600275, "peak_vram_bytes": 9186433536}
{"step": 2640, "loss": -0.40041613578796387, "examples": 2640, "session_seconds": 3313.1376727259994, "peak_vram_bytes": 9186433536}
{"step": 2650, "loss": -0.36096417903900146, "examples": 2650, "session_seconds": 3325.183628753999, "peak_vram_bytes": 9186433536}
{"step": 2660, "loss": -0.38445138931274414, "examples": 2660, "session_seconds": 3337.3058626790007, "peak_vram_bytes": 9186433536}
{"step": 2670, "loss": 0.19767555594444275, "examples": 2670, "session_seconds": 3349.417108087, "peak_vram_bytes": 9190478336}
{"step": 2680, "loss": -0.3781953454017639, "examples": 2680, "session_seconds": 3362.1973324830033, "peak_vram_bytes": 9190478336}
{"step": 2690, "loss": -0.4372307062149048, "examples": 2690, "session_seconds": 3374.9968197090056, "peak_vram_bytes": 9190478336}
{"step": 2700, "loss": -0.46378201246261597, "examples": 2700, "session_seconds": 3387.786030631003, "peak_vram_bytes": 9190478336}
{"step": 2710, "loss": -0.4173165559768677, "examples": 2710, "session_seconds": 3401.3102491320024, "peak_vram_bytes": 9190478336}
{"step": 2720, "loss": -0.3822970986366272, "examples": 2720, "session_seconds": 3414.050363167, "peak_vram_bytes": 9190478336}
{"step": 2730, "loss": -0.39347517490386963, "examples": 2730, "session_seconds": 3426.3503827919994, "peak_vram_bytes": 9190478336}
{"step": 2740, "loss": -0.3819109797477722, "examples": 2740, "session_seconds": 3438.8864482110002, "peak_vram_bytes": 9190478336}
{"step": 2750, "loss": -0.370860755443573, "examples": 2750, "session_seconds": 3451.131528044003, "peak_vram_bytes": 9190478336}
{"step": 2760, "loss": -0.38466542959213257, "examples": 2760, "session_seconds": 3463.2142213770057, "peak_vram_bytes": 9190478336}
{"step": 2770, "loss": -0.5257437229156494, "examples": 2770, "session_seconds": 3475.0583108670035, "peak_vram_bytes": 9190478336}
{"step": 2780, "loss": -0.39342308044433594, "examples": 2780, "session_seconds": 3487.1994749810037, "peak_vram_bytes": 9190478336}
{"step": 2790, "loss": -0.5097551941871643, "examples": 2790, "session_seconds": 3499.524930022999, "peak_vram_bytes": 9190478336}
{"step": 2800, "loss": -0.4065195322036743, "examples": 2800, "session_seconds": 3511.3892755660054, "peak_vram_bytes": 9190478336}
{"step": 2810, "loss": -0.39451032876968384, "examples": 2810, "session_seconds": 3524.0245448990026, "peak_vram_bytes": 9190478336}
{"step": 2820, "loss": -0.41067445278167725, "examples": 2820, "session_seconds": 3535.8980481120016, "peak_vram_bytes": 9190478336}
{"step": 2830, "loss": -0.3614920377731323, "examples": 2830, "session_seconds": 3548.682905734, "peak_vram_bytes": 9190478336}
{"step": 2840, "loss": -0.37116533517837524, "examples": 2840, "session_seconds": 3561.7070518730034, "peak_vram_bytes": 9190478336}
{"step": 2850, "loss": -0.36014682054519653, "examples": 2850, "session_seconds": 3574.440522706005, "peak_vram_bytes": 9190478336}
{"step": 2860, "loss": -0.40970611572265625, "examples": 2860, "session_seconds": 3587.0061589640027, "peak_vram_bytes": 9190478336}
{"step": 2870, "loss": -0.4608875513076782, "examples": 2870, "session_seconds": 3600.006768063002, "peak_vram_bytes": 9190478336}
{"step": 2880, "loss": -0.39885008335113525, "examples": 2880, "session_seconds": 3612.1293428179997, "peak_vram_bytes": 9190478336}
{"step": 2890, "loss": -0.4441060423851013, "examples": 2890, "session_seconds": 3625.075276162999, "peak_vram_bytes": 9190478336}
{"step": 2900, "loss": 0.43561992049217224, "examples": 2900, "session_seconds": 3637.6020676769986, "peak_vram_bytes": 9190478336}
{"step": 2910, "loss": -0.36103129386901855, "examples": 2910, "session_seconds": 3650.0404702520027, "peak_vram_bytes": 9190478336}
{"step": 2920, "loss": -0.37525296211242676, "examples": 2920, "session_seconds": 3662.212262465, "peak_vram_bytes": 9190478336}
{"step": 2930, "loss": -0.3481702506542206, "examples": 2930, "session_seconds": 3674.792537140005, "peak_vram_bytes": 9190478336}
{"step": 2940, "loss": -0.40312665700912476, "examples": 2940, "session_seconds": 3688.0777667619986, "peak_vram_bytes": 9190478336}
{"step": 2950, "loss": -0.39814621210098267, "examples": 2950, "session_seconds": 3700.4217513070034, "peak_vram_bytes": 9190478336}
{"step": 2960, "loss": -0.40562474727630615, "examples": 2960, "session_seconds": 3712.9530143369993, "peak_vram_bytes": 9190478336}
{"step": 2970, "loss": -0.37938636541366577, "examples": 2970, "session_seconds": 3725.0616155250027, "peak_vram_bytes": 9190478336}
{"step": 2980, "loss": -0.3753839135169983, "examples": 2980, "session_seconds": 3737.2872273370012, "peak_vram_bytes": 9190478336}
{"step": 2990, "loss": -0.4023258686065674, "examples": 2990, "session_seconds": 3749.3985906730013, "peak_vram_bytes": 9190478336}
{"step": 3000, "loss": -0.3995787501335144, "examples": 3000, "session_seconds": 3761.6061105270055, "peak_vram_bytes": 9190478336}
{"step": 3010, "loss": -0.38732755184173584, "examples": 3010, "session_seconds": 3774.0397014830014, "peak_vram_bytes": 9190478336}
{"step": 3020, "loss": -0.3994064927101135, "examples": 3020, "session_seconds": 3786.2706875000003, "peak_vram_bytes": 9190478336}
{"step": 3030, "loss": -0.3818659782409668, "examples": 3030, "session_seconds": 3798.883580130001, "peak_vram_bytes": 9190478336}
{"step": 3040, "loss": -0.3818311095237732, "examples": 3040, "session_seconds": 3811.307353936005, "peak_vram_bytes": 9190478336}
{"step": 3050, "loss": -0.40708380937576294, "examples": 3050, "session_seconds": 3823.966560908004, "peak_vram_bytes": 9190478336}
{"step": 3060, "loss": -0.40014469623565674, "examples": 3060, "session_seconds": 3835.9750157570015, "peak_vram_bytes": 9190478336}
{"step": 3070, "loss": -0.3573412299156189, "examples": 3070, "session_seconds": 3848.514557631999, "peak_vram_bytes": 9190478336}
{"step": 3080, "loss": -0.3941797614097595, "examples": 3080, "session_seconds": 3860.6282807300013, "peak_vram_bytes": 9190478336}
{"step": 3090, "loss": -0.3846206068992615, "examples": 3090, "session_seconds": 3872.7081724189993, "peak_vram_bytes": 9190478336}
{"step": 3100, "loss": -0.3908626437187195, "examples": 3100, "session_seconds": 3885.3311857060035, "peak_vram_bytes": 9190478336}
{"step": 3110, "loss": -0.4131161570549011, "examples": 3110, "session_seconds": 3898.2837725749996, "peak_vram_bytes": 9190478336}
{"step": 3120, "loss": -0.3640231490135193, "examples": 3120, "session_seconds": 3910.858724466001, "peak_vram_bytes": 9190478336}
{"step": 3130, "loss": -0.4305381774902344, "examples": 3130, "session_seconds": 3924.288996547999, "peak_vram_bytes": 9190478336}
{"step": 3140, "loss": -0.39715248346328735, "examples": 3140, "session_seconds": 3937.2239214200017, "peak_vram_bytes": 9190478336}
{"step": 3150, "loss": -0.35767829418182373, "examples": 3150, "session_seconds": 3949.4837858190003, "peak_vram_bytes": 9190478336}
{"step": 3160, "loss": -0.5217703580856323, "examples": 3160, "session_seconds": 3961.5102632820053, "peak_vram_bytes": 9190478336}
{"step": 3170, "loss": -0.37510377168655396, "examples": 3170, "session_seconds": 3973.4607111430014, "peak_vram_bytes": 9190478336}
{"step": 3180, "loss": -0.4730256199836731, "examples": 3180, "session_seconds": 3986.0897649780018, "peak_vram_bytes": 9190478336}
{"step": 3190, "loss": -0.39451080560684204, "examples": 3190, "session_seconds": 3998.3394800669994, "peak_vram_bytes": 9190478336}
{"step": 3200, "loss": -0.400643527507782, "examples": 3200, "session_seconds": 4010.9841692810005, "peak_vram_bytes": 9190478336}
{"step": 3210, "loss": -0.3742936849594116, "examples": 3210, "session_seconds": 4024.177059751004, "peak_vram_bytes": 9190478336}
{"step": 3220, "loss": -0.39401382207870483, "examples": 3220, "session_seconds": 4036.496319332, "peak_vram_bytes": 9190478336}
{"step": 3230, "loss": -0.37328147888183594, "examples": 3230, "session_seconds": 4049.1325761680055, "peak_vram_bytes": 9190478336}
{"step": 3240, "loss": -0.44773542881011963, "examples": 3240, "session_seconds": 4062.006569520003, "peak_vram_bytes": 9190478336}
{"step": 3250, "loss": -0.37087494134902954, "examples": 3250, "session_seconds": 4074.2304165090027, "peak_vram_bytes": 9190478336}
{"step": 3260, "loss": -0.41860848665237427, "examples": 3260, "session_seconds": 4086.954736425003, "peak_vram_bytes": 9190478336}
{"step": 3270, "loss": -0.3918377757072449, "examples": 3270, "session_seconds": 4098.939124629003, "peak_vram_bytes": 9190478336}
{"step": 3280, "loss": 1.1596343517303467, "examples": 3280, "session_seconds": 4111.635191760004, "peak_vram_bytes": 9190478336}
{"step": 3290, "loss": 0.8822346925735474, "examples": 3290, "session_seconds": 4124.1695969540015, "peak_vram_bytes": 9190478336}
{"step": 3300, "loss": -0.42780160903930664, "examples": 3300, "session_seconds": 4136.053627596004, "peak_vram_bytes": 9190478336}
{"step": 3310, "loss": 1.0790250301361084, "examples": 3310, "session_seconds": 4148.322870866999, "peak_vram_bytes": 9190478336}
{"step": 3320, "loss": -0.4040013551712036, "examples": 3320, "session_seconds": 4160.510460930003, "peak_vram_bytes": 9190478336}
{"step": 3330, "loss": 0.1526423692703247, "examples": 3330, "session_seconds": 4172.381655953999, "peak_vram_bytes": 9190478336}
{"step": 3340, "loss": -0.3811020851135254, "examples": 3340, "session_seconds": 4184.309143956001, "peak_vram_bytes": 9190478336}
{"step": 3350, "loss": -0.4010810852050781, "examples": 3350, "session_seconds": 4196.453304773, "peak_vram_bytes": 9190478336}
{"step": 3360, "loss": -0.4038439393043518, "examples": 3360, "session_seconds": 4208.234906288002, "peak_vram_bytes": 9190478336}
{"step": 3370, "loss": -0.39833736419677734, "examples": 3370, "session_seconds": 4220.010888536999, "peak_vram_bytes": 9190478336}
{"step": 3380, "loss": -0.38128840923309326, "examples": 3380, "session_seconds": 4231.750098761004, "peak_vram_bytes": 9190478336}
{"step": 3390, "loss": -0.40251386165618896, "examples": 3390, "session_seconds": 4243.8537822610015, "peak_vram_bytes": 9190478336}
{"step": 3400, "loss": -0.38945573568344116, "examples": 3400, "session_seconds": 4255.990517684004, "peak_vram_bytes": 9190478336}
{"step": 3410, "loss": -0.3584972620010376, "examples": 3410, "session_seconds": 4268.581891195005, "peak_vram_bytes": 9190478336}
{"step": 3420, "loss": -0.42846935987472534, "examples": 3420, "session_seconds": 4281.546861574003, "peak_vram_bytes": 9190478336}
{"step": 3430, "loss": -0.10027249902486801, "examples": 3430, "session_seconds": 4293.260655768005, "peak_vram_bytes": 9190478336}
{"step": 3440, "loss": -0.409004271030426, "examples": 3440, "session_seconds": 4305.148724499006, "peak_vram_bytes": 9190478336}
{"step": 3450, "loss": -0.3793147802352905, "examples": 3450, "session_seconds": 4317.732423214002, "peak_vram_bytes": 9190478336}
{"step": 3460, "loss": -0.39668864011764526, "examples": 3460, "session_seconds": 4329.957028495002, "peak_vram_bytes": 9190478336}
{"step": 3470, "loss": -0.41365182399749756, "examples": 3470, "session_seconds": 4342.504940391002, "peak_vram_bytes": 9190478336}
{"step": 3480, "loss": -0.40182656049728394, "examples": 3480, "session_seconds": 4355.636265060006, "peak_vram_bytes": 9190478336}
{"step": 3490, "loss": -0.39947760105133057, "examples": 3490, "session_seconds": 4368.016272818, "peak_vram_bytes": 9190478336}
{"step": 3500, "loss": -0.5086443424224854, "examples": 3500, "session_seconds": 4380.182268039003, "peak_vram_bytes": 9190478336}
{"step": 3510, "loss": 1.409452199935913, "examples": 3510, "session_seconds": 4393.2893763460015, "peak_vram_bytes": 9190478336}
{"step": 3520, "loss": -0.4007212519645691, "examples": 3520, "session_seconds": 4405.806164343005, "peak_vram_bytes": 9190478336}
{"step": 3530, "loss": -0.5797302722930908, "examples": 3530, "session_seconds": 4418.302911952, "peak_vram_bytes": 9190478336}
{"step": 3540, "loss": -0.39989691972732544, "examples": 3540, "session_seconds": 4430.393387672004, "peak_vram_bytes": 9190478336}
{"step": 3550, "loss": 1.0817959308624268, "examples": 3550, "session_seconds": 4442.4458576390025, "peak_vram_bytes": 9190478336}
{"step": 3560, "loss": -0.4675852954387665, "examples": 3560, "session_seconds": 4454.662946293, "peak_vram_bytes": 9190478336}
{"step": 3570, "loss": -0.4065150022506714, "examples": 3570, "session_seconds": 4467.215152221004, "peak_vram_bytes": 9190478336}
{"step": 3580, "loss": -0.3715174198150635, "examples": 3580, "session_seconds": 4480.458136121, "peak_vram_bytes": 9190478336}
{"step": 3590, "loss": 1.2581558227539062, "examples": 3590, "session_seconds": 4492.871707535, "peak_vram_bytes": 9190478336}
{"step": 3600, "loss": -0.4827890396118164, "examples": 3600, "session_seconds": 4505.178668651002, "peak_vram_bytes": 9190478336}
{"step": 3610, "loss": -0.43404728174209595, "examples": 3610, "session_seconds": 4518.213775397999, "peak_vram_bytes": 9190478336}
{"step": 3620, "loss": 0.2367386370897293, "examples": 3620, "session_seconds": 4530.900020507004, "peak_vram_bytes": 9190478336}
{"step": 3630, "loss": -0.36731523275375366, "examples": 3630, "session_seconds": 4543.469042598001, "peak_vram_bytes": 9190478336}
{"step": 3640, "loss": -0.3942640423774719, "examples": 3640, "session_seconds": 4557.1044080810025, "peak_vram_bytes": 9190478336}
{"step": 3650, "loss": -0.4035645127296448, "examples": 3650, "session_seconds": 4569.706094673005, "peak_vram_bytes": 9190478336}
{"step": 3660, "loss": -0.3757900595664978, "examples": 3660, "session_seconds": 4582.391922849005, "peak_vram_bytes": 9190478336}
{"step": 3670, "loss": -0.4666939377784729, "examples": 3670, "session_seconds": 4595.225606881999, "peak_vram_bytes": 9190478336}
{"step": 3680, "loss": -0.4465227723121643, "examples": 3680, "session_seconds": 4607.117436093002, "peak_vram_bytes": 9190478336}
{"step": 3690, "loss": 1.297377347946167, "examples": 3690, "session_seconds": 4619.086882034004, "peak_vram_bytes": 9190478336}
{"step": 3700, "loss": -0.4190523028373718, "examples": 3700, "session_seconds": 4631.514572213004, "peak_vram_bytes": 9190478336}
{"step": 3710, "loss": -0.24696451425552368, "examples": 3710, "session_seconds": 4645.649873485003, "peak_vram_bytes": 9190478336}
{"step": 3720, "loss": 0.025950290262699127, "examples": 3720, "session_seconds": 4658.222999972, "peak_vram_bytes": 9190478336}
{"step": 3730, "loss": -0.38896888494491577, "examples": 3730, "session_seconds": 4670.852187179, "peak_vram_bytes": 9190478336}
{"step": 3740, "loss": -0.40257394313812256, "examples": 3740, "session_seconds": 4683.512322888004, "peak_vram_bytes": 9190478336}
{"step": 3750, "loss": -0.3994258642196655, "examples": 3750, "session_seconds": 4695.795500011001, "peak_vram_bytes": 9190478336}
{"step": 3760, "loss": -0.36696499586105347, "examples": 3760, "session_seconds": 4708.134136776003, "peak_vram_bytes": 9190478336}
{"step": 3770, "loss": -0.400492787361145, "examples": 3770, "session_seconds": 4720.798467313005, "peak_vram_bytes": 9190478336}
{"step": 3780, "loss": -0.49387127161026, "examples": 3780, "session_seconds": 4733.529727997004, "peak_vram_bytes": 9190478336}
{"step": 3790, "loss": 1.0920190811157227, "examples": 3790, "session_seconds": 4746.087564915004, "peak_vram_bytes": 9190478336}
{"step": 3800, "loss": -0.021433580666780472, "examples": 3800, "session_seconds": 4758.959657078005, "peak_vram_bytes": 9190478336}
{"step": 3810, "loss": -0.4034460186958313, "examples": 3810, "session_seconds": 4771.711902123003, "peak_vram_bytes": 9190478336}
{"step": 3820, "loss": -0.38597047328948975, "examples": 3820, "session_seconds": 4783.754221654002, "peak_vram_bytes": 9190478336}
{"step": 3830, "loss": -0.40330952405929565, "examples": 3830, "session_seconds": 4795.8617503890055, "peak_vram_bytes": 9190478336}
{"step": 3840, "loss": -0.401444673538208, "examples": 3840, "session_seconds": 4808.006359511004, "peak_vram_bytes": 9190478336}
{"step": 3850, "loss": -0.40685057640075684, "examples": 3850, "session_seconds": 4820.566345635001, "peak_vram_bytes": 9190478336}
{"step": 3860, "loss": -0.2835674285888672, "examples": 3860, "session_seconds": 4832.567159108003, "peak_vram_bytes": 9190478336}
{"step": 3870, "loss": -0.36168569326400757, "examples": 3870, "session_seconds": 4844.950777390004, "peak_vram_bytes": 9190478336}
{"step": 3880, "loss": -0.3876889944076538, "examples": 3880, "session_seconds": 4857.406969108, "peak_vram_bytes": 9190478336}
{"step": 3890, "loss": -0.35775578022003174, "examples": 3890, "session_seconds": 4869.684173586, "peak_vram_bytes": 9190478336}
{"step": 3900, "loss": -0.40095055103302, "examples": 3900, "session_seconds": 4882.041656853005, "peak_vram_bytes": 9190478336}
{"step": 3910, "loss": 0.0495220310986042, "examples": 3910, "session_seconds": 4894.743820046002, "peak_vram_bytes": 9190478336}
{"step": 3920, "loss": -0.390510618686676, "examples": 3920, "session_seconds": 4907.193448679005, "peak_vram_bytes": 9190478336}
{"step": 3930, "loss": -0.403501033782959, "examples": 3930, "session_seconds": 4920.181101148999, "peak_vram_bytes": 9190478336}
{"step": 3940, "loss": -0.47332054376602173, "examples": 3940, "session_seconds": 4932.688123031003, "peak_vram_bytes": 9190478336}
{"step": 3950, "loss": -0.3998667597770691, "examples": 3950, "session_seconds": 4944.5092952039995, "peak_vram_bytes": 9190478336}
{"step": 3960, "loss": -0.3592066168785095, "examples": 3960, "session_seconds": 4956.782868577, "peak_vram_bytes": 9190478336}
{"step": 3970, "loss": -0.36795973777770996, "examples": 3970, "session_seconds": 4968.751964622999, "peak_vram_bytes": 9190478336}
{"step": 3980, "loss": -0.40204918384552, "examples": 3980, "session_seconds": 4980.783296389003, "peak_vram_bytes": 9190478336}
{"step": 3990, "loss": -0.39990371465682983, "examples": 3990, "session_seconds": 4993.952188790005, "peak_vram_bytes": 9190478336}
{"step": 4000, "loss": -0.40035635232925415, "examples": 4000, "session_seconds": 5006.155922499005, "peak_vram_bytes": 9190478336}
wandb: 
wandb: Run history:
wandb:        examples ▁▁▁▁▁▂▂▂▂▂▃▃▃▃▃▃▃▄▄▄▄▅▅▅▅▅▆▆▆▇▇▇▇▇▇▇████
wandb:            loss ▃▃▂▂▂▂▂▂▂▂▁▂▂▂▂█▂▂▂▂▂▂▁▃▂▂▂▂▂▂▁█▂▂▂▂▂▂▃▃
wandb: peak_vram_bytes ▁▂▃▃▃▃▃▃▅▅▅▅▅▅▅▅▅▅▅▅▅▅▅▅▅▅▅▅████████████
wandb: session_seconds ▁▁▁▁▁▁▂▂▂▂▂▂▂▂▃▃▃▃▃▃▄▄▄▅▅▅▅▅▅▅▆▆▆▆▆▇▇▇▇█
wandb:            step ▁▁▁▁▁▁▁▁▂▂▂▂▃▃▃▃▃▃▃▄▄▄▄▅▅▅▆▆▆▆▇▇▇▇▇▇████
wandb: 
wandb: Run summary:
wandb:        examples 4000
wandb:            loss -0.40036
wandb: peak_vram_bytes 9190478336
wandb: session_seconds 5006.15592
wandb:            step 4000
wandb: 
wandb: You can sync this run to the cloud by running:
wandb: wandb sync artifacts/longer-v1/4b/main/seed-11/exact/tracking/wandb/offline-run-20261004_214147-wu7301f0
wandb: Find logs at: artifacts/longer-v1/4b/main/seed-11/exact/tracking/wandb/offline-run-20261004_214147-wu7301f0/logs
{"artifact": "artifacts/longer-v1/4b/main/seed-11/exact/artifact", "elapsed_seconds": 5006.588890371}
