
{"utc": "2026-10-05T16:52:49.809918+00:00", "command": ["-m", "myjev.train", "--config", "results/longer-v1/4b/main/seed-33/exact/config.json", "--data", "data/banking77/train.jsonl", "--output", "artifacts/longer-v1/4b/main/seed-33/exact", "--method", "exact", "--seed", "33", "--initial", "artifacts/longer-v1/4b/main/seed-33/sft/artifact"]}
Loading weights:   0%|          | 0/426 [00:00<?, ?it/s]Loading weights:  93%|█████████▎| 396/426 [00:00<00:00, 3957.90it/s]Loading weights: 100%|██████████| 426/426 [00:00<00:00, 4034.01it/s]
wandb: Tracking run with wandb version 0.30.0
wandb: W&B syncing is set to `offline` in this directory. Run `wandb online` or set WANDB_MODE=online to enable cloud syncing.
wandb: Run data is saved locally in artifacts/longer-v1/4b/main/seed-33/exact/tracking/wandb/offline-run-20261005_095301-ut5zoavp
wandb: View this run in the terminal with `wandb leet`
[transformers] `causal_conv1d_fn` is falling back to its reference PyTorch implementation because `causal_conv1d` is not installed. This is correct but much slower; install `causal_conv1d` for the optimized kernel.
[transformers] `chunk_gated_delta_rule` is falling back to its reference PyTorch implementation because `flash-linear-attention` is not installed. This is correct but much slower; install `flash-linear-attention` for the optimized kernel.
{"step": 10, "loss": -0.09734781831502914, "examples": 10, "session_seconds": 13.90274590899935, "peak_vram_bytes": 9141600256}
{"step": 20, "loss": 0.00019078658078797162, "examples": 20, "session_seconds": 26.967672555008903, "peak_vram_bytes": 9179661824}
{"step": 30, "loss": -0.09743428975343704, "examples": 30, "session_seconds": 38.87984331000189, "peak_vram_bytes": 9179661824}
{"step": 40, "loss": -0.09774050861597061, "examples": 40, "session_seconds": 50.7508748399996, "peak_vram_bytes": 9179661824}
{"step": 50, "loss": -0.09745731949806213, "examples": 50, "session_seconds": 62.78333778100205, "peak_vram_bytes": 9179661824}
{"step": 60, "loss": -0.09811586886644363, "examples": 60, "session_seconds": 75.25454443800845, "peak_vram_bytes": 9179661824}
{"step": 70, "loss": -0.1008973941206932, "examples": 70, "session_seconds": 87.36409229300625, "peak_vram_bytes": 9179661824}
{"step": 80, "loss": 0.0079743517562747, "examples": 80, "session_seconds": 100.73286665900378, "peak_vram_bytes": 9179661824}
{"step": 90, "loss": -0.09900515526533127, "examples": 90, "session_seconds": 113.6773676990124, "peak_vram_bytes": 9179661824}
{"step": 100, "loss": -0.0991547554731369, "examples": 100, "session_seconds": 126.64346817700425, "peak_vram_bytes": 9179661824}
Warning: You are sending unauthenticated requests to the HF Hub. Please set a HF_TOKEN to enable higher rate limits and faster downloads.
{"step": 110, "loss": -0.09995105862617493, "examples": 110, "session_seconds": 141.20465037200483, "peak_vram_bytes": 9179661824}
{"step": 120, "loss": -0.11054106056690216, "examples": 120, "session_seconds": 154.24643274499977, "peak_vram_bytes": 9179661824}
{"step": 130, "loss": -0.161123126745224, "examples": 130, "session_seconds": 167.31892887300637, "peak_vram_bytes": 9179661824}
{"step": 140, "loss": -0.33731240034103394, "examples": 140, "session_seconds": 179.996856208003, "peak_vram_bytes": 9179661824}
{"step": 150, "loss": -0.4323284924030304, "examples": 150, "session_seconds": 192.56357012000808, "peak_vram_bytes": 9183731200}
{"step": 160, "loss": -0.40784338116645813, "examples": 160, "session_seconds": 206.09595035901293, "peak_vram_bytes": 9183731200}
{"step": 170, "loss": -0.49438175559043884, "examples": 170, "session_seconds": 218.82292368200433, "peak_vram_bytes": 9183731200}
{"step": 180, "loss": -0.4537591338157654, "examples": 180, "session_seconds": 231.46806225800538, "peak_vram_bytes": 9183731200}
{"step": 190, "loss": -0.4441062808036804, "examples": 190, "session_seconds": 244.01646046301175, "peak_vram_bytes": 9183731200}
{"step": 200, "loss": 1.1480400562286377, "examples": 200, "session_seconds": 257.59953835200577, "peak_vram_bytes": 9183731200}
{"step": 210, "loss": -0.46136876940727234, "examples": 210, "session_seconds": 270.91883806900296, "peak_vram_bytes": 9183731200}
{"step": 220, "loss": -0.44747838377952576, "examples": 220, "session_seconds": 283.7811802440119, "peak_vram_bytes": 9183731200}
{"step": 230, "loss": 0.9217532873153687, "examples": 230, "session_seconds": 297.37229504100105, "peak_vram_bytes": 9183731200}
{"step": 240, "loss": -0.4583662450313568, "examples": 240, "session_seconds": 310.3625292190118, "peak_vram_bytes": 9183731200}
{"step": 250, "loss": -0.6220858097076416, "examples": 250, "session_seconds": 323.31590028700884, "peak_vram_bytes": 9183731200}
{"step": 260, "loss": -0.45108628273010254, "examples": 260, "session_seconds": 336.34799279100844, "peak_vram_bytes": 9183731200}
{"step": 270, "loss": -0.47324806451797485, "examples": 270, "session_seconds": 348.8095078720071, "peak_vram_bytes": 9184222208}
{"step": 280, "loss": -0.4777549207210541, "examples": 280, "session_seconds": 360.83330491700326, "peak_vram_bytes": 9184222208}
{"step": 290, "loss": -0.45600950717926025, "examples": 290, "session_seconds": 373.1009464860108, "peak_vram_bytes": 9184222208}
{"step": 300, "loss": -0.45881789922714233, "examples": 300, "session_seconds": 385.7186865570111, "peak_vram_bytes": 9184222208}
{"step": 310, "loss": -0.4566800594329834, "examples": 310, "session_seconds": 398.37643973800004, "peak_vram_bytes": 9184222208}
{"step": 320, "loss": -0.4567064344882965, "examples": 320, "session_seconds": 411.4058035300113, "peak_vram_bytes": 9184222208}
{"step": 330, "loss": -0.47105374932289124, "examples": 330, "session_seconds": 424.12027994100936, "peak_vram_bytes": 9184222208}
{"step": 340, "loss": -0.4597642123699188, "examples": 340, "session_seconds": 436.75013593900076, "peak_vram_bytes": 9184222208}
{"step": 350, "loss": -0.4599795341491699, "examples": 350, "session_seconds": 449.4939167600096, "peak_vram_bytes": 9184222208}
{"step": 360, "loss": -0.45686984062194824, "examples": 360, "session_seconds": 461.61390316300094, "peak_vram_bytes": 9184222208}
{"step": 370, "loss": -0.459352970123291, "examples": 370, "session_seconds": 473.56040586400195, "peak_vram_bytes": 9184222208}
{"step": 380, "loss": -0.4597109854221344, "examples": 380, "session_seconds": 485.54294612500235, "peak_vram_bytes": 9184222208}
{"step": 390, "loss": -0.5170847773551941, "examples": 390, "session_seconds": 497.77033367900003, "peak_vram_bytes": 9184222208}
{"step": 400, "loss": -0.48183006048202515, "examples": 400, "session_seconds": 509.72405864699977, "peak_vram_bytes": 9184222208}
{"step": 410, "loss": -0.45916205644607544, "examples": 410, "session_seconds": 522.2330144660082, "peak_vram_bytes": 9184222208}
{"step": 420, "loss": -0.4598638117313385, "examples": 420, "session_seconds": 535.7352452890045, "peak_vram_bytes": 9184222208}
{"step": 430, "loss": -0.46924689412117004, "examples": 430, "session_seconds": 547.9057337890117, "peak_vram_bytes": 9184222208}
{"step": 440, "loss": -0.5307743549346924, "examples": 440, "session_seconds": 559.8404965210066, "peak_vram_bytes": 9184222208}
{"step": 450, "loss": -0.4608278274536133, "examples": 450, "session_seconds": 572.0396012230049, "peak_vram_bytes": 9184222208}
{"step": 460, "loss": -0.4597596228122711, "examples": 460, "session_seconds": 584.2574723160069, "peak_vram_bytes": 9184222208}
{"step": 470, "loss": -0.48024916648864746, "examples": 470, "session_seconds": 597.0275810630119, "peak_vram_bytes": 9184222208}
{"step": 480, "loss": -0.4610776901245117, "examples": 480, "session_seconds": 609.2151840320003, "peak_vram_bytes": 9184222208}
{"step": 490, "loss": -0.46179041266441345, "examples": 490, "session_seconds": 622.4927963010123, "peak_vram_bytes": 9184222208}
{"step": 500, "loss": -0.461800754070282, "examples": 500, "session_seconds": 634.9394697530079, "peak_vram_bytes": 9184222208}
{"step": 510, "loss": -0.4694983661174774, "examples": 510, "session_seconds": 647.4717155760009, "peak_vram_bytes": 9184222208}
{"step": 520, "loss": -0.4626550078392029, "examples": 520, "session_seconds": 659.7585904230073, "peak_vram_bytes": 9184222208}
{"step": 530, "loss": -0.4632357060909271, "examples": 530, "session_seconds": 671.7033385840041, "peak_vram_bytes": 9184222208}
{"step": 540, "loss": -0.46291646361351013, "examples": 540, "session_seconds": 683.7956089390063, "peak_vram_bytes": 9184222208}
{"step": 550, "loss": 1.1624622344970703, "examples": 550, "session_seconds": 696.0795148840116, "peak_vram_bytes": 9184222208}
{"step": 560, "loss": -0.4786212146282196, "examples": 560, "session_seconds": 708.1286784670083, "peak_vram_bytes": 9184222208}
{"step": 570, "loss": -0.4629921317100525, "examples": 570, "session_seconds": 721.0380880150042, "peak_vram_bytes": 9184222208}
{"step": 580, "loss": -0.48587164282798767, "examples": 580, "session_seconds": 733.9012082570116, "peak_vram_bytes": 9184222208}
{"step": 590, "loss": -0.46335434913635254, "examples": 590, "session_seconds": 746.6965434700105, "peak_vram_bytes": 9184222208}
{"step": 600, "loss": 0.8628306984901428, "examples": 600, "session_seconds": 758.6450640859985, "peak_vram_bytes": 9184222208}
{"step": 610, "loss": -0.4629991054534912, "examples": 610, "session_seconds": 771.1248953900067, "peak_vram_bytes": 9184222208}
{"step": 620, "loss": -0.4628455936908722, "examples": 620, "session_seconds": 783.4313594300038, "peak_vram_bytes": 9184222208}
{"step": 630, "loss": -0.4638252854347229, "examples": 630, "session_seconds": 795.4705069920019, "peak_vram_bytes": 9184222208}
{"step": 640, "loss": -0.4641595482826233, "examples": 640, "session_seconds": 808.0340743480047, "peak_vram_bytes": 9184222208}
{"step": 650, "loss": -0.4641341269016266, "examples": 650, "session_seconds": 821.3020275770104, "peak_vram_bytes": 9184222208}
{"step": 660, "loss": -0.4640536904335022, "examples": 660, "session_seconds": 834.3927282799996, "peak_vram_bytes": 9184222208}
{"step": 670, "loss": -0.46486613154411316, "examples": 670, "session_seconds": 847.3496045000065, "peak_vram_bytes": 9184222208}
{"step": 680, "loss": 1.1063168048858643, "examples": 680, "session_seconds": 860.6322001680091, "peak_vram_bytes": 9184222208}
{"step": 690, "loss": -0.4657115936279297, "examples": 690, "session_seconds": 873.5254573400016, "peak_vram_bytes": 9184222208}
{"step": 700, "loss": -0.6491715908050537, "examples": 700, "session_seconds": 886.6251194370125, "peak_vram_bytes": 9184222208}
{"step": 710, "loss": -0.4698052704334259, "examples": 710, "session_seconds": 899.7138501760055, "peak_vram_bytes": 9184222208}
{"step": 720, "loss": -0.4654524028301239, "examples": 720, "session_seconds": 912.3557238250069, "peak_vram_bytes": 9184222208}
{"step": 730, "loss": -0.4680284857749939, "examples": 730, "session_seconds": 924.2512373230129, "peak_vram_bytes": 9184222208}
{"step": 740, "loss": -0.47019490599632263, "examples": 740, "session_seconds": 937.1860107890097, "peak_vram_bytes": 9184222208}
{"step": 750, "loss": 0.8545445799827576, "examples": 750, "session_seconds": 949.9981988010113, "peak_vram_bytes": 9184222208}
{"step": 760, "loss": -0.46622684597969055, "examples": 760, "session_seconds": 962.0016628960002, "peak_vram_bytes": 9184222208}
{"step": 770, "loss": -0.6206822395324707, "examples": 770, "session_seconds": 974.3705073880119, "peak_vram_bytes": 9184222208}
{"step": 780, "loss": 1.209768295288086, "examples": 780, "session_seconds": 987.4511410440027, "peak_vram_bytes": 9184222208}
{"step": 790, "loss": -0.4644719064235687, "examples": 790, "session_seconds": 999.5142254860111, "peak_vram_bytes": 9184222208}
{"step": 800, "loss": -0.627659797668457, "examples": 800, "session_seconds": 1012.1468896690058, "peak_vram_bytes": 9184222208}
{"step": 810, "loss": -0.4638316035270691, "examples": 810, "session_seconds": 1025.0472125410015, "peak_vram_bytes": 9184222208}
{"step": 820, "loss": -0.4690389931201935, "examples": 820, "session_seconds": 1036.935120783004, "peak_vram_bytes": 9184222208}
{"step": 830, "loss": -0.4833337068557739, "examples": 830, "session_seconds": 1048.7707245839993, "peak_vram_bytes": 9184222208}
{"step": 840, "loss": -0.46660271286964417, "examples": 840, "session_seconds": 1061.5983122420002, "peak_vram_bytes": 9184222208}
{"step": 850, "loss": -0.46658095717430115, "examples": 850, "session_seconds": 1074.7999432840006, "peak_vram_bytes": 9184222208}
{"step": 860, "loss": -0.46682700514793396, "examples": 860, "session_seconds": 1087.2590944370022, "peak_vram_bytes": 9184222208}
{"step": 870, "loss": -0.4660640060901642, "examples": 870, "session_seconds": 1099.904718307007, "peak_vram_bytes": 9184222208}
{"step": 880, "loss": -0.4669438898563385, "examples": 880, "session_seconds": 1113.320265029004, "peak_vram_bytes": 9184222208}
{"step": 890, "loss": -0.4668879806995392, "examples": 890, "session_seconds": 1126.617522022003, "peak_vram_bytes": 9184222208}
{"step": 900, "loss": 1.0793581008911133, "examples": 900, "session_seconds": 1139.8416745249997, "peak_vram_bytes": 9184222208}
{"step": 910, "loss": 0.928720235824585, "examples": 910, "session_seconds": 1153.351173690011, "peak_vram_bytes": 9184222208}
{"step": 920, "loss": -0.4679163098335266, "examples": 920, "session_seconds": 1165.2670879180077, "peak_vram_bytes": 9184222208}
{"step": 930, "loss": -0.4816281795501709, "examples": 930, "session_seconds": 1177.2940277279995, "peak_vram_bytes": 9184222208}
{"step": 940, "loss": -0.4657354950904846, "examples": 940, "session_seconds": 1190.2138956990093, "peak_vram_bytes": 9184222208}
{"step": 950, "loss": 1.2071354389190674, "examples": 950, "session_seconds": 1202.1479208460078, "peak_vram_bytes": 9184222208}
{"step": 960, "loss": -0.466118186712265, "examples": 960, "session_seconds": 1214.8910393270053, "peak_vram_bytes": 9184222208}
{"step": 970, "loss": -0.47970011830329895, "examples": 970, "session_seconds": 1228.086386630006, "peak_vram_bytes": 9184222208}
{"step": 980, "loss": -0.46648433804512024, "examples": 980, "session_seconds": 1241.2697825360083, "peak_vram_bytes": 9184222208}
{"step": 990, "loss": 1.009761929512024, "examples": 990, "session_seconds": 1254.5223371110042, "peak_vram_bytes": 9184222208}
{"step": 1000, "loss": -0.4745709300041199, "examples": 1000, "session_seconds": 1268.2830397610087, "peak_vram_bytes": 9184222208}
{"step": 1010, "loss": -0.4703627824783325, "examples": 1010, "session_seconds": 1281.730108076008, "peak_vram_bytes": 9184222208}
{"step": 1020, "loss": -0.4766564667224884, "examples": 1020, "session_seconds": 1294.8299428870087, "peak_vram_bytes": 9184222208}
{"step": 1030, "loss": 1.1645445823669434, "examples": 1030, "session_seconds": 1307.7865005460044, "peak_vram_bytes": 9184222208}
{"step": 1040, "loss": -0.4778769314289093, "examples": 1040, "session_seconds": 1321.3442677650019, "peak_vram_bytes": 9184222208}
{"step": 1050, "loss": -0.4666871726512909, "examples": 1050, "session_seconds": 1334.5602304050117, "peak_vram_bytes": 9184222208}
{"step": 1060, "loss": -0.45953506231307983, "examples": 1060, "session_seconds": 1346.6863236580102, "peak_vram_bytes": 9184222208}
{"step": 1070, "loss": -0.4660903513431549, "examples": 1070, "session_seconds": 1359.3259577470017, "peak_vram_bytes": 9184222208}
{"step": 1080, "loss": -0.46766194701194763, "examples": 1080, "session_seconds": 1371.2958417720074, "peak_vram_bytes": 9184222208}
{"step": 1090, "loss": -0.46589016914367676, "examples": 1090, "session_seconds": 1383.2091352380085, "peak_vram_bytes": 9184222208}
{"step": 1100, "loss": 1.3024041652679443, "examples": 1100, "session_seconds": 1395.5546799779986, "peak_vram_bytes": 9184222208}
{"step": 1110, "loss": -0.49005746841430664, "examples": 1110, "session_seconds": 1407.983173547007, "peak_vram_bytes": 9184222208}
{"step": 1120, "loss": -0.5619289875030518, "examples": 1120, "session_seconds": 1420.0239969710092, "peak_vram_bytes": 9184222208}
{"step": 1130, "loss": -0.4682241976261139, "examples": 1130, "session_seconds": 1432.3158116620034, "peak_vram_bytes": 9184222208}
{"step": 1140, "loss": -0.4695145785808563, "examples": 1140, "session_seconds": 1444.2921317330038, "peak_vram_bytes": 9184222208}
{"step": 1150, "loss": -0.4697401225566864, "examples": 1150, "session_seconds": 1456.1172213259997, "peak_vram_bytes": 9184222208}
{"step": 1160, "loss": 0.9810431003570557, "examples": 1160, "session_seconds": 1468.0052268920117, "peak_vram_bytes": 9184222208}
{"step": 1170, "loss": -0.4696322977542877, "examples": 1170, "session_seconds": 1480.194131590004, "peak_vram_bytes": 9184222208}
{"step": 1180, "loss": -0.4678051769733429, "examples": 1180, "session_seconds": 1492.1083671040105, "peak_vram_bytes": 9184222208}
{"step": 1190, "loss": 0.9838442802429199, "examples": 1190, "session_seconds": 1504.0442383300106, "peak_vram_bytes": 9184222208}
{"step": 1200, "loss": -0.4674983322620392, "examples": 1200, "session_seconds": 1516.3649162940128, "peak_vram_bytes": 9184222208}
{"step": 1210, "loss": -0.4789964258670807, "examples": 1210, "session_seconds": 1528.9386910400062, "peak_vram_bytes": 9184222208}
{"step": 1220, "loss": -0.50416499376297, "examples": 1220, "session_seconds": 1540.8511901660095, "peak_vram_bytes": 9184222208}
{"step": 1230, "loss": -0.46766284108161926, "examples": 1230, "session_seconds": 1553.0113677100017, "peak_vram_bytes": 9184222208}
{"step": 1240, "loss": -0.4800323247909546, "examples": 1240, "session_seconds": 1565.1893503150059, "peak_vram_bytes": 9184222208}
{"step": 1250, "loss": -0.46846550703048706, "examples": 1250, "session_seconds": 1577.3400141620077, "peak_vram_bytes": 9184222208}
{"step": 1260, "loss": -0.46198832988739014, "examples": 1260, "session_seconds": 1589.515660637, "peak_vram_bytes": 9184222208}
{"step": 1270, "loss": -0.4826362133026123, "examples": 1270, "session_seconds": 1601.4877078940044, "peak_vram_bytes": 9184222208}
{"step": 1280, "loss": -0.4217071831226349, "examples": 1280, "session_seconds": 1613.511952648012, "peak_vram_bytes": 9184222208}
{"step": 1290, "loss": -0.5034321546554565, "examples": 1290, "session_seconds": 1625.717585574006, "peak_vram_bytes": 9184222208}
{"step": 1300, "loss": 1.032245397567749, "examples": 1300, "session_seconds": 1637.5753505950124, "peak_vram_bytes": 9184222208}
{"step": 1310, "loss": -0.4684436321258545, "examples": 1310, "session_seconds": 1649.9736269880086, "peak_vram_bytes": 9184222208}
{"step": 1320, "loss": 1.0776013135910034, "examples": 1320, "session_seconds": 1662.1996828219999, "peak_vram_bytes": 9184222208}
{"step": 1330, "loss": -0.48668181896209717, "examples": 1330, "session_seconds": 1674.3833535740123, "peak_vram_bytes": 9184222208}
{"step": 1340, "loss": -0.46880051493644714, "examples": 1340, "session_seconds": 1686.187426925011, "peak_vram_bytes": 9184222208}
{"step": 1350, "loss": -0.4688028395175934, "examples": 1350, "session_seconds": 1698.094661799012, "peak_vram_bytes": 9184222208}
{"step": 1360, "loss": -0.4683990776538849, "examples": 1360, "session_seconds": 1711.1024813750118, "peak_vram_bytes": 9184222208}
{"step": 1370, "loss": -0.46865883469581604, "examples": 1370, "session_seconds": 1723.0170651840017, "peak_vram_bytes": 9184222208}
{"step": 1380, "loss": -0.468679815530777, "examples": 1380, "session_seconds": 1734.8486868740001, "peak_vram_bytes": 9184222208}
{"step": 1390, "loss": -0.4698154628276825, "examples": 1390, "session_seconds": 1746.9015971870103, "peak_vram_bytes": 9184222208}
{"step": 1400, "loss": -0.47024768590927124, "examples": 1400, "session_seconds": 1758.968181098011, "peak_vram_bytes": 9184222208}
{"step": 1410, "loss": -0.46677348017692566, "examples": 1410, "session_seconds": 1771.3781305760058, "peak_vram_bytes": 9184222208}
{"step": 1420, "loss": -0.4690563678741455, "examples": 1420, "session_seconds": 1783.7098166710057, "peak_vram_bytes": 9184222208}
{"step": 1430, "loss": -0.5124279260635376, "examples": 1430, "session_seconds": 1795.9857289409993, "peak_vram_bytes": 9184222208}
{"step": 1440, "loss": 1.2245423793792725, "examples": 1440, "session_seconds": 1807.9667953610042, "peak_vram_bytes": 9184222208}
{"step": 1450, "loss": -0.4676796793937683, "examples": 1450, "session_seconds": 1820.2104533070087, "peak_vram_bytes": 9184222208}
{"step": 1460, "loss": -0.2632470726966858, "examples": 1460, "session_seconds": 1832.1712876790116, "peak_vram_bytes": 9184222208}
{"step": 1470, "loss": -0.46837252378463745, "examples": 1470, "session_seconds": 1844.1908490470087, "peak_vram_bytes": 9184222208}
{"step": 1480, "loss": -0.4679400622844696, "examples": 1480, "session_seconds": 1856.3028452240105, "peak_vram_bytes": 9184222208}
{"step": 1490, "loss": -0.4685153067111969, "examples": 1490, "session_seconds": 1869.6308005070023, "peak_vram_bytes": 9184222208}
{"step": 1500, "loss": -0.4775795638561249, "examples": 1500, "session_seconds": 1882.2546834480017, "peak_vram_bytes": 9184222208}
{"step": 1510, "loss": -0.542054295539856, "examples": 1510, "session_seconds": 1895.8393094040075, "peak_vram_bytes": 9184222208}
{"step": 1520, "loss": -0.46860334277153015, "examples": 1520, "session_seconds": 1909.3798356360057, "peak_vram_bytes": 9184222208}
{"step": 1530, "loss": -0.4687359929084778, "examples": 1530, "session_seconds": 1922.6191293800075, "peak_vram_bytes": 9187023872}
{"step": 1540, "loss": -0.47426989674568176, "examples": 1540, "session_seconds": 1935.973182282003, "peak_vram_bytes": 9187023872}
{"step": 1550, "loss": -0.46864426136016846, "examples": 1550, "session_seconds": 1948.9843908290059, "peak_vram_bytes": 9187023872}
{"step": 1560, "loss": -0.4710729122161865, "examples": 1560, "session_seconds": 1960.9623376460077, "peak_vram_bytes": 9187023872}
{"step": 1570, "loss": -0.47954681515693665, "examples": 1570, "session_seconds": 1973.2097483100079, "peak_vram_bytes": 9187023872}
{"step": 1580, "loss": -0.5417894721031189, "examples": 1580, "session_seconds": 1985.1869940000033, "peak_vram_bytes": 9187023872}
{"step": 1590, "loss": -0.5152242183685303, "examples": 1590, "session_seconds": 1998.2190979030129, "peak_vram_bytes": 9187023872}
{"step": 1600, "loss": -0.46870389580726624, "examples": 1600, "session_seconds": 2010.6865072190121, "peak_vram_bytes": 9187023872}
{"step": 1610, "loss": -0.4748397171497345, "examples": 1610, "session_seconds": 2023.9806305450038, "peak_vram_bytes": 9187023872}
{"step": 1620, "loss": -0.4656199514865875, "examples": 1620, "session_seconds": 2037.202484420006, "peak_vram_bytes": 9187023872}
{"step": 1630, "loss": -0.4974765181541443, "examples": 1630, "session_seconds": 2049.9318902240047, "peak_vram_bytes": 9187023872}
{"step": 1640, "loss": -0.45391932129859924, "examples": 1640, "session_seconds": 2062.832492831003, "peak_vram_bytes": 9187023872}
{"step": 1650, "loss": -0.4793068468570709, "examples": 1650, "session_seconds": 2075.9612415320007, "peak_vram_bytes": 9187023872}
{"step": 1660, "loss": -0.484676331281662, "examples": 1660, "session_seconds": 2088.8484968400007, "peak_vram_bytes": 9187023872}
{"step": 1670, "loss": 1.2048622369766235, "examples": 1670, "session_seconds": 2101.940649242999, "peak_vram_bytes": 9187023872}
{"step": 1680, "loss": -0.4837564527988434, "examples": 1680, "session_seconds": 2115.6649216890073, "peak_vram_bytes": 9187023872}
{"step": 1690, "loss": -0.46807676553726196, "examples": 1690, "session_seconds": 2128.800047665005, "peak_vram_bytes": 9187023872}
{"step": 1700, "loss": -0.4723387062549591, "examples": 1700, "session_seconds": 2141.9243244600075, "peak_vram_bytes": 9187023872}
{"step": 1710, "loss": -0.4679179787635803, "examples": 1710, "session_seconds": 2155.864404586013, "peak_vram_bytes": 9187023872}
{"step": 1720, "loss": -0.46832194924354553, "examples": 1720, "session_seconds": 2168.935573808005, "peak_vram_bytes": 9187023872}
{"step": 1730, "loss": -0.47563883662223816, "examples": 1730, "session_seconds": 2181.605069023004, "peak_vram_bytes": 9187023872}
{"step": 1740, "loss": -0.46786412596702576, "examples": 1740, "session_seconds": 2194.9403576800105, "peak_vram_bytes": 9187023872}
{"step": 1750, "loss": -0.478489488363266, "examples": 1750, "session_seconds": 2207.683318964002, "peak_vram_bytes": 9187023872}
{"step": 1760, "loss": -0.512886643409729, "examples": 1760, "session_seconds": 2220.7207313990075, "peak_vram_bytes": 9187023872}
{"step": 1770, "loss": -0.4629178047180176, "examples": 1770, "session_seconds": 2233.300594352011, "peak_vram_bytes": 9188792320}
{"step": 1780, "loss": -0.49754974246025085, "examples": 1780, "session_seconds": 2247.032207167009, "peak_vram_bytes": 9188792320}
{"step": 1790, "loss": -0.4683305323123932, "examples": 1790, "session_seconds": 2259.397902883007, "peak_vram_bytes": 9188792320}
{"step": 1800, "loss": -0.4646030366420746, "examples": 1800, "session_seconds": 2271.4165394370066, "peak_vram_bytes": 9188792320}
{"step": 1810, "loss": -0.4882698953151703, "examples": 1810, "session_seconds": 2284.20196861001, "peak_vram_bytes": 9188792320}
{"step": 1820, "loss": -0.4687296450138092, "examples": 1820, "session_seconds": 2296.3578234430024, "peak_vram_bytes": 9188792320}
{"step": 1830, "loss": -0.46807190775871277, "examples": 1830, "session_seconds": 2308.374449312003, "peak_vram_bytes": 9188792320}
{"step": 1840, "loss": -0.5613099932670593, "examples": 1840, "session_seconds": 2320.626987305004, "peak_vram_bytes": 9188792320}
{"step": 1850, "loss": -0.47847074270248413, "examples": 1850, "session_seconds": 2332.510948834999, "peak_vram_bytes": 9188792320}
{"step": 1860, "loss": -0.46801307797431946, "examples": 1860, "session_seconds": 2344.624114721999, "peak_vram_bytes": 9188792320}
{"step": 1870, "loss": -0.5393253564834595, "examples": 1870, "session_seconds": 2357.001465161011, "peak_vram_bytes": 9188792320}
{"step": 1880, "loss": -0.5097188949584961, "examples": 1880, "session_seconds": 2368.884092886001, "peak_vram_bytes": 9188792320}
{"step": 1890, "loss": -0.4679107666015625, "examples": 1890, "session_seconds": 2380.826846501004, "peak_vram_bytes": 9188792320}
{"step": 1900, "loss": -0.5035927891731262, "examples": 1900, "session_seconds": 2393.118612641003, "peak_vram_bytes": 9188792320}
{"step": 1910, "loss": -0.47495752573013306, "examples": 1910, "session_seconds": 2405.4495048020035, "peak_vram_bytes": 9188792320}
{"step": 1920, "loss": -0.4607079327106476, "examples": 1920, "session_seconds": 2417.3993612360064, "peak_vram_bytes": 9188792320}
{"step": 1930, "loss": 0.9474480152130127, "examples": 1930, "session_seconds": 2429.702839319012, "peak_vram_bytes": 9188792320}
{"step": 1940, "loss": -0.46953585743904114, "examples": 1940, "session_seconds": 2442.8753496330028, "peak_vram_bytes": 9188792320}
{"step": 1950, "loss": -0.46659496426582336, "examples": 1950, "session_seconds": 2455.495245377999, "peak_vram_bytes": 9188792320}
{"step": 1960, "loss": -0.46747854351997375, "examples": 1960, "session_seconds": 2467.7717694800085, "peak_vram_bytes": 9188792320}
{"step": 1970, "loss": -0.5873889327049255, "examples": 1970, "session_seconds": 2481.0318881410058, "peak_vram_bytes": 9188792320}
{"step": 1980, "loss": -0.478413850069046, "examples": 1980, "session_seconds": 2493.042484359001, "peak_vram_bytes": 9188792320}
{"step": 1990, "loss": -0.4720713198184967, "examples": 1990, "session_seconds": 2505.1129801500065, "peak_vram_bytes": 9188792320}
{"step": 2000, "loss": 1.2151868343353271, "examples": 2000, "session_seconds": 2517.4326368080074, "peak_vram_bytes": 9188792320}
{"step": 2010, "loss": 1.1675797700881958, "examples": 2010, "session_seconds": 2530.436635252001, "peak_vram_bytes": 9188792320}
{"step": 2020, "loss": -0.46905210614204407, "examples": 2020, "session_seconds": 2543.67011507001, "peak_vram_bytes": 9188792320}
{"step": 2030, "loss": -0.4740353524684906, "examples": 2030, "session_seconds": 2556.5502433280053, "peak_vram_bytes": 9188792320}
{"step": 2040, "loss": -0.4685901999473572, "examples": 2040, "session_seconds": 2570.4970106700057, "peak_vram_bytes": 9188792320}
{"step": 2050, "loss": -0.4724358022212982, "examples": 2050, "session_seconds": 2583.7042155450035, "peak_vram_bytes": 9188792320}
{"step": 2060, "loss": -0.47346773743629456, "examples": 2060, "session_seconds": 2596.780992250002, "peak_vram_bytes": 9188792320}
{"step": 2070, "loss": -0.4688028395175934, "examples": 2070, "session_seconds": 2610.461084584007, "peak_vram_bytes": 9188792320}
{"step": 2080, "loss": 1.4017653465270996, "examples": 2080, "session_seconds": 2623.4936100370105, "peak_vram_bytes": 9192157696}
{"step": 2090, "loss": -0.4717840552330017, "examples": 2090, "session_seconds": 2636.603919256013, "peak_vram_bytes": 9192157696}
{"step": 2100, "loss": -0.12446829676628113, "examples": 2100, "session_seconds": 2649.2608337970014, "peak_vram_bytes": 9192157696}
{"step": 2110, "loss": -0.46901315450668335, "examples": 2110, "session_seconds": 2662.163474935005, "peak_vram_bytes": 9192157696}
{"step": 2120, "loss": 1.098769187927246, "examples": 2120, "session_seconds": 2674.906754235999, "peak_vram_bytes": 9192157696}
{"step": 2130, "loss": -0.4807988107204437, "examples": 2130, "session_seconds": 2687.795646080005, "peak_vram_bytes": 9192157696}
{"step": 2140, "loss": -0.47208359837532043, "examples": 2140, "session_seconds": 2699.754470502012, "peak_vram_bytes": 9192157696}
{"step": 2150, "loss": -0.4786277711391449, "examples": 2150, "session_seconds": 2712.981082110011, "peak_vram_bytes": 9192157696}
{"step": 2160, "loss": 0.8782157301902771, "examples": 2160, "session_seconds": 2725.908720290012, "peak_vram_bytes": 9192157696}
{"step": 2170, "loss": -0.4695917069911957, "examples": 2170, "session_seconds": 2738.6614925800095, "peak_vram_bytes": 9192157696}
{"step": 2180, "loss": -0.46710583567619324, "examples": 2180, "session_seconds": 2751.13387354101, "peak_vram_bytes": 9192157696}
{"step": 2190, "loss": -0.47248032689094543, "examples": 2190, "session_seconds": 2764.585124852005, "peak_vram_bytes": 9192157696}
{"step": 2200, "loss": -0.48110976815223694, "examples": 2200, "session_seconds": 2776.730291107, "peak_vram_bytes": 9192157696}
{"step": 2210, "loss": -0.004653513431549072, "examples": 2210, "session_seconds": 2790.090580291013, "peak_vram_bytes": 9192157696}
{"step": 2220, "loss": -0.563064455986023, "examples": 2220, "session_seconds": 2802.110548656012, "peak_vram_bytes": 9192157696}
{"step": 2230, "loss": -0.4706021845340729, "examples": 2230, "session_seconds": 2815.3993223330035, "peak_vram_bytes": 9192157696}
{"step": 2240, "loss": -0.4698072075843811, "examples": 2240, "session_seconds": 2828.3463578150113, "peak_vram_bytes": 9192157696}
{"step": 2250, "loss": -0.4705575108528137, "examples": 2250, "session_seconds": 2840.2910663970106, "peak_vram_bytes": 9192157696}
{"step": 2260, "loss": 0.9951620101928711, "examples": 2260, "session_seconds": 2852.465504427004, "peak_vram_bytes": 9192157696}
{"step": 2270, "loss": -0.053197503089904785, "examples": 2270, "session_seconds": 2864.327097461006, "peak_vram_bytes": 9192157696}
{"step": 2280, "loss": 1.2065129280090332, "examples": 2280, "session_seconds": 2876.7740433800063, "peak_vram_bytes": 9192157696}
{"step": 2290, "loss": -0.46752801537513733, "examples": 2290, "session_seconds": 2889.8179258760065, "peak_vram_bytes": 9192157696}
{"step": 2300, "loss": 1.2585716247558594, "examples": 2300, "session_seconds": 2902.5724852050043, "peak_vram_bytes": 9192157696}
{"step": 2310, "loss": -0.6332238912582397, "examples": 2310, "session_seconds": 2915.7043858860125, "peak_vram_bytes": 9192157696}
{"step": 2320, "loss": -0.6352672576904297, "examples": 2320, "session_seconds": 2929.408682614012, "peak_vram_bytes": 9192157696}
{"step": 2330, "loss": -0.4239049553871155, "examples": 2330, "session_seconds": 2942.448669712001, "peak_vram_bytes": 9192157696}
{"step": 2340, "loss": -0.469340980052948, "examples": 2340, "session_seconds": 2955.6561414530006, "peak_vram_bytes": 9192157696}
{"step": 2350, "loss": -0.46939873695373535, "examples": 2350, "session_seconds": 2968.5056944660028, "peak_vram_bytes": 9192157696}
{"step": 2360, "loss": -0.635596513748169, "examples": 2360, "session_seconds": 2981.7508442040125, "peak_vram_bytes": 9192157696}
{"step": 2370, "loss": -0.4768262207508087, "examples": 2370, "session_seconds": 2994.771275551, "peak_vram_bytes": 9192157696}
{"step": 2380, "loss": -0.4697512686252594, "examples": 2380, "session_seconds": 3007.5580997120123, "peak_vram_bytes": 9192157696}
{"step": 2390, "loss": 1.1216593980789185, "examples": 2390, "session_seconds": 3021.1315787510102, "peak_vram_bytes": 9192157696}
{"step": 2400, "loss": -0.48595094680786133, "examples": 2400, "session_seconds": 3034.221674225002, "peak_vram_bytes": 9192157696}
{"step": 2410, "loss": -0.46979865431785583, "examples": 2410, "session_seconds": 3047.4926279290084, "peak_vram_bytes": 9192157696}
{"step": 2420, "loss": -0.4928629994392395, "examples": 2420, "session_seconds": 3061.256585618001, "peak_vram_bytes": 9192157696}
{"step": 2430, "loss": -0.24619483947753906, "examples": 2430, "session_seconds": 3074.2183262100007, "peak_vram_bytes": 9192157696}
{"step": 2440, "loss": -0.4773094356060028, "examples": 2440, "session_seconds": 3087.2358272290003, "peak_vram_bytes": 9192157696}
{"step": 2450, "loss": -0.4697704613208771, "examples": 2450, "session_seconds": 3100.335031380004, "peak_vram_bytes": 9192157696}
{"step": 2460, "loss": -0.469535768032074, "examples": 2460, "session_seconds": 3113.9805531330057, "peak_vram_bytes": 9192157696}
{"step": 2470, "loss": -0.4695080518722534, "examples": 2470, "session_seconds": 3127.0562433580053, "peak_vram_bytes": 9192157696}
{"step": 2480, "loss": -0.46971872448921204, "examples": 2480, "session_seconds": 3139.584101384011, "peak_vram_bytes": 9192157696}
{"step": 2490, "loss": -0.47150832414627075, "examples": 2490, "session_seconds": 3152.7051848679985, "peak_vram_bytes": 9192157696}
{"step": 2500, "loss": -0.4695890247821808, "examples": 2500, "session_seconds": 3165.4777044810035, "peak_vram_bytes": 9192157696}
{"step": 2510, "loss": -0.5079180002212524, "examples": 2510, "session_seconds": 3178.6085707180027, "peak_vram_bytes": 9192157696}
{"step": 2520, "loss": -0.46841052174568176, "examples": 2520, "session_seconds": 3191.845539065005, "peak_vram_bytes": 9192157696}
{"step": 2530, "loss": -0.47548139095306396, "examples": 2530, "session_seconds": 3204.5268678700086, "peak_vram_bytes": 9192157696}
{"step": 2540, "loss": -0.47079622745513916, "examples": 2540, "session_seconds": 3217.4416064550023, "peak_vram_bytes": 9192157696}
{"step": 2550, "loss": -0.46962428092956543, "examples": 2550, "session_seconds": 3230.250634185999, "peak_vram_bytes": 9192157696}
{"step": 2560, "loss": -0.46888330578804016, "examples": 2560, "session_seconds": 3243.590955481006, "peak_vram_bytes": 9192157696}
{"step": 2570, "loss": -0.47029438614845276, "examples": 2570, "session_seconds": 3256.4348031960108, "peak_vram_bytes": 9192157696}
{"step": 2580, "loss": -0.4702039957046509, "examples": 2580, "session_seconds": 3269.2054483110114, "peak_vram_bytes": 9192157696}
{"step": 2590, "loss": -0.49627605080604553, "examples": 2590, "session_seconds": 3282.5405480519985, "peak_vram_bytes": 9192157696}
{"step": 2600, "loss": -0.4689890742301941, "examples": 2600, "session_seconds": 3295.275332135003, "peak_vram_bytes": 9192157696}
{"step": 2610, "loss": -0.47338631749153137, "examples": 2610, "session_seconds": 3308.498089271001, "peak_vram_bytes": 9192157696}
{"step": 2620, "loss": -0.4897076487541199, "examples": 2620, "session_seconds": 3321.7963995000027, "peak_vram_bytes": 9192157696}
{"step": 2630, "loss": -0.15028288960456848, "examples": 2630, "session_seconds": 3334.7114958349994, "peak_vram_bytes": 9192157696}
{"step": 2640, "loss": -0.4748062193393707, "examples": 2640, "session_seconds": 3347.6033106329996, "peak_vram_bytes": 9192157696}
{"step": 2650, "loss": -0.4705159664154053, "examples": 2650, "session_seconds": 3361.370557125003, "peak_vram_bytes": 9192157696}
{"step": 2660, "loss": -0.4718167781829834, "examples": 2660, "session_seconds": 3374.1975661920005, "peak_vram_bytes": 9192157696}
{"step": 2670, "loss": -0.4694751501083374, "examples": 2670, "session_seconds": 3387.0850311930117, "peak_vram_bytes": 9192157696}
{"step": 2680, "loss": -0.46989044547080994, "examples": 2680, "session_seconds": 3400.6807344510016, "peak_vram_bytes": 9192157696}
{"step": 2690, "loss": -0.4700208306312561, "examples": 2690, "session_seconds": 3413.003268430999, "peak_vram_bytes": 9192157696}
{"step": 2700, "loss": -0.4744214117527008, "examples": 2700, "session_seconds": 3424.895915822999, "peak_vram_bytes": 9192157696}
{"step": 2710, "loss": -0.6028468608856201, "examples": 2710, "session_seconds": 3438.7036822820082, "peak_vram_bytes": 9192157696}
{"step": 2720, "loss": 1.4375579357147217, "examples": 2720, "session_seconds": 3451.656878255002, "peak_vram_bytes": 9192157696}
{"step": 2730, "loss": 0.9887399673461914, "examples": 2730, "session_seconds": 3464.3851863480086, "peak_vram_bytes": 9192157696}
{"step": 2740, "loss": -0.5515409111976624, "examples": 2740, "session_seconds": 3477.4969352810003, "peak_vram_bytes": 9192157696}
{"step": 2750, "loss": -0.4697153866291046, "examples": 2750, "session_seconds": 3490.689858237005, "peak_vram_bytes": 9192157696}
{"step": 2760, "loss": -0.46976208686828613, "examples": 2760, "session_seconds": 3503.457269906008, "peak_vram_bytes": 9192157696}
{"step": 2770, "loss": -0.544893741607666, "examples": 2770, "session_seconds": 3516.0323424740054, "peak_vram_bytes": 9192157696}
{"step": 2780, "loss": -0.47031381726264954, "examples": 2780, "session_seconds": 3529.1651969430095, "peak_vram_bytes": 9192157696}
{"step": 2790, "loss": -0.46867361664772034, "examples": 2790, "session_seconds": 3541.401914151007, "peak_vram_bytes": 9192157696}
{"step": 2800, "loss": -0.4730885624885559, "examples": 2800, "session_seconds": 3553.415613969002, "peak_vram_bytes": 9192157696}
{"step": 2810, "loss": 0.8465425968170166, "examples": 2810, "session_seconds": 3565.935902571, "peak_vram_bytes": 9192157696}
{"step": 2820, "loss": -0.6443480253219604, "examples": 2820, "session_seconds": 3577.8599955300015, "peak_vram_bytes": 9192157696}
{"step": 2830, "loss": -0.46976596117019653, "examples": 2830, "session_seconds": 3589.71134898701, "peak_vram_bytes": 9192157696}
{"step": 2840, "loss": -0.4870782196521759, "examples": 2840, "session_seconds": 3601.6220469060063, "peak_vram_bytes": 9192157696}
{"step": 2850, "loss": -0.28631556034088135, "examples": 2850, "session_seconds": 3613.707653467005, "peak_vram_bytes": 9192157696}
{"step": 2860, "loss": -0.47083383798599243, "examples": 2860, "session_seconds": 3625.5037495610013, "peak_vram_bytes": 9192157696}
{"step": 2870, "loss": -0.5704237222671509, "examples": 2870, "session_seconds": 3637.4558281670033, "peak_vram_bytes": 9192157696}
{"step": 2880, "loss": -0.48091867566108704, "examples": 2880, "session_seconds": 3649.533581445008, "peak_vram_bytes": 9192157696}
{"step": 2890, "loss": -0.47076520323753357, "examples": 2890, "session_seconds": 3661.684470496999, "peak_vram_bytes": 9192157696}
{"step": 2900, "loss": -0.48844578862190247, "examples": 2900, "session_seconds": 3674.7551415820053, "peak_vram_bytes": 9192157696}
{"step": 2910, "loss": -0.46623939275741577, "examples": 2910, "session_seconds": 3688.6499716550024, "peak_vram_bytes": 9192157696}
{"step": 2920, "loss": -0.15001481771469116, "examples": 2920, "session_seconds": 3701.622250101005, "peak_vram_bytes": 9192157696}
{"step": 2930, "loss": -0.503828763961792, "examples": 2930, "session_seconds": 3714.4934661849984, "peak_vram_bytes": 9192157696}
{"step": 2940, "loss": -0.4701366722583771, "examples": 2940, "session_seconds": 3726.882855268006, "peak_vram_bytes": 9192157696}
{"step": 2950, "loss": -0.5462013483047485, "examples": 2950, "session_seconds": 3738.8332323720097, "peak_vram_bytes": 9192157696}
{"step": 2960, "loss": -0.4698535203933716, "examples": 2960, "session_seconds": 3750.738986238008, "peak_vram_bytes": 9192157696}
{"step": 2970, "loss": -0.47230827808380127, "examples": 2970, "session_seconds": 3763.24011417001, "peak_vram_bytes": 9192157696}
{"step": 2980, "loss": -0.6290326714515686, "examples": 2980, "session_seconds": 3776.1515313010023, "peak_vram_bytes": 9192157696}
{"step": 2990, "loss": -0.4714430570602417, "examples": 2990, "session_seconds": 3788.9768386310025, "peak_vram_bytes": 9192157696}
{"step": 3000, "loss": -0.4686661660671234, "examples": 3000, "session_seconds": 3801.6528716380126, "peak_vram_bytes": 9192157696}
{"step": 3010, "loss": -0.5230544805526733, "examples": 3010, "session_seconds": 3815.280325108004, "peak_vram_bytes": 9192157696}
{"step": 3020, "loss": 1.1632627248764038, "examples": 3020, "session_seconds": 3828.480486327011, "peak_vram_bytes": 9192157696}
{"step": 3030, "loss": -0.46747025847435, "examples": 3030, "session_seconds": 3841.310228823, "peak_vram_bytes": 9192157696}
{"step": 3040, "loss": -0.4706016480922699, "examples": 3040, "session_seconds": 3854.600880982005, "peak_vram_bytes": 9192157696}
{"step": 3050, "loss": -0.4701521098613739, "examples": 3050, "session_seconds": 3867.683708992001, "peak_vram_bytes": 9192157696}
{"step": 3060, "loss": -0.6215280890464783, "examples": 3060, "session_seconds": 3879.5650366140035, "peak_vram_bytes": 9192157696}
{"step": 3070, "loss": -0.4699954688549042, "examples": 3070, "session_seconds": 3892.719647427002, "peak_vram_bytes": 9192157696}
{"step": 3080, "loss": -0.4697943925857544, "examples": 3080, "session_seconds": 3906.030741762006, "peak_vram_bytes": 9192157696}
{"step": 3090, "loss": 1.1742666959762573, "examples": 3090, "session_seconds": 3918.90626093201, "peak_vram_bytes": 9192157696}
{"step": 3100, "loss": -0.5273380875587463, "examples": 3100, "session_seconds": 3931.6209456790093, "peak_vram_bytes": 9192157696}
{"step": 3110, "loss": -0.46893495321273804, "examples": 3110, "session_seconds": 3945.761951681008, "peak_vram_bytes": 9192157696}
{"step": 3120, "loss": -0.4698939919471741, "examples": 3120, "session_seconds": 3958.4413171780034, "peak_vram_bytes": 9192157696}
{"step": 3130, "loss": -0.47017425298690796, "examples": 3130, "session_seconds": 3970.465298894007, "peak_vram_bytes": 9192157696}
{"step": 3140, "loss": -0.6422184705734253, "examples": 3140, "session_seconds": 3982.7264748960006, "peak_vram_bytes": 9192157696}
{"step": 3150, "loss": -0.4826628863811493, "examples": 3150, "session_seconds": 3994.701984726009, "peak_vram_bytes": 9192157696}
{"step": 3160, "loss": -0.487804651260376, "examples": 3160, "session_seconds": 4006.5688235520065, "peak_vram_bytes": 9192157696}
{"step": 3170, "loss": 1.1311771869659424, "examples": 3170, "session_seconds": 4018.889793574999, "peak_vram_bytes": 9192157696}
{"step": 3180, "loss": 1.0609519481658936, "examples": 3180, "session_seconds": 4031.153661725999, "peak_vram_bytes": 9192157696}
{"step": 3190, "loss": -0.46945446729660034, "examples": 3190, "session_seconds": 4044.256633342011, "peak_vram_bytes": 9192157696}
{"step": 3200, "loss": -0.46941283345222473, "examples": 3200, "session_seconds": 4058.03619304701, "peak_vram_bytes": 9192157696}
{"step": 3210, "loss": -0.47497016191482544, "examples": 3210, "session_seconds": 4071.476410342002, "peak_vram_bytes": 9192157696}
{"step": 3220, "loss": -0.48618143796920776, "examples": 3220, "session_seconds": 4084.600013857009, "peak_vram_bytes": 9192157696}
{"step": 3230, "loss": -0.46975281834602356, "examples": 3230, "session_seconds": 4098.216486878009, "peak_vram_bytes": 9192157696}
{"step": 3240, "loss": -0.5364627838134766, "examples": 3240, "session_seconds": 4110.4133040060115, "peak_vram_bytes": 9192157696}
{"step": 3250, "loss": -0.4755026698112488, "examples": 3250, "session_seconds": 4123.028747040007, "peak_vram_bytes": 9192157696}
{"step": 3260, "loss": -0.4694334864616394, "examples": 3260, "session_seconds": 4135.133860409012, "peak_vram_bytes": 9192157696}
{"step": 3270, "loss": -0.4728526473045349, "examples": 3270, "session_seconds": 4147.376588077008, "peak_vram_bytes": 9192157696}
{"step": 3280, "loss": 1.141067624092102, "examples": 3280, "session_seconds": 4160.060466534007, "peak_vram_bytes": 9192157696}
{"step": 3290, "loss": -0.47010159492492676, "examples": 3290, "session_seconds": 4172.982690306002, "peak_vram_bytes": 9192157696}
{"step": 3300, "loss": -0.46970027685165405, "examples": 3300, "session_seconds": 4186.10411482201, "peak_vram_bytes": 9192157696}
{"step": 3310, "loss": -0.5174124240875244, "examples": 3310, "session_seconds": 4198.579878376011, "peak_vram_bytes": 9192157696}
{"step": 3320, "loss": -0.46983036398887634, "examples": 3320, "session_seconds": 4210.703952699012, "peak_vram_bytes": 9192157696}
{"step": 3330, "loss": -0.46973079442977905, "examples": 3330, "session_seconds": 4222.946971988, "peak_vram_bytes": 9192157696}
{"step": 3340, "loss": -0.5153332948684692, "examples": 3340, "session_seconds": 4234.831610984009, "peak_vram_bytes": 9192157696}
{"step": 3350, "loss": -0.4698742926120758, "examples": 3350, "session_seconds": 4246.68500033101, "peak_vram_bytes": 9192157696}
{"step": 3360, "loss": -0.4701630175113678, "examples": 3360, "session_seconds": 4258.554181298008, "peak_vram_bytes": 9192157696}
{"step": 3370, "loss": -0.47937560081481934, "examples": 3370, "session_seconds": 4270.716078908008, "peak_vram_bytes": 9192157696}
{"step": 3380, "loss": -0.4955049455165863, "examples": 3380, "session_seconds": 4282.641032778003, "peak_vram_bytes": 9192157696}
{"step": 3390, "loss": -0.4585561752319336, "examples": 3390, "session_seconds": 4294.601450249, "peak_vram_bytes": 9192157696}
{"step": 3400, "loss": -0.5098046660423279, "examples": 3400, "session_seconds": 4306.632719895002, "peak_vram_bytes": 9192157696}
{"step": 3410, "loss": -0.6077488660812378, "examples": 3410, "session_seconds": 4319.010643255999, "peak_vram_bytes": 9192157696}
{"step": 3420, "loss": -0.466212660074234, "examples": 3420, "session_seconds": 4331.036419801007, "peak_vram_bytes": 9192157696}
{"step": 3430, "loss": -0.4696807265281677, "examples": 3430, "session_seconds": 4343.585679165, "peak_vram_bytes": 9192157696}
{"step": 3440, "loss": -0.501003623008728, "examples": 3440, "session_seconds": 4356.079543701009, "peak_vram_bytes": 9192157696}
{"step": 3450, "loss": -0.4764813184738159, "examples": 3450, "session_seconds": 4369.019060176011, "peak_vram_bytes": 9192157696}
{"step": 3460, "loss": 1.2182105779647827, "examples": 3460, "session_seconds": 4381.591183678, "peak_vram_bytes": 9192157696}
{"step": 3470, "loss": -0.4698399603366852, "examples": 3470, "session_seconds": 4394.830586627009, "peak_vram_bytes": 9192157696}
{"step": 3480, "loss": -0.46960094571113586, "examples": 3480, "session_seconds": 4407.498026662011, "peak_vram_bytes": 9192157696}
{"step": 3490, "loss": -0.1760813593864441, "examples": 3490, "session_seconds": 4419.960131493004, "peak_vram_bytes": 9192157696}
{"step": 3500, "loss": -0.4627246558666229, "examples": 3500, "session_seconds": 4432.178058995007, "peak_vram_bytes": 9192157696}
{"step": 3510, "loss": -0.4923969805240631, "examples": 3510, "session_seconds": 4444.573976519008, "peak_vram_bytes": 9192157696}
{"step": 3520, "loss": -0.4829649329185486, "examples": 3520, "session_seconds": 4456.525739502002, "peak_vram_bytes": 9192157696}
{"step": 3530, "loss": -0.4695337116718292, "examples": 3530, "session_seconds": 4468.827114619009, "peak_vram_bytes": 9192157696}
{"step": 3540, "loss": -0.4931391477584839, "examples": 3540, "session_seconds": 4480.733759597002, "peak_vram_bytes": 9192157696}
{"step": 3550, "loss": -0.4697457253932953, "examples": 3550, "session_seconds": 4493.415751587003, "peak_vram_bytes": 9192157696}
{"step": 3560, "loss": -0.47335144877433777, "examples": 3560, "session_seconds": 4506.070317559002, "peak_vram_bytes": 9192157696}
{"step": 3570, "loss": 1.105912685394287, "examples": 3570, "session_seconds": 4518.937791182005, "peak_vram_bytes": 9192157696}
{"step": 3580, "loss": -0.44919583201408386, "examples": 3580, "session_seconds": 4531.649994708001, "peak_vram_bytes": 9192157696}
{"step": 3590, "loss": -0.1684889793395996, "examples": 3590, "session_seconds": 4544.822346482004, "peak_vram_bytes": 9192157696}
{"step": 3600, "loss": -0.4752003252506256, "examples": 3600, "session_seconds": 4557.156054065999, "peak_vram_bytes": 9192157696}
{"step": 3610, "loss": -0.4692758619785309, "examples": 3610, "session_seconds": 4569.376424302012, "peak_vram_bytes": 9192157696}
{"step": 3620, "loss": 1.328430414199829, "examples": 3620, "session_seconds": 4582.328905527, "peak_vram_bytes": 9192157696}
{"step": 3630, "loss": -0.4824303090572357, "examples": 3630, "session_seconds": 4594.623878499013, "peak_vram_bytes": 9192157696}
{"step": 3640, "loss": 0.25050246715545654, "examples": 3640, "session_seconds": 4607.270990066012, "peak_vram_bytes": 9192157696}
{"step": 3650, "loss": -0.48193204402923584, "examples": 3650, "session_seconds": 4620.371257368999, "peak_vram_bytes": 9192157696}
{"step": 3660, "loss": -0.46991780400276184, "examples": 3660, "session_seconds": 4633.904241518001, "peak_vram_bytes": 9192157696}
{"step": 3670, "loss": -0.46971023082733154, "examples": 3670, "session_seconds": 4646.965617718, "peak_vram_bytes": 9192157696}
{"step": 3680, "loss": -0.4709431231021881, "examples": 3680, "session_seconds": 4659.608231994003, "peak_vram_bytes": 9192157696}
{"step": 3690, "loss": 0.9788526892662048, "examples": 3690, "session_seconds": 4673.019921506013, "peak_vram_bytes": 9192157696}
{"step": 3700, "loss": -0.4698560833930969, "examples": 3700, "session_seconds": 4685.606132182002, "peak_vram_bytes": 9192157696}
{"step": 3710, "loss": 1.1857391595840454, "examples": 3710, "session_seconds": 4698.637295122011, "peak_vram_bytes": 9192157696}
{"step": 3720, "loss": -0.46943244338035583, "examples": 3720, "session_seconds": 4711.197551243007, "peak_vram_bytes": 9192157696}
{"step": 3730, "loss": -0.48981428146362305, "examples": 3730, "session_seconds": 4724.401491903001, "peak_vram_bytes": 9192157696}
{"step": 3740, "loss": -0.4704732894897461, "examples": 3740, "session_seconds": 4736.89517638, "peak_vram_bytes": 9192157696}
{"step": 3750, "loss": 0.8785449266433716, "examples": 3750, "session_seconds": 4749.689138558999, "peak_vram_bytes": 9192157696}
{"step": 3760, "loss": -0.4992968738079071, "examples": 3760, "session_seconds": 4763.094791484007, "peak_vram_bytes": 9192157696}
{"step": 3770, "loss": -0.46982455253601074, "examples": 3770, "session_seconds": 4775.7832953100005, "peak_vram_bytes": 9192157696}
{"step": 3780, "loss": -0.47869881987571716, "examples": 3780, "session_seconds": 4788.776239561004, "peak_vram_bytes": 9192157696}
{"step": 3790, "loss": -0.48006725311279297, "examples": 3790, "session_seconds": 4801.862315559003, "peak_vram_bytes": 9192157696}
{"step": 3800, "loss": -0.5152679681777954, "examples": 3800, "session_seconds": 4814.517667478009, "peak_vram_bytes": 9192157696}
{"step": 3810, "loss": -0.4789024591445923, "examples": 3810, "session_seconds": 4827.7905351350055, "peak_vram_bytes": 9192157696}
{"step": 3820, "loss": 1.268502950668335, "examples": 3820, "session_seconds": 4841.0721706890035, "peak_vram_bytes": 9192157696}
{"step": 3830, "loss": -0.47098180651664734, "examples": 3830, "session_seconds": 4853.837043068008, "peak_vram_bytes": 9192157696}
{"step": 3840, "loss": -0.4724924862384796, "examples": 3840, "session_seconds": 4866.87598197801, "peak_vram_bytes": 9192157696}
{"step": 3850, "loss": 1.270800232887268, "examples": 3850, "session_seconds": 4880.436505121004, "peak_vram_bytes": 9192157696}
{"step": 3860, "loss": -0.47004827857017517, "examples": 3860, "session_seconds": 4893.439994341999, "peak_vram_bytes": 9192157696}
{"step": 3870, "loss": -0.46776023507118225, "examples": 3870, "session_seconds": 4906.5729807730095, "peak_vram_bytes": 9192157696}
{"step": 3880, "loss": -0.22919869422912598, "examples": 3880, "session_seconds": 4920.311088094008, "peak_vram_bytes": 9192157696}
{"step": 3890, "loss": -0.4819982349872589, "examples": 3890, "session_seconds": 4933.358303269008, "peak_vram_bytes": 9192157696}
{"step": 3900, "loss": -0.4829672574996948, "examples": 3900, "session_seconds": 4946.361755531005, "peak_vram_bytes": 9192157696}
{"step": 3910, "loss": -0.420061856508255, "examples": 3910, "session_seconds": 4960.872195430013, "peak_vram_bytes": 9192157696}
{"step": 3920, "loss": 1.2615541219711304, "examples": 3920, "session_seconds": 4974.102913314011, "peak_vram_bytes": 9192157696}
{"step": 3930, "loss": -0.47178882360458374, "examples": 3930, "session_seconds": 4987.099704998007, "peak_vram_bytes": 9192157696}
{"step": 3940, "loss": -0.46999943256378174, "examples": 3940, "session_seconds": 4999.821619416005, "peak_vram_bytes": 9192157696}
{"step": 3950, "loss": -0.48244595527648926, "examples": 3950, "session_seconds": 5013.449251474012, "peak_vram_bytes": 9192157696}
{"step": 3960, "loss": -0.4601552486419678, "examples": 3960, "session_seconds": 5026.390654658011, "peak_vram_bytes": 9192157696}
{"step": 3970, "loss": -0.4721170663833618, "examples": 3970, "session_seconds": 5039.044215949005, "peak_vram_bytes": 9192157696}
{"step": 3980, "loss": -0.4967799186706543, "examples": 3980, "session_seconds": 5052.545926077, "peak_vram_bytes": 9192157696}
{"step": 3990, "loss": -0.4748676121234894, "examples": 3990, "session_seconds": 5065.27259864501, "peak_vram_bytes": 9192157696}
{"step": 4000, "loss": -0.46705374121665955, "examples": 4000, "session_seconds": 5077.680855553001, "peak_vram_bytes": 9192157696}
wandb: 
wandb: Run history:
wandb:        examples ▁▁▁▁▂▂▂▂▂▂▂▃▃▃▃▃▃▃▄▄▄▄▅▅▅▆▆▆▆▆▆▆▆▇▇█████
wandb:            loss ▃▁▁▁█▁▁▁▁▁▁▁▁▁▁▁▁▁▃▁▁▁█▁▁▁▁▁▁▁▁▁▁▁▁▁█▁▁▁
wandb: peak_vram_bytes ▁▃▄▄▄▄▄▄▄▄▄▄▄▄▄▅▅▅▆▆████████████████████
wandb: session_seconds ▁▂▂▂▂▂▃▃▃▃▃▃▃▃▄▄▄▄▄▄▅▅▅▅▆▆▆▆▆▆▆▇▇▇▇▇▇▇██
wandb:            step ▁▁▁▁▁▂▂▂▂▂▂▂▂▂▃▃▄▄▄▄▄▄▄▄▄▅▆▆▆▆▆▆▇▇▇▇▇▇██
wandb: 
wandb: Run summary:
wandb:        examples 4000
wandb:            loss -0.46705
wandb: peak_vram_bytes 9192157696
wandb: session_seconds 5077.68086
wandb:            step 4000
wandb: 
wandb: You can sync this run to the cloud by running:
wandb: wandb sync artifacts/longer-v1/4b/main/seed-33/exact/tracking/wandb/offline-run-20261005_095301-ut5zoavp
wandb: Find logs at: artifacts/longer-v1/4b/main/seed-33/exact/tracking/wandb/offline-run-20261005_095301-ut5zoavp/logs
{"artifact": "artifacts/longer-v1/4b/main/seed-33/exact/artifact", "elapsed_seconds": 5078.1451124020095}
