
{"utc": "2026-10-05T08:11:15.776694+00:00", "command": ["-m", "myjev.train", "--config", "results/longer-v1/0.8b/main/seed-22/sampled/config.json", "--data", "data/banking77/train.jsonl", "--output", "artifacts/longer-v1/0.8b/main/seed-22/sampled", "--method", "sampled", "--seed", "22", "--initial", "artifacts/longer-v1/0.8b/main/seed-22/sft/artifact"]}
Loading weights:   0%|          | 0/320 [00:00<?, ?it/s]Loading weights: 100%|██████████| 320/320 [00:00<00:00, 4210.17it/s]
wandb: Tracking run with wandb version 0.30.0
wandb: W&B syncing is set to `offline` in this directory. Run `wandb online` or set WANDB_MODE=online to enable cloud syncing.
wandb: Run data is saved locally in artifacts/longer-v1/0.8b/main/seed-22/sampled/tracking/wandb/offline-run-20261005_011127-i5pokjt2
wandb: View this run in the terminal with `wandb leet`
[transformers] `causal_conv1d_fn` is falling back to its reference PyTorch implementation because `causal_conv1d` is not installed. This is correct but much slower; install `causal_conv1d` for the optimized kernel.
[transformers] `chunk_gated_delta_rule` is falling back to its reference PyTorch implementation because `flash-linear-attention` is not installed. This is correct but much slower; install `flash-linear-attention` for the optimized kernel.
{"step": 10, "loss": -0.009276118129491806, "examples": 10, "session_seconds": 10.27028763799899, "peak_vram_bytes": 1818857472}
{"step": 20, "loss": -5.626107608627416e-15, "examples": 20, "session_seconds": 19.464810072000546, "peak_vram_bytes": 1819037696}
{"step": 30, "loss": 0.0, "examples": 30, "session_seconds": 29.012229789004778, "peak_vram_bytes": 1819037696}
{"step": 40, "loss": 0.0, "examples": 40, "session_seconds": 38.2903038450022, "peak_vram_bytes": 1829398016}
{"step": 50, "loss": -1.0026737690046203e-15, "examples": 50, "session_seconds": 47.69305145000544, "peak_vram_bytes": 1829398016}
{"step": 60, "loss": 4.905642136000116e-15, "examples": 60, "session_seconds": 57.13216379599908, "peak_vram_bytes": 1829398016}
{"step": 70, "loss": 0.0, "examples": 70, "session_seconds": 66.73736162600107, "peak_vram_bytes": 1829398016}
{"step": 80, "loss": 0.001278952695429325, "examples": 80, "session_seconds": 76.0416004630024, "peak_vram_bytes": 1829398016}
{"step": 90, "loss": 0.03839121013879776, "examples": 90, "session_seconds": 85.53462926400243, "peak_vram_bytes": 1829398016}
{"step": 100, "loss": 0.0, "examples": 100, "session_seconds": 94.41855950099853, "peak_vram_bytes": 1829398016}
Warning: You are sending unauthenticated requests to the HF Hub. Please set a HF_TOKEN to enable higher rate limits and faster downloads.
{"step": 110, "loss": 0.0, "examples": 110, "session_seconds": 103.60038206900208, "peak_vram_bytes": 1833297408}
{"step": 120, "loss": 0.0, "examples": 120, "session_seconds": 112.75425643299968, "peak_vram_bytes": 1833297408}
{"step": 130, "loss": -3.8295384455233096e-15, "examples": 130, "session_seconds": 121.33521192400076, "peak_vram_bytes": 1833297408}
{"step": 140, "loss": -2.1914953101461083e-15, "examples": 140, "session_seconds": 130.47025331300392, "peak_vram_bytes": 1833297408}
{"step": 150, "loss": -2.0637623181836862e-15, "examples": 150, "session_seconds": 139.47641045400087, "peak_vram_bytes": 1833297408}
{"step": 160, "loss": 0.0, "examples": 160, "session_seconds": 148.45378010399872, "peak_vram_bytes": 1833297408}
{"step": 170, "loss": 0.16172464191913605, "examples": 170, "session_seconds": 157.9500995950002, "peak_vram_bytes": 1835282432}
{"step": 180, "loss": 0.05302887782454491, "examples": 180, "session_seconds": 166.80864793700312, "peak_vram_bytes": 1835282432}
{"step": 190, "loss": -2.438864082611675e-15, "examples": 190, "session_seconds": 175.5952703100047, "peak_vram_bytes": 1835282432}
{"step": 200, "loss": -0.07688411325216293, "examples": 200, "session_seconds": 184.84149142000388, "peak_vram_bytes": 1835282432}
{"step": 210, "loss": 0.0, "examples": 210, "session_seconds": 194.43442210500507, "peak_vram_bytes": 1835282432}
{"step": 220, "loss": -1.2347121345094789e-14, "examples": 220, "session_seconds": 203.65029350700206, "peak_vram_bytes": 1835282432}
{"step": 230, "loss": -7.039606968368712e-15, "examples": 230, "session_seconds": 213.04285514799994, "peak_vram_bytes": 1835282432}
{"step": 240, "loss": 0.0, "examples": 240, "session_seconds": 222.14151792500343, "peak_vram_bytes": 1835282432}
{"step": 250, "loss": -2.965780155099115e-14, "examples": 250, "session_seconds": 231.47491410200018, "peak_vram_bytes": 1835282432}
{"step": 260, "loss": -4.2323491987548284e-15, "examples": 260, "session_seconds": 240.82882646000508, "peak_vram_bytes": 1835282432}
{"step": 270, "loss": 0.0, "examples": 270, "session_seconds": 250.19074115200056, "peak_vram_bytes": 1835282432}
{"step": 280, "loss": 0.0, "examples": 280, "session_seconds": 258.5355367410011, "peak_vram_bytes": 1835282432}
{"step": 290, "loss": 0.013627671636641026, "examples": 290, "session_seconds": 266.8023151230009, "peak_vram_bytes": 1835282432}
{"step": 300, "loss": -5.3996354777837915e-14, "examples": 300, "session_seconds": 275.5884961940028, "peak_vram_bytes": 1835282432}
{"step": 310, "loss": -4.44668749792574e-15, "examples": 310, "session_seconds": 285.01845693700307, "peak_vram_bytes": 1835282432}
{"step": 320, "loss": 0.07429558038711548, "examples": 320, "session_seconds": 294.3354825800052, "peak_vram_bytes": 1835282432}
{"step": 330, "loss": 0.0, "examples": 330, "session_seconds": 303.6216253150051, "peak_vram_bytes": 1835282432}
{"step": 340, "loss": 0.0, "examples": 340, "session_seconds": 312.60816919100034, "peak_vram_bytes": 1835282432}
{"step": 350, "loss": 0.0, "examples": 350, "session_seconds": 321.44536631899973, "peak_vram_bytes": 1835282432}
{"step": 360, "loss": 0.0, "examples": 360, "session_seconds": 330.6280448480029, "peak_vram_bytes": 1835282432}
{"step": 370, "loss": 0.0, "examples": 370, "session_seconds": 340.22440302400355, "peak_vram_bytes": 1835282432}
{"step": 380, "loss": -3.1867222619400004e-14, "examples": 380, "session_seconds": 349.211437760001, "peak_vram_bytes": 1835282432}
{"step": 390, "loss": -2.6952344436143028e-12, "examples": 390, "session_seconds": 358.0932204550045, "peak_vram_bytes": 1835282432}
{"step": 400, "loss": -0.07238612323999405, "examples": 400, "session_seconds": 367.6266055740052, "peak_vram_bytes": 1835282432}
{"step": 410, "loss": 0.0, "examples": 410, "session_seconds": 377.22848022900143, "peak_vram_bytes": 1835282432}
{"step": 420, "loss": 0.0, "examples": 420, "session_seconds": 386.3711599740054, "peak_vram_bytes": 1835282432}
{"step": 430, "loss": 0.018306389451026917, "examples": 430, "session_seconds": 395.29810897500283, "peak_vram_bytes": 1835282432}
{"step": 440, "loss": -9.530809979120883e-14, "examples": 440, "session_seconds": 404.576076876001, "peak_vram_bytes": 1835282432}
{"step": 450, "loss": 0.013874391093850136, "examples": 450, "session_seconds": 414.0144629060014, "peak_vram_bytes": 1835282432}
{"step": 460, "loss": 0.0, "examples": 460, "session_seconds": 423.18966685399937, "peak_vram_bytes": 1835282432}
{"step": 470, "loss": 0.08344815671443939, "examples": 470, "session_seconds": 432.2452413659994, "peak_vram_bytes": 1835282432}
{"step": 480, "loss": -4.383306564936795e-11, "examples": 480, "session_seconds": 441.26630071800173, "peak_vram_bytes": 1835282432}
{"step": 490, "loss": 0.09861063957214355, "examples": 490, "session_seconds": 450.04806337500486, "peak_vram_bytes": 1835282432}
{"step": 500, "loss": -0.14477278292179108, "examples": 500, "session_seconds": 458.7651263450025, "peak_vram_bytes": 1835282432}
{"step": 510, "loss": 0.0, "examples": 510, "session_seconds": 468.0097115009994, "peak_vram_bytes": 1835282432}
{"step": 520, "loss": -3.5269567214696318e-12, "examples": 520, "session_seconds": 476.5906010500039, "peak_vram_bytes": 1835282432}
{"step": 530, "loss": -1.0890899727195036e-12, "examples": 530, "session_seconds": 485.9885197879994, "peak_vram_bytes": 1835282432}
{"step": 540, "loss": 0.0, "examples": 540, "session_seconds": 494.75033312700543, "peak_vram_bytes": 1835282432}
{"step": 550, "loss": -1.2485618008234445e-12, "examples": 550, "session_seconds": 503.7272963610012, "peak_vram_bytes": 1835282432}
{"step": 560, "loss": 0.22542421519756317, "examples": 560, "session_seconds": 512.8542349630006, "peak_vram_bytes": 1835282432}
{"step": 570, "loss": 0.07285038381814957, "examples": 570, "session_seconds": 521.7189246670023, "peak_vram_bytes": 1835282432}
{"step": 580, "loss": -0.020546825602650642, "examples": 580, "session_seconds": 530.5679987360054, "peak_vram_bytes": 1835282432}
{"step": 590, "loss": -4.670985386673321e-12, "examples": 590, "session_seconds": 539.6438788640007, "peak_vram_bytes": 1835282432}
{"step": 600, "loss": 0.0, "examples": 600, "session_seconds": 548.5874267990002, "peak_vram_bytes": 1835282432}
{"step": 610, "loss": 0.0, "examples": 610, "session_seconds": 558.0370359880035, "peak_vram_bytes": 1835282432}
{"step": 620, "loss": -0.8571119904518127, "examples": 620, "session_seconds": 567.0178587370028, "peak_vram_bytes": 1835282432}
{"step": 630, "loss": 0.050243034958839417, "examples": 630, "session_seconds": 576.2061352150049, "peak_vram_bytes": 1835282432}
{"step": 640, "loss": 0.17780810594558716, "examples": 640, "session_seconds": 585.5220509659994, "peak_vram_bytes": 1835282432}
{"step": 650, "loss": 0.006261184811592102, "examples": 650, "session_seconds": 594.789815365999, "peak_vram_bytes": 1835282432}
{"step": 660, "loss": -0.05189010500907898, "examples": 660, "session_seconds": 604.0501135869999, "peak_vram_bytes": 1835282432}
{"step": 670, "loss": -0.18431861698627472, "examples": 670, "session_seconds": 613.3302441050037, "peak_vram_bytes": 1835282432}
{"step": 680, "loss": -0.7184016108512878, "examples": 680, "session_seconds": 622.3358423750033, "peak_vram_bytes": 1835282432}
{"step": 690, "loss": -0.5405427813529968, "examples": 690, "session_seconds": 631.2683703200018, "peak_vram_bytes": 1835282432}
{"step": 700, "loss": -0.13263516128063202, "examples": 700, "session_seconds": 640.0366501470053, "peak_vram_bytes": 1835282432}
{"step": 710, "loss": -0.043101951479911804, "examples": 710, "session_seconds": 649.3087849020012, "peak_vram_bytes": 1835282432}
{"step": 720, "loss": -0.14498291909694672, "examples": 720, "session_seconds": 658.1842668020035, "peak_vram_bytes": 1835282432}
{"step": 730, "loss": -0.003942564129829407, "examples": 730, "session_seconds": 667.2101680210035, "peak_vram_bytes": 1835282432}
{"step": 740, "loss": -0.02440571039915085, "examples": 740, "session_seconds": 676.0987573230013, "peak_vram_bytes": 1835282432}
{"step": 750, "loss": -0.00856394600123167, "examples": 750, "session_seconds": 684.9684320560045, "peak_vram_bytes": 1835282432}
{"step": 760, "loss": -0.00869999174028635, "examples": 760, "session_seconds": 694.0228487830027, "peak_vram_bytes": 1835282432}
{"step": 770, "loss": -0.1566644161939621, "examples": 770, "session_seconds": 703.0710060150013, "peak_vram_bytes": 1835282432}
{"step": 780, "loss": -0.001927003264427185, "examples": 780, "session_seconds": 712.0960628329995, "peak_vram_bytes": 1835282432}
{"step": 790, "loss": 0.39141711592674255, "examples": 790, "session_seconds": 721.1925104090042, "peak_vram_bytes": 1835282432}
{"step": 800, "loss": -0.022171344608068466, "examples": 800, "session_seconds": 730.4651368320046, "peak_vram_bytes": 1835282432}
{"step": 810, "loss": 0.016146637499332428, "examples": 810, "session_seconds": 740.330483290003, "peak_vram_bytes": 1835282432}
{"step": 820, "loss": -0.48690107464790344, "examples": 820, "session_seconds": 749.5481949620007, "peak_vram_bytes": 1835282432}
{"step": 830, "loss": -0.005693206563591957, "examples": 830, "session_seconds": 758.7843577560052, "peak_vram_bytes": 1835282432}
{"step": 840, "loss": 0.017032207921147346, "examples": 840, "session_seconds": 767.9812003940024, "peak_vram_bytes": 1835282432}
{"step": 850, "loss": -0.32318657636642456, "examples": 850, "session_seconds": 776.732503033003, "peak_vram_bytes": 1835282432}
{"step": 860, "loss": -0.025565030053257942, "examples": 860, "session_seconds": 786.2758719630001, "peak_vram_bytes": 1835282432}
{"step": 870, "loss": -0.006665971130132675, "examples": 870, "session_seconds": 794.9231997440002, "peak_vram_bytes": 1835282432}
{"step": 880, "loss": 0.22010233998298645, "examples": 880, "session_seconds": 803.8920733859995, "peak_vram_bytes": 1835282432}
{"step": 890, "loss": -0.6553835272789001, "examples": 890, "session_seconds": 813.0571745240013, "peak_vram_bytes": 1835282432}
{"step": 900, "loss": 0.013628734275698662, "examples": 900, "session_seconds": 822.0611338829985, "peak_vram_bytes": 1835282432}
{"step": 910, "loss": 0.0033923769369721413, "examples": 910, "session_seconds": 830.7092568389999, "peak_vram_bytes": 1835282432}
{"step": 920, "loss": -1.453765869140625, "examples": 920, "session_seconds": 838.9545951390028, "peak_vram_bytes": 1835282432}
{"step": 930, "loss": -0.0018772603943943977, "examples": 930, "session_seconds": 847.2864879359986, "peak_vram_bytes": 1835282432}
{"step": 940, "loss": 0.1743374913930893, "examples": 940, "session_seconds": 855.6227768009994, "peak_vram_bytes": 1835282432}
{"step": 950, "loss": 0.9099855422973633, "examples": 950, "session_seconds": 863.8773820940041, "peak_vram_bytes": 1835282432}
{"step": 960, "loss": -0.21052739024162292, "examples": 960, "session_seconds": 872.1974612080012, "peak_vram_bytes": 1835282432}
{"step": 970, "loss": -0.0027348781004548073, "examples": 970, "session_seconds": 880.448512930001, "peak_vram_bytes": 1835282432}
{"step": 980, "loss": 0.00022739171981811523, "examples": 980, "session_seconds": 888.796354625003, "peak_vram_bytes": 1835282432}
{"step": 990, "loss": 0.02056778222322464, "examples": 990, "session_seconds": 897.1766418219995, "peak_vram_bytes": 1835282432}
{"step": 1000, "loss": -0.007246877998113632, "examples": 1000, "session_seconds": 905.4453590129997, "peak_vram_bytes": 1835282432}
{"step": 1010, "loss": -0.2071589082479477, "examples": 1010, "session_seconds": 914.0980460200008, "peak_vram_bytes": 1835282432}
{"step": 1020, "loss": -0.018125638365745544, "examples": 1020, "session_seconds": 922.4252757590002, "peak_vram_bytes": 1835282432}
{"step": 1030, "loss": -0.04940412938594818, "examples": 1030, "session_seconds": 930.7660285029997, "peak_vram_bytes": 1835282432}
{"step": 1040, "loss": 0.5857740044593811, "examples": 1040, "session_seconds": 939.0544009430014, "peak_vram_bytes": 1835282432}
{"step": 1050, "loss": -0.11384563893079758, "examples": 1050, "session_seconds": 947.6147701910013, "peak_vram_bytes": 1835282432}
{"step": 1060, "loss": -0.013407431542873383, "examples": 1060, "session_seconds": 956.2323404970011, "peak_vram_bytes": 1835282432}
{"step": 1070, "loss": -0.012443875893950462, "examples": 1070, "session_seconds": 964.8883224669989, "peak_vram_bytes": 1835282432}
{"step": 1080, "loss": 0.0037707588635385036, "examples": 1080, "session_seconds": 973.6953527380028, "peak_vram_bytes": 1835282432}
{"step": 1090, "loss": -0.0054372455924749374, "examples": 1090, "session_seconds": 982.9204968760023, "peak_vram_bytes": 1835282432}
{"step": 1100, "loss": -0.0229764673858881, "examples": 1100, "session_seconds": 991.8293731410013, "peak_vram_bytes": 1835282432}
{"step": 1110, "loss": -0.0012857555411756039, "examples": 1110, "session_seconds": 1001.0916956590008, "peak_vram_bytes": 1835282432}
{"step": 1120, "loss": -0.0059846267104148865, "examples": 1120, "session_seconds": 1009.4453241730007, "peak_vram_bytes": 1835282432}
{"step": 1130, "loss": -0.1692846119403839, "examples": 1130, "session_seconds": 1017.5830268240024, "peak_vram_bytes": 1835282432}
{"step": 1140, "loss": -0.00032556173391640186, "examples": 1140, "session_seconds": 1026.9436064010006, "peak_vram_bytes": 1835282432}
{"step": 1150, "loss": 0.08343011140823364, "examples": 1150, "session_seconds": 1035.5485828860037, "peak_vram_bytes": 1835282432}
{"step": 1160, "loss": -0.00243642320856452, "examples": 1160, "session_seconds": 1044.8401957840033, "peak_vram_bytes": 1835282432}
{"step": 1170, "loss": -0.08164779096841812, "examples": 1170, "session_seconds": 1054.0296497460004, "peak_vram_bytes": 1835282432}
{"step": 1180, "loss": -0.045056916773319244, "examples": 1180, "session_seconds": 1063.5516850140048, "peak_vram_bytes": 1835282432}
{"step": 1190, "loss": -0.005383693613111973, "examples": 1190, "session_seconds": 1072.6400782350029, "peak_vram_bytes": 1835282432}
{"step": 1200, "loss": 0.14076624810695648, "examples": 1200, "session_seconds": 1081.8158481319988, "peak_vram_bytes": 1835282432}
{"step": 1210, "loss": -0.005953243933618069, "examples": 1210, "session_seconds": 1091.2960551150027, "peak_vram_bytes": 1835282432}
{"step": 1220, "loss": -0.008944530040025711, "examples": 1220, "session_seconds": 1100.5047872300056, "peak_vram_bytes": 1835282432}
{"step": 1230, "loss": -0.07214516401290894, "examples": 1230, "session_seconds": 1109.1655432550033, "peak_vram_bytes": 1835282432}
{"step": 1240, "loss": -0.043521538376808167, "examples": 1240, "session_seconds": 1118.3071244130042, "peak_vram_bytes": 1835282432}
{"step": 1250, "loss": 0.004446186125278473, "examples": 1250, "session_seconds": 1127.4434785480044, "peak_vram_bytes": 1835282432}
{"step": 1260, "loss": -0.0032826506067067385, "examples": 1260, "session_seconds": 1136.490826512003, "peak_vram_bytes": 1835282432}
{"step": 1270, "loss": 0.06365922093391418, "examples": 1270, "session_seconds": 1145.455340325003, "peak_vram_bytes": 1835282432}
{"step": 1280, "loss": -0.025670118629932404, "examples": 1280, "session_seconds": 1154.1776502110006, "peak_vram_bytes": 1835282432}
{"step": 1290, "loss": -0.17561396956443787, "examples": 1290, "session_seconds": 1162.827796518999, "peak_vram_bytes": 1835282432}
{"step": 1300, "loss": -0.03197009488940239, "examples": 1300, "session_seconds": 1171.7289631189997, "peak_vram_bytes": 1835282432}
{"step": 1310, "loss": -0.11913961917161942, "examples": 1310, "session_seconds": 1180.7751615050001, "peak_vram_bytes": 1835282432}
{"step": 1320, "loss": 7.00540840625763e-05, "examples": 1320, "session_seconds": 1189.9616446490036, "peak_vram_bytes": 1835282432}
{"step": 1330, "loss": -0.005516915116459131, "examples": 1330, "session_seconds": 1198.9177683980015, "peak_vram_bytes": 1835282432}
{"step": 1340, "loss": 0.0013560366351157427, "examples": 1340, "session_seconds": 1207.425837089002, "peak_vram_bytes": 1835282432}
{"step": 1350, "loss": 0.10148599743843079, "examples": 1350, "session_seconds": 1215.7809450170025, "peak_vram_bytes": 1835282432}
{"step": 1360, "loss": -0.03796953707933426, "examples": 1360, "session_seconds": 1224.0999459619998, "peak_vram_bytes": 1835282432}
{"step": 1370, "loss": 0.025450482964515686, "examples": 1370, "session_seconds": 1232.422418095004, "peak_vram_bytes": 1835282432}
{"step": 1380, "loss": -0.002100382000207901, "examples": 1380, "session_seconds": 1240.6674499229994, "peak_vram_bytes": 1835282432}
{"step": 1390, "loss": -0.07969573885202408, "examples": 1390, "session_seconds": 1248.9774108929996, "peak_vram_bytes": 1835282432}
{"step": 1400, "loss": 0.0018256709445267916, "examples": 1400, "session_seconds": 1256.9801845900001, "peak_vram_bytes": 1835282432}
{"step": 1410, "loss": -0.004732056986540556, "examples": 1410, "session_seconds": 1265.6623441150005, "peak_vram_bytes": 1835282432}
{"step": 1420, "loss": -0.004266252741217613, "examples": 1420, "session_seconds": 1273.9747626300014, "peak_vram_bytes": 1835282432}
{"step": 1430, "loss": -0.023308878764510155, "examples": 1430, "session_seconds": 1282.2403105310004, "peak_vram_bytes": 1835282432}
{"step": 1440, "loss": -0.02908443659543991, "examples": 1440, "session_seconds": 1290.6194711979988, "peak_vram_bytes": 1835282432}
{"step": 1450, "loss": -0.004053201992064714, "examples": 1450, "session_seconds": 1299.297033904004, "peak_vram_bytes": 1835282432}
{"step": 1460, "loss": -9.456276893615723e-05, "examples": 1460, "session_seconds": 1307.7275683410044, "peak_vram_bytes": 1835282432}
{"step": 1470, "loss": -0.0031774884555488825, "examples": 1470, "session_seconds": 1315.9932412490016, "peak_vram_bytes": 1835282432}
{"step": 1480, "loss": -1.6330664157867432, "examples": 1480, "session_seconds": 1324.3089538010026, "peak_vram_bytes": 1835282432}
{"step": 1490, "loss": -0.0057603660970926285, "examples": 1490, "session_seconds": 1332.6310522600033, "peak_vram_bytes": 1835282432}
{"step": 1500, "loss": 0.0004830643010791391, "examples": 1500, "session_seconds": 1340.975009286005, "peak_vram_bytes": 1835282432}
{"step": 1510, "loss": -0.17983296513557434, "examples": 1510, "session_seconds": 1349.6754806649988, "peak_vram_bytes": 1835282432}
{"step": 1520, "loss": -0.0006611216813325882, "examples": 1520, "session_seconds": 1357.935062935001, "peak_vram_bytes": 1835282432}
{"step": 1530, "loss": -0.17948487401008606, "examples": 1530, "session_seconds": 1366.435186558003, "peak_vram_bytes": 1835282432}
{"step": 1540, "loss": 0.037582237273454666, "examples": 1540, "session_seconds": 1374.7123743990014, "peak_vram_bytes": 1835282432}
{"step": 1550, "loss": -0.004346592351794243, "examples": 1550, "session_seconds": 1383.1060151109996, "peak_vram_bytes": 1835282432}
{"step": 1560, "loss": 0.050170332193374634, "examples": 1560, "session_seconds": 1391.7499379830042, "peak_vram_bytes": 1835282432}
{"step": 1570, "loss": -0.0037650293670594692, "examples": 1570, "session_seconds": 1400.818165896002, "peak_vram_bytes": 1835282432}
{"step": 1580, "loss": -0.04972515255212784, "examples": 1580, "session_seconds": 1409.9256916810045, "peak_vram_bytes": 1835282432}
{"step": 1590, "loss": -0.006549272686243057, "examples": 1590, "session_seconds": 1418.501002101999, "peak_vram_bytes": 1835282432}
{"step": 1600, "loss": 0.0037329327315092087, "examples": 1600, "session_seconds": 1427.1092773440032, "peak_vram_bytes": 1835282432}
{"step": 1610, "loss": -0.004188493825495243, "examples": 1610, "session_seconds": 1436.618928721, "peak_vram_bytes": 1835282432}
{"step": 1620, "loss": 0.16711559891700745, "examples": 1620, "session_seconds": 1445.350909976005, "peak_vram_bytes": 1835282432}
{"step": 1630, "loss": -0.0012004910968244076, "examples": 1630, "session_seconds": 1453.9022188570016, "peak_vram_bytes": 1835282432}
{"step": 1640, "loss": -0.0025767250917851925, "examples": 1640, "session_seconds": 1462.1593819180052, "peak_vram_bytes": 1835282432}
{"step": 1650, "loss": -0.0015193917788565159, "examples": 1650, "session_seconds": 1470.4098656150018, "peak_vram_bytes": 1835282432}
{"step": 1660, "loss": -0.03488294035196304, "examples": 1660, "session_seconds": 1478.7185678390015, "peak_vram_bytes": 1835282432}
{"step": 1670, "loss": -0.7868657112121582, "examples": 1670, "session_seconds": 1487.0910792979994, "peak_vram_bytes": 1835282432}
{"step": 1680, "loss": -0.005704446230083704, "examples": 1680, "session_seconds": 1495.786335075005, "peak_vram_bytes": 1835282432}
{"step": 1690, "loss": -0.04837197810411453, "examples": 1690, "session_seconds": 1505.4014829130028, "peak_vram_bytes": 1835282432}
{"step": 1700, "loss": -0.002113744616508484, "examples": 1700, "session_seconds": 1514.6456341920057, "peak_vram_bytes": 1835282432}
{"step": 1710, "loss": 0.06389356404542923, "examples": 1710, "session_seconds": 1523.405753924002, "peak_vram_bytes": 1835282432}
{"step": 1720, "loss": 0.060541823506355286, "examples": 1720, "session_seconds": 1532.1890166869998, "peak_vram_bytes": 1835282432}
{"step": 1730, "loss": -0.0016525965183973312, "examples": 1730, "session_seconds": 1540.4696279339987, "peak_vram_bytes": 1835282432}
{"step": 1740, "loss": -0.003915945068001747, "examples": 1740, "session_seconds": 1548.6944113179998, "peak_vram_bytes": 1835282432}
{"step": 1750, "loss": -0.005673939827829599, "examples": 1750, "session_seconds": 1557.6591206140001, "peak_vram_bytes": 1835282432}
{"step": 1760, "loss": 0.10010457783937454, "examples": 1760, "session_seconds": 1566.4133595890016, "peak_vram_bytes": 1835282432}
{"step": 1770, "loss": -0.005493628792464733, "examples": 1770, "session_seconds": 1575.108176286005, "peak_vram_bytes": 1835282432}
{"step": 1780, "loss": -0.0784592404961586, "examples": 1780, "session_seconds": 1583.4201450960027, "peak_vram_bytes": 1835282432}
{"step": 1790, "loss": 0.0006340150721371174, "examples": 1790, "session_seconds": 1591.85813814, "peak_vram_bytes": 1835282432}
{"step": 1800, "loss": -0.0015147342346608639, "examples": 1800, "session_seconds": 1600.9321352740008, "peak_vram_bytes": 1835282432}
{"step": 1810, "loss": 0.38100573420524597, "examples": 1810, "session_seconds": 1610.100551440999, "peak_vram_bytes": 1835282432}
{"step": 1820, "loss": 0.6046872138977051, "examples": 1820, "session_seconds": 1618.6978471160037, "peak_vram_bytes": 1835282432}
{"step": 1830, "loss": -0.0074595315381884575, "examples": 1830, "session_seconds": 1627.096935046, "peak_vram_bytes": 1835282432}
{"step": 1840, "loss": -0.0031438367441296577, "examples": 1840, "session_seconds": 1636.3204541689993, "peak_vram_bytes": 1835282432}
{"step": 1850, "loss": -0.08460155129432678, "examples": 1850, "session_seconds": 1645.2328802750053, "peak_vram_bytes": 1835282432}
{"step": 1860, "loss": 0.0015125563368201256, "examples": 1860, "session_seconds": 1654.0559179620032, "peak_vram_bytes": 1835282432}
{"step": 1870, "loss": -0.005849296227097511, "examples": 1870, "session_seconds": 1662.7496586589987, "peak_vram_bytes": 1835282432}
{"step": 1880, "loss": -0.0007517773192375898, "examples": 1880, "session_seconds": 1671.4903843790016, "peak_vram_bytes": 1835282432}
{"step": 1890, "loss": -0.020816311240196228, "examples": 1890, "session_seconds": 1680.6588170290051, "peak_vram_bytes": 1835282432}
{"step": 1900, "loss": -0.07523756474256516, "examples": 1900, "session_seconds": 1689.2717892670044, "peak_vram_bytes": 1835282432}
{"step": 1910, "loss": 0.1074797660112381, "examples": 1910, "session_seconds": 1698.4678221240029, "peak_vram_bytes": 1835282432}
{"step": 1920, "loss": 0.04175917059183121, "examples": 1920, "session_seconds": 1707.9801681220051, "peak_vram_bytes": 1835282432}
{"step": 1930, "loss": -0.004895374178886414, "examples": 1930, "session_seconds": 1717.5863944540033, "peak_vram_bytes": 1835282432}
{"step": 1940, "loss": -0.10686634480953217, "examples": 1940, "session_seconds": 1726.1895857510026, "peak_vram_bytes": 1835282432}
{"step": 1950, "loss": -0.018572598695755005, "examples": 1950, "session_seconds": 1734.963557013005, "peak_vram_bytes": 1835282432}
{"step": 1960, "loss": -0.0023486411664634943, "examples": 1960, "session_seconds": 1744.4609585090002, "peak_vram_bytes": 1835282432}
{"step": 1970, "loss": -0.0017402332741767168, "examples": 1970, "session_seconds": 1753.6259605260057, "peak_vram_bytes": 1835282432}
{"step": 1980, "loss": -0.0020462172105908394, "examples": 1980, "session_seconds": 1762.8698258270015, "peak_vram_bytes": 1835282432}
{"step": 1990, "loss": -0.005557367578148842, "examples": 1990, "session_seconds": 1772.1019106800013, "peak_vram_bytes": 1835282432}
{"step": 2000, "loss": -0.002019546926021576, "examples": 2000, "session_seconds": 1780.8051507250057, "peak_vram_bytes": 1835282432}
{"step": 2010, "loss": -0.002061134669929743, "examples": 2010, "session_seconds": 1789.6165215209985, "peak_vram_bytes": 1835282432}
{"step": 2020, "loss": -0.17308618128299713, "examples": 2020, "session_seconds": 1799.0051903280037, "peak_vram_bytes": 1835282432}
{"step": 2030, "loss": 0.030362099409103394, "examples": 2030, "session_seconds": 1808.2481172680054, "peak_vram_bytes": 1835282432}
{"step": 2040, "loss": -0.02295447327196598, "examples": 2040, "session_seconds": 1817.6038985080013, "peak_vram_bytes": 1835282432}
{"step": 2050, "loss": -0.024565311148762703, "examples": 2050, "session_seconds": 1827.3691559260042, "peak_vram_bytes": 1835282432}
{"step": 2060, "loss": -0.0023798085749149323, "examples": 2060, "session_seconds": 1836.8829172370024, "peak_vram_bytes": 1835282432}
{"step": 2070, "loss": -0.0001998860388994217, "examples": 2070, "session_seconds": 1846.4335741770046, "peak_vram_bytes": 1835282432}
{"step": 2080, "loss": -0.0055928910151124, "examples": 2080, "session_seconds": 1855.872402467001, "peak_vram_bytes": 1835282432}
{"step": 2090, "loss": -0.024935759603977203, "examples": 2090, "session_seconds": 1864.9829277980025, "peak_vram_bytes": 1835282432}
{"step": 2100, "loss": 0.0010727548506110907, "examples": 2100, "session_seconds": 1874.4372135279991, "peak_vram_bytes": 1835282432}
{"step": 2110, "loss": -0.01142835058271885, "examples": 2110, "session_seconds": 1884.1985854430022, "peak_vram_bytes": 1835282432}
{"step": 2120, "loss": 1.2044551372528076, "examples": 2120, "session_seconds": 1893.533446514004, "peak_vram_bytes": 1835282432}
{"step": 2130, "loss": 0.0029251547530293465, "examples": 2130, "session_seconds": 1901.8997490309994, "peak_vram_bytes": 1835282432}
{"step": 2140, "loss": -0.01884118653833866, "examples": 2140, "session_seconds": 1911.3229311840041, "peak_vram_bytes": 1835282432}
{"step": 2150, "loss": 0.06275224685668945, "examples": 2150, "session_seconds": 1920.4674485490032, "peak_vram_bytes": 1835282432}
{"step": 2160, "loss": -0.02259714901447296, "examples": 2160, "session_seconds": 1929.8014419559986, "peak_vram_bytes": 1835282432}
{"step": 2170, "loss": -0.00021566962823271751, "examples": 2170, "session_seconds": 1939.2513658270036, "peak_vram_bytes": 1835282432}
{"step": 2180, "loss": -0.005643610842525959, "examples": 2180, "session_seconds": 1948.778458865003, "peak_vram_bytes": 1835282432}
{"step": 2190, "loss": -0.005553943570703268, "examples": 2190, "session_seconds": 1958.3700550770009, "peak_vram_bytes": 1835282432}
{"step": 2200, "loss": -0.0005462585831992328, "examples": 2200, "session_seconds": 1967.8361593500013, "peak_vram_bytes": 1835282432}
{"step": 2210, "loss": 0.0005848151631653309, "examples": 2210, "session_seconds": 1977.6013688360035, "peak_vram_bytes": 1835282432}
{"step": 2220, "loss": -0.007254153490066528, "examples": 2220, "session_seconds": 1987.2265290310024, "peak_vram_bytes": 1835282432}
{"step": 2230, "loss": -0.007765056565403938, "examples": 2230, "session_seconds": 1996.7028523530025, "peak_vram_bytes": 1835282432}
{"step": 2240, "loss": -0.005979710724204779, "examples": 2240, "session_seconds": 2006.0566469030018, "peak_vram_bytes": 1835282432}
{"step": 2250, "loss": -0.002167465863749385, "examples": 2250, "session_seconds": 2014.9781687170034, "peak_vram_bytes": 1835282432}
{"step": 2260, "loss": -0.11088013648986816, "examples": 2260, "session_seconds": 2023.736586993, "peak_vram_bytes": 1835282432}
{"step": 2270, "loss": -0.0416407585144043, "examples": 2270, "session_seconds": 2033.1302414220045, "peak_vram_bytes": 1835282432}
{"step": 2280, "loss": -0.0036573894321918488, "examples": 2280, "session_seconds": 2042.8400485130041, "peak_vram_bytes": 1835282432}
{"step": 2290, "loss": -0.1369558870792389, "examples": 2290, "session_seconds": 2052.2947851530043, "peak_vram_bytes": 1835282432}
{"step": 2300, "loss": 0.0728142261505127, "examples": 2300, "session_seconds": 2061.685141725, "peak_vram_bytes": 1835282432}
{"step": 2310, "loss": -0.003280120901763439, "examples": 2310, "session_seconds": 2071.1418677070033, "peak_vram_bytes": 1835282432}
{"step": 2320, "loss": -0.005337713286280632, "examples": 2320, "session_seconds": 2080.383409287999, "peak_vram_bytes": 1835282432}
{"step": 2330, "loss": -0.0021262101363390684, "examples": 2330, "session_seconds": 2088.7320110650035, "peak_vram_bytes": 1835282432}
{"step": 2340, "loss": -0.0009436269756406546, "examples": 2340, "session_seconds": 2097.159015211, "peak_vram_bytes": 1835282432}
{"step": 2350, "loss": -0.18934297561645508, "examples": 2350, "session_seconds": 2105.376749711999, "peak_vram_bytes": 1835282432}
{"step": 2360, "loss": -0.011482244357466698, "examples": 2360, "session_seconds": 2114.5017714200003, "peak_vram_bytes": 1835282432}
{"step": 2370, "loss": -0.008651100099086761, "examples": 2370, "session_seconds": 2123.573005367005, "peak_vram_bytes": 1835282432}
{"step": 2380, "loss": 0.03693285584449768, "examples": 2380, "session_seconds": 2131.9296121160005, "peak_vram_bytes": 1835282432}
{"step": 2390, "loss": 0.05292713642120361, "examples": 2390, "session_seconds": 2140.2189369500047, "peak_vram_bytes": 1835282432}
{"step": 2400, "loss": -0.003540266305208206, "examples": 2400, "session_seconds": 2148.815110399002, "peak_vram_bytes": 1835282432}
{"step": 2410, "loss": -0.0022718971595168114, "examples": 2410, "session_seconds": 2158.477954957001, "peak_vram_bytes": 1835282432}
{"step": 2420, "loss": -0.0022272299975156784, "examples": 2420, "session_seconds": 2167.2812567510045, "peak_vram_bytes": 1835282432}
{"step": 2430, "loss": -0.024701399728655815, "examples": 2430, "session_seconds": 2176.3361740050022, "peak_vram_bytes": 1835282432}
{"step": 2440, "loss": -0.004897497594356537, "examples": 2440, "session_seconds": 2185.4628661259994, "peak_vram_bytes": 1835282432}
{"step": 2450, "loss": -0.022733435034751892, "examples": 2450, "session_seconds": 2194.2890139380033, "peak_vram_bytes": 1835282432}
{"step": 2460, "loss": -0.01646564155817032, "examples": 2460, "session_seconds": 2202.578834044005, "peak_vram_bytes": 1835282432}
{"step": 2470, "loss": -0.0002935777883976698, "examples": 2470, "session_seconds": 2210.6192272570042, "peak_vram_bytes": 1835282432}
{"step": 2480, "loss": 1.0637586116790771, "examples": 2480, "session_seconds": 2218.8605068280012, "peak_vram_bytes": 1835282432}
{"step": 2490, "loss": -0.060834746807813644, "examples": 2490, "session_seconds": 2227.397911193002, "peak_vram_bytes": 1835282432}
{"step": 2500, "loss": -0.004914252087473869, "examples": 2500, "session_seconds": 2235.877292625002, "peak_vram_bytes": 1835282432}
{"step": 2510, "loss": -0.0062242597341537476, "examples": 2510, "session_seconds": 2244.622019481001, "peak_vram_bytes": 1835282432}
{"step": 2520, "loss": -0.0026793628931045532, "examples": 2520, "session_seconds": 2253.400255336004, "peak_vram_bytes": 1835282432}
{"step": 2530, "loss": -0.0015690037980675697, "examples": 2530, "session_seconds": 2262.285129076001, "peak_vram_bytes": 1835282432}
{"step": 2540, "loss": -0.0007795781129971147, "examples": 2540, "session_seconds": 2270.5380874330003, "peak_vram_bytes": 1835282432}
{"step": 2550, "loss": -0.1285579949617386, "examples": 2550, "session_seconds": 2278.917666336005, "peak_vram_bytes": 1835282432}
{"step": 2560, "loss": -0.00021070381626486778, "examples": 2560, "session_seconds": 2287.0960732790045, "peak_vram_bytes": 1835282432}
{"step": 2570, "loss": -0.006561531685292721, "examples": 2570, "session_seconds": 2295.446483109001, "peak_vram_bytes": 1835282432}
{"step": 2580, "loss": -0.18098734319210052, "examples": 2580, "session_seconds": 2304.0455094610006, "peak_vram_bytes": 1835282432}
{"step": 2590, "loss": -0.007966686971485615, "examples": 2590, "session_seconds": 2313.3946962560003, "peak_vram_bytes": 1835282432}
{"step": 2600, "loss": 2.6453286409378052e-05, "examples": 2600, "session_seconds": 2322.782450522005, "peak_vram_bytes": 1835282432}
{"step": 2610, "loss": -0.007568638771772385, "examples": 2610, "session_seconds": 2332.2608782840034, "peak_vram_bytes": 1835282432}
{"step": 2620, "loss": -0.003532527480274439, "examples": 2620, "session_seconds": 2340.879805381999, "peak_vram_bytes": 1835282432}
{"step": 2630, "loss": -0.004153407644480467, "examples": 2630, "session_seconds": 2349.3217993319995, "peak_vram_bytes": 1835282432}
{"step": 2640, "loss": -0.0002726791426539421, "examples": 2640, "session_seconds": 2357.613328213003, "peak_vram_bytes": 1835282432}
{"step": 2650, "loss": 0.0317550003528595, "examples": 2650, "session_seconds": 2365.8739306780044, "peak_vram_bytes": 1835282432}
{"step": 2660, "loss": -0.01800229214131832, "examples": 2660, "session_seconds": 2374.2413844360053, "peak_vram_bytes": 1835282432}
{"step": 2670, "loss": -0.0035677053965628147, "examples": 2670, "session_seconds": 2382.5500377499993, "peak_vram_bytes": 1835282432}
{"step": 2680, "loss": -0.0008172020316123962, "examples": 2680, "session_seconds": 2390.904673830002, "peak_vram_bytes": 1835282432}
{"step": 2690, "loss": -0.0020013502798974514, "examples": 2690, "session_seconds": 2399.3610589189993, "peak_vram_bytes": 1835282432}
{"step": 2700, "loss": 0.02469310723245144, "examples": 2700, "session_seconds": 2407.927355414002, "peak_vram_bytes": 1835282432}
{"step": 2710, "loss": -0.13957834243774414, "examples": 2710, "session_seconds": 2416.694811501002, "peak_vram_bytes": 1835282432}
{"step": 2720, "loss": -0.010933175683021545, "examples": 2720, "session_seconds": 2426.0826865760027, "peak_vram_bytes": 1835282432}
{"step": 2730, "loss": -0.0048363301903009415, "examples": 2730, "session_seconds": 2435.302243789003, "peak_vram_bytes": 1835282432}
{"step": 2740, "loss": -0.002386164851486683, "examples": 2740, "session_seconds": 2444.222932855002, "peak_vram_bytes": 1835282432}
{"step": 2750, "loss": -0.022242069244384766, "examples": 2750, "session_seconds": 2453.663855822, "peak_vram_bytes": 1835282432}
{"step": 2760, "loss": 0.06982344388961792, "examples": 2760, "session_seconds": 2462.7407825530026, "peak_vram_bytes": 1835282432}
{"step": 2770, "loss": -0.00026914896443486214, "examples": 2770, "session_seconds": 2472.181956555003, "peak_vram_bytes": 1835282432}
{"step": 2780, "loss": 0.014000996947288513, "examples": 2780, "session_seconds": 2481.0040941219995, "peak_vram_bytes": 1835282432}
{"step": 2790, "loss": -0.009884927421808243, "examples": 2790, "session_seconds": 2489.865021343001, "peak_vram_bytes": 1835282432}
{"step": 2800, "loss": -0.0460672490298748, "examples": 2800, "session_seconds": 2499.023047626004, "peak_vram_bytes": 1835282432}
{"step": 2810, "loss": -0.22062528133392334, "examples": 2810, "session_seconds": 2508.8401341520002, "peak_vram_bytes": 1835282432}
{"step": 2820, "loss": 0.13845378160476685, "examples": 2820, "session_seconds": 2517.228304370001, "peak_vram_bytes": 1835282432}
{"step": 2830, "loss": -0.005453071091324091, "examples": 2830, "session_seconds": 2525.7997272229986, "peak_vram_bytes": 1835282432}
{"step": 2840, "loss": -0.0009003872983157635, "examples": 2840, "session_seconds": 2534.175933381004, "peak_vram_bytes": 1835282432}
{"step": 2850, "loss": -0.0009014585521072149, "examples": 2850, "session_seconds": 2542.621298853999, "peak_vram_bytes": 1835282432}
{"step": 2860, "loss": -0.001699910033494234, "examples": 2860, "session_seconds": 2550.926294511002, "peak_vram_bytes": 1835282432}
{"step": 2870, "loss": -0.002762778429314494, "examples": 2870, "session_seconds": 2559.2665229590057, "peak_vram_bytes": 1835282432}
{"step": 2880, "loss": -0.016226965934038162, "examples": 2880, "session_seconds": 2567.649603941005, "peak_vram_bytes": 1835282432}
{"step": 2890, "loss": -0.015463978052139282, "examples": 2890, "session_seconds": 2576.0394600940053, "peak_vram_bytes": 1835282432}
{"step": 2900, "loss": 0.06875545531511307, "examples": 2900, "session_seconds": 2584.352201032001, "peak_vram_bytes": 1835282432}
{"step": 2910, "loss": -0.003762330859899521, "examples": 2910, "session_seconds": 2592.959587123005, "peak_vram_bytes": 1835282432}
{"step": 2920, "loss": 0.42655670642852783, "examples": 2920, "session_seconds": 2601.2291447970056, "peak_vram_bytes": 1835282432}
{"step": 2930, "loss": -0.003592252265661955, "examples": 2930, "session_seconds": 2609.5925683099995, "peak_vram_bytes": 1835282432}
{"step": 2940, "loss": -0.08882832527160645, "examples": 2940, "session_seconds": 2617.9346290320027, "peak_vram_bytes": 1835282432}
{"step": 2950, "loss": 0.2328081876039505, "examples": 2950, "session_seconds": 2626.1863359530034, "peak_vram_bytes": 1835282432}
{"step": 2960, "loss": -0.004694678820669651, "examples": 2960, "session_seconds": 2634.4360842780006, "peak_vram_bytes": 1835282432}
{"step": 2970, "loss": -0.0006898047868162394, "examples": 2970, "session_seconds": 2643.6553820820045, "peak_vram_bytes": 1835282432}
{"step": 2980, "loss": -0.0018702931702136993, "examples": 2980, "session_seconds": 2652.1059705849984, "peak_vram_bytes": 1835282432}
{"step": 2990, "loss": -0.03973928093910217, "examples": 2990, "session_seconds": 2660.372881465999, "peak_vram_bytes": 1835282432}
{"step": 3000, "loss": -0.003981755115091801, "examples": 3000, "session_seconds": 2669.108641742001, "peak_vram_bytes": 1835282432}
{"step": 3010, "loss": 0.07025125622749329, "examples": 3010, "session_seconds": 2677.8868887940043, "peak_vram_bytes": 1835282432}
{"step": 3020, "loss": -0.019513098523020744, "examples": 3020, "session_seconds": 2686.4499422160006, "peak_vram_bytes": 1835282432}
{"step": 3030, "loss": -0.00031759683042764664, "examples": 3030, "session_seconds": 2695.226153888005, "peak_vram_bytes": 1835282432}
{"step": 3040, "loss": -0.0027085505425930023, "examples": 3040, "session_seconds": 2704.0937998049994, "peak_vram_bytes": 1835282432}
{"step": 3050, "loss": -0.0024446602910757065, "examples": 3050, "session_seconds": 2713.1926941000056, "peak_vram_bytes": 1835282432}
{"step": 3060, "loss": 0.09598137438297272, "examples": 3060, "session_seconds": 2721.8884930019994, "peak_vram_bytes": 1835282432}
{"step": 3070, "loss": 0.0019698208197951317, "examples": 3070, "session_seconds": 2731.2646826670025, "peak_vram_bytes": 1835282432}
{"step": 3080, "loss": -0.003419637680053711, "examples": 3080, "session_seconds": 2739.8204089010032, "peak_vram_bytes": 1835282432}
{"step": 3090, "loss": 0.043385665863752365, "examples": 3090, "session_seconds": 2748.9359741340013, "peak_vram_bytes": 1835282432}
{"step": 3100, "loss": 0.09027756750583649, "examples": 3100, "session_seconds": 2758.4200951329985, "peak_vram_bytes": 1835282432}
{"step": 3110, "loss": -0.18415038287639618, "examples": 3110, "session_seconds": 2767.300545874001, "peak_vram_bytes": 1835282432}
{"step": 3120, "loss": -0.013519669882953167, "examples": 3120, "session_seconds": 2776.2620390110023, "peak_vram_bytes": 1835282432}
{"step": 3130, "loss": -0.03688708320260048, "examples": 3130, "session_seconds": 2784.973276898003, "peak_vram_bytes": 1835282432}
{"step": 3140, "loss": -0.018477603793144226, "examples": 3140, "session_seconds": 2793.368315573003, "peak_vram_bytes": 1835282432}
{"step": 3150, "loss": -0.00226283585652709, "examples": 3150, "session_seconds": 2801.635869575999, "peak_vram_bytes": 1835282432}
{"step": 3160, "loss": -0.0006930717499926686, "examples": 3160, "session_seconds": 2810.1996062410035, "peak_vram_bytes": 1835282432}
{"step": 3170, "loss": -0.00399756757542491, "examples": 3170, "session_seconds": 2818.648884113005, "peak_vram_bytes": 1835282432}
{"step": 3180, "loss": -0.01874108985066414, "examples": 3180, "session_seconds": 2826.873560232001, "peak_vram_bytes": 1835282432}
{"step": 3190, "loss": -2.4354143533855677e-05, "examples": 3190, "session_seconds": 2835.1639005120014, "peak_vram_bytes": 1835282432}
{"step": 3200, "loss": 0.000995837152004242, "examples": 3200, "session_seconds": 2843.755620795004, "peak_vram_bytes": 1835282432}
{"step": 3210, "loss": -0.015721824020147324, "examples": 3210, "session_seconds": 2852.879881752, "peak_vram_bytes": 1835282432}
{"step": 3220, "loss": 0.04285094887018204, "examples": 3220, "session_seconds": 2861.2424188450022, "peak_vram_bytes": 1835282432}
{"step": 3230, "loss": 0.0, "examples": 3230, "session_seconds": 2869.702045058002, "peak_vram_bytes": 1835282432}
{"step": 3240, "loss": -0.0013896021991968155, "examples": 3240, "session_seconds": 2878.080181919002, "peak_vram_bytes": 1835282432}
{"step": 3250, "loss": 0.36767446994781494, "examples": 3250, "session_seconds": 2886.421169084002, "peak_vram_bytes": 1835282432}
{"step": 3260, "loss": -0.01645401120185852, "examples": 3260, "session_seconds": 2894.7654288560007, "peak_vram_bytes": 1835282432}
{"step": 3270, "loss": -0.0022379381116479635, "examples": 3270, "session_seconds": 2903.414036517999, "peak_vram_bytes": 1835282432}
{"step": 3280, "loss": 0.07731661945581436, "examples": 3280, "session_seconds": 2912.6065579850037, "peak_vram_bytes": 1835282432}
{"step": 3290, "loss": 0.03446202725172043, "examples": 3290, "session_seconds": 2921.770016883005, "peak_vram_bytes": 1835282432}
{"step": 3300, "loss": -0.06728427112102509, "examples": 3300, "session_seconds": 2931.315732271003, "peak_vram_bytes": 1835282432}
{"step": 3310, "loss": -0.00011786678805947304, "examples": 3310, "session_seconds": 2940.6585691660002, "peak_vram_bytes": 1835282432}
{"step": 3320, "loss": -0.004736580885946751, "examples": 3320, "session_seconds": 2950.0834722780055, "peak_vram_bytes": 1835282432}
{"step": 3330, "loss": -0.0033321836963295937, "examples": 3330, "session_seconds": 2958.7375493639993, "peak_vram_bytes": 1835282432}
{"step": 3340, "loss": 0.00017009966541081667, "examples": 3340, "session_seconds": 2967.259433554005, "peak_vram_bytes": 1835282432}
{"step": 3350, "loss": -0.9410890340805054, "examples": 3350, "session_seconds": 2975.747214144001, "peak_vram_bytes": 1835282432}
{"step": 3360, "loss": -0.0003929426893591881, "examples": 3360, "session_seconds": 2984.3715423930043, "peak_vram_bytes": 1835282432}
{"step": 3370, "loss": 6.339233368635178e-05, "examples": 3370, "session_seconds": 2992.715443866, "peak_vram_bytes": 1835282432}
{"step": 3380, "loss": -0.0033694463782012463, "examples": 3380, "session_seconds": 3001.2115167520024, "peak_vram_bytes": 1835282432}
{"step": 3390, "loss": 0.05851411446928978, "examples": 3390, "session_seconds": 3010.2035488750043, "peak_vram_bytes": 1835282432}
{"step": 3400, "loss": 0.03265684098005295, "examples": 3400, "session_seconds": 3019.0086913179985, "peak_vram_bytes": 1835282432}
{"step": 3410, "loss": -0.015478706918656826, "examples": 3410, "session_seconds": 3027.6750449440005, "peak_vram_bytes": 1835282432}
{"step": 3420, "loss": -0.0005589369684457779, "examples": 3420, "session_seconds": 3036.366458149001, "peak_vram_bytes": 1835282432}
{"step": 3430, "loss": -0.003200363600626588, "examples": 3430, "session_seconds": 3045.3314251140037, "peak_vram_bytes": 1835282432}
{"step": 3440, "loss": 0.00042234035208821297, "examples": 3440, "session_seconds": 3054.4420608500004, "peak_vram_bytes": 1835282432}
{"step": 3450, "loss": -0.003896673209965229, "examples": 3450, "session_seconds": 3063.625502986004, "peak_vram_bytes": 1835282432}
{"step": 3460, "loss": -0.0023733668494969606, "examples": 3460, "session_seconds": 3073.054228863002, "peak_vram_bytes": 1835282432}
{"step": 3470, "loss": -0.004106565378606319, "examples": 3470, "session_seconds": 3082.5642781230054, "peak_vram_bytes": 1835282432}
{"step": 3480, "loss": -0.003668133169412613, "examples": 3480, "session_seconds": 3091.5151822260013, "peak_vram_bytes": 1835282432}
{"step": 3490, "loss": -0.003031147178262472, "examples": 3490, "session_seconds": 3100.134854294003, "peak_vram_bytes": 1835282432}
{"step": 3500, "loss": 0.03726653754711151, "examples": 3500, "session_seconds": 3108.3493705200017, "peak_vram_bytes": 1835282432}
{"step": 3510, "loss": -0.0044996365904808044, "examples": 3510, "session_seconds": 3117.062305116, "peak_vram_bytes": 1835282432}
{"step": 3520, "loss": -0.01496247947216034, "examples": 3520, "session_seconds": 3125.5389976180013, "peak_vram_bytes": 1835282432}
{"step": 3530, "loss": 0.06275567412376404, "examples": 3530, "session_seconds": 3134.6109116570005, "peak_vram_bytes": 1835282432}
{"step": 3540, "loss": -0.25727641582489014, "examples": 3540, "session_seconds": 3143.7447340720028, "peak_vram_bytes": 1835282432}
{"step": 3550, "loss": -0.0004689372144639492, "examples": 3550, "session_seconds": 3152.9233352900046, "peak_vram_bytes": 1835282432}
{"step": 3560, "loss": 0.07119397819042206, "examples": 3560, "session_seconds": 3161.9480458550024, "peak_vram_bytes": 1835282432}
{"step": 3570, "loss": -0.18087564408779144, "examples": 3570, "session_seconds": 3170.527887067001, "peak_vram_bytes": 1835282432}
{"step": 3580, "loss": -0.19978931546211243, "examples": 3580, "session_seconds": 3179.8217437450003, "peak_vram_bytes": 1835282432}
{"step": 3590, "loss": -0.006791909225285053, "examples": 3590, "session_seconds": 3188.3818779960056, "peak_vram_bytes": 1835282432}
{"step": 3600, "loss": 0.0006221914663910866, "examples": 3600, "session_seconds": 3197.9311969100017, "peak_vram_bytes": 1835282432}
{"step": 3610, "loss": -0.0003091813996434212, "examples": 3610, "session_seconds": 3207.9417458940006, "peak_vram_bytes": 1835282432}
{"step": 3620, "loss": -0.0055500660091638565, "examples": 3620, "session_seconds": 3217.5440209840017, "peak_vram_bytes": 1835282432}
{"step": 3630, "loss": -0.023509209975600243, "examples": 3630, "session_seconds": 3227.0756660110055, "peak_vram_bytes": 1835282432}
{"step": 3640, "loss": -0.004639675375074148, "examples": 3640, "session_seconds": 3236.1777491630055, "peak_vram_bytes": 1835282432}
{"step": 3650, "loss": -0.011824251152575016, "examples": 3650, "session_seconds": 3245.196092477003, "peak_vram_bytes": 1835282432}
{"step": 3660, "loss": -0.004154293332248926, "examples": 3660, "session_seconds": 3254.399354303001, "peak_vram_bytes": 1835282432}
{"step": 3670, "loss": 0.0, "examples": 3670, "session_seconds": 3263.6611404950017, "peak_vram_bytes": 1835282432}
{"step": 3680, "loss": -0.0055157821625471115, "examples": 3680, "session_seconds": 3272.6648730420056, "peak_vram_bytes": 1835282432}
{"step": 3690, "loss": -0.13604888319969177, "examples": 3690, "session_seconds": 3281.800629532001, "peak_vram_bytes": 1835282432}
{"step": 3700, "loss": 0.015010979026556015, "examples": 3700, "session_seconds": 3290.928295527003, "peak_vram_bytes": 1835282432}
{"step": 3710, "loss": 0.0021650579292327166, "examples": 3710, "session_seconds": 3300.8043242589993, "peak_vram_bytes": 1835282432}
{"step": 3720, "loss": -0.004453529138118029, "examples": 3720, "session_seconds": 3310.3202039940006, "peak_vram_bytes": 1835282432}
{"step": 3730, "loss": -0.0025807986967265606, "examples": 3730, "session_seconds": 3320.0738505219997, "peak_vram_bytes": 1835282432}
{"step": 3740, "loss": -0.24651388823986053, "examples": 3740, "session_seconds": 3329.712964847, "peak_vram_bytes": 1835282432}
{"step": 3750, "loss": -0.002706837607547641, "examples": 3750, "session_seconds": 3339.1947244640032, "peak_vram_bytes": 1835282432}
{"step": 3760, "loss": -0.004639707040041685, "examples": 3760, "session_seconds": 3348.202494969002, "peak_vram_bytes": 1835282432}
{"step": 3770, "loss": -0.0004748429637402296, "examples": 3770, "session_seconds": 3357.586377823005, "peak_vram_bytes": 1835282432}
{"step": 3780, "loss": -0.0002594944089651108, "examples": 3780, "session_seconds": 3366.5675044050004, "peak_vram_bytes": 1835282432}
{"step": 3790, "loss": -0.0008794493624009192, "examples": 3790, "session_seconds": 3375.1776971709987, "peak_vram_bytes": 1835282432}
{"step": 3800, "loss": -0.00011636083945631981, "examples": 3800, "session_seconds": 3383.440833954999, "peak_vram_bytes": 1835282432}
{"step": 3810, "loss": -0.0016512880101799965, "examples": 3810, "session_seconds": 3392.137628176002, "peak_vram_bytes": 1835282432}
{"step": 3820, "loss": -0.0024209003895521164, "examples": 3820, "session_seconds": 3400.3582606670025, "peak_vram_bytes": 1835282432}
{"step": 3830, "loss": -0.006642791908234358, "examples": 3830, "session_seconds": 3408.7362491509994, "peak_vram_bytes": 1835282432}
{"step": 3840, "loss": -0.003326021134853363, "examples": 3840, "session_seconds": 3417.827546008004, "peak_vram_bytes": 1835282432}
{"step": 3850, "loss": 0.28562894463539124, "examples": 3850, "session_seconds": 3426.2944286530037, "peak_vram_bytes": 1835282432}
{"step": 3860, "loss": -0.08324243128299713, "examples": 3860, "session_seconds": 3435.5755019330027, "peak_vram_bytes": 1835282432}
{"step": 3870, "loss": -5.1867614370149084e-11, "examples": 3870, "session_seconds": 3444.7455723930034, "peak_vram_bytes": 1835282432}
{"step": 3880, "loss": -0.0976627841591835, "examples": 3880, "session_seconds": 3454.5477436790025, "peak_vram_bytes": 1835282432}
{"step": 3890, "loss": -0.0010991906747221947, "examples": 3890, "session_seconds": 3463.7751594869987, "peak_vram_bytes": 1835282432}
{"step": 3900, "loss": -0.0027874682564288378, "examples": 3900, "session_seconds": 3472.403155359003, "peak_vram_bytes": 1835282432}
{"step": 3910, "loss": -0.006307011470198631, "examples": 3910, "session_seconds": 3481.001804769003, "peak_vram_bytes": 1835282432}
{"step": 3920, "loss": 0.28379517793655396, "examples": 3920, "session_seconds": 3489.374509617999, "peak_vram_bytes": 1835282432}
{"step": 3930, "loss": -0.007194226607680321, "examples": 3930, "session_seconds": 3497.723777915002, "peak_vram_bytes": 1835282432}
{"step": 3940, "loss": 0.9239683151245117, "examples": 3940, "session_seconds": 3506.0713452830023, "peak_vram_bytes": 1835282432}
{"step": 3950, "loss": -0.6975600719451904, "examples": 3950, "session_seconds": 3514.4355585779995, "peak_vram_bytes": 1835282432}
{"step": 3960, "loss": -0.01785009168088436, "examples": 3960, "session_seconds": 3522.7190123430046, "peak_vram_bytes": 1835282432}
{"step": 3970, "loss": 0.06752875447273254, "examples": 3970, "session_seconds": 3530.9143926530014, "peak_vram_bytes": 1835282432}
{"step": 3980, "loss": -0.001225796528160572, "examples": 3980, "session_seconds": 3539.116224424004, "peak_vram_bytes": 1835282432}
{"step": 3990, "loss": 0.018079694360494614, "examples": 3990, "session_seconds": 3548.3714415549985, "peak_vram_bytes": 1835282432}
{"step": 4000, "loss": -0.00882338173687458, "examples": 4000, "session_seconds": 3557.445544456001, "peak_vram_bytes": 1835282432}
wandb: 
wandb: Run history:
wandb:        examples ▁▁▁▁▁▁▂▂▂▂▃▃▃▃▃▄▄▄▄▄▄▄▅▅▅▆▆▆▆▆▆▆▆▇▇█████
wandb:            loss ▆▆▆▆▆▆▃▄█▆▆▆█▆▆▆▆▆▆▁▆▆▇▆▆▅▆▅▆▆▆▆▆▆▆▆▆▆▆▆
wandb: peak_vram_bytes ▁▆▆▆████████████████████████████████████
wandb: session_seconds ▁▁▁▂▂▂▂▃▃▃▃▃▄▄▄▄▄▄▄▅▅▅▅▅▅▅▆▆▆▆▆▆▇▇▇▇▇███
wandb:            step ▁▁▁▁▁▂▂▂▃▃▃▃▄▄▄▄▄▄▅▅▅▅▆▆▆▆▆▆▆▆▆▆▆▇▇▇▇▇██
wandb: 
wandb: Run summary:
wandb:        examples 4000
wandb:            loss -0.00882
wandb: peak_vram_bytes 1835282432
wandb: session_seconds 3557.44554
wandb:            step 4000
wandb: 
wandb: You can sync this run to the cloud by running:
wandb: wandb sync artifacts/longer-v1/0.8b/main/seed-22/sampled/tracking/wandb/offline-run-20261005_011127-i5pokjt2
wandb: Find logs at: artifacts/longer-v1/0.8b/main/seed-22/sampled/tracking/wandb/offline-run-20261005_011127-i5pokjt2/logs
{"artifact": "artifacts/longer-v1/0.8b/main/seed-22/sampled/artifact", "elapsed_seconds": 3557.804630327999}
