
{"utc": "2026-10-05T00:54:54.237738+00:00", "command": ["-m", "myjev.train", "--config", "results/longer-v1/0.8b/main/seed-11/sft/config.json", "--data", "data/banking77/train.jsonl", "--output", "artifacts/longer-v1/0.8b/main/seed-11/sft", "--method", "sft", "--seed", "11"]}
Loading weights:   0%|          | 0/320 [00:00<?, ?it/s]Loading weights: 100%|██████████| 320/320 [00:00<00:00, 3768.54it/s]
wandb: Tracking run with wandb version 0.30.0
wandb: W&B syncing is set to `offline` in this directory. Run `wandb online` or set WANDB_MODE=online to enable cloud syncing.
wandb: Run data is saved locally in artifacts/longer-v1/0.8b/main/seed-11/sft/tracking/wandb/offline-run-20261004_175504-q7gekbf2
wandb: View this run in the terminal with `wandb leet`
[transformers] `causal_conv1d_fn` is falling back to its reference PyTorch implementation because `causal_conv1d` is not installed. This is correct but much slower; install `causal_conv1d` for the optimized kernel.
[transformers] `chunk_gated_delta_rule` is falling back to its reference PyTorch implementation because `flash-linear-attention` is not installed. This is correct but much slower; install `flash-linear-attention` for the optimized kernel.
{"step": 10, "loss": 4.506648063659668, "examples": 10, "session_seconds": 8.479397310999047, "peak_vram_bytes": 1825709056}
{"step": 20, "loss": 5.195108413696289, "examples": 20, "session_seconds": 16.0050049829988, "peak_vram_bytes": 1825709056}
{"step": 30, "loss": 8.656696319580078, "examples": 30, "session_seconds": 22.867784898997343, "peak_vram_bytes": 1825709056}
{"step": 40, "loss": 5.308926582336426, "examples": 40, "session_seconds": 29.778188940999826, "peak_vram_bytes": 1825709056}
{"step": 50, "loss": 2.376096248626709, "examples": 50, "session_seconds": 36.663347090998286, "peak_vram_bytes": 1825709056}
{"step": 60, "loss": 1.5633825063705444, "examples": 60, "session_seconds": 43.54791808299706, "peak_vram_bytes": 1825709056}
{"step": 70, "loss": 11.707633972167969, "examples": 70, "session_seconds": 50.39471177899759, "peak_vram_bytes": 1825709056}
{"step": 80, "loss": 8.301657676696777, "examples": 80, "session_seconds": 57.579575527997804, "peak_vram_bytes": 1825709056}
{"step": 90, "loss": 4.803995609283447, "examples": 90, "session_seconds": 64.56566705599835, "peak_vram_bytes": 1825912832}
{"step": 100, "loss": 0.26013320684432983, "examples": 100, "session_seconds": 71.4384010299982, "peak_vram_bytes": 1825912832}
Warning: You are sending unauthenticated requests to the HF Hub. Please set a HF_TOKEN to enable higher rate limits and faster downloads.
{"step": 110, "loss": 7.495598316192627, "examples": 110, "session_seconds": 78.85283624799922, "peak_vram_bytes": 1825912832}
{"step": 120, "loss": 17.57514190673828, "examples": 120, "session_seconds": 85.78153630699671, "peak_vram_bytes": 1825912832}
{"step": 130, "loss": 11.878437995910645, "examples": 130, "session_seconds": 92.931502722, "peak_vram_bytes": 1825912832}
{"step": 140, "loss": 3.7317214012145996, "examples": 140, "session_seconds": 100.43656781699974, "peak_vram_bytes": 1825912832}
{"step": 150, "loss": 0.5197085738182068, "examples": 150, "session_seconds": 108.12171914999999, "peak_vram_bytes": 1826861568}
{"step": 160, "loss": 0.30227920413017273, "examples": 160, "session_seconds": 116.20674220199726, "peak_vram_bytes": 1826861568}
{"step": 170, "loss": 0.08535189926624298, "examples": 170, "session_seconds": 123.77595825599929, "peak_vram_bytes": 1826861568}
{"step": 180, "loss": 0.1789892166852951, "examples": 180, "session_seconds": 131.78722604999712, "peak_vram_bytes": 1826861568}
{"step": 190, "loss": 5.180046558380127, "examples": 190, "session_seconds": 139.66174590599985, "peak_vram_bytes": 1826861568}
{"step": 200, "loss": 0.28330349922180176, "examples": 200, "session_seconds": 147.5367308649984, "peak_vram_bytes": 1826861568}
{"step": 210, "loss": 0.057692378759384155, "examples": 210, "session_seconds": 156.1438847529971, "peak_vram_bytes": 1826861568}
{"step": 220, "loss": 0.04562194272875786, "examples": 220, "session_seconds": 163.7583574249984, "peak_vram_bytes": 1826861568}
{"step": 230, "loss": 0.04415740817785263, "examples": 230, "session_seconds": 171.93750791699858, "peak_vram_bytes": 1826861568}
{"step": 240, "loss": 0.04084024950861931, "examples": 240, "session_seconds": 179.81510170499678, "peak_vram_bytes": 1826956288}
{"step": 250, "loss": 19.03643798828125, "examples": 250, "session_seconds": 187.95448018899697, "peak_vram_bytes": 1826956288}
{"step": 260, "loss": 12.390324592590332, "examples": 260, "session_seconds": 196.1109374239968, "peak_vram_bytes": 1826956288}
{"step": 270, "loss": 8.833405494689941, "examples": 270, "session_seconds": 204.08832128499853, "peak_vram_bytes": 1826956288}
{"step": 280, "loss": 20.07541847229004, "examples": 280, "session_seconds": 212.2493941779976, "peak_vram_bytes": 1826956288}
{"step": 290, "loss": 7.552270889282227, "examples": 290, "session_seconds": 219.77750517599998, "peak_vram_bytes": 1826956288}
{"step": 300, "loss": 0.04385291039943695, "examples": 300, "session_seconds": 227.71986542800005, "peak_vram_bytes": 1826956288}
{"step": 310, "loss": 0.06318718194961548, "examples": 310, "session_seconds": 235.98788509499718, "peak_vram_bytes": 1826956288}
{"step": 320, "loss": 0.08734234422445297, "examples": 320, "session_seconds": 243.70936281799732, "peak_vram_bytes": 1826956288}
{"step": 330, "loss": 0.03468764200806618, "examples": 330, "session_seconds": 251.5254560579997, "peak_vram_bytes": 1826956288}
{"step": 340, "loss": 0.03587434068322182, "examples": 340, "session_seconds": 259.49654582499716, "peak_vram_bytes": 1826956288}
{"step": 350, "loss": 0.03769296407699585, "examples": 350, "session_seconds": 267.0862847919998, "peak_vram_bytes": 1826956288}
{"step": 360, "loss": 0.033452168107032776, "examples": 360, "session_seconds": 274.30226307299745, "peak_vram_bytes": 1826956288}
{"step": 370, "loss": 7.963766574859619, "examples": 370, "session_seconds": 281.46128655199936, "peak_vram_bytes": 1826956288}
{"step": 380, "loss": 0.03266718611121178, "examples": 380, "session_seconds": 288.65811698299876, "peak_vram_bytes": 1826956288}
{"step": 390, "loss": 0.1038278192281723, "examples": 390, "session_seconds": 296.627457270999, "peak_vram_bytes": 1826956288}
{"step": 400, "loss": 0.1312747448682785, "examples": 400, "session_seconds": 304.366109614999, "peak_vram_bytes": 1826956288}
{"step": 410, "loss": 1.1302883625030518, "examples": 410, "session_seconds": 311.7801178719965, "peak_vram_bytes": 1826956288}
{"step": 420, "loss": 0.05665385350584984, "examples": 420, "session_seconds": 318.70730669399927, "peak_vram_bytes": 1826956288}
{"step": 430, "loss": 0.041127610951662064, "examples": 430, "session_seconds": 325.63945700099794, "peak_vram_bytes": 1826956288}
{"step": 440, "loss": 12.833154678344727, "examples": 440, "session_seconds": 332.5133580319998, "peak_vram_bytes": 1826956288}
{"step": 450, "loss": 13.3666353225708, "examples": 450, "session_seconds": 340.5364154469971, "peak_vram_bytes": 1826956288}
{"step": 460, "loss": 13.905519485473633, "examples": 460, "session_seconds": 348.35951543199917, "peak_vram_bytes": 1826956288}
{"step": 470, "loss": 0.028513772413134575, "examples": 470, "session_seconds": 356.13175855999725, "peak_vram_bytes": 1826956288}
{"step": 480, "loss": 0.03852587938308716, "examples": 480, "session_seconds": 363.75793754999904, "peak_vram_bytes": 1826956288}
{"step": 490, "loss": 16.0126895904541, "examples": 490, "session_seconds": 370.7518033899978, "peak_vram_bytes": 1826956288}
{"step": 500, "loss": 5.926602840423584, "examples": 500, "session_seconds": 377.7912326199985, "peak_vram_bytes": 1826956288}
{"step": 510, "loss": 0.03425585478544235, "examples": 510, "session_seconds": 385.1213028159982, "peak_vram_bytes": 1826956288}
{"step": 520, "loss": 15.629213333129883, "examples": 520, "session_seconds": 392.08976880799673, "peak_vram_bytes": 1826956288}
{"step": 530, "loss": 0.03347659856081009, "examples": 530, "session_seconds": 399.07882951899956, "peak_vram_bytes": 1826956288}
{"step": 540, "loss": 0.024804938584566116, "examples": 540, "session_seconds": 406.0509739049994, "peak_vram_bytes": 1826956288}
{"step": 550, "loss": 0.030933473259210587, "examples": 550, "session_seconds": 413.1925189909998, "peak_vram_bytes": 1826956288}
{"step": 560, "loss": 8.934367179870605, "examples": 560, "session_seconds": 420.15703308999946, "peak_vram_bytes": 1826956288}
{"step": 570, "loss": 8.851913452148438, "examples": 570, "session_seconds": 427.16666854699724, "peak_vram_bytes": 1826956288}
{"step": 580, "loss": 0.026646813377738, "examples": 580, "session_seconds": 434.15908523199687, "peak_vram_bytes": 1826956288}
{"step": 590, "loss": 11.345294952392578, "examples": 590, "session_seconds": 441.009510169999, "peak_vram_bytes": 1826956288}
{"step": 600, "loss": 0.024413447827100754, "examples": 600, "session_seconds": 447.60196078399895, "peak_vram_bytes": 1826956288}
{"step": 610, "loss": 0.04764213413000107, "examples": 610, "session_seconds": 454.87120250299995, "peak_vram_bytes": 1826976256}
{"step": 620, "loss": 0.024604305624961853, "examples": 620, "session_seconds": 461.7690785329978, "peak_vram_bytes": 1826976256}
{"step": 630, "loss": 0.021554606035351753, "examples": 630, "session_seconds": 468.6845253249994, "peak_vram_bytes": 1826976256}
{"step": 640, "loss": 0.37569093704223633, "examples": 640, "session_seconds": 475.73392998299823, "peak_vram_bytes": 1826976256}
{"step": 650, "loss": 0.021119249984622, "examples": 650, "session_seconds": 483.57228913499785, "peak_vram_bytes": 1826976256}
{"step": 660, "loss": 0.5942219495773315, "examples": 660, "session_seconds": 490.7571232739974, "peak_vram_bytes": 1826976256}
{"step": 670, "loss": 17.903236389160156, "examples": 670, "session_seconds": 498.13386151199666, "peak_vram_bytes": 1826976256}
{"step": 680, "loss": 0.030937980860471725, "examples": 680, "session_seconds": 505.5663718879987, "peak_vram_bytes": 1827090944}
{"step": 690, "loss": 0.024745749309659004, "examples": 690, "session_seconds": 512.6546479329991, "peak_vram_bytes": 1827090944}
{"step": 700, "loss": 0.01893220841884613, "examples": 700, "session_seconds": 519.7203813219967, "peak_vram_bytes": 1827090944}
{"step": 710, "loss": 0.04760844260454178, "examples": 710, "session_seconds": 527.0290215569985, "peak_vram_bytes": 1827090944}
{"step": 720, "loss": 0.018469933420419693, "examples": 720, "session_seconds": 534.1951388969974, "peak_vram_bytes": 1827090944}
{"step": 730, "loss": 0.018773775547742844, "examples": 730, "session_seconds": 542.3905991989996, "peak_vram_bytes": 1827090944}
{"step": 740, "loss": 0.0230833999812603, "examples": 740, "session_seconds": 550.2602141999996, "peak_vram_bytes": 1827090944}
{"step": 750, "loss": 0.01880824565887451, "examples": 750, "session_seconds": 557.9661900749998, "peak_vram_bytes": 1827090944}
{"step": 760, "loss": 20.38374137878418, "examples": 760, "session_seconds": 565.6486789639966, "peak_vram_bytes": 1827090944}
{"step": 770, "loss": 0.05159182846546173, "examples": 770, "session_seconds": 573.4051713259978, "peak_vram_bytes": 1827090944}
{"step": 780, "loss": 1.7320137023925781, "examples": 780, "session_seconds": 581.1972876439977, "peak_vram_bytes": 1827090944}
{"step": 790, "loss": 12.716757774353027, "examples": 790, "session_seconds": 589.0340292839974, "peak_vram_bytes": 1827090944}
{"step": 800, "loss": 14.050860404968262, "examples": 800, "session_seconds": 597.1183844589978, "peak_vram_bytes": 1827090944}
{"step": 810, "loss": 5.941755771636963, "examples": 810, "session_seconds": 605.5508759549994, "peak_vram_bytes": 1827090944}
{"step": 820, "loss": 0.03635844215750694, "examples": 820, "session_seconds": 613.6995489209985, "peak_vram_bytes": 1827090944}
{"step": 830, "loss": 23.056901931762695, "examples": 830, "session_seconds": 621.2465516599987, "peak_vram_bytes": 1827090944}
{"step": 840, "loss": 0.017272088676691055, "examples": 840, "session_seconds": 628.3677656369982, "peak_vram_bytes": 1827090944}
{"step": 850, "loss": 0.017985420301556587, "examples": 850, "session_seconds": 636.0925027259982, "peak_vram_bytes": 1827090944}
{"step": 860, "loss": 5.425710678100586, "examples": 860, "session_seconds": 643.695117719999, "peak_vram_bytes": 1827090944}
{"step": 870, "loss": 6.816671848297119, "examples": 870, "session_seconds": 651.1995566009973, "peak_vram_bytes": 1827090944}
{"step": 880, "loss": 0.01743180677294731, "examples": 880, "session_seconds": 659.238676465, "peak_vram_bytes": 1827090944}
{"step": 890, "loss": 0.017888598144054413, "examples": 890, "session_seconds": 667.396132439997, "peak_vram_bytes": 1827983872}
{"step": 900, "loss": 0.01975279301404953, "examples": 900, "session_seconds": 675.4376144479975, "peak_vram_bytes": 1827983872}
{"step": 910, "loss": 17.081317901611328, "examples": 910, "session_seconds": 683.2394022299995, "peak_vram_bytes": 1827983872}
{"step": 920, "loss": 0.03750377520918846, "examples": 920, "session_seconds": 691.0687100409996, "peak_vram_bytes": 1829125120}
{"step": 930, "loss": 0.142326220870018, "examples": 930, "session_seconds": 699.1201891069977, "peak_vram_bytes": 1829125120}
{"step": 940, "loss": 0.016838425770401955, "examples": 940, "session_seconds": 706.5194048719968, "peak_vram_bytes": 1829125120}
{"step": 950, "loss": 0.01696157082915306, "examples": 950, "session_seconds": 713.3649020389967, "peak_vram_bytes": 1829125120}
{"step": 960, "loss": 0.016591796651482582, "examples": 960, "session_seconds": 720.244081867997, "peak_vram_bytes": 1829125120}
{"step": 970, "loss": 11.350007057189941, "examples": 970, "session_seconds": 727.1459677610001, "peak_vram_bytes": 1829125120}
{"step": 980, "loss": 0.017119551077485085, "examples": 980, "session_seconds": 734.155142929998, "peak_vram_bytes": 1829125120}
{"step": 990, "loss": 0.026246387511491776, "examples": 990, "session_seconds": 741.1515838919986, "peak_vram_bytes": 1829125120}
{"step": 1000, "loss": 0.030853213742375374, "examples": 1000, "session_seconds": 748.0946515719988, "peak_vram_bytes": 1829125120}
{"step": 1010, "loss": 0.017760097980499268, "examples": 1010, "session_seconds": 755.4060935379966, "peak_vram_bytes": 1829125120}
{"step": 1020, "loss": 5.295111656188965, "examples": 1020, "session_seconds": 762.4704411149978, "peak_vram_bytes": 1829125120}
{"step": 1030, "loss": 0.01843349263072014, "examples": 1030, "session_seconds": 769.486243383999, "peak_vram_bytes": 1829125120}
{"step": 1040, "loss": 13.283703804016113, "examples": 1040, "session_seconds": 776.479112484998, "peak_vram_bytes": 1829125120}
{"step": 1050, "loss": 0.01855376921594143, "examples": 1050, "session_seconds": 783.5707040989982, "peak_vram_bytes": 1829125120}
{"step": 1060, "loss": 0.017383497208356857, "examples": 1060, "session_seconds": 791.6354589949988, "peak_vram_bytes": 1829125120}
{"step": 1070, "loss": 4.884146213531494, "examples": 1070, "session_seconds": 798.944055533997, "peak_vram_bytes": 1829125120}
{"step": 1080, "loss": 0.0179408248513937, "examples": 1080, "session_seconds": 806.7533690019991, "peak_vram_bytes": 1829125120}
{"step": 1090, "loss": 0.016822759062051773, "examples": 1090, "session_seconds": 813.83849328, "peak_vram_bytes": 1829125120}
{"step": 1100, "loss": 3.2917356491088867, "examples": 1100, "session_seconds": 820.7858565819988, "peak_vram_bytes": 1829125120}
{"step": 1110, "loss": 0.018667029216885567, "examples": 1110, "session_seconds": 829.206761505, "peak_vram_bytes": 1829125120}
{"step": 1120, "loss": 0.7877263426780701, "examples": 1120, "session_seconds": 837.1161272149984, "peak_vram_bytes": 1829125120}
{"step": 1130, "loss": 0.015909843146800995, "examples": 1130, "session_seconds": 844.9723499779975, "peak_vram_bytes": 1829125120}
{"step": 1140, "loss": 0.027093037962913513, "examples": 1140, "session_seconds": 853.1601348199983, "peak_vram_bytes": 1829125120}
{"step": 1150, "loss": 0.016078835353255272, "examples": 1150, "session_seconds": 860.9948390269965, "peak_vram_bytes": 1829125120}
{"step": 1160, "loss": 6.993080139160156, "examples": 1160, "session_seconds": 868.6786990669971, "peak_vram_bytes": 1829125120}
{"step": 1170, "loss": 4.56097412109375, "examples": 1170, "session_seconds": 876.6605890189967, "peak_vram_bytes": 1829125120}
{"step": 1180, "loss": 13.303145408630371, "examples": 1180, "session_seconds": 884.884886287, "peak_vram_bytes": 1829125120}
{"step": 1190, "loss": 5.989157199859619, "examples": 1190, "session_seconds": 893.1425511949965, "peak_vram_bytes": 1829125120}
{"step": 1200, "loss": 0.016459064558148384, "examples": 1200, "session_seconds": 901.0156005449971, "peak_vram_bytes": 1829125120}
{"step": 1210, "loss": 14.55042839050293, "examples": 1210, "session_seconds": 909.2941010219984, "peak_vram_bytes": 1829125120}
{"step": 1220, "loss": 0.01861441694200039, "examples": 1220, "session_seconds": 916.4390173559987, "peak_vram_bytes": 1829125120}
{"step": 1230, "loss": 4.114941120147705, "examples": 1230, "session_seconds": 923.8318053359981, "peak_vram_bytes": 1829125120}
{"step": 1240, "loss": 0.0952255129814148, "examples": 1240, "session_seconds": 931.501487177, "peak_vram_bytes": 1829125120}
{"step": 1250, "loss": 0.016069350764155388, "examples": 1250, "session_seconds": 938.7252920819992, "peak_vram_bytes": 1829125120}
{"step": 1260, "loss": 0.01556732039898634, "examples": 1260, "session_seconds": 945.9794951269978, "peak_vram_bytes": 1829125120}
{"step": 1270, "loss": 0.015433207154273987, "examples": 1270, "session_seconds": 953.812025037998, "peak_vram_bytes": 1829125120}
{"step": 1280, "loss": 14.777643203735352, "examples": 1280, "session_seconds": 961.8811760019998, "peak_vram_bytes": 1829125120}
{"step": 1290, "loss": 0.05243561416864395, "examples": 1290, "session_seconds": 969.9691361149999, "peak_vram_bytes": 1829125120}
{"step": 1300, "loss": 0.8985675573348999, "examples": 1300, "session_seconds": 977.6506165309984, "peak_vram_bytes": 1829125120}
{"step": 1310, "loss": 6.112435817718506, "examples": 1310, "session_seconds": 985.1500410409972, "peak_vram_bytes": 1829125120}
{"step": 1320, "loss": 0.015848789364099503, "examples": 1320, "session_seconds": 992.2849672089978, "peak_vram_bytes": 1829125120}
{"step": 1330, "loss": 0.10540468990802765, "examples": 1330, "session_seconds": 1000.4730170739967, "peak_vram_bytes": 1829125120}
{"step": 1340, "loss": 0.015117449685931206, "examples": 1340, "session_seconds": 1008.1224848530001, "peak_vram_bytes": 1829125120}
{"step": 1350, "loss": 0.015011638402938843, "examples": 1350, "session_seconds": 1016.2193650739973, "peak_vram_bytes": 1829125120}
{"step": 1360, "loss": 0.01492574717849493, "examples": 1360, "session_seconds": 1023.6625124829989, "peak_vram_bytes": 1829125120}
{"step": 1370, "loss": 0.022352326661348343, "examples": 1370, "session_seconds": 1031.3819703549998, "peak_vram_bytes": 1829125120}
{"step": 1380, "loss": 22.50406265258789, "examples": 1380, "session_seconds": 1038.8935725919982, "peak_vram_bytes": 1829125120}
{"step": 1390, "loss": 0.014833740890026093, "examples": 1390, "session_seconds": 1046.9829520389976, "peak_vram_bytes": 1829125120}
{"step": 1400, "loss": 7.5628557205200195, "examples": 1400, "session_seconds": 1054.3280146009965, "peak_vram_bytes": 1829125120}
{"step": 1410, "loss": 0.09535718709230423, "examples": 1410, "session_seconds": 1061.6185299249992, "peak_vram_bytes": 1829125120}
{"step": 1420, "loss": 0.01470723282545805, "examples": 1420, "session_seconds": 1069.2024562079969, "peak_vram_bytes": 1829125120}
{"step": 1430, "loss": 0.01616758480668068, "examples": 1430, "session_seconds": 1077.232034458997, "peak_vram_bytes": 1829125120}
{"step": 1440, "loss": 6.560303211212158, "examples": 1440, "session_seconds": 1084.782957051997, "peak_vram_bytes": 1829125120}
{"step": 1450, "loss": 5.3821492195129395, "examples": 1450, "session_seconds": 1092.900406949997, "peak_vram_bytes": 1829125120}
{"step": 1460, "loss": 0.016071496531367302, "examples": 1460, "session_seconds": 1100.5032108609994, "peak_vram_bytes": 1829125120}
{"step": 1470, "loss": 21.692167282104492, "examples": 1470, "session_seconds": 1107.7208391859967, "peak_vram_bytes": 1829125120}
{"step": 1480, "loss": 0.5970122814178467, "examples": 1480, "session_seconds": 1114.8003783989989, "peak_vram_bytes": 1829125120}
{"step": 1490, "loss": 0.014916603453457355, "examples": 1490, "session_seconds": 1121.8546414289995, "peak_vram_bytes": 1829125120}
{"step": 1500, "loss": 20.800783157348633, "examples": 1500, "session_seconds": 1128.888788559998, "peak_vram_bytes": 1829125120}
{"step": 1510, "loss": 7.467007637023926, "examples": 1510, "session_seconds": 1137.0820275929982, "peak_vram_bytes": 1829125120}
{"step": 1520, "loss": 0.5569097995758057, "examples": 1520, "session_seconds": 1144.1416920849988, "peak_vram_bytes": 1829125120}
{"step": 1530, "loss": 0.014950440265238285, "examples": 1530, "session_seconds": 1151.6859879409967, "peak_vram_bytes": 1829125120}
{"step": 1540, "loss": 0.014462929219007492, "examples": 1540, "session_seconds": 1159.1181557499986, "peak_vram_bytes": 1829125120}
{"step": 1550, "loss": 0.014983360655605793, "examples": 1550, "session_seconds": 1165.8658012239976, "peak_vram_bytes": 1829125120}
{"step": 1560, "loss": 0.014463924802839756, "examples": 1560, "session_seconds": 1172.8932461999975, "peak_vram_bytes": 1829125120}
{"step": 1570, "loss": 0.27865055203437805, "examples": 1570, "session_seconds": 1179.8944827859996, "peak_vram_bytes": 1829125120}
{"step": 1580, "loss": 2.8313426971435547, "examples": 1580, "session_seconds": 1186.8937471179997, "peak_vram_bytes": 1829125120}
{"step": 1590, "loss": 0.01600802317261696, "examples": 1590, "session_seconds": 1194.2243330849997, "peak_vram_bytes": 1829125120}
{"step": 1600, "loss": 0.145807147026062, "examples": 1600, "session_seconds": 1201.7495642449976, "peak_vram_bytes": 1829125120}
{"step": 1610, "loss": 0.017649449408054352, "examples": 1610, "session_seconds": 1209.2011302059982, "peak_vram_bytes": 1829125120}
{"step": 1620, "loss": 26.206684112548828, "examples": 1620, "session_seconds": 1216.2434442799968, "peak_vram_bytes": 1829125120}
{"step": 1630, "loss": 6.236715793609619, "examples": 1630, "session_seconds": 1223.3591538649998, "peak_vram_bytes": 1829125120}
{"step": 1640, "loss": 0.01437393855303526, "examples": 1640, "session_seconds": 1231.019049606999, "peak_vram_bytes": 1829125120}
{"step": 1650, "loss": 5.573628902435303, "examples": 1650, "session_seconds": 1238.4481885349996, "peak_vram_bytes": 1829125120}
{"step": 1660, "loss": 0.014264438301324844, "examples": 1660, "session_seconds": 1246.4603562559969, "peak_vram_bytes": 1829125120}
{"step": 1670, "loss": 0.017380600795149803, "examples": 1670, "session_seconds": 1254.1353115249985, "peak_vram_bytes": 1829125120}
{"step": 1680, "loss": 0.01680942066013813, "examples": 1680, "session_seconds": 1261.0662647159988, "peak_vram_bytes": 1829125120}
{"step": 1690, "loss": 0.021524835377931595, "examples": 1690, "session_seconds": 1268.0392975409995, "peak_vram_bytes": 1829125120}
{"step": 1700, "loss": 0.3951127529144287, "examples": 1700, "session_seconds": 1275.056978736, "peak_vram_bytes": 1829125120}
{"step": 1710, "loss": 18.238046646118164, "examples": 1710, "session_seconds": 1282.408521756999, "peak_vram_bytes": 1829125120}
{"step": 1720, "loss": 19.864511489868164, "examples": 1720, "session_seconds": 1289.6160506119995, "peak_vram_bytes": 1829125120}
{"step": 1730, "loss": 0.026896841824054718, "examples": 1730, "session_seconds": 1296.751396759999, "peak_vram_bytes": 1829125120}
{"step": 1740, "loss": 0.01497735921293497, "examples": 1740, "session_seconds": 1304.0232005159996, "peak_vram_bytes": 1829125120}
{"step": 1750, "loss": 0.014294174499809742, "examples": 1750, "session_seconds": 1311.296399384999, "peak_vram_bytes": 1829125120}
{"step": 1760, "loss": 0.014277692884206772, "examples": 1760, "session_seconds": 1318.2792398349993, "peak_vram_bytes": 1829125120}
{"step": 1770, "loss": 0.015494449995458126, "examples": 1770, "session_seconds": 1325.3848928059997, "peak_vram_bytes": 1829125120}
{"step": 1780, "loss": 2.737039804458618, "examples": 1780, "session_seconds": 1332.6036192719985, "peak_vram_bytes": 1829125120}
{"step": 1790, "loss": 0.014923005364835262, "examples": 1790, "session_seconds": 1340.954785212998, "peak_vram_bytes": 1829125120}
{"step": 1800, "loss": 0.014156532473862171, "examples": 1800, "session_seconds": 1348.8598066349987, "peak_vram_bytes": 1829125120}
{"step": 1810, "loss": 15.547035217285156, "examples": 1810, "session_seconds": 1357.487127483997, "peak_vram_bytes": 1829125120}
{"step": 1820, "loss": 0.014178900048136711, "examples": 1820, "session_seconds": 1365.2640358599965, "peak_vram_bytes": 1829125120}
{"step": 1830, "loss": 6.4110307693481445, "examples": 1830, "session_seconds": 1373.4521295449995, "peak_vram_bytes": 1829125120}
{"step": 1840, "loss": 0.014354897662997246, "examples": 1840, "session_seconds": 1381.5806057629998, "peak_vram_bytes": 1829125120}
{"step": 1850, "loss": 0.015970507636666298, "examples": 1850, "session_seconds": 1389.3195554629965, "peak_vram_bytes": 1829125120}
{"step": 1860, "loss": 20.37108612060547, "examples": 1860, "session_seconds": 1396.8890727569997, "peak_vram_bytes": 1829125120}
{"step": 1870, "loss": 14.774941444396973, "examples": 1870, "session_seconds": 1404.9653422509982, "peak_vram_bytes": 1829125120}
{"step": 1880, "loss": 0.015911629423499107, "examples": 1880, "session_seconds": 1412.9721206759968, "peak_vram_bytes": 1829125120}
{"step": 1890, "loss": 0.019795432686805725, "examples": 1890, "session_seconds": 1421.1004764319987, "peak_vram_bytes": 1829125120}
{"step": 1900, "loss": 0.7716413736343384, "examples": 1900, "session_seconds": 1429.204299481, "peak_vram_bytes": 1829125120}
{"step": 1910, "loss": 0.014534997753798962, "examples": 1910, "session_seconds": 1437.2883130439986, "peak_vram_bytes": 1829125120}
{"step": 1920, "loss": 3.3956966400146484, "examples": 1920, "session_seconds": 1444.9844146979995, "peak_vram_bytes": 1829125120}
{"step": 1930, "loss": 6.512674808502197, "examples": 1930, "session_seconds": 1452.8345812279986, "peak_vram_bytes": 1829125120}
{"step": 1940, "loss": 0.016040917485952377, "examples": 1940, "session_seconds": 1460.817503856997, "peak_vram_bytes": 1829125120}
{"step": 1950, "loss": 0.014078225940465927, "examples": 1950, "session_seconds": 1469.009520845997, "peak_vram_bytes": 1829125120}
{"step": 1960, "loss": 7.663429260253906, "examples": 1960, "session_seconds": 1477.2171199719996, "peak_vram_bytes": 1829125120}
{"step": 1970, "loss": 0.8526365160942078, "examples": 1970, "session_seconds": 1485.6160802759987, "peak_vram_bytes": 1829125120}
{"step": 1980, "loss": 3.780565023422241, "examples": 1980, "session_seconds": 1493.6947416249968, "peak_vram_bytes": 1829125120}
{"step": 1990, "loss": 0.05782020464539528, "examples": 1990, "session_seconds": 1501.5080749669978, "peak_vram_bytes": 1829125120}
{"step": 2000, "loss": 0.014391373842954636, "examples": 2000, "session_seconds": 1509.3495427659982, "peak_vram_bytes": 1829125120}
{"step": 2010, "loss": 0.01627352461218834, "examples": 2010, "session_seconds": 1517.5547017169993, "peak_vram_bytes": 1829125120}
{"step": 2020, "loss": 0.014108095318078995, "examples": 2020, "session_seconds": 1525.6099136649973, "peak_vram_bytes": 1829125120}
{"step": 2030, "loss": 0.6868653893470764, "examples": 2030, "session_seconds": 1533.747057417997, "peak_vram_bytes": 1829125120}
{"step": 2040, "loss": 0.015290492214262486, "examples": 2040, "session_seconds": 1541.9453551529987, "peak_vram_bytes": 1831349248}
{"step": 2050, "loss": 0.014535236172378063, "examples": 2050, "session_seconds": 1549.3173907399978, "peak_vram_bytes": 1831349248}
{"step": 2060, "loss": 0.5227615833282471, "examples": 2060, "session_seconds": 1557.1038302849993, "peak_vram_bytes": 1831349248}
{"step": 2070, "loss": 0.70228111743927, "examples": 2070, "session_seconds": 1565.1523360479987, "peak_vram_bytes": 1831349248}
{"step": 2080, "loss": 0.01721169240772724, "examples": 2080, "session_seconds": 1573.1903483679998, "peak_vram_bytes": 1831349248}
{"step": 2090, "loss": 0.014067030511796474, "examples": 2090, "session_seconds": 1581.1337767749974, "peak_vram_bytes": 1831349248}
{"step": 2100, "loss": 24.48388671875, "examples": 2100, "session_seconds": 1589.230347083998, "peak_vram_bytes": 1831349248}
{"step": 2110, "loss": 21.11981964111328, "examples": 2110, "session_seconds": 1597.027131171999, "peak_vram_bytes": 1831349248}
{"step": 2120, "loss": 5.326543807983398, "examples": 2120, "session_seconds": 1605.0459301989977, "peak_vram_bytes": 1831349248}
{"step": 2130, "loss": 0.049613602459430695, "examples": 2130, "session_seconds": 1613.1539491609983, "peak_vram_bytes": 1831349248}
{"step": 2140, "loss": 0.015024477615952492, "examples": 2140, "session_seconds": 1621.197995868999, "peak_vram_bytes": 1831349248}
{"step": 2150, "loss": 0.07293068617582321, "examples": 2150, "session_seconds": 1629.381506638998, "peak_vram_bytes": 1831349248}
{"step": 2160, "loss": 0.014269961044192314, "examples": 2160, "session_seconds": 1637.611655192999, "peak_vram_bytes": 1831349248}
{"step": 2170, "loss": 5.800594329833984, "examples": 2170, "session_seconds": 1645.9128180059997, "peak_vram_bytes": 1831349248}
{"step": 2180, "loss": 0.014313988387584686, "examples": 2180, "session_seconds": 1654.048463187999, "peak_vram_bytes": 1831349248}
{"step": 2190, "loss": 4.574973106384277, "examples": 2190, "session_seconds": 1661.5967379999965, "peak_vram_bytes": 1831349248}
{"step": 2200, "loss": 2.5763633251190186, "examples": 2200, "session_seconds": 1669.733660124999, "peak_vram_bytes": 1831349248}
{"step": 2210, "loss": 0.5644219517707825, "examples": 2210, "session_seconds": 1678.3147064899968, "peak_vram_bytes": 1831349248}
{"step": 2220, "loss": 0.013926086947321892, "examples": 2220, "session_seconds": 1686.4540767349972, "peak_vram_bytes": 1831349248}
{"step": 2230, "loss": 2.7685842514038086, "examples": 2230, "session_seconds": 1694.6234055759996, "peak_vram_bytes": 1831349248}
{"step": 2240, "loss": 5.967877388000488, "examples": 2240, "session_seconds": 1702.7613316359966, "peak_vram_bytes": 1831349248}
{"step": 2250, "loss": 8.099828720092773, "examples": 2250, "session_seconds": 1711.1255777119986, "peak_vram_bytes": 1831349248}
{"step": 2260, "loss": 0.013925904408097267, "examples": 2260, "session_seconds": 1719.5087198909969, "peak_vram_bytes": 1831349248}
{"step": 2270, "loss": 0.01399069745093584, "examples": 2270, "session_seconds": 1727.880143344999, "peak_vram_bytes": 1831349248}
{"step": 2280, "loss": 0.014167548157274723, "examples": 2280, "session_seconds": 1736.1742118309994, "peak_vram_bytes": 1831349248}
{"step": 2290, "loss": 0.01722133345901966, "examples": 2290, "session_seconds": 1744.8831534619967, "peak_vram_bytes": 1831349248}
{"step": 2300, "loss": 18.40558433532715, "examples": 2300, "session_seconds": 1753.0322405799998, "peak_vram_bytes": 1831349248}
{"step": 2310, "loss": 2.2985942363739014, "examples": 2310, "session_seconds": 1761.2029724609965, "peak_vram_bytes": 1831349248}
{"step": 2320, "loss": 0.5790830254554749, "examples": 2320, "session_seconds": 1769.4306058839975, "peak_vram_bytes": 1831349248}
{"step": 2330, "loss": 0.01409930270165205, "examples": 2330, "session_seconds": 1777.7097079419982, "peak_vram_bytes": 1831349248}
{"step": 2340, "loss": 22.305734634399414, "examples": 2340, "session_seconds": 1786.1491375899968, "peak_vram_bytes": 1831349248}
{"step": 2350, "loss": 3.8790392875671387, "examples": 2350, "session_seconds": 1794.415975986998, "peak_vram_bytes": 1831349248}
{"step": 2360, "loss": 2.252253532409668, "examples": 2360, "session_seconds": 1802.7989947619972, "peak_vram_bytes": 1831349248}
{"step": 2370, "loss": 0.017363253980875015, "examples": 2370, "session_seconds": 1811.124042083, "peak_vram_bytes": 1831349248}
{"step": 2380, "loss": 10.087190628051758, "examples": 2380, "session_seconds": 1819.009110537998, "peak_vram_bytes": 1831349248}
{"step": 2390, "loss": 0.016026996076107025, "examples": 2390, "session_seconds": 1826.843843306, "peak_vram_bytes": 1831349248}
{"step": 2400, "loss": 0.014542766846716404, "examples": 2400, "session_seconds": 1835.1162505839966, "peak_vram_bytes": 1831349248}
{"step": 2410, "loss": 0.014259088784456253, "examples": 2410, "session_seconds": 1842.9859038699979, "peak_vram_bytes": 1831349248}
{"step": 2420, "loss": 5.009095191955566, "examples": 2420, "session_seconds": 1850.4999617019967, "peak_vram_bytes": 1831349248}
{"step": 2430, "loss": 0.016339095309376717, "examples": 2430, "session_seconds": 1857.6587473109976, "peak_vram_bytes": 1831349248}
{"step": 2440, "loss": 9.433265686035156, "examples": 2440, "session_seconds": 1864.5811757819974, "peak_vram_bytes": 1831349248}
{"step": 2450, "loss": 0.014382031746208668, "examples": 2450, "session_seconds": 1871.5718886109971, "peak_vram_bytes": 1831349248}
{"step": 2460, "loss": 0.014305985532701015, "examples": 2460, "session_seconds": 1878.6237501169999, "peak_vram_bytes": 1831349248}
{"step": 2470, "loss": 3.2142751216888428, "examples": 2470, "session_seconds": 1885.5920522709966, "peak_vram_bytes": 1831349248}
{"step": 2480, "loss": 0.01427463535219431, "examples": 2480, "session_seconds": 1892.6386710159968, "peak_vram_bytes": 1831349248}
{"step": 2490, "loss": 1.7120418548583984, "examples": 2490, "session_seconds": 1899.5871848559982, "peak_vram_bytes": 1831349248}
{"step": 2500, "loss": 0.014331826940178871, "examples": 2500, "session_seconds": 1906.6741627249976, "peak_vram_bytes": 1831349248}
{"step": 2510, "loss": 20.860294342041016, "examples": 2510, "session_seconds": 1914.1713311819985, "peak_vram_bytes": 1831349248}
{"step": 2520, "loss": 0.014019870199263096, "examples": 2520, "session_seconds": 1921.0064213689984, "peak_vram_bytes": 1831349248}
{"step": 2530, "loss": 0.01497173123061657, "examples": 2530, "session_seconds": 1928.1459923659968, "peak_vram_bytes": 1832015360}
{"step": 2540, "loss": 2.890712022781372, "examples": 2540, "session_seconds": 1935.2436868289988, "peak_vram_bytes": 1832015360}
{"step": 2550, "loss": 0.722652792930603, "examples": 2550, "session_seconds": 1942.3136151479994, "peak_vram_bytes": 1832015360}
{"step": 2560, "loss": 0.15204355120658875, "examples": 2560, "session_seconds": 1949.3572017179977, "peak_vram_bytes": 1832015360}
{"step": 2570, "loss": 2.8546833992004395, "examples": 2570, "session_seconds": 1956.4103965229988, "peak_vram_bytes": 1832015360}
{"step": 2580, "loss": 0.01488631684333086, "examples": 2580, "session_seconds": 1963.4160170139985, "peak_vram_bytes": 1832015360}
{"step": 2590, "loss": 14.350595474243164, "examples": 2590, "session_seconds": 1970.861919830997, "peak_vram_bytes": 1832015360}
{"step": 2600, "loss": 1.1171684265136719, "examples": 2600, "session_seconds": 1978.6878483539986, "peak_vram_bytes": 1832015360}
{"step": 2610, "loss": 5.080801010131836, "examples": 2610, "session_seconds": 1987.0637544349993, "peak_vram_bytes": 1832015360}
{"step": 2620, "loss": 0.014563373290002346, "examples": 2620, "session_seconds": 1994.500969337998, "peak_vram_bytes": 1832015360}
{"step": 2630, "loss": 0.014011242426931858, "examples": 2630, "session_seconds": 2002.0771207539983, "peak_vram_bytes": 1832015360}
{"step": 2640, "loss": 0.013995515182614326, "examples": 2640, "session_seconds": 2009.131970737999, "peak_vram_bytes": 1832015360}
{"step": 2650, "loss": 0.014338390901684761, "examples": 2650, "session_seconds": 2016.2215170459967, "peak_vram_bytes": 1832015360}
{"step": 2660, "loss": 0.014289576560258865, "examples": 2660, "session_seconds": 2023.323475273999, "peak_vram_bytes": 1832015360}
{"step": 2670, "loss": 0.013972882181406021, "examples": 2670, "session_seconds": 2030.400838477999, "peak_vram_bytes": 1832015360}
{"step": 2680, "loss": 0.020828988403081894, "examples": 2680, "session_seconds": 2037.4300217909986, "peak_vram_bytes": 1832015360}
{"step": 2690, "loss": 0.013948507606983185, "examples": 2690, "session_seconds": 2044.6328324469978, "peak_vram_bytes": 1832015360}
{"step": 2700, "loss": 0.01679529808461666, "examples": 2700, "session_seconds": 2051.673149631999, "peak_vram_bytes": 1832015360}
{"step": 2710, "loss": 0.013921353965997696, "examples": 2710, "session_seconds": 2059.556936544999, "peak_vram_bytes": 1832015360}
{"step": 2720, "loss": 0.013936598785221577, "examples": 2720, "session_seconds": 2067.472376253998, "peak_vram_bytes": 1832015360}
{"step": 2730, "loss": 0.014443663880228996, "examples": 2730, "session_seconds": 2074.939470833, "peak_vram_bytes": 1832015360}
{"step": 2740, "loss": 4.108076095581055, "examples": 2740, "session_seconds": 2083.070660543999, "peak_vram_bytes": 1832015360}
{"step": 2750, "loss": 0.014480394311249256, "examples": 2750, "session_seconds": 2091.112796975998, "peak_vram_bytes": 1832015360}
{"step": 2760, "loss": 0.022520888596773148, "examples": 2760, "session_seconds": 2099.1220220379982, "peak_vram_bytes": 1832015360}
{"step": 2770, "loss": 14.721264839172363, "examples": 2770, "session_seconds": 2107.1405875059972, "peak_vram_bytes": 1832015360}
{"step": 2780, "loss": 13.066144943237305, "examples": 2780, "session_seconds": 2114.7959774799965, "peak_vram_bytes": 1832015360}
{"step": 2790, "loss": 0.013965041376650333, "examples": 2790, "session_seconds": 2122.6976057409993, "peak_vram_bytes": 1832015360}
{"step": 2800, "loss": 0.014168886467814445, "examples": 2800, "session_seconds": 2130.472788007999, "peak_vram_bytes": 1832015360}
{"step": 2810, "loss": 0.014681578613817692, "examples": 2810, "session_seconds": 2138.1442477469973, "peak_vram_bytes": 1832015360}
{"step": 2820, "loss": 19.710124969482422, "examples": 2820, "session_seconds": 2145.3184509879975, "peak_vram_bytes": 1832015360}
{"step": 2830, "loss": 0.013956233859062195, "examples": 2830, "session_seconds": 2152.419392787997, "peak_vram_bytes": 1832015360}
{"step": 2840, "loss": 0.014305323362350464, "examples": 2840, "session_seconds": 2159.5001459289997, "peak_vram_bytes": 1832015360}
{"step": 2850, "loss": 0.01404372975230217, "examples": 2850, "session_seconds": 2166.899150448, "peak_vram_bytes": 1832015360}
{"step": 2860, "loss": 0.014557315036654472, "examples": 2860, "session_seconds": 2173.954843386997, "peak_vram_bytes": 1832015360}
{"step": 2870, "loss": 0.01382787711918354, "examples": 2870, "session_seconds": 2181.493134215998, "peak_vram_bytes": 1832015360}
{"step": 2880, "loss": 0.07795935124158859, "examples": 2880, "session_seconds": 2189.2114160909987, "peak_vram_bytes": 1832015360}
{"step": 2890, "loss": 0.014189515262842178, "examples": 2890, "session_seconds": 2197.035257626998, "peak_vram_bytes": 1832015360}
{"step": 2900, "loss": 0.013999340124428272, "examples": 2900, "session_seconds": 2205.077097074998, "peak_vram_bytes": 1832015360}
{"step": 2910, "loss": 0.013717183843255043, "examples": 2910, "session_seconds": 2213.3804565679966, "peak_vram_bytes": 1832015360}
{"step": 2920, "loss": 0.01545771025121212, "examples": 2920, "session_seconds": 2221.1371915659984, "peak_vram_bytes": 1832015360}
{"step": 2930, "loss": 0.027475813403725624, "examples": 2930, "session_seconds": 2228.8469659479997, "peak_vram_bytes": 1832015360}
{"step": 2940, "loss": 0.013989677652716637, "examples": 2940, "session_seconds": 2236.6144703579994, "peak_vram_bytes": 1832015360}
{"step": 2950, "loss": 0.0457281619310379, "examples": 2950, "session_seconds": 2244.6416902479978, "peak_vram_bytes": 1832015360}
{"step": 2960, "loss": 0.5568262338638306, "examples": 2960, "session_seconds": 2252.8282053039984, "peak_vram_bytes": 1832015360}
{"step": 2970, "loss": 5.368173599243164, "examples": 2970, "session_seconds": 2260.659595178, "peak_vram_bytes": 1832015360}
{"step": 2980, "loss": 0.013697072863578796, "examples": 2980, "session_seconds": 2268.453053148998, "peak_vram_bytes": 1832015360}
{"step": 2990, "loss": 12.399894714355469, "examples": 2990, "session_seconds": 2276.2800391229976, "peak_vram_bytes": 1832015360}
{"step": 3000, "loss": 0.024929719045758247, "examples": 3000, "session_seconds": 2283.938160261998, "peak_vram_bytes": 1832015360}
{"step": 3010, "loss": 22.264638900756836, "examples": 3010, "session_seconds": 2291.3258756919968, "peak_vram_bytes": 1832015360}
{"step": 3020, "loss": 18.31009864807129, "examples": 3020, "session_seconds": 2298.2330954109966, "peak_vram_bytes": 1832015360}
{"step": 3030, "loss": 0.014903892762959003, "examples": 3030, "session_seconds": 2305.1338992389974, "peak_vram_bytes": 1832015360}
{"step": 3040, "loss": 13.80551528930664, "examples": 3040, "session_seconds": 2311.9712098009986, "peak_vram_bytes": 1832015360}
{"step": 3050, "loss": 16.406038284301758, "examples": 3050, "session_seconds": 2319.041135681, "peak_vram_bytes": 1832015360}
{"step": 3060, "loss": 16.320171356201172, "examples": 3060, "session_seconds": 2326.1118356939987, "peak_vram_bytes": 1832015360}
{"step": 3070, "loss": 24.027420043945312, "examples": 3070, "session_seconds": 2333.2045362149984, "peak_vram_bytes": 1832015360}
{"step": 3080, "loss": 0.015441661700606346, "examples": 3080, "session_seconds": 2340.2568760709983, "peak_vram_bytes": 1832015360}
{"step": 3090, "loss": 0.015208235941827297, "examples": 3090, "session_seconds": 2347.339666304997, "peak_vram_bytes": 1832015360}
{"step": 3100, "loss": 0.015058265998959541, "examples": 3100, "session_seconds": 2354.417244221997, "peak_vram_bytes": 1832015360}
{"step": 3110, "loss": 4.363828659057617, "examples": 3110, "session_seconds": 2361.810444707, "peak_vram_bytes": 1832015360}
{"step": 3120, "loss": 0.018032070249319077, "examples": 3120, "session_seconds": 2368.8631669179995, "peak_vram_bytes": 1832015360}
{"step": 3130, "loss": 0.014206352643668652, "examples": 3130, "session_seconds": 2375.524739084998, "peak_vram_bytes": 1832015360}
{"step": 3140, "loss": 0.01914575695991516, "examples": 3140, "session_seconds": 2382.476787967, "peak_vram_bytes": 1832015360}
{"step": 3150, "loss": 0.014047974720597267, "examples": 3150, "session_seconds": 2389.362186429, "peak_vram_bytes": 1832015360}
{"step": 3160, "loss": 11.114862442016602, "examples": 3160, "session_seconds": 2396.3067959299988, "peak_vram_bytes": 1832015360}
{"step": 3170, "loss": 0.014382545836269855, "examples": 3170, "session_seconds": 2403.292531127998, "peak_vram_bytes": 1832015360}
{"step": 3180, "loss": 12.915541648864746, "examples": 3180, "session_seconds": 2410.24645495, "peak_vram_bytes": 1832015360}
{"step": 3190, "loss": 0.14393025636672974, "examples": 3190, "session_seconds": 2417.271425324998, "peak_vram_bytes": 1832015360}
{"step": 3200, "loss": 0.0656144917011261, "examples": 3200, "session_seconds": 2424.2853230169967, "peak_vram_bytes": 1832015360}
{"step": 3210, "loss": 9.638935089111328, "examples": 3210, "session_seconds": 2432.3633988949987, "peak_vram_bytes": 1832015360}
{"step": 3220, "loss": 0.014024490490555763, "examples": 3220, "session_seconds": 2440.564908884997, "peak_vram_bytes": 1832015360}
{"step": 3230, "loss": 0.013745700009167194, "examples": 3230, "session_seconds": 2447.978674818998, "peak_vram_bytes": 1832015360}
{"step": 3240, "loss": 0.014086403883993626, "examples": 3240, "session_seconds": 2455.928949901998, "peak_vram_bytes": 1832015360}
{"step": 3250, "loss": 0.01401081494987011, "examples": 3250, "session_seconds": 2463.6704401079987, "peak_vram_bytes": 1832015360}
{"step": 3260, "loss": 11.126604080200195, "examples": 3260, "session_seconds": 2470.7180699769997, "peak_vram_bytes": 1832015360}
{"step": 3270, "loss": 0.014040566049516201, "examples": 3270, "session_seconds": 2477.7847830739993, "peak_vram_bytes": 1832015360}
{"step": 3280, "loss": 0.12683115899562836, "examples": 3280, "session_seconds": 2485.5946568499967, "peak_vram_bytes": 1832015360}
{"step": 3290, "loss": 7.596730709075928, "examples": 3290, "session_seconds": 2493.6133542339994, "peak_vram_bytes": 1832015360}
{"step": 3300, "loss": 2.2362143993377686, "examples": 3300, "session_seconds": 2501.784300252999, "peak_vram_bytes": 1832015360}
{"step": 3310, "loss": 0.013894516974687576, "examples": 3310, "session_seconds": 2510.0861823489977, "peak_vram_bytes": 1832015360}
{"step": 3320, "loss": 0.01363952737301588, "examples": 3320, "session_seconds": 2518.0310596439995, "peak_vram_bytes": 1832015360}
{"step": 3330, "loss": 7.866429805755615, "examples": 3330, "session_seconds": 2525.8441530909986, "peak_vram_bytes": 1832015360}
{"step": 3340, "loss": 4.1046881675720215, "examples": 3340, "session_seconds": 2533.798737309, "peak_vram_bytes": 1832015360}
{"step": 3350, "loss": 0.013746156357228756, "examples": 3350, "session_seconds": 2541.8565309999976, "peak_vram_bytes": 1832015360}
{"step": 3360, "loss": 0.014507710002362728, "examples": 3360, "session_seconds": 2549.857415975999, "peak_vram_bytes": 1832015360}
{"step": 3370, "loss": 0.027264129370450974, "examples": 3370, "session_seconds": 2557.948584676, "peak_vram_bytes": 1832015360}
{"step": 3380, "loss": 0.013826814480125904, "examples": 3380, "session_seconds": 2566.1122017199996, "peak_vram_bytes": 1832015360}
{"step": 3390, "loss": 0.01363678090274334, "examples": 3390, "session_seconds": 2574.0142985309976, "peak_vram_bytes": 1832015360}
{"step": 3400, "loss": 0.013650404289364815, "examples": 3400, "session_seconds": 2581.629749935997, "peak_vram_bytes": 1832015360}
{"step": 3410, "loss": 0.013851452618837357, "examples": 3410, "session_seconds": 2588.9967704149967, "peak_vram_bytes": 1832015360}
{"step": 3420, "loss": 7.902387619018555, "examples": 3420, "session_seconds": 2596.0563241399977, "peak_vram_bytes": 1832015360}
{"step": 3430, "loss": 0.014100125059485435, "examples": 3430, "session_seconds": 2603.5898525939992, "peak_vram_bytes": 1832015360}
{"step": 3440, "loss": 0.014001339673995972, "examples": 3440, "session_seconds": 2611.741083482997, "peak_vram_bytes": 1832015360}
{"step": 3450, "loss": 12.199745178222656, "examples": 3450, "session_seconds": 2619.636939715998, "peak_vram_bytes": 1832015360}
{"step": 3460, "loss": 0.014449612237513065, "examples": 3460, "session_seconds": 2627.8921879639965, "peak_vram_bytes": 1832015360}
{"step": 3470, "loss": 10.316941261291504, "examples": 3470, "session_seconds": 2635.261461135997, "peak_vram_bytes": 1832015360}
{"step": 3480, "loss": 0.015265670605003834, "examples": 3480, "session_seconds": 2643.210517861997, "peak_vram_bytes": 1832015360}
{"step": 3490, "loss": 0.013745221309363842, "examples": 3490, "session_seconds": 2650.8543013639974, "peak_vram_bytes": 1832015360}
{"step": 3500, "loss": 1.7709150314331055, "examples": 3500, "session_seconds": 2658.859112965998, "peak_vram_bytes": 1832015360}
{"step": 3510, "loss": 0.014111900702118874, "examples": 3510, "session_seconds": 2667.07980607, "peak_vram_bytes": 1832015360}
{"step": 3520, "loss": 0.013593625277280807, "examples": 3520, "session_seconds": 2674.652220091997, "peak_vram_bytes": 1832015360}
{"step": 3530, "loss": 0.013735429383814335, "examples": 3530, "session_seconds": 2681.580864743999, "peak_vram_bytes": 1832015360}
{"step": 3540, "loss": 0.015587461180984974, "examples": 3540, "session_seconds": 2689.448825659998, "peak_vram_bytes": 1832015360}
{"step": 3550, "loss": 0.014523487538099289, "examples": 3550, "session_seconds": 2697.2452429079967, "peak_vram_bytes": 1832015360}
{"step": 3560, "loss": 0.015658576041460037, "examples": 3560, "session_seconds": 2705.078604463997, "peak_vram_bytes": 1832015360}
{"step": 3570, "loss": 0.33797487616539, "examples": 3570, "session_seconds": 2712.987186498998, "peak_vram_bytes": 1832015360}
{"step": 3580, "loss": 0.013779415749013424, "examples": 3580, "session_seconds": 2721.2344176799998, "peak_vram_bytes": 1832015360}
{"step": 3590, "loss": 0.013726738281548023, "examples": 3590, "session_seconds": 2729.0855707149967, "peak_vram_bytes": 1832015360}
{"step": 3600, "loss": 0.014190372079610825, "examples": 3600, "session_seconds": 2737.3597527289967, "peak_vram_bytes": 1832015360}
{"step": 3610, "loss": 0.03056161105632782, "examples": 3610, "session_seconds": 2745.5288052059987, "peak_vram_bytes": 1832015360}
{"step": 3620, "loss": 0.014369056560099125, "examples": 3620, "session_seconds": 2753.288936072997, "peak_vram_bytes": 1832015360}
{"step": 3630, "loss": 9.853732109069824, "examples": 3630, "session_seconds": 2761.590930541999, "peak_vram_bytes": 1832015360}
{"step": 3640, "loss": 0.04835299402475357, "examples": 3640, "session_seconds": 2769.580826100999, "peak_vram_bytes": 1832015360}
{"step": 3650, "loss": 2.218352794647217, "examples": 3650, "session_seconds": 2777.4144738249997, "peak_vram_bytes": 1832015360}
{"step": 3660, "loss": 3.755404233932495, "examples": 3660, "session_seconds": 2785.173375041999, "peak_vram_bytes": 1832015360}
{"step": 3670, "loss": 0.01455657184123993, "examples": 3670, "session_seconds": 2793.458828294999, "peak_vram_bytes": 1832015360}
{"step": 3680, "loss": 13.930166244506836, "examples": 3680, "session_seconds": 2801.255578526998, "peak_vram_bytes": 1832015360}
{"step": 3690, "loss": 0.01441607903689146, "examples": 3690, "session_seconds": 2809.1272293969996, "peak_vram_bytes": 1832015360}
{"step": 3700, "loss": 18.736854553222656, "examples": 3700, "session_seconds": 2816.795750751997, "peak_vram_bytes": 1832015360}
{"step": 3710, "loss": 0.021199271082878113, "examples": 3710, "session_seconds": 2824.9223362589983, "peak_vram_bytes": 1832015360}
{"step": 3720, "loss": 0.015413379296660423, "examples": 3720, "session_seconds": 2832.6980258569965, "peak_vram_bytes": 1832015360}
{"step": 3730, "loss": 0.0143663939088583, "examples": 3730, "session_seconds": 2840.7132591009977, "peak_vram_bytes": 1832015360}
{"step": 3740, "loss": 0.01372985728085041, "examples": 3740, "session_seconds": 2847.8721933669985, "peak_vram_bytes": 1832015360}
{"step": 3750, "loss": 0.014193662442266941, "examples": 3750, "session_seconds": 2855.073307153998, "peak_vram_bytes": 1832015360}
{"step": 3760, "loss": 0.014330828562378883, "examples": 3760, "session_seconds": 2862.577288960998, "peak_vram_bytes": 1832015360}
{"step": 3770, "loss": 9.94071102142334, "examples": 3770, "session_seconds": 2869.4292971159994, "peak_vram_bytes": 1832015360}
{"step": 3780, "loss": 0.013729879632592201, "examples": 3780, "session_seconds": 2876.2772657269998, "peak_vram_bytes": 1832015360}
{"step": 3790, "loss": 0.013670112937688828, "examples": 3790, "session_seconds": 2883.3779384969966, "peak_vram_bytes": 1832015360}
{"step": 3800, "loss": 0.013778889551758766, "examples": 3800, "session_seconds": 2890.5554909979983, "peak_vram_bytes": 1832015360}
{"step": 3810, "loss": 0.021386202424764633, "examples": 3810, "session_seconds": 2898.0065219569988, "peak_vram_bytes": 1832015360}
{"step": 3820, "loss": 0.014217105694115162, "examples": 3820, "session_seconds": 2905.0337875319965, "peak_vram_bytes": 1832015360}
{"step": 3830, "loss": 13.330564498901367, "examples": 3830, "session_seconds": 2912.1047988929968, "peak_vram_bytes": 1832015360}
{"step": 3840, "loss": 6.198867321014404, "examples": 3840, "session_seconds": 2919.090295140999, "peak_vram_bytes": 1832015360}
{"step": 3850, "loss": 0.06068335473537445, "examples": 3850, "session_seconds": 2926.1889011839994, "peak_vram_bytes": 1832015360}
{"step": 3860, "loss": 1.4050239324569702, "examples": 3860, "session_seconds": 2933.353078753, "peak_vram_bytes": 1832015360}
{"step": 3870, "loss": 13.495113372802734, "examples": 3870, "session_seconds": 2941.0731002919965, "peak_vram_bytes": 1832015360}
{"step": 3880, "loss": 18.695884704589844, "examples": 3880, "session_seconds": 2948.023059092997, "peak_vram_bytes": 1832015360}
{"step": 3890, "loss": 7.2335524559021, "examples": 3890, "session_seconds": 2955.136859154998, "peak_vram_bytes": 1832015360}
{"step": 3900, "loss": 0.013915792107582092, "examples": 3900, "session_seconds": 2962.181522425999, "peak_vram_bytes": 1832015360}
{"step": 3910, "loss": 16.46472930908203, "examples": 3910, "session_seconds": 2969.5431938399997, "peak_vram_bytes": 1832015360}
{"step": 3920, "loss": 0.013991309329867363, "examples": 3920, "session_seconds": 2976.518787304998, "peak_vram_bytes": 1832015360}
{"step": 3930, "loss": 16.11357879638672, "examples": 3930, "session_seconds": 2983.443832961999, "peak_vram_bytes": 1832015360}
{"step": 3940, "loss": 16.719493865966797, "examples": 3940, "session_seconds": 2990.519130564997, "peak_vram_bytes": 1832015360}
{"step": 3950, "loss": 5.3513970375061035, "examples": 3950, "session_seconds": 2997.5510621309986, "peak_vram_bytes": 1832015360}
{"step": 3960, "loss": 0.013607283122837543, "examples": 3960, "session_seconds": 3005.128462826, "peak_vram_bytes": 1832015360}
{"step": 3970, "loss": 0.013932113535702229, "examples": 3970, "session_seconds": 3013.0082833709967, "peak_vram_bytes": 1832015360}
{"step": 3980, "loss": 0.014631860889494419, "examples": 3980, "session_seconds": 3021.0972409459973, "peak_vram_bytes": 1832015360}
{"step": 3990, "loss": 0.014306417666375637, "examples": 3990, "session_seconds": 3029.2284662899983, "peak_vram_bytes": 1832015360}
{"step": 4000, "loss": 0.014894057996571064, "examples": 4000, "session_seconds": 3037.6978623919968, "peak_vram_bytes": 1832015360}
wandb: 
wandb: Run history:
wandb:        examples ▁▁▁▁▁▂▂▂▂▃▃▃▃▄▄▄▄▄▄▄▅▅▅▅▅▅▅▅▆▆▆▆▇▇▇▇████
wandb:            loss ▁▁▁▄▁▁▁▁▃▄▁▁▁▁▁▁▁▁▄▃▁▃▂▄▁▁▅█▁▁▁▁▃▂▇▁▁▁▁▁
wandb: peak_vram_bytes ▁▁▂▂▂▂▂▂▂▅▅▅▅▅▅▅▅▅▇▇▇▇▇▇▇▇▇█████████████
wandb: session_seconds ▁▁▁▁▂▂▂▂▂▃▃▃▃▃▃▄▄▄▄▅▅▅▅▅▆▆▆▆▆▇▇▇▇▇▇▇▇▇██
wandb:            step ▁▁▁▁▁▂▂▂▂▂▂▂▂▂▂▃▃▃▃▃▄▄▄▄▄▄▅▅▅▅▅▅▅▅▅▇▇▇▇█
wandb: 
wandb: Run summary:
wandb:        examples 4000
wandb:            loss 0.01489
wandb: peak_vram_bytes 1832015360
wandb: session_seconds 3037.69786
wandb:            step 4000
wandb: 
wandb: You can sync this run to the cloud by running:
wandb: wandb sync artifacts/longer-v1/0.8b/main/seed-11/sft/tracking/wandb/offline-run-20261004_175504-q7gekbf2
wandb: Find logs at: artifacts/longer-v1/0.8b/main/seed-11/sft/tracking/wandb/offline-run-20261004_175504-q7gekbf2/logs
{"artifact": "artifacts/longer-v1/0.8b/main/seed-11/sft/artifact", "elapsed_seconds": 3038.087448899998}
