
{"utc": "2026-10-05T09:23:02.504129+00:00", "command": ["-m", "myjev.train", "--config", "results/longer-v1/4b/main/seed-22/continued_sft/config.json", "--data", "data/banking77/train.jsonl", "--output", "artifacts/longer-v1/4b/main/seed-22/continued_sft", "--method", "continued_sft", "--seed", "22", "--initial", "artifacts/longer-v1/4b/main/seed-22/sft/artifact"]}
Loading weights:   0%|          | 0/426 [00:00<?, ?it/s]Loading weights:  72%|███████▏  | 306/426 [00:00<00:00, 3057.89it/s]Loading weights: 100%|██████████| 426/426 [00:00<00:00, 3149.61it/s]
wandb: Tracking run with wandb version 0.30.0
wandb: W&B syncing is set to `offline` in this directory. Run `wandb online` or set WANDB_MODE=online to enable cloud syncing.
wandb: Run data is saved locally in artifacts/longer-v1/4b/main/seed-22/continued_sft/tracking/wandb/offline-run-20261005_022316-2kpp1h96
wandb: View this run in the terminal with `wandb leet`
[transformers] `causal_conv1d_fn` is falling back to its reference PyTorch implementation because `causal_conv1d` is not installed. This is correct but much slower; install `causal_conv1d` for the optimized kernel.
[transformers] `chunk_gated_delta_rule` is falling back to its reference PyTorch implementation because `flash-linear-attention` is not installed. This is correct but much slower; install `flash-linear-attention` for the optimized kernel.
{"step": 10, "loss": 19.016502380371094, "examples": 10, "session_seconds": 11.950743368004623, "peak_vram_bytes": 9133282816}
{"step": 20, "loss": 0.057292450219392776, "examples": 20, "session_seconds": 22.820805625000503, "peak_vram_bytes": 9133282816}
{"step": 30, "loss": 0.013763350434601307, "examples": 30, "session_seconds": 33.143441950000124, "peak_vram_bytes": 9133282816}
{"step": 40, "loss": 0.013849703595042229, "examples": 40, "session_seconds": 43.628969609002525, "peak_vram_bytes": 9171721728}
{"step": 50, "loss": 0.013624191284179688, "examples": 50, "session_seconds": 54.55512587600242, "peak_vram_bytes": 9171721728}
{"step": 60, "loss": 0.014563600532710552, "examples": 60, "session_seconds": 64.82410916300432, "peak_vram_bytes": 9171721728}
{"step": 70, "loss": 0.013887043111026287, "examples": 70, "session_seconds": 75.11662125200382, "peak_vram_bytes": 9171721728}
{"step": 80, "loss": 0.16100488603115082, "examples": 80, "session_seconds": 85.14018899400253, "peak_vram_bytes": 9171721728}
{"step": 90, "loss": 0.01368402224034071, "examples": 90, "session_seconds": 94.84759598900564, "peak_vram_bytes": 9171721728}
{"step": 100, "loss": 0.013778832741081715, "examples": 100, "session_seconds": 104.5319190950031, "peak_vram_bytes": 9171721728}
Warning: You are sending unauthenticated requests to the HF Hub. Please set a HF_TOKEN to enable higher rate limits and faster downloads.
{"step": 110, "loss": 0.014266526326537132, "examples": 110, "session_seconds": 115.37919812600012, "peak_vram_bytes": 9176495104}
{"step": 120, "loss": 0.013839575462043285, "examples": 120, "session_seconds": 125.08359834799921, "peak_vram_bytes": 9176495104}
{"step": 130, "loss": 0.013995128683745861, "examples": 130, "session_seconds": 134.87102139700437, "peak_vram_bytes": 9176495104}
{"step": 140, "loss": 0.013692338019609451, "examples": 140, "session_seconds": 146.0644601380045, "peak_vram_bytes": 9176495104}
{"step": 150, "loss": 0.013688383623957634, "examples": 150, "session_seconds": 156.71142556999985, "peak_vram_bytes": 9176495104}
{"step": 160, "loss": 14.879638671875, "examples": 160, "session_seconds": 166.64754189100495, "peak_vram_bytes": 9176495104}
{"step": 170, "loss": 0.019883131608366966, "examples": 170, "session_seconds": 176.68906345900177, "peak_vram_bytes": 9184072704}
{"step": 180, "loss": 0.01718204841017723, "examples": 180, "session_seconds": 186.87584572700143, "peak_vram_bytes": 9184072704}
{"step": 190, "loss": 0.013678193092346191, "examples": 190, "session_seconds": 196.57849422399886, "peak_vram_bytes": 9184072704}
{"step": 200, "loss": 0.01379009522497654, "examples": 200, "session_seconds": 207.15032277999853, "peak_vram_bytes": 9184072704}
{"step": 210, "loss": 0.013990003615617752, "examples": 210, "session_seconds": 218.1452809629991, "peak_vram_bytes": 9184072704}
{"step": 220, "loss": 0.013731841929256916, "examples": 220, "session_seconds": 227.84470805000456, "peak_vram_bytes": 9184072704}
{"step": 230, "loss": 8.049874305725098, "examples": 230, "session_seconds": 237.87009456800297, "peak_vram_bytes": 9184072704}
{"step": 240, "loss": 0.013612504117190838, "examples": 240, "session_seconds": 248.34469263500068, "peak_vram_bytes": 9184072704}
{"step": 250, "loss": 0.014508445747196674, "examples": 250, "session_seconds": 258.7395667009987, "peak_vram_bytes": 9184072704}
{"step": 260, "loss": 0.019631434231996536, "examples": 260, "session_seconds": 268.99941037800454, "peak_vram_bytes": 9184072704}
{"step": 270, "loss": 0.015584619715809822, "examples": 270, "session_seconds": 278.96032276900223, "peak_vram_bytes": 9184072704}
{"step": 280, "loss": 0.01417046133428812, "examples": 280, "session_seconds": 288.9241675520025, "peak_vram_bytes": 9184072704}
{"step": 290, "loss": 0.13266779482364655, "examples": 290, "session_seconds": 299.99336104500253, "peak_vram_bytes": 9184072704}
{"step": 300, "loss": 0.021705670282244682, "examples": 300, "session_seconds": 311.03063457900134, "peak_vram_bytes": 9184072704}
{"step": 310, "loss": 0.014603380113840103, "examples": 310, "session_seconds": 321.9784574360019, "peak_vram_bytes": 9184072704}
{"step": 320, "loss": 0.01401306502521038, "examples": 320, "session_seconds": 331.88213641900074, "peak_vram_bytes": 9184072704}
{"step": 330, "loss": 0.013599994592368603, "examples": 330, "session_seconds": 342.0320631750001, "peak_vram_bytes": 9184072704}
{"step": 340, "loss": 0.014259688556194305, "examples": 340, "session_seconds": 352.28604577499937, "peak_vram_bytes": 9184072704}
{"step": 350, "loss": 0.013971177861094475, "examples": 350, "session_seconds": 362.5139006419995, "peak_vram_bytes": 9184072704}
{"step": 360, "loss": 0.017085539177060127, "examples": 360, "session_seconds": 372.5888234860031, "peak_vram_bytes": 9184072704}
{"step": 370, "loss": 0.013495044782757759, "examples": 370, "session_seconds": 382.5868088530042, "peak_vram_bytes": 9184072704}
{"step": 380, "loss": 0.013599066063761711, "examples": 380, "session_seconds": 392.4172223550049, "peak_vram_bytes": 9184072704}
{"step": 390, "loss": 0.013910357840359211, "examples": 390, "session_seconds": 402.3057684759988, "peak_vram_bytes": 9184072704}
{"step": 400, "loss": 0.01789727807044983, "examples": 400, "session_seconds": 412.8250210020051, "peak_vram_bytes": 9184072704}
{"step": 410, "loss": 0.029935769736766815, "examples": 410, "session_seconds": 423.67704471199977, "peak_vram_bytes": 9184072704}
{"step": 420, "loss": 12.586681365966797, "examples": 420, "session_seconds": 433.65837653400376, "peak_vram_bytes": 9184072704}
{"step": 430, "loss": 0.014731420204043388, "examples": 430, "session_seconds": 444.3481135030015, "peak_vram_bytes": 9184072704}
{"step": 440, "loss": 0.013543003238737583, "examples": 440, "session_seconds": 454.54338097599975, "peak_vram_bytes": 9184072704}
{"step": 450, "loss": 0.014609301462769508, "examples": 450, "session_seconds": 464.8308923970035, "peak_vram_bytes": 9184072704}
{"step": 460, "loss": 0.01356417778879404, "examples": 460, "session_seconds": 475.2131964740038, "peak_vram_bytes": 9184072704}
{"step": 470, "loss": 0.013512395322322845, "examples": 470, "session_seconds": 485.5828155910058, "peak_vram_bytes": 9184072704}
{"step": 480, "loss": 0.013620194979012012, "examples": 480, "session_seconds": 495.8929827200045, "peak_vram_bytes": 9184072704}
{"step": 490, "loss": 6.36447811126709, "examples": 490, "session_seconds": 505.4813701700041, "peak_vram_bytes": 9184072704}
{"step": 500, "loss": 0.015366852283477783, "examples": 500, "session_seconds": 515.4305350159993, "peak_vram_bytes": 9184072704}
{"step": 510, "loss": 0.013494751416146755, "examples": 510, "session_seconds": 526.6494982950026, "peak_vram_bytes": 9184072704}
{"step": 520, "loss": 0.029993360862135887, "examples": 520, "session_seconds": 537.0584557050024, "peak_vram_bytes": 9184072704}
{"step": 530, "loss": 0.013561220839619637, "examples": 530, "session_seconds": 547.9871653480004, "peak_vram_bytes": 9184072704}
{"step": 540, "loss": 0.013743685558438301, "examples": 540, "session_seconds": 559.0130288040018, "peak_vram_bytes": 9184072704}
{"step": 550, "loss": 19.463726043701172, "examples": 550, "session_seconds": 569.345041876004, "peak_vram_bytes": 9184072704}
{"step": 560, "loss": 0.016987504437565804, "examples": 560, "session_seconds": 580.045889453002, "peak_vram_bytes": 9184072704}
{"step": 570, "loss": 0.013875405304133892, "examples": 570, "session_seconds": 590.4501472269985, "peak_vram_bytes": 9184072704}
{"step": 580, "loss": 0.013836346566677094, "examples": 580, "session_seconds": 600.5285072400002, "peak_vram_bytes": 9184072704}
{"step": 590, "loss": 0.01368024293333292, "examples": 590, "session_seconds": 611.2855785659995, "peak_vram_bytes": 9184072704}
{"step": 600, "loss": 0.013722337782382965, "examples": 600, "session_seconds": 621.4826816280038, "peak_vram_bytes": 9184072704}
{"step": 610, "loss": 0.01480124332010746, "examples": 610, "session_seconds": 631.829693038002, "peak_vram_bytes": 9184072704}
{"step": 620, "loss": 0.01788146421313286, "examples": 620, "session_seconds": 641.6237742100056, "peak_vram_bytes": 9184072704}
{"step": 630, "loss": 0.014767484739422798, "examples": 630, "session_seconds": 651.9729340970007, "peak_vram_bytes": 9184072704}
{"step": 640, "loss": 0.014868923462927341, "examples": 640, "session_seconds": 662.2063853090003, "peak_vram_bytes": 9184072704}
{"step": 650, "loss": 0.013882595114409924, "examples": 650, "session_seconds": 673.0478714000055, "peak_vram_bytes": 9184072704}
{"step": 660, "loss": 0.014443621970713139, "examples": 660, "session_seconds": 683.7047184840048, "peak_vram_bytes": 9184072704}
{"step": 670, "loss": 0.015263533219695091, "examples": 670, "session_seconds": 694.3424431530002, "peak_vram_bytes": 9184072704}
{"step": 680, "loss": 0.014591772109270096, "examples": 680, "session_seconds": 704.9647193990022, "peak_vram_bytes": 9184072704}
{"step": 690, "loss": 0.0170662272721529, "examples": 690, "session_seconds": 715.8506948389986, "peak_vram_bytes": 9184072704}
{"step": 700, "loss": 0.013566377572715282, "examples": 700, "session_seconds": 725.5059203990022, "peak_vram_bytes": 9184072704}
{"step": 710, "loss": 0.01377164013683796, "examples": 710, "session_seconds": 736.6589099780031, "peak_vram_bytes": 9184072704}
{"step": 720, "loss": 0.013894768431782722, "examples": 720, "session_seconds": 746.4423430440002, "peak_vram_bytes": 9184072704}
{"step": 730, "loss": 0.013805697672069073, "examples": 730, "session_seconds": 757.600159667003, "peak_vram_bytes": 9184072704}
{"step": 740, "loss": 0.013492359779775143, "examples": 740, "session_seconds": 767.8068791680053, "peak_vram_bytes": 9184072704}
{"step": 750, "loss": 0.014068969525396824, "examples": 750, "session_seconds": 778.115764867005, "peak_vram_bytes": 9184072704}
{"step": 760, "loss": 0.01416135672479868, "examples": 760, "session_seconds": 788.7827624170022, "peak_vram_bytes": 9184072704}
{"step": 770, "loss": 0.013826623558998108, "examples": 770, "session_seconds": 798.8666528489994, "peak_vram_bytes": 9184072704}
{"step": 780, "loss": 0.01362136285752058, "examples": 780, "session_seconds": 808.6253326299993, "peak_vram_bytes": 9184072704}
{"step": 790, "loss": 7.575015068054199, "examples": 790, "session_seconds": 818.5962191860017, "peak_vram_bytes": 9184072704}
{"step": 800, "loss": 0.013613789342343807, "examples": 800, "session_seconds": 828.3031335580017, "peak_vram_bytes": 9184072704}
{"step": 810, "loss": 0.0135289765894413, "examples": 810, "session_seconds": 838.4886779750013, "peak_vram_bytes": 9184072704}
{"step": 820, "loss": 0.013777501881122589, "examples": 820, "session_seconds": 848.4730526010026, "peak_vram_bytes": 9184072704}
{"step": 830, "loss": 0.013552512973546982, "examples": 830, "session_seconds": 858.2893611100008, "peak_vram_bytes": 9184072704}
{"step": 840, "loss": 0.013494814746081829, "examples": 840, "session_seconds": 868.2960278120008, "peak_vram_bytes": 9184072704}
{"step": 850, "loss": 0.017820214852690697, "examples": 850, "session_seconds": 879.1493377639999, "peak_vram_bytes": 9184072704}
{"step": 860, "loss": 0.0179627425968647, "examples": 860, "session_seconds": 889.2206651550005, "peak_vram_bytes": 9184072704}
{"step": 870, "loss": 0.02073676511645317, "examples": 870, "session_seconds": 899.0980570829997, "peak_vram_bytes": 9184072704}
{"step": 880, "loss": 0.02003328502178192, "examples": 880, "session_seconds": 909.189119845003, "peak_vram_bytes": 9184072704}
{"step": 890, "loss": 0.013728771358728409, "examples": 890, "session_seconds": 918.904325745003, "peak_vram_bytes": 9184072704}
{"step": 900, "loss": 0.01366280298680067, "examples": 900, "session_seconds": 928.6196465440007, "peak_vram_bytes": 9184072704}
{"step": 910, "loss": 0.014236154034733772, "examples": 910, "session_seconds": 938.7408792339993, "peak_vram_bytes": 9184072704}
{"step": 920, "loss": 0.014136213809251785, "examples": 920, "session_seconds": 949.092124077004, "peak_vram_bytes": 9184072704}
{"step": 930, "loss": 0.013548482209444046, "examples": 930, "session_seconds": 958.9423448380039, "peak_vram_bytes": 9184072704}
{"step": 940, "loss": 14.231059074401855, "examples": 940, "session_seconds": 968.6004586630006, "peak_vram_bytes": 9184072704}
{"step": 950, "loss": 14.033164978027344, "examples": 950, "session_seconds": 978.5542463480015, "peak_vram_bytes": 9184072704}
{"step": 960, "loss": 0.014786813408136368, "examples": 960, "session_seconds": 988.2757223310036, "peak_vram_bytes": 9184072704}
{"step": 970, "loss": 0.014353038743138313, "examples": 970, "session_seconds": 998.1205593129998, "peak_vram_bytes": 9184072704}
{"step": 980, "loss": 0.039818115532398224, "examples": 980, "session_seconds": 1008.1691438960042, "peak_vram_bytes": 9184072704}
{"step": 990, "loss": 0.09274543821811676, "examples": 990, "session_seconds": 1017.9778869130023, "peak_vram_bytes": 9184072704}
{"step": 1000, "loss": 0.015045979991555214, "examples": 1000, "session_seconds": 1027.7409453830041, "peak_vram_bytes": 9184072704}
{"step": 1010, "loss": 0.01791023649275303, "examples": 1010, "session_seconds": 1038.307598571002, "peak_vram_bytes": 9184072704}
{"step": 1020, "loss": 0.01381929311901331, "examples": 1020, "session_seconds": 1048.332406008005, "peak_vram_bytes": 9184072704}
{"step": 1030, "loss": 0.01367680449038744, "examples": 1030, "session_seconds": 1058.117346044004, "peak_vram_bytes": 9184072704}
{"step": 1040, "loss": 9.911260604858398, "examples": 1040, "session_seconds": 1068.1885644600043, "peak_vram_bytes": 9184072704}
{"step": 1050, "loss": 0.021063588559627533, "examples": 1050, "session_seconds": 1078.336016068999, "peak_vram_bytes": 9184072704}
{"step": 1060, "loss": 0.01443521212786436, "examples": 1060, "session_seconds": 1088.6616040560039, "peak_vram_bytes": 9184072704}
{"step": 1070, "loss": 0.013680987060070038, "examples": 1070, "session_seconds": 1099.8563527750011, "peak_vram_bytes": 9184072704}
{"step": 1080, "loss": 0.013521496206521988, "examples": 1080, "session_seconds": 1110.0637078060026, "peak_vram_bytes": 9184072704}
{"step": 1090, "loss": 0.01370235439389944, "examples": 1090, "session_seconds": 1120.2449878640036, "peak_vram_bytes": 9184072704}
{"step": 1100, "loss": 0.013779963366687298, "examples": 1100, "session_seconds": 1130.6064619200042, "peak_vram_bytes": 9184072704}
{"step": 1110, "loss": 0.015233350917696953, "examples": 1110, "session_seconds": 1141.5601988980052, "peak_vram_bytes": 9184072704}
{"step": 1120, "loss": 0.013986567035317421, "examples": 1120, "session_seconds": 1151.4339157550057, "peak_vram_bytes": 9184072704}
{"step": 1130, "loss": 0.09581556916236877, "examples": 1130, "session_seconds": 1161.5687943349985, "peak_vram_bytes": 9184072704}
{"step": 1140, "loss": 0.01583985984325409, "examples": 1140, "session_seconds": 1172.3238065910045, "peak_vram_bytes": 9184072704}
{"step": 1150, "loss": 17.65096664428711, "examples": 1150, "session_seconds": 1182.8726105980022, "peak_vram_bytes": 9184072704}
{"step": 1160, "loss": 0.014245464466512203, "examples": 1160, "session_seconds": 1193.3593223330026, "peak_vram_bytes": 9184072704}
{"step": 1170, "loss": 0.3578752279281616, "examples": 1170, "session_seconds": 1204.3350879400023, "peak_vram_bytes": 9184072704}
{"step": 1180, "loss": 0.01540913712233305, "examples": 1180, "session_seconds": 1214.8131646300026, "peak_vram_bytes": 9184072704}
{"step": 1190, "loss": 0.014037875458598137, "examples": 1190, "session_seconds": 1225.3467165379989, "peak_vram_bytes": 9184072704}
{"step": 1200, "loss": 4.3121795654296875, "examples": 1200, "session_seconds": 1236.164208359005, "peak_vram_bytes": 9184072704}
{"step": 1210, "loss": 0.014591971412301064, "examples": 1210, "session_seconds": 1247.3167678590034, "peak_vram_bytes": 9184072704}
{"step": 1220, "loss": 0.01491694524884224, "examples": 1220, "session_seconds": 1257.5050570680032, "peak_vram_bytes": 9184072704}
{"step": 1230, "loss": 0.022355329245328903, "examples": 1230, "session_seconds": 1268.2888768699995, "peak_vram_bytes": 9184072704}
{"step": 1240, "loss": 0.014578700065612793, "examples": 1240, "session_seconds": 1278.3548128980037, "peak_vram_bytes": 9184072704}
{"step": 1250, "loss": 15.078533172607422, "examples": 1250, "session_seconds": 1288.0371180810034, "peak_vram_bytes": 9184072704}
{"step": 1260, "loss": 0.014109743759036064, "examples": 1260, "session_seconds": 1298.2487448730026, "peak_vram_bytes": 9184072704}
{"step": 1270, "loss": 0.023343371227383614, "examples": 1270, "session_seconds": 1308.7413133910013, "peak_vram_bytes": 9184072704}
{"step": 1280, "loss": 0.9181962013244629, "examples": 1280, "session_seconds": 1318.7012327890043, "peak_vram_bytes": 9184072704}
{"step": 1290, "loss": 11.13464641571045, "examples": 1290, "session_seconds": 1328.7394790640028, "peak_vram_bytes": 9184072704}
{"step": 1300, "loss": 0.01390159036964178, "examples": 1300, "session_seconds": 1338.6983974790055, "peak_vram_bytes": 9184072704}
{"step": 1310, "loss": 15.020820617675781, "examples": 1310, "session_seconds": 1348.8403409450038, "peak_vram_bytes": 9184072704}
{"step": 1320, "loss": 0.01397777535021305, "examples": 1320, "session_seconds": 1359.2989629889998, "peak_vram_bytes": 9184072704}
{"step": 1330, "loss": 0.014808747917413712, "examples": 1330, "session_seconds": 1370.5687460300032, "peak_vram_bytes": 9184072704}
{"step": 1340, "loss": 0.013843134045600891, "examples": 1340, "session_seconds": 1381.4873552159988, "peak_vram_bytes": 9184072704}
{"step": 1350, "loss": 0.014150104485452175, "examples": 1350, "session_seconds": 1392.1944617660047, "peak_vram_bytes": 9184072704}
{"step": 1360, "loss": 0.014009183272719383, "examples": 1360, "session_seconds": 1402.926244801005, "peak_vram_bytes": 9184072704}
{"step": 1370, "loss": 19.528627395629883, "examples": 1370, "session_seconds": 1413.346034428003, "peak_vram_bytes": 9184072704}
{"step": 1380, "loss": 0.016965555027127266, "examples": 1380, "session_seconds": 1423.6639787770036, "peak_vram_bytes": 9184072704}
{"step": 1390, "loss": 0.01383989304304123, "examples": 1390, "session_seconds": 1434.0809034880003, "peak_vram_bytes": 9184072704}
{"step": 1400, "loss": 0.014054128900170326, "examples": 1400, "session_seconds": 1444.8074857160027, "peak_vram_bytes": 9184072704}
{"step": 1410, "loss": 0.014970913529396057, "examples": 1410, "session_seconds": 1455.096664703, "peak_vram_bytes": 9184072704}
{"step": 1420, "loss": 0.015593746677041054, "examples": 1420, "session_seconds": 1465.712874515004, "peak_vram_bytes": 9184072704}
{"step": 1430, "loss": 0.01461702212691307, "examples": 1430, "session_seconds": 1475.847776073002, "peak_vram_bytes": 9184072704}
{"step": 1440, "loss": 0.018114004284143448, "examples": 1440, "session_seconds": 1485.9955926450057, "peak_vram_bytes": 9184072704}
{"step": 1450, "loss": 0.014002603478729725, "examples": 1450, "session_seconds": 1495.6950288730004, "peak_vram_bytes": 9184072704}
{"step": 1460, "loss": 0.01753489300608635, "examples": 1460, "session_seconds": 1505.700311145003, "peak_vram_bytes": 9184072704}
{"step": 1470, "loss": 0.015584797598421574, "examples": 1470, "session_seconds": 1515.6443558790052, "peak_vram_bytes": 9184072704}
{"step": 1480, "loss": 0.013761576265096664, "examples": 1480, "session_seconds": 1526.1421206520026, "peak_vram_bytes": 9184072704}
{"step": 1490, "loss": 0.014045176096260548, "examples": 1490, "session_seconds": 1536.7366221519987, "peak_vram_bytes": 9184072704}
{"step": 1500, "loss": 0.015304072760045528, "examples": 1500, "session_seconds": 1546.5010003740026, "peak_vram_bytes": 9184072704}
{"step": 1510, "loss": 10.48410415649414, "examples": 1510, "session_seconds": 1556.6689889010013, "peak_vram_bytes": 9184072704}
{"step": 1520, "loss": 0.014777082949876785, "examples": 1520, "session_seconds": 1566.9948527140004, "peak_vram_bytes": 9184072704}
{"step": 1530, "loss": 0.015143870376050472, "examples": 1530, "session_seconds": 1576.843511924002, "peak_vram_bytes": 9184072704}
{"step": 1540, "loss": 18.75469970703125, "examples": 1540, "session_seconds": 1586.5715266949992, "peak_vram_bytes": 9184072704}
{"step": 1550, "loss": 0.013837462291121483, "examples": 1550, "session_seconds": 1596.4265820680012, "peak_vram_bytes": 9184072704}
{"step": 1560, "loss": 0.014649505726993084, "examples": 1560, "session_seconds": 1606.429096069005, "peak_vram_bytes": 9184072704}
{"step": 1570, "loss": 0.01499904878437519, "examples": 1570, "session_seconds": 1616.164690827005, "peak_vram_bytes": 9184072704}
{"step": 1580, "loss": 0.015351347625255585, "examples": 1580, "session_seconds": 1625.9469439480017, "peak_vram_bytes": 9184072704}
{"step": 1590, "loss": 0.013964616693556309, "examples": 1590, "session_seconds": 1636.0012494780021, "peak_vram_bytes": 9184072704}
{"step": 1600, "loss": 0.013876513577997684, "examples": 1600, "session_seconds": 1645.6918796710015, "peak_vram_bytes": 9184072704}
{"step": 1610, "loss": 0.01359133142977953, "examples": 1610, "session_seconds": 1655.8966685300038, "peak_vram_bytes": 9184072704}
{"step": 1620, "loss": 21.970914840698242, "examples": 1620, "session_seconds": 1666.064891715003, "peak_vram_bytes": 9184072704}
{"step": 1630, "loss": 0.01383768580853939, "examples": 1630, "session_seconds": 1675.8656142030013, "peak_vram_bytes": 9184072704}
{"step": 1640, "loss": 0.013774997554719448, "examples": 1640, "session_seconds": 1685.6040796020025, "peak_vram_bytes": 9184072704}
{"step": 1650, "loss": 0.013758753426373005, "examples": 1650, "session_seconds": 1695.3986226870038, "peak_vram_bytes": 9184072704}
{"step": 1660, "loss": 0.014332665130496025, "examples": 1660, "session_seconds": 1705.5206878710014, "peak_vram_bytes": 9184072704}
{"step": 1670, "loss": 0.016874559223651886, "examples": 1670, "session_seconds": 1715.2647568460015, "peak_vram_bytes": 9184072704}
{"step": 1680, "loss": 0.015929782763123512, "examples": 1680, "session_seconds": 1724.9964962380036, "peak_vram_bytes": 9184072704}
{"step": 1690, "loss": 0.014469137415289879, "examples": 1690, "session_seconds": 1735.0484552630005, "peak_vram_bytes": 9184072704}
{"step": 1700, "loss": 0.013743528164923191, "examples": 1700, "session_seconds": 1745.1125292340002, "peak_vram_bytes": 9184072704}
{"step": 1710, "loss": 0.014604806900024414, "examples": 1710, "session_seconds": 1755.258709724003, "peak_vram_bytes": 9184072704}
{"step": 1720, "loss": 0.046409450471401215, "examples": 1720, "session_seconds": 1765.917648827999, "peak_vram_bytes": 9184072704}
{"step": 1730, "loss": 0.014912665821611881, "examples": 1730, "session_seconds": 1776.140701618002, "peak_vram_bytes": 9184072704}
{"step": 1740, "loss": 0.0198995228856802, "examples": 1740, "session_seconds": 1786.6369227739997, "peak_vram_bytes": 9184072704}
{"step": 1750, "loss": 0.15959930419921875, "examples": 1750, "session_seconds": 1797.946415475999, "peak_vram_bytes": 9184072704}
{"step": 1760, "loss": 13.88576889038086, "examples": 1760, "session_seconds": 1808.237654743003, "peak_vram_bytes": 9184072704}
{"step": 1770, "loss": 0.013800554908812046, "examples": 1770, "session_seconds": 1818.4343750129992, "peak_vram_bytes": 9184072704}
{"step": 1780, "loss": 0.019618747755885124, "examples": 1780, "session_seconds": 1829.320303133005, "peak_vram_bytes": 9184072704}
{"step": 1790, "loss": 0.014069011434912682, "examples": 1790, "session_seconds": 1839.8013235260005, "peak_vram_bytes": 9184072704}
{"step": 1800, "loss": 0.013984223827719688, "examples": 1800, "session_seconds": 1850.2766295770052, "peak_vram_bytes": 9184072704}
{"step": 1810, "loss": 19.534025192260742, "examples": 1810, "session_seconds": 1861.3803137300056, "peak_vram_bytes": 9184072704}
{"step": 1820, "loss": 0.015008039772510529, "examples": 1820, "session_seconds": 1872.6563737800025, "peak_vram_bytes": 9184072704}
{"step": 1830, "loss": 0.015024062246084213, "examples": 1830, "session_seconds": 1883.1796729390044, "peak_vram_bytes": 9184072704}
{"step": 1840, "loss": 0.013784169219434261, "examples": 1840, "session_seconds": 1893.5562101739997, "peak_vram_bytes": 9184072704}
{"step": 1850, "loss": 0.014028001576662064, "examples": 1850, "session_seconds": 1904.2076894310012, "peak_vram_bytes": 9184072704}
{"step": 1860, "loss": 0.014060590416193008, "examples": 1860, "session_seconds": 1914.5624546530016, "peak_vram_bytes": 9184072704}
{"step": 1870, "loss": 0.013856831938028336, "examples": 1870, "session_seconds": 1924.3783050820057, "peak_vram_bytes": 9184072704}
{"step": 1880, "loss": 0.013960069045424461, "examples": 1880, "session_seconds": 1934.7045394090019, "peak_vram_bytes": 9184072704}
{"step": 1890, "loss": 0.013811537995934486, "examples": 1890, "session_seconds": 1944.5222534320055, "peak_vram_bytes": 9184072704}
{"step": 1900, "loss": 18.8373966217041, "examples": 1900, "session_seconds": 1954.1936667150003, "peak_vram_bytes": 9184072704}
{"step": 1910, "loss": 16.045316696166992, "examples": 1910, "session_seconds": 1965.0623028720001, "peak_vram_bytes": 9184072704}
{"step": 1920, "loss": 11.115747451782227, "examples": 1920, "session_seconds": 1975.2961155290031, "peak_vram_bytes": 9184072704}
{"step": 1930, "loss": 0.013911467045545578, "examples": 1930, "session_seconds": 1985.5925648570046, "peak_vram_bytes": 9184072704}
{"step": 1940, "loss": 0.014021663926541805, "examples": 1940, "session_seconds": 1995.7620243130004, "peak_vram_bytes": 9184072704}
{"step": 1950, "loss": 0.02059156820178032, "examples": 1950, "session_seconds": 2005.8429062440046, "peak_vram_bytes": 9184072704}
{"step": 1960, "loss": 0.014362122863531113, "examples": 1960, "session_seconds": 2015.8513236569997, "peak_vram_bytes": 9184072704}
{"step": 1970, "loss": 0.014003307558596134, "examples": 1970, "session_seconds": 2025.608878169005, "peak_vram_bytes": 9184072704}
{"step": 1980, "loss": 0.014725678600370884, "examples": 1980, "session_seconds": 2035.8871499420056, "peak_vram_bytes": 9184072704}
{"step": 1990, "loss": 0.014469683170318604, "examples": 1990, "session_seconds": 2046.3749382640017, "peak_vram_bytes": 9184072704}
{"step": 2000, "loss": 0.01535979937762022, "examples": 2000, "session_seconds": 2056.6707454450006, "peak_vram_bytes": 9184072704}
{"step": 2010, "loss": 0.013929641805589199, "examples": 2010, "session_seconds": 2068.1576511750027, "peak_vram_bytes": 9184072704}
{"step": 2020, "loss": 0.013901736587285995, "examples": 2020, "session_seconds": 2078.069790450005, "peak_vram_bytes": 9184072704}
{"step": 2030, "loss": 0.013869374990463257, "examples": 2030, "session_seconds": 2088.723265710003, "peak_vram_bytes": 9184072704}
{"step": 2040, "loss": 0.013651622459292412, "examples": 2040, "session_seconds": 2099.8250099590005, "peak_vram_bytes": 9184072704}
{"step": 2050, "loss": 6.836486339569092, "examples": 2050, "session_seconds": 2110.4043298130055, "peak_vram_bytes": 9184072704}
{"step": 2060, "loss": 0.03771500661969185, "examples": 2060, "session_seconds": 2120.506685528999, "peak_vram_bytes": 9184072704}
{"step": 2070, "loss": 0.020192541182041168, "examples": 2070, "session_seconds": 2130.346490355005, "peak_vram_bytes": 9184072704}
{"step": 2080, "loss": 0.089997299015522, "examples": 2080, "session_seconds": 2140.307629843999, "peak_vram_bytes": 9184072704}
{"step": 2090, "loss": 0.014031164348125458, "examples": 2090, "session_seconds": 2150.414785136003, "peak_vram_bytes": 9184072704}
{"step": 2100, "loss": 0.014849158935248852, "examples": 2100, "session_seconds": 2160.211579683004, "peak_vram_bytes": 9184072704}
{"step": 2110, "loss": 0.151032954454422, "examples": 2110, "session_seconds": 2170.831603024999, "peak_vram_bytes": 9184072704}
{"step": 2120, "loss": 7.822880268096924, "examples": 2120, "session_seconds": 2181.296013676001, "peak_vram_bytes": 9184072704}
{"step": 2130, "loss": 0.2668367028236389, "examples": 2130, "session_seconds": 2191.327949657003, "peak_vram_bytes": 9184072704}
{"step": 2140, "loss": 0.01394808478653431, "examples": 2140, "session_seconds": 2201.591643769003, "peak_vram_bytes": 9184072704}
{"step": 2150, "loss": 18.59213638305664, "examples": 2150, "session_seconds": 2211.3757809610033, "peak_vram_bytes": 9184072704}
{"step": 2160, "loss": 0.013916142284870148, "examples": 2160, "session_seconds": 2221.1187798570027, "peak_vram_bytes": 9184072704}
{"step": 2170, "loss": 0.013829072937369347, "examples": 2170, "session_seconds": 2231.416488269999, "peak_vram_bytes": 9184072704}
{"step": 2180, "loss": 0.013861590065062046, "examples": 2180, "session_seconds": 2241.8224517820054, "peak_vram_bytes": 9184072704}
{"step": 2190, "loss": 0.013532201759517193, "examples": 2190, "session_seconds": 2252.587306500005, "peak_vram_bytes": 9184072704}
{"step": 2200, "loss": 0.01385809388011694, "examples": 2200, "session_seconds": 2263.3248082670034, "peak_vram_bytes": 9184072704}
{"step": 2210, "loss": 0.014350255951285362, "examples": 2210, "session_seconds": 2273.8400150029993, "peak_vram_bytes": 9184072704}
{"step": 2220, "loss": 0.014102709479629993, "examples": 2220, "session_seconds": 2283.5340132440033, "peak_vram_bytes": 9184072704}
{"step": 2230, "loss": 0.014135658740997314, "examples": 2230, "session_seconds": 2293.4552751500014, "peak_vram_bytes": 9184072704}
{"step": 2240, "loss": 0.02014256827533245, "examples": 2240, "session_seconds": 2303.894042027001, "peak_vram_bytes": 9184072704}
{"step": 2250, "loss": 0.014941333793103695, "examples": 2250, "session_seconds": 2313.580772802001, "peak_vram_bytes": 9184072704}
{"step": 2260, "loss": 0.03194805979728699, "examples": 2260, "session_seconds": 2323.2449384770007, "peak_vram_bytes": 9184072704}
{"step": 2270, "loss": 0.014034107327461243, "examples": 2270, "session_seconds": 2333.1883367000046, "peak_vram_bytes": 9184072704}
{"step": 2280, "loss": 0.014046083204448223, "examples": 2280, "session_seconds": 2343.0473413069994, "peak_vram_bytes": 9184072704}
{"step": 2290, "loss": 0.013753009028732777, "examples": 2290, "session_seconds": 2352.7780575330034, "peak_vram_bytes": 9184072704}
{"step": 2300, "loss": 16.134122848510742, "examples": 2300, "session_seconds": 2362.8106363390034, "peak_vram_bytes": 9184072704}
{"step": 2310, "loss": 0.013888860121369362, "examples": 2310, "session_seconds": 2373.039049949002, "peak_vram_bytes": 9184072704}
{"step": 2320, "loss": 0.013760029338300228, "examples": 2320, "session_seconds": 2382.824446602004, "peak_vram_bytes": 9184072704}
{"step": 2330, "loss": 0.013762524351477623, "examples": 2330, "session_seconds": 2392.571573838002, "peak_vram_bytes": 9184072704}
{"step": 2340, "loss": 0.01365122850984335, "examples": 2340, "session_seconds": 2402.6389180120023, "peak_vram_bytes": 9184072704}
{"step": 2350, "loss": 18.31183433532715, "examples": 2350, "session_seconds": 2412.3599502440047, "peak_vram_bytes": 9184072704}
{"step": 2360, "loss": 0.019068516790866852, "examples": 2360, "session_seconds": 2422.0845405500004, "peak_vram_bytes": 9184072704}
{"step": 2370, "loss": 0.014040984213352203, "examples": 2370, "session_seconds": 2432.1154049120014, "peak_vram_bytes": 9184072704}
{"step": 2380, "loss": 0.045037850737571716, "examples": 2380, "session_seconds": 2441.878793463002, "peak_vram_bytes": 9184072704}
{"step": 2390, "loss": 0.013937104493379593, "examples": 2390, "session_seconds": 2451.611548878005, "peak_vram_bytes": 9184072704}
{"step": 2400, "loss": 0.014880675822496414, "examples": 2400, "session_seconds": 2461.6068166449986, "peak_vram_bytes": 9184072704}
{"step": 2410, "loss": 0.013957539573311806, "examples": 2410, "session_seconds": 2471.8648485520025, "peak_vram_bytes": 9184072704}
{"step": 2420, "loss": 0.01449659001082182, "examples": 2420, "session_seconds": 2481.8788805400036, "peak_vram_bytes": 9184072704}
{"step": 2430, "loss": 0.014034571126103401, "examples": 2430, "session_seconds": 2492.025048487005, "peak_vram_bytes": 9184072704}
{"step": 2440, "loss": 0.014121067710220814, "examples": 2440, "session_seconds": 2502.0173568480022, "peak_vram_bytes": 9184072704}
{"step": 2450, "loss": 0.014368860982358456, "examples": 2450, "session_seconds": 2511.7342067510035, "peak_vram_bytes": 9184072704}
{"step": 2460, "loss": 0.014591924846172333, "examples": 2460, "session_seconds": 2521.740720544003, "peak_vram_bytes": 9184072704}
{"step": 2470, "loss": 0.013969535008072853, "examples": 2470, "session_seconds": 2532.537301643002, "peak_vram_bytes": 9184072704}
{"step": 2480, "loss": 0.023857902735471725, "examples": 2480, "session_seconds": 2543.1669655310034, "peak_vram_bytes": 9184072704}
{"step": 2490, "loss": 9.450775146484375, "examples": 2490, "session_seconds": 2553.4577480150037, "peak_vram_bytes": 9184072704}
{"step": 2500, "loss": 0.06010650098323822, "examples": 2500, "session_seconds": 2564.546049933, "peak_vram_bytes": 9185080320}
{"step": 2510, "loss": 0.014129184186458588, "examples": 2510, "session_seconds": 2575.557807958001, "peak_vram_bytes": 9185080320}
{"step": 2520, "loss": 0.014111468568444252, "examples": 2520, "session_seconds": 2585.789991853002, "peak_vram_bytes": 9185080320}
{"step": 2530, "loss": 0.013844906352460384, "examples": 2530, "session_seconds": 2596.5977141600015, "peak_vram_bytes": 9185080320}
{"step": 2540, "loss": 0.013851776719093323, "examples": 2540, "session_seconds": 2606.525192579, "peak_vram_bytes": 9185080320}
{"step": 2550, "loss": 0.12941184639930725, "examples": 2550, "session_seconds": 2616.2428901329986, "peak_vram_bytes": 9185080320}
{"step": 2560, "loss": 0.3268415927886963, "examples": 2560, "session_seconds": 2626.61546619, "peak_vram_bytes": 9185080320}
{"step": 2570, "loss": 0.034457139670848846, "examples": 2570, "session_seconds": 2636.3401128100013, "peak_vram_bytes": 9185080320}
{"step": 2580, "loss": 0.01433874573558569, "examples": 2580, "session_seconds": 2646.306150974, "peak_vram_bytes": 9185080320}
{"step": 2590, "loss": 9.10015869140625, "examples": 2590, "session_seconds": 2656.269733521003, "peak_vram_bytes": 9185080320}
{"step": 2600, "loss": 0.013677619397640228, "examples": 2600, "session_seconds": 2666.9995884060045, "peak_vram_bytes": 9185080320}
{"step": 2610, "loss": 0.013754616491496563, "examples": 2610, "session_seconds": 2677.4080181399986, "peak_vram_bytes": 9185080320}
{"step": 2620, "loss": 0.013775915838778019, "examples": 2620, "session_seconds": 2687.058814420001, "peak_vram_bytes": 9185080320}
{"step": 2630, "loss": 0.013700168579816818, "examples": 2630, "session_seconds": 2697.2193694390007, "peak_vram_bytes": 9185080320}
{"step": 2640, "loss": 0.013729463331401348, "examples": 2640, "session_seconds": 2706.9525120100006, "peak_vram_bytes": 9185080320}
{"step": 2650, "loss": 8.46197509765625, "examples": 2650, "session_seconds": 2716.720633845005, "peak_vram_bytes": 9185080320}
{"step": 2660, "loss": 0.01435140147805214, "examples": 2660, "session_seconds": 2726.6828787060003, "peak_vram_bytes": 9185080320}
{"step": 2670, "loss": 0.020401421934366226, "examples": 2670, "session_seconds": 2736.370872176005, "peak_vram_bytes": 9185080320}
{"step": 2680, "loss": 0.01620507426559925, "examples": 2680, "session_seconds": 2746.1316865250046, "peak_vram_bytes": 9185080320}
{"step": 2690, "loss": 0.014979235827922821, "examples": 2690, "session_seconds": 2756.806565758001, "peak_vram_bytes": 9185080320}
{"step": 2700, "loss": 0.016901550814509392, "examples": 2700, "session_seconds": 2766.9345879989996, "peak_vram_bytes": 9185080320}
{"step": 2710, "loss": 0.015474235638976097, "examples": 2710, "session_seconds": 2777.1999946450014, "peak_vram_bytes": 9185080320}
{"step": 2720, "loss": 0.015504256822168827, "examples": 2720, "session_seconds": 2787.1338388639997, "peak_vram_bytes": 9185080320}
{"step": 2730, "loss": 0.014096002094447613, "examples": 2730, "session_seconds": 2797.343043370005, "peak_vram_bytes": 9185080320}
{"step": 2740, "loss": 0.014372906647622585, "examples": 2740, "session_seconds": 2807.644083594001, "peak_vram_bytes": 9185080320}
{"step": 2750, "loss": 0.015377131290733814, "examples": 2750, "session_seconds": 2818.1986149580043, "peak_vram_bytes": 9185080320}
{"step": 2760, "loss": 13.123431205749512, "examples": 2760, "session_seconds": 2828.4884748360055, "peak_vram_bytes": 9185080320}
{"step": 2770, "loss": 0.014837924391031265, "examples": 2770, "session_seconds": 2838.866991474002, "peak_vram_bytes": 9185080320}
{"step": 2780, "loss": 19.1744327545166, "examples": 2780, "session_seconds": 2849.1997558560033, "peak_vram_bytes": 9185080320}
{"step": 2790, "loss": 0.01458535436540842, "examples": 2790, "session_seconds": 2859.765326425004, "peak_vram_bytes": 9185080320}
{"step": 2800, "loss": 0.014235823415219784, "examples": 2800, "session_seconds": 2870.2227991260006, "peak_vram_bytes": 9185080320}
{"step": 2810, "loss": 0.018623091280460358, "examples": 2810, "session_seconds": 2881.230316293004, "peak_vram_bytes": 9185080320}
{"step": 2820, "loss": 0.01791054755449295, "examples": 2820, "session_seconds": 2891.219495711004, "peak_vram_bytes": 9185080320}
{"step": 2830, "loss": 0.02101694419980049, "examples": 2830, "session_seconds": 2901.099752137001, "peak_vram_bytes": 9185080320}
{"step": 2840, "loss": 0.014044311828911304, "examples": 2840, "session_seconds": 2910.894341789004, "peak_vram_bytes": 9185080320}
{"step": 2850, "loss": 0.013756930828094482, "examples": 2850, "session_seconds": 2920.876561198005, "peak_vram_bytes": 9185080320}
{"step": 2860, "loss": 0.014050398021936417, "examples": 2860, "session_seconds": 2930.545491334, "peak_vram_bytes": 9185080320}
{"step": 2870, "loss": 0.01389749813824892, "examples": 2870, "session_seconds": 2940.7331135269997, "peak_vram_bytes": 9185080320}
{"step": 2880, "loss": 0.013771233148872852, "examples": 2880, "session_seconds": 2951.3664202040018, "peak_vram_bytes": 9185080320}
{"step": 2890, "loss": 0.014174395240843296, "examples": 2890, "session_seconds": 2961.677662041002, "peak_vram_bytes": 9185080320}
{"step": 2900, "loss": 17.21055030822754, "examples": 2900, "session_seconds": 2972.1121735609995, "peak_vram_bytes": 9185080320}
{"step": 2910, "loss": 0.020337756723165512, "examples": 2910, "session_seconds": 2983.093873867001, "peak_vram_bytes": 9185080320}
{"step": 2920, "loss": 13.646135330200195, "examples": 2920, "session_seconds": 2993.379672367002, "peak_vram_bytes": 9185080320}
{"step": 2930, "loss": 0.014232424087822437, "examples": 2930, "session_seconds": 3003.6560270430055, "peak_vram_bytes": 9185080320}
{"step": 2940, "loss": 0.0370972715318203, "examples": 2940, "session_seconds": 3014.1534865110007, "peak_vram_bytes": 9185080320}
{"step": 2950, "loss": 0.0376729890704155, "examples": 2950, "session_seconds": 3024.943929055, "peak_vram_bytes": 9185080320}
{"step": 2960, "loss": 0.028449947014451027, "examples": 2960, "session_seconds": 3035.3078027880038, "peak_vram_bytes": 9185080320}
{"step": 2970, "loss": 0.01411464624106884, "examples": 2970, "session_seconds": 3045.780522588, "peak_vram_bytes": 9185080320}
{"step": 2980, "loss": 0.015511163510382175, "examples": 2980, "session_seconds": 3055.709729647002, "peak_vram_bytes": 9185080320}
{"step": 2990, "loss": 0.023664142936468124, "examples": 2990, "session_seconds": 3065.3689930969995, "peak_vram_bytes": 9185080320}
{"step": 3000, "loss": 0.022762656211853027, "examples": 3000, "session_seconds": 3075.1814659650045, "peak_vram_bytes": 9185080320}
{"step": 3010, "loss": 0.013958318158984184, "examples": 3010, "session_seconds": 3087.025442746999, "peak_vram_bytes": 9185080320}
{"step": 3020, "loss": 0.013726051896810532, "examples": 3020, "session_seconds": 3097.653456136002, "peak_vram_bytes": 9185080320}
{"step": 3030, "loss": 0.013718807138502598, "examples": 3030, "session_seconds": 3107.641703715002, "peak_vram_bytes": 9185080320}
{"step": 3040, "loss": 0.015477139502763748, "examples": 3040, "session_seconds": 3118.0748371330046, "peak_vram_bytes": 9185080320}
{"step": 3050, "loss": 0.014432101510465145, "examples": 3050, "session_seconds": 3129.005614228001, "peak_vram_bytes": 9185080320}
{"step": 3060, "loss": 0.014235110022127628, "examples": 3060, "session_seconds": 3139.212127234001, "peak_vram_bytes": 9185080320}
{"step": 3070, "loss": 0.015278524719178677, "examples": 3070, "session_seconds": 3149.2188896760053, "peak_vram_bytes": 9185080320}
{"step": 3080, "loss": 3.946826696395874, "examples": 3080, "session_seconds": 3159.8859739170002, "peak_vram_bytes": 9185080320}
{"step": 3090, "loss": 0.014393344521522522, "examples": 3090, "session_seconds": 3169.5771294150036, "peak_vram_bytes": 9185080320}
{"step": 3100, "loss": 8.706145286560059, "examples": 3100, "session_seconds": 3179.204294686002, "peak_vram_bytes": 9185080320}
{"step": 3110, "loss": 0.016582589596509933, "examples": 3110, "session_seconds": 3189.7668762910034, "peak_vram_bytes": 9185080320}
{"step": 3120, "loss": 0.013675233349204063, "examples": 3120, "session_seconds": 3200.1727857440055, "peak_vram_bytes": 9185080320}
{"step": 3130, "loss": 0.0142607931047678, "examples": 3130, "session_seconds": 3210.5785235779986, "peak_vram_bytes": 9185080320}
{"step": 3140, "loss": 0.013570105656981468, "examples": 3140, "session_seconds": 3221.0981340220023, "peak_vram_bytes": 9185080320}
{"step": 3150, "loss": 20.090608596801758, "examples": 3150, "session_seconds": 3231.1841607280003, "peak_vram_bytes": 9185080320}
{"step": 3160, "loss": 0.013583218678832054, "examples": 3160, "session_seconds": 3241.444670557001, "peak_vram_bytes": 9185080320}
{"step": 3170, "loss": 6.926379203796387, "examples": 3170, "session_seconds": 3252.1485772830056, "peak_vram_bytes": 9185080320}
{"step": 3180, "loss": 0.013581249862909317, "examples": 3180, "session_seconds": 3262.5366276480054, "peak_vram_bytes": 9185080320}
{"step": 3190, "loss": 0.014575350098311901, "examples": 3190, "session_seconds": 3273.2441021210034, "peak_vram_bytes": 9185080320}
{"step": 3200, "loss": 12.971944808959961, "examples": 3200, "session_seconds": 3283.7222161610043, "peak_vram_bytes": 9185080320}
{"step": 3210, "loss": 0.013601700775325298, "examples": 3210, "session_seconds": 3295.580110294002, "peak_vram_bytes": 9185080320}
{"step": 3220, "loss": 0.014916948042809963, "examples": 3220, "session_seconds": 3305.944568867999, "peak_vram_bytes": 9185080320}
{"step": 3230, "loss": 0.5241542458534241, "examples": 3230, "session_seconds": 3315.6659696740026, "peak_vram_bytes": 9185080320}
{"step": 3240, "loss": 0.013512066565454006, "examples": 3240, "session_seconds": 3325.646481499003, "peak_vram_bytes": 9185080320}
{"step": 3250, "loss": 0.013504110276699066, "examples": 3250, "session_seconds": 3335.323026887003, "peak_vram_bytes": 9185080320}
{"step": 3260, "loss": 0.015321850776672363, "examples": 3260, "session_seconds": 3345.049807525, "peak_vram_bytes": 9185080320}
{"step": 3270, "loss": 0.1634354591369629, "examples": 3270, "session_seconds": 3355.0112621459994, "peak_vram_bytes": 9185080320}
{"step": 3280, "loss": 0.01352718286216259, "examples": 3280, "session_seconds": 3365.0498725750003, "peak_vram_bytes": 9185080320}
{"step": 3290, "loss": 12.655813217163086, "examples": 3290, "session_seconds": 3375.2712779819994, "peak_vram_bytes": 9185080320}
{"step": 3300, "loss": 0.06836021691560745, "examples": 3300, "session_seconds": 3386.354291112002, "peak_vram_bytes": 9185080320}
{"step": 3310, "loss": 0.013421814888715744, "examples": 3310, "session_seconds": 3397.534159477, "peak_vram_bytes": 9185080320}
{"step": 3320, "loss": 0.013438008725643158, "examples": 3320, "session_seconds": 3408.1928922290026, "peak_vram_bytes": 9185080320}
{"step": 3330, "loss": 0.013378046452999115, "examples": 3330, "session_seconds": 3419.14199525, "peak_vram_bytes": 9185080320}
{"step": 3340, "loss": 0.013575652614235878, "examples": 3340, "session_seconds": 3429.8348405190045, "peak_vram_bytes": 9185080320}
{"step": 3350, "loss": 0.015178265050053596, "examples": 3350, "session_seconds": 3439.8291155469997, "peak_vram_bytes": 9185080320}
{"step": 3360, "loss": 0.013521983288228512, "examples": 3360, "session_seconds": 3450.0561632460012, "peak_vram_bytes": 9185080320}
{"step": 3370, "loss": 0.013691292144358158, "examples": 3370, "session_seconds": 3461.211487245004, "peak_vram_bytes": 9185080320}
{"step": 3380, "loss": 0.014571690931916237, "examples": 3380, "session_seconds": 3471.602264508001, "peak_vram_bytes": 9185080320}
{"step": 3390, "loss": 0.014475606381893158, "examples": 3390, "session_seconds": 3481.9354347510016, "peak_vram_bytes": 9185080320}
{"step": 3400, "loss": 0.013738366775214672, "examples": 3400, "session_seconds": 3492.963420578999, "peak_vram_bytes": 9185080320}
{"step": 3410, "loss": 0.014167503453791142, "examples": 3410, "session_seconds": 3503.9443683470017, "peak_vram_bytes": 9185080320}
{"step": 3420, "loss": 0.015746040269732475, "examples": 3420, "session_seconds": 3514.5087565520007, "peak_vram_bytes": 9185080320}
{"step": 3430, "loss": 0.013399031013250351, "examples": 3430, "session_seconds": 3524.746423936005, "peak_vram_bytes": 9185080320}
{"step": 3440, "loss": 0.013365204446017742, "examples": 3440, "session_seconds": 3534.9755789650008, "peak_vram_bytes": 9185080320}
{"step": 3450, "loss": 0.02127150446176529, "examples": 3450, "session_seconds": 3544.757988702004, "peak_vram_bytes": 9185080320}
{"step": 3460, "loss": 0.01339159905910492, "examples": 3460, "session_seconds": 3554.495798267002, "peak_vram_bytes": 9185080320}
{"step": 3470, "loss": 0.013519699685275555, "examples": 3470, "session_seconds": 3564.5655195920044, "peak_vram_bytes": 9185080320}
{"step": 3480, "loss": 0.013824518769979477, "examples": 3480, "session_seconds": 3574.3094803330023, "peak_vram_bytes": 9185080320}
{"step": 3490, "loss": 0.014084527269005775, "examples": 3490, "session_seconds": 3584.155896410004, "peak_vram_bytes": 9185080320}
{"step": 3500, "loss": 14.7275390625, "examples": 3500, "session_seconds": 3595.5021140130048, "peak_vram_bytes": 9185080320}
{"step": 3510, "loss": 0.013356223702430725, "examples": 3510, "session_seconds": 3606.509668316001, "peak_vram_bytes": 9185080320}
{"step": 3520, "loss": 0.020753568038344383, "examples": 3520, "session_seconds": 3617.1761075489994, "peak_vram_bytes": 9185080320}
{"step": 3530, "loss": 0.054467204958200455, "examples": 3530, "session_seconds": 3628.4833024390027, "peak_vram_bytes": 9185080320}
{"step": 3540, "loss": 9.117704391479492, "examples": 3540, "session_seconds": 3638.9963420700005, "peak_vram_bytes": 9185080320}
{"step": 3550, "loss": 0.01345140766352415, "examples": 3550, "session_seconds": 3649.2545453420025, "peak_vram_bytes": 9185080320}
{"step": 3560, "loss": 0.013543927110731602, "examples": 3560, "session_seconds": 3660.733487919002, "peak_vram_bytes": 9185080320}
{"step": 3570, "loss": 0.013399050571024418, "examples": 3570, "session_seconds": 3671.2188794220056, "peak_vram_bytes": 9185080320}
{"step": 3580, "loss": 0.013865169137716293, "examples": 3580, "session_seconds": 3681.7413783220036, "peak_vram_bytes": 9185080320}
{"step": 3590, "loss": 0.013546392321586609, "examples": 3590, "session_seconds": 3692.017773917003, "peak_vram_bytes": 9185080320}
{"step": 3600, "loss": 0.013743842020630836, "examples": 3600, "session_seconds": 3702.8515836420047, "peak_vram_bytes": 9185080320}
{"step": 3610, "loss": 0.013781523331999779, "examples": 3610, "session_seconds": 3713.6943464060023, "peak_vram_bytes": 9185080320}
{"step": 3620, "loss": 0.01344476267695427, "examples": 3620, "session_seconds": 3724.174169949001, "peak_vram_bytes": 9185080320}
{"step": 3630, "loss": 0.013354374095797539, "examples": 3630, "session_seconds": 3735.3198096199994, "peak_vram_bytes": 9185080320}
{"step": 3640, "loss": 0.013385960832238197, "examples": 3640, "session_seconds": 3745.098803243003, "peak_vram_bytes": 9185080320}
{"step": 3650, "loss": 0.0133666368201375, "examples": 3650, "session_seconds": 3755.185728204, "peak_vram_bytes": 9185080320}
{"step": 3660, "loss": 0.013712462037801743, "examples": 3660, "session_seconds": 3765.295443660005, "peak_vram_bytes": 9185080320}
{"step": 3670, "loss": 0.013357487507164478, "examples": 3670, "session_seconds": 3775.187285839005, "peak_vram_bytes": 9185080320}
{"step": 3680, "loss": 0.014628289267420769, "examples": 3680, "session_seconds": 3784.923508974003, "peak_vram_bytes": 9185080320}
{"step": 3690, "loss": 0.013466239906847477, "examples": 3690, "session_seconds": 3794.8748785630014, "peak_vram_bytes": 9185080320}
{"step": 3700, "loss": 0.013605560176074505, "examples": 3700, "session_seconds": 3804.720207024002, "peak_vram_bytes": 9185080320}
{"step": 3710, "loss": 0.013335982337594032, "examples": 3710, "session_seconds": 3815.256267994002, "peak_vram_bytes": 9185080320}
{"step": 3720, "loss": 0.013305279426276684, "examples": 3720, "session_seconds": 3825.838095444, "peak_vram_bytes": 9185080320}
{"step": 3730, "loss": 0.01336150337010622, "examples": 3730, "session_seconds": 3835.8632957510054, "peak_vram_bytes": 9185080320}
{"step": 3740, "loss": 0.13970309495925903, "examples": 3740, "session_seconds": 3845.954631763001, "peak_vram_bytes": 9185080320}
{"step": 3750, "loss": 0.013547610491514206, "examples": 3750, "session_seconds": 3856.2601730150054, "peak_vram_bytes": 9185080320}
{"step": 3760, "loss": 0.015157824382185936, "examples": 3760, "session_seconds": 3866.1906211410023, "peak_vram_bytes": 9185080320}
{"step": 3770, "loss": 0.013754821382462978, "examples": 3770, "session_seconds": 3875.9461327700046, "peak_vram_bytes": 9185080320}
{"step": 3780, "loss": 0.013795183971524239, "examples": 3780, "session_seconds": 3885.655299887003, "peak_vram_bytes": 9185080320}
{"step": 3790, "loss": 0.013827335089445114, "examples": 3790, "session_seconds": 3895.6938054580023, "peak_vram_bytes": 9185080320}
{"step": 3800, "loss": 0.013558872044086456, "examples": 3800, "session_seconds": 3905.3774994199994, "peak_vram_bytes": 9185080320}
{"step": 3810, "loss": 0.02149631641805172, "examples": 3810, "session_seconds": 3915.522084739001, "peak_vram_bytes": 9185080320}
{"step": 3820, "loss": 0.013613389804959297, "examples": 3820, "session_seconds": 3926.1237046290044, "peak_vram_bytes": 9185080320}
{"step": 3830, "loss": 0.013430207036435604, "examples": 3830, "session_seconds": 3936.912133003003, "peak_vram_bytes": 9185080320}
{"step": 3840, "loss": 0.013432633131742477, "examples": 3840, "session_seconds": 3947.8682707240005, "peak_vram_bytes": 9185080320}
{"step": 3850, "loss": 14.604612350463867, "examples": 3850, "session_seconds": 3958.157828522999, "peak_vram_bytes": 9185080320}
{"step": 3860, "loss": 0.017056211829185486, "examples": 3860, "session_seconds": 3968.180670668, "peak_vram_bytes": 9185080320}
{"step": 3870, "loss": 0.013712843880057335, "examples": 3870, "session_seconds": 3977.9572794460037, "peak_vram_bytes": 9185080320}
{"step": 3880, "loss": 7.24308967590332, "examples": 3880, "session_seconds": 3987.7417730119996, "peak_vram_bytes": 9185080320}
{"step": 3890, "loss": 0.014324944466352463, "examples": 3890, "session_seconds": 3997.817023704003, "peak_vram_bytes": 9185080320}
{"step": 3900, "loss": 0.18053752183914185, "examples": 3900, "session_seconds": 4007.679500080005, "peak_vram_bytes": 9185080320}
{"step": 3910, "loss": 0.013776526786386967, "examples": 3910, "session_seconds": 4017.9062074510002, "peak_vram_bytes": 9185080320}
{"step": 3920, "loss": 0.031072895973920822, "examples": 3920, "session_seconds": 4027.9886732420055, "peak_vram_bytes": 9185080320}
{"step": 3930, "loss": 0.01403732132166624, "examples": 3930, "session_seconds": 4037.6828240930045, "peak_vram_bytes": 9185080320}
{"step": 3940, "loss": 0.014973392710089684, "examples": 3940, "session_seconds": 4047.6407267680042, "peak_vram_bytes": 9185080320}
{"step": 3950, "loss": 0.1811012178659439, "examples": 3950, "session_seconds": 4057.676272482, "peak_vram_bytes": 9185080320}
{"step": 3960, "loss": 18.794832229614258, "examples": 3960, "session_seconds": 4068.0656485709987, "peak_vram_bytes": 9185080320}
{"step": 3970, "loss": 0.11279377341270447, "examples": 3970, "session_seconds": 4078.6161688690045, "peak_vram_bytes": 9185080320}
{"step": 3980, "loss": 0.014450110495090485, "examples": 3980, "session_seconds": 4088.820056536002, "peak_vram_bytes": 9185080320}
{"step": 3990, "loss": 15.47698974609375, "examples": 3990, "session_seconds": 4099.680587261006, "peak_vram_bytes": 9185080320}
{"step": 4000, "loss": 0.013465949334204197, "examples": 4000, "session_seconds": 4110.1566161890005, "peak_vram_bytes": 9185080320}
wandb: 
wandb: Run history:
wandb:        examples ▁▁▁▁▂▂▂▃▃▃▃▃▃▃▄▄▄▄▄▄▅▅▅▅▅▆▆▆▆▆▇▇▇▇▇▇▇███
wandb:            loss ▁▁▁▁▁▁▁▁▁▁▇▁▁▁▁▁▁▁█▁▁▁▁▁▁▁▁▁▁▁▁▁▁▁▁▁▁▄▁▁
wandb: peak_vram_bytes ▁▇▇▇▇▇▇▇▇▇▇▇▇▇▇▇▇▇▇▇▇▇▇▇▇███████████████
wandb: session_seconds ▁▁▁▁▂▂▂▂▂▃▃▃▃▃▃▄▄▄▄▅▆▆▆▆▆▆▆▇▇▇▇▇▇▇██████
wandb:            step ▁▁▁▁▁▂▂▂▂▂▂▂▂▃▃▃▃▃▃▃▃▄▄▄▄▄▅▅▅▅▅▅▆▆▇▇▇███
wandb: 
wandb: Run summary:
wandb:        examples 4000
wandb:            loss 0.01347
wandb: peak_vram_bytes 9185080320
wandb: session_seconds 4110.15662
wandb:            step 4000
wandb: 
wandb: You can sync this run to the cloud by running:
wandb: wandb sync artifacts/longer-v1/4b/main/seed-22/continued_sft/tracking/wandb/offline-run-20261005_022316-2kpp1h96
wandb: Find logs at: artifacts/longer-v1/4b/main/seed-22/continued_sft/tracking/wandb/offline-run-20261005_022316-2kpp1h96/logs
{"artifact": "artifacts/longer-v1/4b/main/seed-22/continued_sft/artifact", "elapsed_seconds": 4110.575540711005}
