
{"utc": "2026-10-05T14:02:31.384880+00:00", "command": ["-m", "myjev.train", "--config", "results/longer-v1/4b/main/seed-33/sft/config.json", "--data", "data/banking77/train.jsonl", "--output", "artifacts/longer-v1/4b/main/seed-33/sft", "--method", "sft", "--seed", "33"]}
Loading weights:   0%|          | 0/426 [00:00<?, ?it/s]Loading weights:  77%|███████▋  | 330/426 [00:00<00:00, 3298.93it/s]Loading weights: 100%|██████████| 426/426 [00:00<00:00, 3300.66it/s]
wandb: Tracking run with wandb version 0.30.0
wandb: W&B syncing is set to `offline` in this directory. Run `wandb online` or set WANDB_MODE=online to enable cloud syncing.
wandb: Run data is saved locally in artifacts/longer-v1/4b/main/seed-33/sft/tracking/wandb/offline-run-20261005_070245-wdanuf87
wandb: View this run in the terminal with `wandb leet`
[transformers] `causal_conv1d_fn` is falling back to its reference PyTorch implementation because `causal_conv1d` is not installed. This is correct but much slower; install `causal_conv1d` for the optimized kernel.
[transformers] `chunk_gated_delta_rule` is falling back to its reference PyTorch implementation because `flash-linear-attention` is not installed. This is correct but much slower; install `flash-linear-attention` for the optimized kernel.
{"step": 10, "loss": 10.405667304992676, "examples": 10, "session_seconds": 12.092001360986615, "peak_vram_bytes": 9147943936}
{"step": 20, "loss": 0.32422760128974915, "examples": 20, "session_seconds": 23.200526941989665, "peak_vram_bytes": 9147943936}
{"step": 30, "loss": 0.20236337184906006, "examples": 30, "session_seconds": 33.88843243899464, "peak_vram_bytes": 9172280832}
{"step": 40, "loss": 7.411701202392578, "examples": 40, "session_seconds": 44.59842116398795, "peak_vram_bytes": 9172280832}
{"step": 50, "loss": 7.901214122772217, "examples": 50, "session_seconds": 55.907165335986065, "peak_vram_bytes": 9172280832}
{"step": 60, "loss": 0.12910477817058563, "examples": 60, "session_seconds": 66.60446503698768, "peak_vram_bytes": 9172280832}
{"step": 70, "loss": 0.12980866432189941, "examples": 70, "session_seconds": 77.34957647199917, "peak_vram_bytes": 9172280832}
{"step": 80, "loss": 0.10775387287139893, "examples": 80, "session_seconds": 88.01804960599111, "peak_vram_bytes": 9172280832}
{"step": 90, "loss": 0.14154291152954102, "examples": 90, "session_seconds": 98.01913808599056, "peak_vram_bytes": 9172280832}
{"step": 100, "loss": 7.568084716796875, "examples": 100, "session_seconds": 107.72879872999329, "peak_vram_bytes": 9172280832}
{"step": 110, "loss": 0.09732402861118317, "examples": 110, "session_seconds": 118.38116530398838, "peak_vram_bytes": 9172280832}
{"step": 120, "loss": 0.11195532977581024, "examples": 120, "session_seconds": 128.37507404499047, "peak_vram_bytes": 9172280832}
{"step": 130, "loss": 0.46271249651908875, "examples": 130, "session_seconds": 139.02030657499563, "peak_vram_bytes": 9172280832}
{"step": 140, "loss": 0.7569528818130493, "examples": 140, "session_seconds": 149.55575183698966, "peak_vram_bytes": 9172280832}
{"step": 150, "loss": 0.05936918407678604, "examples": 150, "session_seconds": 159.98893448298622, "peak_vram_bytes": 9172280832}
{"step": 160, "loss": 0.24973039329051971, "examples": 160, "session_seconds": 170.38353879799251, "peak_vram_bytes": 9172280832}
{"step": 170, "loss": 6.980123996734619, "examples": 170, "session_seconds": 181.17914494698925, "peak_vram_bytes": 9174509568}
{"step": 180, "loss": 0.04650794342160225, "examples": 180, "session_seconds": 191.6785172039963, "peak_vram_bytes": 9174509568}
{"step": 190, "loss": 10.433515548706055, "examples": 190, "session_seconds": 202.16818537599465, "peak_vram_bytes": 9174509568}
{"step": 200, "loss": 5.529980659484863, "examples": 200, "session_seconds": 213.3390190969949, "peak_vram_bytes": 9174509568}
{"step": 210, "loss": 0.040844500064849854, "examples": 210, "session_seconds": 224.3539074799919, "peak_vram_bytes": 9174509568}
{"step": 220, "loss": 0.038046855479478836, "examples": 220, "session_seconds": 234.15788682099083, "peak_vram_bytes": 9174509568}
{"step": 230, "loss": 19.986616134643555, "examples": 230, "session_seconds": 244.11029335999046, "peak_vram_bytes": 9174509568}
{"step": 240, "loss": 10.02406120300293, "examples": 240, "session_seconds": 253.87199193399283, "peak_vram_bytes": 9174509568}
{"step": 250, "loss": 0.03165804594755173, "examples": 250, "session_seconds": 264.0680897489947, "peak_vram_bytes": 9174509568}
{"step": 260, "loss": 1.7547481060028076, "examples": 260, "session_seconds": 275.09812838399375, "peak_vram_bytes": 9176260608}
{"step": 270, "loss": 0.1185019314289093, "examples": 270, "session_seconds": 286.6280593709962, "peak_vram_bytes": 9176260608}
{"step": 280, "loss": 11.611628532409668, "examples": 280, "session_seconds": 296.5141086829972, "peak_vram_bytes": 9176260608}
{"step": 290, "loss": 7.981561183929443, "examples": 290, "session_seconds": 306.3330815399968, "peak_vram_bytes": 9176260608}
{"step": 300, "loss": 0.029254460707306862, "examples": 300, "session_seconds": 316.43029696498706, "peak_vram_bytes": 9176260608}
Warning: You are sending unauthenticated requests to the HF Hub. Please set a HF_TOKEN to enable higher rate limits and faster downloads.
{"step": 310, "loss": 0.028988681733608246, "examples": 310, "session_seconds": 326.5844616589893, "peak_vram_bytes": 9176260608}
{"step": 320, "loss": 0.02745516039431095, "examples": 320, "session_seconds": 336.3416555349977, "peak_vram_bytes": 9176260608}
{"step": 330, "loss": 0.035102903842926025, "examples": 330, "session_seconds": 346.3857269059954, "peak_vram_bytes": 9176260608}
{"step": 340, "loss": 0.02699589729309082, "examples": 340, "session_seconds": 356.22992695099674, "peak_vram_bytes": 9176260608}
{"step": 350, "loss": 9.946106910705566, "examples": 350, "session_seconds": 366.0809857129934, "peak_vram_bytes": 9176260608}
{"step": 360, "loss": 0.025863708928227425, "examples": 360, "session_seconds": 376.1967070259998, "peak_vram_bytes": 9178479104}
{"step": 370, "loss": 0.025774426758289337, "examples": 370, "session_seconds": 386.01284340699203, "peak_vram_bytes": 9178479104}
{"step": 380, "loss": 0.02481672167778015, "examples": 380, "session_seconds": 395.90554892599175, "peak_vram_bytes": 9178479104}
{"step": 390, "loss": 6.187563419342041, "examples": 390, "session_seconds": 405.97381993499584, "peak_vram_bytes": 9178479104}
{"step": 400, "loss": 8.038476943969727, "examples": 400, "session_seconds": 415.78163510099694, "peak_vram_bytes": 9178479104}
{"step": 410, "loss": 0.023780034855008125, "examples": 410, "session_seconds": 425.9777304229938, "peak_vram_bytes": 9178479104}
{"step": 420, "loss": 0.02345670945942402, "examples": 420, "session_seconds": 435.68719579699973, "peak_vram_bytes": 9178479104}
{"step": 430, "loss": 11.15937328338623, "examples": 430, "session_seconds": 445.69962825099356, "peak_vram_bytes": 9178479104}
{"step": 440, "loss": 0.023422248661518097, "examples": 440, "session_seconds": 455.45040795499517, "peak_vram_bytes": 9178479104}
{"step": 450, "loss": 0.022542903199791908, "examples": 450, "session_seconds": 465.29707827699895, "peak_vram_bytes": 9178479104}
{"step": 460, "loss": 0.07896110415458679, "examples": 460, "session_seconds": 475.4359142329922, "peak_vram_bytes": 9178479104}
{"step": 470, "loss": 0.022291213274002075, "examples": 470, "session_seconds": 485.39534846899915, "peak_vram_bytes": 9178479104}
{"step": 480, "loss": 0.021733593195676804, "examples": 480, "session_seconds": 495.2046790489985, "peak_vram_bytes": 9178479104}
{"step": 490, "loss": 0.021515361964702606, "examples": 490, "session_seconds": 505.31156492199807, "peak_vram_bytes": 9178479104}
{"step": 500, "loss": 0.021466590464115143, "examples": 500, "session_seconds": 515.1503422199894, "peak_vram_bytes": 9180906496}
{"step": 510, "loss": 7.450817108154297, "examples": 510, "session_seconds": 525.3030830129865, "peak_vram_bytes": 9180906496}
{"step": 520, "loss": 0.021325811743736267, "examples": 520, "session_seconds": 535.9742966179911, "peak_vram_bytes": 9180906496}
{"step": 530, "loss": 0.0229424387216568, "examples": 530, "session_seconds": 547.265925433996, "peak_vram_bytes": 9180906496}
{"step": 540, "loss": 0.025367502123117447, "examples": 540, "session_seconds": 558.2877460939926, "peak_vram_bytes": 9180906496}
{"step": 550, "loss": 0.02169141359627247, "examples": 550, "session_seconds": 568.9283495979907, "peak_vram_bytes": 9180906496}
{"step": 560, "loss": 0.020019467920064926, "examples": 560, "session_seconds": 579.0698810129979, "peak_vram_bytes": 9180906496}
{"step": 570, "loss": 0.02531588077545166, "examples": 570, "session_seconds": 588.8748723779863, "peak_vram_bytes": 9180906496}
{"step": 580, "loss": 0.01999252289533615, "examples": 580, "session_seconds": 598.7473803159955, "peak_vram_bytes": 9180906496}
{"step": 590, "loss": 0.019857944920659065, "examples": 590, "session_seconds": 608.8595608039905, "peak_vram_bytes": 9180906496}
{"step": 600, "loss": 0.019563160836696625, "examples": 600, "session_seconds": 619.1537002059922, "peak_vram_bytes": 9180906496}
{"step": 610, "loss": 7.728039741516113, "examples": 610, "session_seconds": 630.08335493099, "peak_vram_bytes": 9180906496}
{"step": 620, "loss": 0.06639537960290909, "examples": 620, "session_seconds": 641.3502406869957, "peak_vram_bytes": 9180906496}
{"step": 630, "loss": 0.019493184983730316, "examples": 630, "session_seconds": 652.172665043996, "peak_vram_bytes": 9180906496}
{"step": 640, "loss": 0.019208591431379318, "examples": 640, "session_seconds": 661.9096827979956, "peak_vram_bytes": 9180906496}
{"step": 650, "loss": 0.01922851800918579, "examples": 650, "session_seconds": 671.9263592429925, "peak_vram_bytes": 9180906496}
{"step": 660, "loss": 15.744614601135254, "examples": 660, "session_seconds": 681.9346556269884, "peak_vram_bytes": 9180906496}
{"step": 670, "loss": 17.431978225708008, "examples": 670, "session_seconds": 691.6392749799998, "peak_vram_bytes": 9180906496}
{"step": 680, "loss": 14.825014114379883, "examples": 680, "session_seconds": 701.2861029549967, "peak_vram_bytes": 9180906496}
{"step": 690, "loss": 0.024142399430274963, "examples": 690, "session_seconds": 711.1965722959867, "peak_vram_bytes": 9180906496}
{"step": 700, "loss": 0.018732862547039986, "examples": 700, "session_seconds": 720.999054644999, "peak_vram_bytes": 9180906496}
{"step": 710, "loss": 11.490140914916992, "examples": 710, "session_seconds": 731.3006443709892, "peak_vram_bytes": 9180906496}
{"step": 720, "loss": 0.28515246510505676, "examples": 720, "session_seconds": 741.4370033239975, "peak_vram_bytes": 9180906496}
{"step": 730, "loss": 0.020158180966973305, "examples": 730, "session_seconds": 751.3477617609897, "peak_vram_bytes": 9180906496}
{"step": 740, "loss": 0.019298730418086052, "examples": 740, "session_seconds": 761.2055512419902, "peak_vram_bytes": 9180906496}
{"step": 750, "loss": 14.624710083007812, "examples": 750, "session_seconds": 771.3440994629927, "peak_vram_bytes": 9180906496}
{"step": 760, "loss": 0.020294856280088425, "examples": 760, "session_seconds": 781.0897293969902, "peak_vram_bytes": 9180906496}
{"step": 770, "loss": 0.018434524536132812, "examples": 770, "session_seconds": 792.1018674729858, "peak_vram_bytes": 9180906496}
{"step": 780, "loss": 0.01975983753800392, "examples": 780, "session_seconds": 802.641569718995, "peak_vram_bytes": 9180906496}
{"step": 790, "loss": 0.03212863206863403, "examples": 790, "session_seconds": 813.5836960129964, "peak_vram_bytes": 9180906496}
{"step": 800, "loss": 14.174234390258789, "examples": 800, "session_seconds": 824.5451238709938, "peak_vram_bytes": 9180906496}
{"step": 810, "loss": 12.582243919372559, "examples": 810, "session_seconds": 835.8404716849909, "peak_vram_bytes": 9180906496}
{"step": 820, "loss": 8.409088134765625, "examples": 820, "session_seconds": 846.6761586719949, "peak_vram_bytes": 9180906496}
{"step": 830, "loss": 0.018803643062710762, "examples": 830, "session_seconds": 857.2213382659975, "peak_vram_bytes": 9180906496}
{"step": 840, "loss": 0.017967376857995987, "examples": 840, "session_seconds": 867.8417205529986, "peak_vram_bytes": 9180906496}
{"step": 850, "loss": 0.021277621388435364, "examples": 850, "session_seconds": 878.1758749449946, "peak_vram_bytes": 9180906496}
{"step": 860, "loss": 0.12192630767822266, "examples": 860, "session_seconds": 888.7600107439939, "peak_vram_bytes": 9180906496}
{"step": 870, "loss": 0.01906762458384037, "examples": 870, "session_seconds": 898.9657970959961, "peak_vram_bytes": 9180906496}
{"step": 880, "loss": 0.02024739608168602, "examples": 880, "session_seconds": 908.9889005849982, "peak_vram_bytes": 9180906496}
{"step": 890, "loss": 0.017824001610279083, "examples": 890, "session_seconds": 918.9293804509944, "peak_vram_bytes": 9180906496}
{"step": 900, "loss": 0.01779029332101345, "examples": 900, "session_seconds": 928.6637666629977, "peak_vram_bytes": 9180906496}
{"step": 910, "loss": 0.01743083819746971, "examples": 910, "session_seconds": 939.251452654993, "peak_vram_bytes": 9180906496}
{"step": 920, "loss": 17.53213882446289, "examples": 920, "session_seconds": 949.9094154249906, "peak_vram_bytes": 9180906496}
{"step": 930, "loss": 0.017359597608447075, "examples": 930, "session_seconds": 960.9051579509978, "peak_vram_bytes": 9180906496}
{"step": 940, "loss": 0.38375988602638245, "examples": 940, "session_seconds": 971.8171502349869, "peak_vram_bytes": 9180906496}
{"step": 950, "loss": 0.03552345186471939, "examples": 950, "session_seconds": 983.287516471988, "peak_vram_bytes": 9180906496}
{"step": 960, "loss": 0.017223767936229706, "examples": 960, "session_seconds": 994.1624952549901, "peak_vram_bytes": 9180906496}
{"step": 970, "loss": 12.03137493133545, "examples": 970, "session_seconds": 1004.7413925409928, "peak_vram_bytes": 9180906496}
{"step": 980, "loss": 8.402738571166992, "examples": 980, "session_seconds": 1015.9667897769978, "peak_vram_bytes": 9180906496}
{"step": 990, "loss": 10.06853199005127, "examples": 990, "session_seconds": 1026.9760457559896, "peak_vram_bytes": 9180906496}
{"step": 1000, "loss": 14.11734390258789, "examples": 1000, "session_seconds": 1037.3469614529895, "peak_vram_bytes": 9180906496}
{"step": 1010, "loss": 0.021919019520282745, "examples": 1010, "session_seconds": 1048.831657363, "peak_vram_bytes": 9180906496}
{"step": 1020, "loss": 0.01727447472512722, "examples": 1020, "session_seconds": 1059.5768270159897, "peak_vram_bytes": 9180906496}
{"step": 1030, "loss": 0.017055556178092957, "examples": 1030, "session_seconds": 1070.2234877019946, "peak_vram_bytes": 9180906496}
{"step": 1040, "loss": 0.01859390176832676, "examples": 1040, "session_seconds": 1080.6295347579871, "peak_vram_bytes": 9180906496}
{"step": 1050, "loss": 9.701895713806152, "examples": 1050, "session_seconds": 1092.4784909719892, "peak_vram_bytes": 9180906496}
{"step": 1060, "loss": 0.019138088449835777, "examples": 1060, "session_seconds": 1102.977884684995, "peak_vram_bytes": 9180906496}
{"step": 1070, "loss": 0.0223036278039217, "examples": 1070, "session_seconds": 1113.6754138989927, "peak_vram_bytes": 9180906496}
{"step": 1080, "loss": 0.02117886021733284, "examples": 1080, "session_seconds": 1125.2395290079876, "peak_vram_bytes": 9180906496}
{"step": 1090, "loss": 0.017958441749215126, "examples": 1090, "session_seconds": 1134.9050616459863, "peak_vram_bytes": 9180906496}
{"step": 1100, "loss": 0.022375673055648804, "examples": 1100, "session_seconds": 1144.9119454889878, "peak_vram_bytes": 9180906496}
{"step": 1110, "loss": 9.795687675476074, "examples": 1110, "session_seconds": 1156.5461723279877, "peak_vram_bytes": 9180906496}
{"step": 1120, "loss": 17.795753479003906, "examples": 1120, "session_seconds": 1167.4518478419923, "peak_vram_bytes": 9180906496}
{"step": 1130, "loss": 0.01676342636346817, "examples": 1130, "session_seconds": 1178.382853365998, "peak_vram_bytes": 9180906496}
{"step": 1140, "loss": 0.016613641753792763, "examples": 1140, "session_seconds": 1189.6573013919988, "peak_vram_bytes": 9180906496}
{"step": 1150, "loss": 5.803417682647705, "examples": 1150, "session_seconds": 1200.2296104859997, "peak_vram_bytes": 9180906496}
{"step": 1160, "loss": 6.874281406402588, "examples": 1160, "session_seconds": 1210.563324458999, "peak_vram_bytes": 9180906496}
{"step": 1170, "loss": 10.754972457885742, "examples": 1170, "session_seconds": 1220.6921678749932, "peak_vram_bytes": 9180906496}
{"step": 1180, "loss": 0.01823693886399269, "examples": 1180, "session_seconds": 1230.508095348996, "peak_vram_bytes": 9180906496}
{"step": 1190, "loss": 12.321356773376465, "examples": 1190, "session_seconds": 1240.4058095649962, "peak_vram_bytes": 9180906496}
{"step": 1200, "loss": 0.017504118382930756, "examples": 1200, "session_seconds": 1250.8392163189856, "peak_vram_bytes": 9180906496}
{"step": 1210, "loss": 22.630651473999023, "examples": 1210, "session_seconds": 1261.7664845939871, "peak_vram_bytes": 9180906496}
{"step": 1220, "loss": 0.016909824684262276, "examples": 1220, "session_seconds": 1272.274452062993, "peak_vram_bytes": 9180906496}
{"step": 1230, "loss": 0.016736188903450966, "examples": 1230, "session_seconds": 1282.8551768989855, "peak_vram_bytes": 9180906496}
{"step": 1240, "loss": 0.19014723598957062, "examples": 1240, "session_seconds": 1294.1474941299966, "peak_vram_bytes": 9180906496}
{"step": 1250, "loss": 0.017568616196513176, "examples": 1250, "session_seconds": 1304.783784180996, "peak_vram_bytes": 9180906496}
{"step": 1260, "loss": 0.018819745630025864, "examples": 1260, "session_seconds": 1315.408916032, "peak_vram_bytes": 9180906496}
{"step": 1270, "loss": 15.227036476135254, "examples": 1270, "session_seconds": 1326.6164891499939, "peak_vram_bytes": 9180906496}
{"step": 1280, "loss": 0.6955920457839966, "examples": 1280, "session_seconds": 1337.1803281949979, "peak_vram_bytes": 9180906496}
{"step": 1290, "loss": 0.016650043427944183, "examples": 1290, "session_seconds": 1347.8274695719883, "peak_vram_bytes": 9180906496}
{"step": 1300, "loss": 0.01662725955247879, "examples": 1300, "session_seconds": 1358.930081264989, "peak_vram_bytes": 9180906496}
{"step": 1310, "loss": 0.01708597131073475, "examples": 1310, "session_seconds": 1369.845963448999, "peak_vram_bytes": 9180906496}
{"step": 1320, "loss": 17.911054611206055, "examples": 1320, "session_seconds": 1380.3094453929953, "peak_vram_bytes": 9180906496}
{"step": 1330, "loss": 0.9337670803070068, "examples": 1330, "session_seconds": 1391.1847923069872, "peak_vram_bytes": 9180906496}
{"step": 1340, "loss": 0.01739785633981228, "examples": 1340, "session_seconds": 1401.2675704879948, "peak_vram_bytes": 9180906496}
{"step": 1350, "loss": 0.016375232487916946, "examples": 1350, "session_seconds": 1411.232543755992, "peak_vram_bytes": 9180906496}
{"step": 1360, "loss": 0.016343403607606888, "examples": 1360, "session_seconds": 1421.087559786989, "peak_vram_bytes": 9180906496}
{"step": 1370, "loss": 0.025228183716535568, "examples": 1370, "session_seconds": 1431.191687470986, "peak_vram_bytes": 9180906496}
{"step": 1380, "loss": 0.059017669409513474, "examples": 1380, "session_seconds": 1440.9988322629943, "peak_vram_bytes": 9180906496}
{"step": 1390, "loss": 0.016455668956041336, "examples": 1390, "session_seconds": 1450.729602196996, "peak_vram_bytes": 9180906496}
{"step": 1400, "loss": 0.016817819327116013, "examples": 1400, "session_seconds": 1460.6756046069931, "peak_vram_bytes": 9180906496}
{"step": 1410, "loss": 0.027581287547945976, "examples": 1410, "session_seconds": 1470.783963319991, "peak_vram_bytes": 9180906496}
{"step": 1420, "loss": 8.367351531982422, "examples": 1420, "session_seconds": 1480.662295614995, "peak_vram_bytes": 9180906496}
{"step": 1430, "loss": 0.01666908524930477, "examples": 1430, "session_seconds": 1490.7615123999858, "peak_vram_bytes": 9180906496}
{"step": 1440, "loss": 0.1981196403503418, "examples": 1440, "session_seconds": 1500.6428523139912, "peak_vram_bytes": 9180906496}
{"step": 1450, "loss": 0.016103453934192657, "examples": 1450, "session_seconds": 1510.375661758997, "peak_vram_bytes": 9180906496}
{"step": 1460, "loss": 0.01630285009741783, "examples": 1460, "session_seconds": 1520.4194618349866, "peak_vram_bytes": 9180906496}
{"step": 1470, "loss": 0.01611291989684105, "examples": 1470, "session_seconds": 1531.0987325419992, "peak_vram_bytes": 9180906496}
{"step": 1480, "loss": 0.016223115846514702, "examples": 1480, "session_seconds": 1541.9976683379937, "peak_vram_bytes": 9180906496}
{"step": 1490, "loss": 0.01658918336033821, "examples": 1490, "session_seconds": 1552.654637472995, "peak_vram_bytes": 9180906496}
{"step": 1500, "loss": 0.9156133532524109, "examples": 1500, "session_seconds": 1562.8785666919866, "peak_vram_bytes": 9180906496}
{"step": 1510, "loss": 0.0371115617454052, "examples": 1510, "session_seconds": 1573.231521483991, "peak_vram_bytes": 9180906496}
{"step": 1520, "loss": 0.025096002966165543, "examples": 1520, "session_seconds": 1583.0894926979963, "peak_vram_bytes": 9180906496}
{"step": 1530, "loss": 0.01640457473695278, "examples": 1530, "session_seconds": 1593.8266113459977, "peak_vram_bytes": 9180906496}
{"step": 1540, "loss": 0.02889891155064106, "examples": 1540, "session_seconds": 1604.8321934429987, "peak_vram_bytes": 9180906496}
{"step": 1550, "loss": 0.017859142273664474, "examples": 1550, "session_seconds": 1615.8530335559917, "peak_vram_bytes": 9180906496}
{"step": 1560, "loss": 0.015932293608784676, "examples": 1560, "session_seconds": 1627.3012312519859, "peak_vram_bytes": 9180906496}
{"step": 1570, "loss": 16.22479248046875, "examples": 1570, "session_seconds": 1638.3711675979866, "peak_vram_bytes": 9180906496}
{"step": 1580, "loss": 0.017618391662836075, "examples": 1580, "session_seconds": 1649.1198433419922, "peak_vram_bytes": 9180906496}
{"step": 1590, "loss": 0.024052917957305908, "examples": 1590, "session_seconds": 1660.5363721139875, "peak_vram_bytes": 9180906496}
{"step": 1600, "loss": 0.016675833612680435, "examples": 1600, "session_seconds": 1671.285871762986, "peak_vram_bytes": 9180906496}
{"step": 1610, "loss": 0.017620231956243515, "examples": 1610, "session_seconds": 1681.5798669399956, "peak_vram_bytes": 9180906496}
{"step": 1620, "loss": 0.025448378175497055, "examples": 1620, "session_seconds": 1691.5894115959964, "peak_vram_bytes": 9187684352}
{"step": 1630, "loss": 0.016287339851260185, "examples": 1630, "session_seconds": 1701.344158530992, "peak_vram_bytes": 9187684352}
{"step": 1640, "loss": 0.01610584184527397, "examples": 1640, "session_seconds": 1711.0930249879893, "peak_vram_bytes": 9187684352}
{"step": 1650, "loss": 16.394630432128906, "examples": 1650, "session_seconds": 1720.8453982209903, "peak_vram_bytes": 9187684352}
{"step": 1660, "loss": 0.03841523826122284, "examples": 1660, "session_seconds": 1730.7727900029859, "peak_vram_bytes": 9187684352}
{"step": 1670, "loss": 0.01652470976114273, "examples": 1670, "session_seconds": 1740.4360758719995, "peak_vram_bytes": 9187684352}
{"step": 1680, "loss": 0.016339143738150597, "examples": 1680, "session_seconds": 1750.981726863989, "peak_vram_bytes": 9187684352}
{"step": 1690, "loss": 0.051139071583747864, "examples": 1690, "session_seconds": 1762.0798712919932, "peak_vram_bytes": 9187684352}
{"step": 1700, "loss": 0.01651408150792122, "examples": 1700, "session_seconds": 1773.038820183996, "peak_vram_bytes": 9187684352}
{"step": 1710, "loss": 0.33115053176879883, "examples": 1710, "session_seconds": 1784.5215839539887, "peak_vram_bytes": 9187684352}
{"step": 1720, "loss": 0.015958914533257484, "examples": 1720, "session_seconds": 1795.3796005209879, "peak_vram_bytes": 9187684352}
{"step": 1730, "loss": 0.015843309462070465, "examples": 1730, "session_seconds": 1805.1785696499865, "peak_vram_bytes": 9187684352}
{"step": 1740, "loss": 0.021918369457125664, "examples": 1740, "session_seconds": 1814.9166304169921, "peak_vram_bytes": 9187684352}
{"step": 1750, "loss": 0.01625114120543003, "examples": 1750, "session_seconds": 1824.9029314729996, "peak_vram_bytes": 9187684352}
{"step": 1760, "loss": 0.017285535112023354, "examples": 1760, "session_seconds": 1835.0769440669974, "peak_vram_bytes": 9187684352}
{"step": 1770, "loss": 0.01677880249917507, "examples": 1770, "session_seconds": 1844.9936891069956, "peak_vram_bytes": 9187684352}
{"step": 1780, "loss": 0.018324218690395355, "examples": 1780, "session_seconds": 1854.7941344809951, "peak_vram_bytes": 9187684352}
{"step": 1790, "loss": 11.893139839172363, "examples": 1790, "session_seconds": 1864.8835448809987, "peak_vram_bytes": 9187684352}
{"step": 1800, "loss": 16.413869857788086, "examples": 1800, "session_seconds": 1874.773556464992, "peak_vram_bytes": 9187684352}
{"step": 1810, "loss": 0.01659887097775936, "examples": 1810, "session_seconds": 1885.0850073749898, "peak_vram_bytes": 9187684352}
{"step": 1820, "loss": 0.02248218283057213, "examples": 1820, "session_seconds": 1895.2467312789959, "peak_vram_bytes": 9187684352}
{"step": 1830, "loss": 0.016561679542064667, "examples": 1830, "session_seconds": 1905.7200704149873, "peak_vram_bytes": 9187684352}
{"step": 1840, "loss": 0.01874835416674614, "examples": 1840, "session_seconds": 1916.6872088719974, "peak_vram_bytes": 9187684352}
{"step": 1850, "loss": 0.02031519263982773, "examples": 1850, "session_seconds": 1927.82251482, "peak_vram_bytes": 9187684352}
{"step": 1860, "loss": 8.521533012390137, "examples": 1860, "session_seconds": 1938.4022275029856, "peak_vram_bytes": 9187684352}
{"step": 1870, "loss": 0.017398225143551826, "examples": 1870, "session_seconds": 1949.0121878339996, "peak_vram_bytes": 9187684352}
{"step": 1880, "loss": 14.48896598815918, "examples": 1880, "session_seconds": 1959.6917839009984, "peak_vram_bytes": 9187684352}
{"step": 1890, "loss": 0.03202790021896362, "examples": 1890, "session_seconds": 1970.30768139899, "peak_vram_bytes": 9187684352}
{"step": 1900, "loss": 0.01580587774515152, "examples": 1900, "session_seconds": 1981.0864457279968, "peak_vram_bytes": 9187684352}
{"step": 1910, "loss": 0.015849558636546135, "examples": 1910, "session_seconds": 1992.2377621419873, "peak_vram_bytes": 9187684352}
{"step": 1920, "loss": 0.01569385454058647, "examples": 1920, "session_seconds": 2003.4159419689968, "peak_vram_bytes": 9187684352}
{"step": 1930, "loss": 5.331103801727295, "examples": 1930, "session_seconds": 2014.3912290609878, "peak_vram_bytes": 9187684352}
{"step": 1940, "loss": 0.0161870289593935, "examples": 1940, "session_seconds": 2025.0871667799947, "peak_vram_bytes": 9187684352}
{"step": 1950, "loss": 0.015690891072154045, "examples": 1950, "session_seconds": 2036.0890559279942, "peak_vram_bytes": 9187684352}
{"step": 1960, "loss": 0.018075665459036827, "examples": 1960, "session_seconds": 2046.2784043859865, "peak_vram_bytes": 9187684352}
{"step": 1970, "loss": 0.018254337832331657, "examples": 1970, "session_seconds": 2057.184441749996, "peak_vram_bytes": 9187684352}
{"step": 1980, "loss": 0.017127059400081635, "examples": 1980, "session_seconds": 2067.7065964089998, "peak_vram_bytes": 9187684352}
{"step": 1990, "loss": 5.841602325439453, "examples": 1990, "session_seconds": 2077.682427117994, "peak_vram_bytes": 9187684352}
{"step": 2000, "loss": 0.016038905829191208, "examples": 2000, "session_seconds": 2088.4925806559913, "peak_vram_bytes": 9187684352}
{"step": 2010, "loss": 0.01578105054795742, "examples": 2010, "session_seconds": 2099.8501704979863, "peak_vram_bytes": 9187684352}
{"step": 2020, "loss": 0.016276314854621887, "examples": 2020, "session_seconds": 2111.1465308719926, "peak_vram_bytes": 9187684352}
{"step": 2030, "loss": 0.0158389899879694, "examples": 2030, "session_seconds": 2122.050361593996, "peak_vram_bytes": 9187684352}
{"step": 2040, "loss": 0.01713011972606182, "examples": 2040, "session_seconds": 2132.9498023279884, "peak_vram_bytes": 9187684352}
{"step": 2050, "loss": 0.3137316405773163, "examples": 2050, "session_seconds": 2144.036192028987, "peak_vram_bytes": 9187684352}
{"step": 2060, "loss": 0.015769386664032936, "examples": 2060, "session_seconds": 2154.786046764988, "peak_vram_bytes": 9187684352}
{"step": 2070, "loss": 0.01987524703145027, "examples": 2070, "session_seconds": 2165.638534715996, "peak_vram_bytes": 9187684352}
{"step": 2080, "loss": 0.018433669582009315, "examples": 2080, "session_seconds": 2177.128100537986, "peak_vram_bytes": 9187684352}
{"step": 2090, "loss": 0.46892136335372925, "examples": 2090, "session_seconds": 2187.9843617119914, "peak_vram_bytes": 9187684352}
{"step": 2100, "loss": 7.326760292053223, "examples": 2100, "session_seconds": 2198.830024746989, "peak_vram_bytes": 9187684352}
{"step": 2110, "loss": 0.015666605904698372, "examples": 2110, "session_seconds": 2209.097557283996, "peak_vram_bytes": 9187684352}
{"step": 2120, "loss": 0.23139286041259766, "examples": 2120, "session_seconds": 2219.1654079879954, "peak_vram_bytes": 9187684352}
{"step": 2130, "loss": 13.561453819274902, "examples": 2130, "session_seconds": 2229.038367603993, "peak_vram_bytes": 9187684352}
{"step": 2140, "loss": 0.023056969046592712, "examples": 2140, "session_seconds": 2238.8730260389857, "peak_vram_bytes": 9187684352}
{"step": 2150, "loss": 12.58698844909668, "examples": 2150, "session_seconds": 2249.02287861699, "peak_vram_bytes": 9187684352}
{"step": 2160, "loss": 0.016018584370613098, "examples": 2160, "session_seconds": 2259.621877198995, "peak_vram_bytes": 9187684352}
{"step": 2170, "loss": 0.016287697479128838, "examples": 2170, "session_seconds": 2270.251860662989, "peak_vram_bytes": 9187684352}
{"step": 2180, "loss": 0.01575395278632641, "examples": 2180, "session_seconds": 2281.327137121989, "peak_vram_bytes": 9187684352}
{"step": 2190, "loss": 0.01548251137137413, "examples": 2190, "session_seconds": 2291.9030477419874, "peak_vram_bytes": 9187684352}
{"step": 2200, "loss": 0.015563085675239563, "examples": 2200, "session_seconds": 2302.5575427369913, "peak_vram_bytes": 9187684352}
{"step": 2210, "loss": 0.01921365037560463, "examples": 2210, "session_seconds": 2313.5587502549897, "peak_vram_bytes": 9187684352}
{"step": 2220, "loss": 0.015459127724170685, "examples": 2220, "session_seconds": 2324.430747330989, "peak_vram_bytes": 9187684352}
{"step": 2230, "loss": 0.01536841131746769, "examples": 2230, "session_seconds": 2334.9972741719976, "peak_vram_bytes": 9187684352}
{"step": 2240, "loss": 20.64825439453125, "examples": 2240, "session_seconds": 2345.4508713439864, "peak_vram_bytes": 9187684352}
{"step": 2250, "loss": 0.03614237532019615, "examples": 2250, "session_seconds": 2356.2650211629953, "peak_vram_bytes": 9187684352}
{"step": 2260, "loss": 0.017247386276721954, "examples": 2260, "session_seconds": 2366.8751881429926, "peak_vram_bytes": 9187684352}
{"step": 2270, "loss": 0.015606469474732876, "examples": 2270, "session_seconds": 2377.5000687379943, "peak_vram_bytes": 9187684352}
{"step": 2280, "loss": 11.780144691467285, "examples": 2280, "session_seconds": 2388.055198105998, "peak_vram_bytes": 9187684352}
{"step": 2290, "loss": 0.01562410220503807, "examples": 2290, "session_seconds": 2398.4598527849885, "peak_vram_bytes": 9187684352}
{"step": 2300, "loss": 0.01616637594997883, "examples": 2300, "session_seconds": 2408.366009268997, "peak_vram_bytes": 9187684352}
{"step": 2310, "loss": 0.1094779446721077, "examples": 2310, "session_seconds": 2418.8795644839993, "peak_vram_bytes": 9187684352}
{"step": 2320, "loss": 0.015353839844465256, "examples": 2320, "session_seconds": 2428.665734361988, "peak_vram_bytes": 9187684352}
{"step": 2330, "loss": 0.015389589592814445, "examples": 2330, "session_seconds": 2438.4737037799932, "peak_vram_bytes": 9187684352}
{"step": 2340, "loss": 0.022935818880796432, "examples": 2340, "session_seconds": 2448.3759218339983, "peak_vram_bytes": 9187684352}
{"step": 2350, "loss": 0.01633242517709732, "examples": 2350, "session_seconds": 2458.457796934992, "peak_vram_bytes": 9187684352}
{"step": 2360, "loss": 0.016929740086197853, "examples": 2360, "session_seconds": 2468.3067893749976, "peak_vram_bytes": 9187684352}
{"step": 2370, "loss": 0.032734550535678864, "examples": 2370, "session_seconds": 2479.0270642459946, "peak_vram_bytes": 9187684352}
{"step": 2380, "loss": 0.016594674438238144, "examples": 2380, "session_seconds": 2489.267739933988, "peak_vram_bytes": 9187684352}
{"step": 2390, "loss": 0.01673676259815693, "examples": 2390, "session_seconds": 2499.0582374679943, "peak_vram_bytes": 9187684352}
{"step": 2400, "loss": 0.015618380159139633, "examples": 2400, "session_seconds": 2508.8995813029906, "peak_vram_bytes": 9187684352}
{"step": 2410, "loss": 7.273071765899658, "examples": 2410, "session_seconds": 2519.379380937986, "peak_vram_bytes": 9187684352}
{"step": 2420, "loss": 0.016047146171331406, "examples": 2420, "session_seconds": 2529.149765381997, "peak_vram_bytes": 9187684352}
{"step": 2430, "loss": 0.024043286219239235, "examples": 2430, "session_seconds": 2538.9546806729923, "peak_vram_bytes": 9187684352}
{"step": 2440, "loss": 0.015526591800153255, "examples": 2440, "session_seconds": 2549.048276284986, "peak_vram_bytes": 9187684352}
{"step": 2450, "loss": 0.015443072654306889, "examples": 2450, "session_seconds": 2558.869484468989, "peak_vram_bytes": 9187684352}
{"step": 2460, "loss": 0.015657886862754822, "examples": 2460, "session_seconds": 2568.8360116039985, "peak_vram_bytes": 9187684352}
{"step": 2470, "loss": 0.01729021593928337, "examples": 2470, "session_seconds": 2578.674842889988, "peak_vram_bytes": 9187684352}
{"step": 2480, "loss": 0.015845289453864098, "examples": 2480, "session_seconds": 2588.710378649994, "peak_vram_bytes": 9187684352}
{"step": 2490, "loss": 0.015466400422155857, "examples": 2490, "session_seconds": 2598.5634295209893, "peak_vram_bytes": 9187684352}
{"step": 2500, "loss": 0.015360618010163307, "examples": 2500, "session_seconds": 2609.5607159059873, "peak_vram_bytes": 9187684352}
{"step": 2510, "loss": 6.702432632446289, "examples": 2510, "session_seconds": 2621.5712861209904, "peak_vram_bytes": 9187684352}
{"step": 2520, "loss": 0.02008681371808052, "examples": 2520, "session_seconds": 2632.7065240849915, "peak_vram_bytes": 9187684352}
{"step": 2530, "loss": 0.018260248005390167, "examples": 2530, "session_seconds": 2643.3875719539938, "peak_vram_bytes": 9187684352}
{"step": 2540, "loss": 0.18900713324546814, "examples": 2540, "session_seconds": 2653.5097751949943, "peak_vram_bytes": 9187684352}
{"step": 2550, "loss": 7.490131378173828, "examples": 2550, "session_seconds": 2663.404302537994, "peak_vram_bytes": 9187684352}
{"step": 2560, "loss": 0.01731763407588005, "examples": 2560, "session_seconds": 2673.1499572169996, "peak_vram_bytes": 9187684352}
{"step": 2570, "loss": 0.01633613556623459, "examples": 2570, "session_seconds": 2683.167340129992, "peak_vram_bytes": 9187684352}
{"step": 2580, "loss": 0.01675506681203842, "examples": 2580, "session_seconds": 2693.0650949759874, "peak_vram_bytes": 9187684352}
{"step": 2590, "loss": 0.015994904562830925, "examples": 2590, "session_seconds": 2702.8787543579965, "peak_vram_bytes": 9187684352}
{"step": 2600, "loss": 0.015692347660660744, "examples": 2600, "session_seconds": 2712.978318206995, "peak_vram_bytes": 9187684352}
{"step": 2610, "loss": 12.374397277832031, "examples": 2610, "session_seconds": 2723.3164547449996, "peak_vram_bytes": 9187684352}
{"step": 2620, "loss": 0.017624573782086372, "examples": 2620, "session_seconds": 2733.1093935539975, "peak_vram_bytes": 9187684352}
{"step": 2630, "loss": 0.01921490579843521, "examples": 2630, "session_seconds": 2743.019333045988, "peak_vram_bytes": 9187684352}
{"step": 2640, "loss": 0.01565922051668167, "examples": 2640, "session_seconds": 2753.148431865993, "peak_vram_bytes": 9187684352}
{"step": 2650, "loss": 0.016319280490279198, "examples": 2650, "session_seconds": 2762.976499347991, "peak_vram_bytes": 9187684352}
{"step": 2660, "loss": 0.015380068682134151, "examples": 2660, "session_seconds": 2772.7126880789874, "peak_vram_bytes": 9187684352}
{"step": 2670, "loss": 12.252487182617188, "examples": 2670, "session_seconds": 2782.8527761389996, "peak_vram_bytes": 9187684352}
{"step": 2680, "loss": 0.016905875876545906, "examples": 2680, "session_seconds": 2792.6867041819933, "peak_vram_bytes": 9187684352}
{"step": 2690, "loss": 0.018407568335533142, "examples": 2690, "session_seconds": 2802.5685629709915, "peak_vram_bytes": 9187684352}
{"step": 2700, "loss": 0.018147379159927368, "examples": 2700, "session_seconds": 2812.5548859719856, "peak_vram_bytes": 9187684352}
{"step": 2710, "loss": 0.0162753127515316, "examples": 2710, "session_seconds": 2822.805569095988, "peak_vram_bytes": 9187684352}
{"step": 2720, "loss": 0.015613863244652748, "examples": 2720, "session_seconds": 2832.6219054329995, "peak_vram_bytes": 9187684352}
{"step": 2730, "loss": 7.5357136726379395, "examples": 2730, "session_seconds": 2842.486815366996, "peak_vram_bytes": 9187684352}
{"step": 2740, "loss": 0.015356505289673805, "examples": 2740, "session_seconds": 2852.7486935759953, "peak_vram_bytes": 9187684352}
{"step": 2750, "loss": 0.015352083370089531, "examples": 2750, "session_seconds": 2863.1347959119885, "peak_vram_bytes": 9187684352}
{"step": 2760, "loss": 1.4302787780761719, "examples": 2760, "session_seconds": 2873.743520062999, "peak_vram_bytes": 9187684352}
{"step": 2770, "loss": 0.01535725686699152, "examples": 2770, "session_seconds": 2884.6330880469905, "peak_vram_bytes": 9187684352}
{"step": 2780, "loss": 0.026029836386442184, "examples": 2780, "session_seconds": 2895.2973794689897, "peak_vram_bytes": 9187684352}
{"step": 2790, "loss": 2.930644989013672, "examples": 2790, "session_seconds": 2905.9910553999944, "peak_vram_bytes": 9187684352}
{"step": 2800, "loss": 0.015864545479416847, "examples": 2800, "session_seconds": 2917.4320442799944, "peak_vram_bytes": 9187684352}
{"step": 2810, "loss": 0.015133875422179699, "examples": 2810, "session_seconds": 2928.504844859999, "peak_vram_bytes": 9187684352}
{"step": 2820, "loss": 8.420377731323242, "examples": 2820, "session_seconds": 2939.0507014289906, "peak_vram_bytes": 9187684352}
{"step": 2830, "loss": 0.015408607199788094, "examples": 2830, "session_seconds": 2949.8269926919893, "peak_vram_bytes": 9187684352}
{"step": 2840, "loss": 0.016009502112865448, "examples": 2840, "session_seconds": 2959.6275261209958, "peak_vram_bytes": 9187684352}
{"step": 2850, "loss": 0.016206365078687668, "examples": 2850, "session_seconds": 2969.3176657919976, "peak_vram_bytes": 9187684352}
{"step": 2860, "loss": 0.01507580280303955, "examples": 2860, "session_seconds": 2979.2867758779903, "peak_vram_bytes": 9187684352}
{"step": 2870, "loss": 19.85890007019043, "examples": 2870, "session_seconds": 2989.049539880987, "peak_vram_bytes": 9187684352}
{"step": 2880, "loss": 0.015668340027332306, "examples": 2880, "session_seconds": 2999.003126123993, "peak_vram_bytes": 9187684352}
{"step": 2890, "loss": 0.015007135458290577, "examples": 2890, "session_seconds": 3009.133557207999, "peak_vram_bytes": 9187684352}
{"step": 2900, "loss": 0.0149691142141819, "examples": 2900, "session_seconds": 3019.0748588019924, "peak_vram_bytes": 9187684352}
{"step": 2910, "loss": 16.814010620117188, "examples": 2910, "session_seconds": 3029.448238496989, "peak_vram_bytes": 9187684352}
{"step": 2920, "loss": 0.015025373548269272, "examples": 2920, "session_seconds": 3039.3349969869887, "peak_vram_bytes": 9187684352}
{"step": 2930, "loss": 0.045808158814907074, "examples": 2930, "session_seconds": 3049.425816393996, "peak_vram_bytes": 9187684352}
{"step": 2940, "loss": 0.015565759502351284, "examples": 2940, "session_seconds": 3059.2467453019926, "peak_vram_bytes": 9187684352}
{"step": 2950, "loss": 0.015287683345377445, "examples": 2950, "session_seconds": 3069.1914276089956, "peak_vram_bytes": 9187684352}
{"step": 2960, "loss": 0.01518259383738041, "examples": 2960, "session_seconds": 3079.249170575, "peak_vram_bytes": 9187684352}
{"step": 2970, "loss": 0.02011747471988201, "examples": 2970, "session_seconds": 3089.1215403049864, "peak_vram_bytes": 9187684352}
{"step": 2980, "loss": 0.014990350231528282, "examples": 2980, "session_seconds": 3098.9696209159883, "peak_vram_bytes": 9187684352}
{"step": 2990, "loss": 0.015205077826976776, "examples": 2990, "session_seconds": 3109.071229005989, "peak_vram_bytes": 9187684352}
{"step": 3000, "loss": 0.01507609337568283, "examples": 3000, "session_seconds": 3118.9268454959965, "peak_vram_bytes": 9187684352}
{"step": 3010, "loss": 0.693587064743042, "examples": 3010, "session_seconds": 3129.2055039839906, "peak_vram_bytes": 9187684352}
{"step": 3020, "loss": 0.015047186985611916, "examples": 3020, "session_seconds": 3139.075614915986, "peak_vram_bytes": 9187684352}
{"step": 3030, "loss": 6.376584053039551, "examples": 3030, "session_seconds": 3149.1413842309994, "peak_vram_bytes": 9187684352}
{"step": 3040, "loss": 0.014914010651409626, "examples": 3040, "session_seconds": 3158.947794030988, "peak_vram_bytes": 9187684352}
{"step": 3050, "loss": 0.3589780926704407, "examples": 3050, "session_seconds": 3168.881422031991, "peak_vram_bytes": 9187684352}
{"step": 3060, "loss": 0.01508056465536356, "examples": 3060, "session_seconds": 3179.0462140069867, "peak_vram_bytes": 9187684352}
{"step": 3070, "loss": 0.02191781997680664, "examples": 3070, "session_seconds": 3188.8483483019954, "peak_vram_bytes": 9187684352}
{"step": 3080, "loss": 8.420858383178711, "examples": 3080, "session_seconds": 3198.7147793109907, "peak_vram_bytes": 9187684352}
{"step": 3090, "loss": 0.0148575808852911, "examples": 3090, "session_seconds": 3208.846789288, "peak_vram_bytes": 9187684352}
{"step": 3100, "loss": 0.01595061458647251, "examples": 3100, "session_seconds": 3218.7542423419945, "peak_vram_bytes": 9187684352}
{"step": 3110, "loss": 10.597004890441895, "examples": 3110, "session_seconds": 3229.0380556659948, "peak_vram_bytes": 9187684352}
{"step": 3120, "loss": 0.2245577573776245, "examples": 3120, "session_seconds": 3239.2004135569878, "peak_vram_bytes": 9187684352}
{"step": 3130, "loss": 9.135685920715332, "examples": 3130, "session_seconds": 3249.11702908999, "peak_vram_bytes": 9187684352}
{"step": 3140, "loss": 0.015478654764592648, "examples": 3140, "session_seconds": 3258.873673774986, "peak_vram_bytes": 9187684352}
{"step": 3150, "loss": 0.015235709957778454, "examples": 3150, "session_seconds": 3269.707905682997, "peak_vram_bytes": 9187684352}
{"step": 3160, "loss": 0.01500994898378849, "examples": 3160, "session_seconds": 3281.3894452189998, "peak_vram_bytes": 9187684352}
{"step": 3170, "loss": 19.00213623046875, "examples": 3170, "session_seconds": 3292.3233765679906, "peak_vram_bytes": 9187684352}
{"step": 3180, "loss": 16.208742141723633, "examples": 3180, "session_seconds": 3302.4182863619935, "peak_vram_bytes": 9187684352}
{"step": 3190, "loss": 0.01514225360006094, "examples": 3190, "session_seconds": 3313.9954358899995, "peak_vram_bytes": 9187684352}
{"step": 3200, "loss": 0.01876925304532051, "examples": 3200, "session_seconds": 3325.071724677997, "peak_vram_bytes": 9187684352}
{"step": 3210, "loss": 0.015393203124403954, "examples": 3210, "session_seconds": 3335.6508729959896, "peak_vram_bytes": 9187684352}
{"step": 3220, "loss": 0.016045954078435898, "examples": 3220, "session_seconds": 3345.6663906769973, "peak_vram_bytes": 9187684352}
{"step": 3230, "loss": 0.01540313009172678, "examples": 3230, "session_seconds": 3355.526378394992, "peak_vram_bytes": 9187684352}
{"step": 3240, "loss": 0.015199961140751839, "examples": 3240, "session_seconds": 3365.380391216997, "peak_vram_bytes": 9187684352}
{"step": 3250, "loss": 0.014884342439472675, "examples": 3250, "session_seconds": 3375.3487487069942, "peak_vram_bytes": 9187684352}
{"step": 3260, "loss": 0.2008534073829651, "examples": 3260, "session_seconds": 3385.1702882869868, "peak_vram_bytes": 9187684352}
{"step": 3270, "loss": 0.014871546998620033, "examples": 3270, "session_seconds": 3394.9674904279964, "peak_vram_bytes": 9187684352}
{"step": 3280, "loss": 0.014972781762480736, "examples": 3280, "session_seconds": 3405.0506579079956, "peak_vram_bytes": 9187684352}
{"step": 3290, "loss": 0.015070118010044098, "examples": 3290, "session_seconds": 3415.2382960859977, "peak_vram_bytes": 9187684352}
{"step": 3300, "loss": 0.10126803070306778, "examples": 3300, "session_seconds": 3425.0177546419873, "peak_vram_bytes": 9187684352}
{"step": 3310, "loss": 0.014903439208865166, "examples": 3310, "session_seconds": 3435.432390154994, "peak_vram_bytes": 9187684352}
{"step": 3320, "loss": 9.081634521484375, "examples": 3320, "session_seconds": 3445.5957119879895, "peak_vram_bytes": 9187684352}
{"step": 3330, "loss": 0.019817374646663666, "examples": 3330, "session_seconds": 3455.3057056889957, "peak_vram_bytes": 9187684352}
{"step": 3340, "loss": 5.429858684539795, "examples": 3340, "session_seconds": 3465.042881027999, "peak_vram_bytes": 9187684352}
{"step": 3350, "loss": 4.318177700042725, "examples": 3350, "session_seconds": 3475.0684572819882, "peak_vram_bytes": 9187684352}
{"step": 3360, "loss": 0.01500529982149601, "examples": 3360, "session_seconds": 3484.902858098998, "peak_vram_bytes": 9187684352}
{"step": 3370, "loss": 0.014938827604055405, "examples": 3370, "session_seconds": 3495.2184535129927, "peak_vram_bytes": 9187684352}
{"step": 3380, "loss": 3.9989335536956787, "examples": 3380, "session_seconds": 3506.055061163992, "peak_vram_bytes": 9187684352}
{"step": 3390, "loss": 0.014891082420945168, "examples": 3390, "session_seconds": 3516.6283301119984, "peak_vram_bytes": 9187684352}
{"step": 3400, "loss": 2.2030484676361084, "examples": 3400, "session_seconds": 3527.2027196599956, "peak_vram_bytes": 9187684352}
{"step": 3410, "loss": 8.700665473937988, "examples": 3410, "session_seconds": 3537.4947544649913, "peak_vram_bytes": 9187684352}
{"step": 3420, "loss": 8.717490196228027, "examples": 3420, "session_seconds": 3547.551756183995, "peak_vram_bytes": 9187684352}
{"step": 3430, "loss": 9.187204360961914, "examples": 3430, "session_seconds": 3557.440479426994, "peak_vram_bytes": 9187684352}
{"step": 3440, "loss": 0.015551174059510231, "examples": 3440, "session_seconds": 3567.4099669849966, "peak_vram_bytes": 9187684352}
{"step": 3450, "loss": 0.015935972332954407, "examples": 3450, "session_seconds": 3578.6267821029905, "peak_vram_bytes": 9187684352}
{"step": 3460, "loss": 0.015152040868997574, "examples": 3460, "session_seconds": 3588.787498939986, "peak_vram_bytes": 9187684352}
{"step": 3470, "loss": 0.01496470533311367, "examples": 3470, "session_seconds": 3598.7056826509943, "peak_vram_bytes": 9187684352}
{"step": 3480, "loss": 4.10813570022583, "examples": 3480, "session_seconds": 3608.8593203939963, "peak_vram_bytes": 9187684352}
{"step": 3490, "loss": 0.014878724701702595, "examples": 3490, "session_seconds": 3618.8803988309955, "peak_vram_bytes": 9187684352}
{"step": 3500, "loss": 0.014871588908135891, "examples": 3500, "session_seconds": 3629.8208422509924, "peak_vram_bytes": 9187684352}
{"step": 3510, "loss": 0.014846213161945343, "examples": 3510, "session_seconds": 3640.925585369987, "peak_vram_bytes": 9187684352}
{"step": 3520, "loss": 0.01646866835653782, "examples": 3520, "session_seconds": 3651.784228722987, "peak_vram_bytes": 9187684352}
{"step": 3530, "loss": 3.2341034412384033, "examples": 3530, "session_seconds": 3662.498158161994, "peak_vram_bytes": 9187684352}
{"step": 3540, "loss": 4.8341803550720215, "examples": 3540, "session_seconds": 3673.2148511259875, "peak_vram_bytes": 9187684352}
{"step": 3550, "loss": 4.439901828765869, "examples": 3550, "session_seconds": 3683.9519049579976, "peak_vram_bytes": 9187684352}
{"step": 3560, "loss": 0.01743251085281372, "examples": 3560, "session_seconds": 3694.5058639569907, "peak_vram_bytes": 9187684352}
{"step": 3570, "loss": 5.7355475425720215, "examples": 3570, "session_seconds": 3705.3106532989914, "peak_vram_bytes": 9187684352}
{"step": 3580, "loss": 6.395299911499023, "examples": 3580, "session_seconds": 3716.0791965729877, "peak_vram_bytes": 9187684352}
{"step": 3590, "loss": 0.01583665981888771, "examples": 3590, "session_seconds": 3727.0048986019974, "peak_vram_bytes": 9187684352}
{"step": 3600, "loss": 0.01779472827911377, "examples": 3600, "session_seconds": 3737.522228693997, "peak_vram_bytes": 9187684352}
{"step": 3610, "loss": 0.015308361500501633, "examples": 3610, "session_seconds": 3748.8866965869965, "peak_vram_bytes": 9187684352}
{"step": 3620, "loss": 0.0175161175429821, "examples": 3620, "session_seconds": 3760.4719957429916, "peak_vram_bytes": 9187684352}
{"step": 3630, "loss": 0.023124517872929573, "examples": 3630, "session_seconds": 3771.0070486439945, "peak_vram_bytes": 9187684352}
{"step": 3640, "loss": 8.687707901000977, "examples": 3640, "session_seconds": 3781.762569624989, "peak_vram_bytes": 9187684352}
{"step": 3650, "loss": 3.9961442947387695, "examples": 3650, "session_seconds": 3792.0428738789924, "peak_vram_bytes": 9187684352}
{"step": 3660, "loss": 5.042295455932617, "examples": 3660, "session_seconds": 3802.3423344879993, "peak_vram_bytes": 9187684352}
{"step": 3670, "loss": 16.661510467529297, "examples": 3670, "session_seconds": 3812.0862599609973, "peak_vram_bytes": 9187684352}
{"step": 3680, "loss": 0.015397620387375355, "examples": 3680, "session_seconds": 3822.078547233992, "peak_vram_bytes": 9187684352}
{"step": 3690, "loss": 0.020412052050232887, "examples": 3690, "session_seconds": 3832.008944109999, "peak_vram_bytes": 9187684352}
{"step": 3700, "loss": 0.015490174293518066, "examples": 3700, "session_seconds": 3843.0932204869896, "peak_vram_bytes": 9187684352}
{"step": 3710, "loss": 0.017101077362895012, "examples": 3710, "session_seconds": 3854.8906388579926, "peak_vram_bytes": 9187684352}
{"step": 3720, "loss": 0.01512961182743311, "examples": 3720, "session_seconds": 3865.8079078929877, "peak_vram_bytes": 9187684352}
{"step": 3730, "loss": 5.708679676055908, "examples": 3730, "session_seconds": 3876.684296072999, "peak_vram_bytes": 9187684352}
{"step": 3740, "loss": 0.014942069537937641, "examples": 3740, "session_seconds": 3887.4714735469897, "peak_vram_bytes": 9187684352}
{"step": 3750, "loss": 0.014905806630849838, "examples": 3750, "session_seconds": 3898.3023364909895, "peak_vram_bytes": 9187684352}
{"step": 3760, "loss": 0.3036385178565979, "examples": 3760, "session_seconds": 3908.7033112089994, "peak_vram_bytes": 9187684352}
{"step": 3770, "loss": 0.01684996485710144, "examples": 3770, "session_seconds": 3918.800074173996, "peak_vram_bytes": 9187684352}
{"step": 3780, "loss": 13.300543785095215, "examples": 3780, "session_seconds": 3929.742232890989, "peak_vram_bytes": 9187684352}
{"step": 3790, "loss": 0.026491064578294754, "examples": 3790, "session_seconds": 3939.763425127996, "peak_vram_bytes": 9187684352}
{"step": 3800, "loss": 0.032310448586940765, "examples": 3800, "session_seconds": 3950.170171712991, "peak_vram_bytes": 9187684352}
{"step": 3810, "loss": 0.015569695271551609, "examples": 3810, "session_seconds": 3960.6999478979997, "peak_vram_bytes": 9187684352}
{"step": 3820, "loss": 0.01585550419986248, "examples": 3820, "session_seconds": 3970.4582253679982, "peak_vram_bytes": 9187684352}
{"step": 3830, "loss": 0.01591327227652073, "examples": 3830, "session_seconds": 3980.3088492159877, "peak_vram_bytes": 9187684352}
{"step": 3840, "loss": 0.015673991292715073, "examples": 3840, "session_seconds": 3990.183732472986, "peak_vram_bytes": 9187684352}
{"step": 3850, "loss": 0.016398346051573753, "examples": 3850, "session_seconds": 4000.4704156289954, "peak_vram_bytes": 9187684352}
{"step": 3860, "loss": 18.453338623046875, "examples": 3860, "session_seconds": 4010.285833212998, "peak_vram_bytes": 9187684352}
{"step": 3870, "loss": 0.015893960371613503, "examples": 3870, "session_seconds": 4020.0828122419916, "peak_vram_bytes": 9187684352}
{"step": 3880, "loss": 0.07180151343345642, "examples": 3880, "session_seconds": 4030.212279001993, "peak_vram_bytes": 9187684352}
{"step": 3890, "loss": 0.023013444617390633, "examples": 3890, "session_seconds": 4040.9936145939864, "peak_vram_bytes": 9187684352}
{"step": 3900, "loss": 0.015282346867024899, "examples": 3900, "session_seconds": 4052.0160680349945, "peak_vram_bytes": 9187684352}
{"step": 3910, "loss": 0.01642962172627449, "examples": 3910, "session_seconds": 4063.6626185139903, "peak_vram_bytes": 9187684352}
{"step": 3920, "loss": 0.015316540375351906, "examples": 3920, "session_seconds": 4074.0717226039997, "peak_vram_bytes": 9187684352}
{"step": 3930, "loss": 0.015002741478383541, "examples": 3930, "session_seconds": 4084.862512212989, "peak_vram_bytes": 9187684352}
{"step": 3940, "loss": 5.025600910186768, "examples": 3940, "session_seconds": 4095.644705087994, "peak_vram_bytes": 9187684352}
{"step": 3950, "loss": 17.462200164794922, "examples": 3950, "session_seconds": 4105.6089434999885, "peak_vram_bytes": 9187684352}
{"step": 3960, "loss": 0.016324926167726517, "examples": 3960, "session_seconds": 4115.435455915998, "peak_vram_bytes": 9187684352}
{"step": 3970, "loss": 0.023563005030155182, "examples": 3970, "session_seconds": 4126.543311166999, "peak_vram_bytes": 9187684352}
{"step": 3980, "loss": 0.016379520297050476, "examples": 3980, "session_seconds": 4136.7716188449995, "peak_vram_bytes": 9187684352}
{"step": 3990, "loss": 16.729148864746094, "examples": 3990, "session_seconds": 4147.394590218988, "peak_vram_bytes": 9187684352}
{"step": 4000, "loss": 13.161009788513184, "examples": 4000, "session_seconds": 4158.0049615889875, "peak_vram_bytes": 9187684352}
wandb: 
wandb: Run history:
wandb:        examples ▁▁▂▂▂▂▂▂▂▃▃▃▃▄▄▄▄▅▅▅▅▅▅▅▆▆▆▆▆▆▆▆▇▇▇▇▇███
wandb:            loss ▁▁█▁▁▁▁▁▁▁▁▅▃▁▁▁▁▁▁▁▁▁▁▁▁▁▁▁▁▄▁▁▁▁▁▁▁▃▁▁
wandb: peak_vram_bytes ▁▅▅▆▆▇▇▇▇▇▇█████████████████████████████
wandb: session_seconds ▁▁▁▁▁▂▂▂▂▂▂▂▂▂▂▃▃▄▄▄▄▅▅▅▅▆▆▆▆▆▆▇▇▇▇▇▇███
wandb:            step ▁▁▁▁▁▂▂▂▃▃▃▃▃▃▃▄▄▄▄▄▄▄▄▄▅▅▅▅▅▆▆▆▆▆▆▇▇███
wandb: 
wandb: Run summary:
wandb:        examples 4000
wandb:            loss 13.16101
wandb: peak_vram_bytes 9187684352
wandb: session_seconds 4158.00496
wandb:            step 4000
wandb: 
wandb: You can sync this run to the cloud by running:
wandb: wandb sync artifacts/longer-v1/4b/main/seed-33/sft/tracking/wandb/offline-run-20261005_070245-wdanuf87
wandb: Find logs at: artifacts/longer-v1/4b/main/seed-33/sft/tracking/wandb/offline-run-20261005_070245-wdanuf87/logs
{"artifact": "artifacts/longer-v1/4b/main/seed-33/sft/artifact", "elapsed_seconds": 4158.459790996989}
