#0 building with "default" instance using docker driver

#1 [internal] load build definition from Dockerfile
#1 transferring dockerfile: 833B done
#1 DONE 0.0s

#2 [internal] load metadata for docker.io/library/python:3.12.3-slim-bookworm@sha256:afc139a0a640942491ec481ad8dda10f2c5b753f5c969393b12480155fe15a63
#2 DONE 0.8s

#3 [internal] load .dockerignore
#3 transferring context: 102B done
#3 DONE 0.0s

#4 [1/7] FROM docker.io/library/python:3.12.3-slim-bookworm@sha256:afc139a0a640942491ec481ad8dda10f2c5b753f5c969393b12480155fe15a63
#4 resolve docker.io/library/python:3.12.3-slim-bookworm@sha256:afc139a0a640942491ec481ad8dda10f2c5b753f5c969393b12480155fe15a63 0.0s done
#4 DONE 0.0s

#5 [internal] load build context
#5 transferring context: 91.04kB done
#5 DONE 0.0s

#6 [2/7] WORKDIR /app
#6 CACHED

#7 [3/7] COPY requirements.lock pyproject.toml ./
#7 CACHED

#8 [4/7] RUN pip install --no-cache-dir -r requirements.lock
#8 2.122 Collecting accelerate==1.15.0 (from -r requirements.lock (line 1))
#8 2.373   Downloading accelerate-1.15.0-py3-none-any.whl.metadata (19 kB)
#8 2.425 Collecting aiohappyeyeballs==2.7.1 (from -r requirements.lock (line 2))
#8 2.439   Downloading aiohappyeyeballs-2.7.1-py3-none-any.whl.metadata (5.9 kB)
#8 3.299 Collecting aiohttp==3.14.3 (from -r requirements.lock (line 3))
#8 3.315   Downloading aiohttp-3.14.3-cp312-cp312-manylinux2014_x86_64.manylinux_2_17_x86_64.manylinux_2_28_x86_64.whl.metadata (8.3 kB)
#8 3.343 Collecting aiosignal==1.4.0 (from -r requirements.lock (line 4))
#8 3.364   Downloading aiosignal-1.4.0-py3-none-any.whl.metadata (3.7 kB)
#8 3.392 Collecting annotated-doc==0.0.5 (from -r requirements.lock (line 5))
#8 3.408   Downloading annotated_doc-0.0.5-py3-none-any.whl.metadata (6.5 kB)
#8 3.445 Collecting annotated-types==0.8.0 (from -r requirements.lock (line 6))
#8 3.461   Downloading annotated_types-0.8.0-py3-none-any.whl.metadata (15 kB)
#8 3.575 Collecting anyio==4.15.1 (from -r requirements.lock (line 7))
#8 3.619   Downloading anyio-4.15.1-py3-none-any.whl.metadata (4.7 kB)
#8 3.659 Collecting attrs==26.1.0 (from -r requirements.lock (line 8))
#8 3.676   Downloading attrs-26.1.0-py3-none-any.whl.metadata (8.8 kB)
#8 3.726 Collecting bitsandbytes==0.50.2 (from -r requirements.lock (line 9))
#8 3.743   Downloading bitsandbytes-0.50.2-py3-none-manylinux_2_24_x86_64.whl.metadata (10 kB)
#8 3.791 Collecting certifi==2026.7.22 (from -r requirements.lock (line 10))
#8 3.813   Downloading certifi-2026.7.22-py3-none-any.whl.metadata (2.5 kB)
#8 4.024 Collecting charset-normalizer==3.5.2 (from -r requirements.lock (line 11))
#8 4.039   Downloading charset_normalizer-3.5.2-cp312-cp312-manylinux2014_x86_64.manylinux_2_17_x86_64.manylinux_2_28_x86_64.whl.metadata (46 kB)
#8 4.049      ━━━━━━━━━━━━━━━━━━━━━━━━━━━━━━━━━━━━━━━━ 46.4/46.4 kB 5.8 MB/s eta 0:00:00
#8 4.098 Collecting click==8.5.0 (from -r requirements.lock (line 12))
#8 4.127   Downloading click-8.5.0-py3-none-any.whl.metadata (2.6 kB)
#8 4.175 Collecting cloudpickle==3.1.2 (from -r requirements.lock (line 13))
#8 4.194   Downloading cloudpickle-3.1.2-py3-none-any.whl.metadata (7.1 kB)
#8 4.302 Collecting contourpy==1.4.0 (from -r requirements.lock (line 14))
#8 4.320   Downloading contourpy-1.4.0-cp312-cp312-manylinux_2_27_x86_64.manylinux_2_28_x86_64.whl.metadata (3.8 kB)
#8 4.384 Collecting cuda-bindings==13.4.3 (from -r requirements.lock (line 15))
#8 4.399   Downloading cuda_bindings-13.4.3-cp312-cp312-manylinux_2_24_x86_64.manylinux_2_28_x86_64.whl.metadata (2.4 kB)
#8 4.432 Collecting cuda-pathfinder==1.8.3 (from -r requirements.lock (line 16))
#8 4.448   Downloading cuda_pathfinder-1.8.3-py3-none-any.whl.metadata (1.9 kB)
#8 4.479 Collecting cuda-toolkit==13.0.3.0 (from -r requirements.lock (line 17))
#8 4.497   Downloading cuda_toolkit-13.0.3.0-py2.py3-none-any.whl.metadata (17 kB)
#8 4.527 Collecting cycler==0.12.1 (from -r requirements.lock (line 18))
#8 4.549   Downloading cycler-0.12.1-py3-none-any.whl.metadata (3.8 kB)
#8 4.604 Collecting datasets==5.0.1 (from -r requirements.lock (line 19))
#8 4.626   Downloading datasets-5.0.1-py3-none-any.whl.metadata (23 kB)
#8 4.664 Collecting dill==0.4.1 (from -r requirements.lock (line 20))
#8 4.678   Downloading dill-0.4.1-py3-none-any.whl.metadata (10 kB)
#8 4.804 Collecting fastapi==0.142.2 (from -r requirements.lock (line 21))
#8 4.823   Downloading fastapi-0.142.2-py3-none-any.whl.metadata (27 kB)
#8 4.882 Collecting filelock==4.0.10 (from -r requirements.lock (line 22))
#8 4.899   Downloading filelock-4.0.10-py3-none-any.whl.metadata (2.0 kB)
#8 5.237 Collecting fonttools==4.66.1 (from -r requirements.lock (line 23))
#8 5.252   Downloading fonttools-4.66.1-cp312-cp312-manylinux2014_x86_64.manylinux_2_17_x86_64.whl.metadata (130 kB)
#8 5.270      ━━━━━━━━━━━━━━━━━━━━━━━━━━━━━━━━━━━━━━━ 130.1/130.1 kB 7.9 MB/s eta 0:00:00
#8 5.387 Collecting frozenlist==1.8.0 (from -r requirements.lock (line 24))
#8 5.406   Downloading frozenlist-1.8.0-cp312-cp312-manylinux1_x86_64.manylinux_2_28_x86_64.manylinux_2_5_x86_64.whl.metadata (20 kB)
#8 5.461 Collecting fsspec==2026.6.0 (from -r requirements.lock (line 25))
#8 5.483   Downloading fsspec-2026.6.0-py3-none-any.whl.metadata (10 kB)
#8 5.511 Collecting h11==0.16.0 (from -r requirements.lock (line 26))
#8 5.530   Downloading h11-0.16.0-py3-none-any.whl.metadata (8.3 kB)
#8 5.607 Collecting hf-xet==1.6.0 (from -r requirements.lock (line 27))
#8 5.622   Downloading hf_xet-1.6.0-cp38-abi3-manylinux2014_x86_64.manylinux_2_17_x86_64.whl.metadata (4.9 kB)
#8 5.663 Collecting httpcore==1.0.9 (from -r requirements.lock (line 28))
#8 5.676   Downloading httpcore-1.0.9-py3-none-any.whl.metadata (21 kB)
#8 5.728 Collecting httpx==0.28.1 (from -r requirements.lock (line 29))
#8 5.741   Downloading httpx-0.28.1-py3-none-any.whl.metadata (7.1 kB)
#8 5.871 Collecting huggingface_hub==1.33.0 (from -r requirements.lock (line 30))
#8 5.887   Downloading huggingface_hub-1.33.0-py3-none-any.whl.metadata (16 kB)
#8 5.924 Collecting idna==3.20 (from -r requirements.lock (line 31))
#8 5.939   Downloading idna-3.20-py3-none-any.whl.metadata (7.2 kB)
#8 5.966 Collecting iniconfig==2.3.0 (from -r requirements.lock (line 32))
#8 5.982   Downloading iniconfig-2.3.0-py3-none-any.whl.metadata (2.5 kB)
#8 6.021 Collecting Jinja2==3.1.6 (from -r requirements.lock (line 33))
#8 6.033   Downloading jinja2-3.1.6-py3-none-any.whl.metadata (2.9 kB)
#8 6.077 Collecting joblib==1.6.0 (from -r requirements.lock (line 34))
#8 6.090   Downloading joblib-1.6.0-py3-none-any.whl.metadata (6.5 kB)
#8 6.206 Collecting kiwisolver==1.5.1 (from -r requirements.lock (line 35))
#8 6.225   Downloading kiwisolver-1.5.1-cp312-cp312-manylinux2014_x86_64.manylinux_2_17_x86_64.whl.metadata (5.2 kB)
#8 6.268 Collecting markdown-it-py==4.2.0 (from -r requirements.lock (line 36))
#8 6.282   Downloading markdown_it_py-4.2.0-py3-none-any.whl.metadata (7.4 kB)
#8 6.379 Collecting MarkupSafe==3.0.4 (from -r requirements.lock (line 37))
#8 6.398   Downloading markupsafe-3.0.4-cp312-cp312-manylinux2014_x86_64.manylinux_2_17_x86_64.manylinux_2_28_x86_64.whl.metadata (2.7 kB)
#8 6.625 Collecting matplotlib==3.11.2 (from -r requirements.lock (line 38))
#8 6.639   Downloading matplotlib-3.11.2-cp312-cp312-manylinux2014_x86_64.manylinux_2_17_x86_64.whl.metadata (80 kB)
#8 6.643      ━━━━━━━━━━━━━━━━━━━━━━━━━━━━━━━━━━━━━━━ 80.3/80.3 kB 183.2 MB/s eta 0:00:00
#8 6.687 Collecting mdurl==0.1.2 (from -r requirements.lock (line 39))
#8 6.703   Downloading mdurl-0.1.2-py3-none-any.whl.metadata (1.6 kB)
#8 6.736 Collecting mpmath==1.3.0 (from -r requirements.lock (line 40))
#8 6.752   Downloading mpmath-1.3.0-py3-none-any.whl.metadata (8.6 kB)
#8 7.372 Collecting multidict==6.9.1 (from -r requirements.lock (line 41))
#8 7.391   Downloading multidict-6.9.1-cp312-cp312-manylinux2014_x86_64.manylinux_2_17_x86_64.manylinux_2_28_x86_64.whl.metadata (5.3 kB)
#8 7.434 Collecting multiprocess==0.70.19 (from -r requirements.lock (line 42))
#8 7.459   Downloading multiprocess-0.70.19-py312-none-any.whl.metadata (7.5 kB)
#8 7.570 Collecting narwhals==2.26.0 (from -r requirements.lock (line 43))
#8 7.601   Downloading narwhals-2.26.0-py3-none-any.whl.metadata (15 kB)
#8 7.656 Collecting networkx==3.7 (from -r requirements.lock (line 44))
#8 7.669   Downloading networkx-3.7-py3-none-any.whl.metadata (6.7 kB)
#8 8.013 Collecting numpy==2.5.3 (from -r requirements.lock (line 45))
#8 8.031   Downloading numpy-2.5.3-cp312-cp312-manylinux_2_27_x86_64.manylinux_2_28_x86_64.whl.metadata (6.6 kB)
#8 8.064 Collecting nvidia-cublas==13.1.1.3 (from -r requirements.lock (line 46))
#8 8.079   Downloading nvidia_cublas-13.1.1.3-py3-none-manylinux_2_27_x86_64.whl.metadata (1.8 kB)
#8 8.111 Collecting nvidia-cuda-cupti==13.0.85 (from -r requirements.lock (line 47))
#8 8.126   Downloading nvidia_cuda_cupti-13.0.85-py3-none-manylinux_2_25_x86_64.whl.metadata (1.7 kB)
#8 8.153 Collecting nvidia-cuda-nvrtc==13.0.88 (from -r requirements.lock (line 48))
#8 8.173   Downloading nvidia_cuda_nvrtc-13.0.88-py3-none-manylinux2010_x86_64.manylinux_2_12_x86_64.whl.metadata (1.7 kB)
#8 8.204 Collecting nvidia-cuda-runtime==13.0.96 (from -r requirements.lock (line 49))
#8 8.221   Downloading nvidia_cuda_runtime-13.0.96-py3-none-manylinux2014_x86_64.manylinux_2_17_x86_64.whl.metadata (1.7 kB)
#8 8.258 Collecting nvidia-cudnn-cu13==9.24.0.43 (from -r requirements.lock (line 50))
#8 8.270   Downloading nvidia_cudnn_cu13-9.24.0.43-py3-none-manylinux_2_27_x86_64.whl.metadata (1.9 kB)
#8 8.442 Collecting nvidia-cufft==12.0.0.61 (from -r requirements.lock (line 51))
#8 8.464   Downloading nvidia_cufft-12.0.0.61-py3-none-manylinux2014_x86_64.manylinux_2_17_x86_64.whl.metadata (1.8 kB)
#8 8.501 Collecting nvidia-cufile==1.15.1.6 (from -r requirements.lock (line 52))
#8 8.516   Downloading nvidia_cufile-1.15.1.6-py3-none-manylinux2014_x86_64.manylinux_2_17_x86_64.whl.metadata (1.7 kB)
#8 8.551 Collecting nvidia-curand==10.4.0.35 (from -r requirements.lock (line 53))
#8 8.568   Downloading nvidia_curand-10.4.0.35-py3-none-manylinux_2_27_x86_64.whl.metadata (1.7 kB)
#8 8.604 Collecting nvidia-cusolver==12.0.4.66 (from -r requirements.lock (line 54))
#8 8.622   Downloading nvidia_cusolver-12.0.4.66-py3-none-manylinux_2_27_x86_64.whl.metadata (1.8 kB)
#8 8.649 Collecting nvidia-cusparse==12.6.3.3 (from -r requirements.lock (line 55))
#8 8.670   Downloading nvidia_cusparse-12.6.3.3-py3-none-manylinux2014_x86_64.manylinux_2_17_x86_64.whl.metadata (1.8 kB)
#8 8.698 Collecting nvidia-cusparselt-cu13==0.8.1 (from -r requirements.lock (line 56))
#8 8.716   Downloading nvidia_cusparselt_cu13-0.8.1-py3-none-manylinux2014_x86_64.whl.metadata (12 kB)
#8 8.748 Collecting nvidia-nccl-cu13==2.30.7 (from -r requirements.lock (line 57))
#8 8.767   Downloading nvidia_nccl_cu13-2.30.7-py3-none-manylinux_2_18_x86_64.whl.metadata (2.1 kB)
#8 8.794 Collecting nvidia-nvjitlink==13.4.92 (from -r requirements.lock (line 58))
#8 8.813   Downloading nvidia_nvjitlink-13.4.92-py3-none-manylinux2010_x86_64.manylinux_2_12_x86_64.whl.metadata (1.8 kB)
#8 8.843 Collecting nvidia-nvshmem-cu13==3.4.5 (from -r requirements.lock (line 59))
#8 8.861   Downloading nvidia_nvshmem_cu13-3.4.5-py3-none-manylinux2014_x86_64.manylinux_2_17_x86_64.whl.metadata (2.1 kB)
#8 8.891 Collecting nvidia-nvtx==13.0.85 (from -r requirements.lock (line 60))
#8 8.906   Downloading nvidia_nvtx-13.0.85-py3-none-manylinux1_x86_64.manylinux_2_5_x86_64.whl.metadata (1.8 kB)
#8 8.964 Collecting opentelemetry-api==1.45.0 (from -r requirements.lock (line 61))
#8 8.981   Downloading opentelemetry_api-1.45.0-py3-none-any.whl.metadata (1.4 kB)
#8 9.025 Collecting packaging==26.3 (from -r requirements.lock (line 62))
#8 9.038   Downloading packaging-26.3-py3-none-any.whl.metadata (3.5 kB)
#8 9.247 Collecting pandas==3.0.6 (from -r requirements.lock (line 63))
#8 9.264   Downloading pandas-3.0.6-cp312-cp312-manylinux_2_24_x86_64.manylinux_2_28_x86_64.whl.metadata (79 kB)
#8 9.267      ━━━━━━━━━━━━━━━━━━━━━━━━━━━━━━━━━━━━━━━ 79.5/79.5 kB 206.9 MB/s eta 0:00:00
#8 9.322 Collecting peft==0.21.2 (from -r requirements.lock (line 64))
#8 9.338   Downloading peft-0.21.2-py3-none-any.whl.metadata (15 kB)
#8 9.629 Collecting pillow==12.3.0 (from -r requirements.lock (line 65))
#8 9.644   Downloading pillow-12.3.0-cp312-cp312-manylinux_2_27_x86_64.manylinux_2_28_x86_64.whl.metadata (9.1 kB)
#8 9.683 Collecting pluggy==1.6.0 (from -r requirements.lock (line 66))
#8 9.700   Downloading pluggy-1.6.0-py3-none-any.whl.metadata (4.8 kB)
#8 9.821 Collecting propcache==0.5.4 (from -r requirements.lock (line 67))
#8 9.837   Downloading propcache-0.5.4-cp312-cp312-manylinux2014_x86_64.manylinux_2_17_x86_64.manylinux_2_28_x86_64.whl.metadata (25 kB)
#8 9.967 Collecting psutil==7.2.2 (from -r requirements.lock (line 68))
#8 9.982   Downloading psutil-7.2.2-cp36-abi3-manylinux2010_x86_64.manylinux_2_12_x86_64.manylinux_2_28_x86_64.whl.metadata (22 kB)
#8 10.30 Collecting pyarrow==25.0.1 (from -r requirements.lock (line 69))
#8 10.32   Downloading pyarrow-25.0.1-cp312-cp312-manylinux_2_28_x86_64.whl.metadata (3.0 kB)
#8 10.53 Collecting pydantic==2.13.5 (from -r requirements.lock (line 70))
#8 10.55   Downloading pydantic-2.13.5-py3-none-any.whl.metadata (110 kB)
#8 10.55      ━━━━━━━━━━━━━━━━━━━━━━━━━━━━━━━━━━━━━━ 110.2/110.2 kB 35.2 MB/s eta 0:00:00
#8 11.97 Collecting pydantic_core==2.46.5 (from -r requirements.lock (line 71))
#8 11.99   Downloading pydantic_core-2.46.5-cp312-cp312-manylinux_2_17_x86_64.manylinux2014_x86_64.whl.metadata (6.6 kB)
#8 12.03 Collecting Pygments==2.21.0 (from -r requirements.lock (line 72))
#8 12.05   Downloading pygments-2.21.0-py3-none-any.whl.metadata (2.5 kB)
#8 12.11 Collecting pyparsing==3.3.3 (from -r requirements.lock (line 73))
#8 12.13   Downloading pyparsing-3.3.3-py3-none-any.whl.metadata (5.9 kB)
#8 12.21 Collecting pytest==9.1.1 (from -r requirements.lock (line 74))
#8 12.23   Downloading pytest-9.1.1-py3-none-any.whl.metadata (7.6 kB)
#8 12.26 Collecting python-dateutil==2.9.0.post0 (from -r requirements.lock (line 75))
#8 12.27   Downloading python_dateutil-2.9.0.post0-py2.py3-none-any.whl.metadata (8.4 kB)
#8 12.35 Collecting PyYAML==6.0.3 (from -r requirements.lock (line 76))
#8 12.36   Downloading pyyaml-6.0.3-cp312-cp312-manylinux2014_x86_64.manylinux_2_17_x86_64.manylinux_2_28_x86_64.whl.metadata (2.4 kB)
#8 13.01 Collecting regex==2026.9.29 (from -r requirements.lock (line 77))
#8 13.03   Downloading regex-2026.9.29-cp312-cp312-manylinux2014_x86_64.manylinux_2_17_x86_64.manylinux_2_28_x86_64.whl.metadata (40 kB)
#8 13.04      ━━━━━━━━━━━━━━━━━━━━━━━━━━━━━━━━━━━━━━━ 40.6/40.6 kB 165.1 MB/s eta 0:00:00
#8 13.10 Collecting requests==2.34.2 (from -r requirements.lock (line 78))
#8 13.11   Downloading requests-2.34.2-py3-none-any.whl.metadata (4.8 kB)
#8 13.22 Collecting rich==15.0.0 (from -r requirements.lock (line 79))
#8 13.23   Downloading rich-15.0.0-py3-none-any.whl.metadata (18 kB)
#8 13.43 Collecting safetensors==0.8.0 (from -r requirements.lock (line 80))
#8 13.45   Downloading safetensors-0.8.0-cp310-abi3-manylinux_2_17_x86_64.manylinux2014_x86_64.whl.metadata (4.2 kB)
#8 13.94 Collecting scikit-learn==1.9.1 (from -r requirements.lock (line 81))
#8 13.96   Downloading scikit_learn-1.9.1-cp312-cp312-manylinux_2_27_x86_64.manylinux_2_28_x86_64.whl.metadata (9.3 kB)
#8 14.18 Collecting scipy==1.18.1 (from -r requirements.lock (line 82))
#8 14.20   Downloading scipy-1.18.1-cp312-cp312-manylinux_2_27_x86_64.manylinux_2_28_x86_64.whl.metadata (62 kB)
#8 14.20      ━━━━━━━━━━━━━━━━━━━━━━━━━━━━━━━━━━━━━━━ 62.4/62.4 kB 198.9 MB/s eta 0:00:00
#8 14.46 Collecting setuptools==84.0.0 (from -r requirements.lock (line 83))
#8 14.47   Downloading setuptools-84.0.0-py3-none-any.whl.metadata (6.6 kB)
#8 14.51 Collecting shellingham==1.5.4 (from -r requirements.lock (line 84))
#8 14.53   Downloading shellingham-1.5.4-py2.py3-none-any.whl.metadata (3.5 kB)
#8 14.57 Collecting six==1.17.0 (from -r requirements.lock (line 85))
#8 14.58   Downloading six-1.17.0-py2.py3-none-any.whl.metadata (1.7 kB)
#8 14.65 Collecting starlette==1.7.0 (from -r requirements.lock (line 86))
#8 14.67   Downloading starlette-1.7.0-py3-none-any.whl.metadata (6.6 kB)
#8 14.71 Collecting sympy==1.14.0 (from -r requirements.lock (line 87))
#8 14.73   Downloading sympy-1.14.0-py3-none-any.whl.metadata (12 kB)
#8 14.76 Collecting threadpoolctl==3.7.0 (from -r requirements.lock (line 88))
#8 14.78   Downloading threadpoolctl-3.7.0-py3-none-any.whl.metadata (24 kB)
#8 15.02 Collecting tokenizers==0.23.2 (from -r requirements.lock (line 89))
#8 15.04   Downloading tokenizers-0.23.2-cp310-abi3-manylinux_2_17_x86_64.manylinux2014_x86_64.whl.metadata (9.8 kB)
#8 15.14 Collecting torch==2.14.1 (from -r requirements.lock (line 90))
#8 15.15   Downloading torch-2.14.1-cp312-cp312-manylinux_2_28_x86_64.whl.metadata (37 kB)
#8 15.24 Collecting tqdm==4.70.1 (from -r requirements.lock (line 91))
#8 15.26   Downloading tqdm-4.70.1-py3-none-any.whl.metadata (57 kB)
#8 15.26      ━━━━━━━━━━━━━━━━━━━━━━━━━━━━━━━━━━━━━━━ 57.4/57.4 kB 158.8 MB/s eta 0:00:00
#8 15.37 Collecting transformers==5.18.0 (from -r requirements.lock (line 92))
#8 15.39   Downloading transformers-5.18.0-py3-none-any.whl.metadata (32 kB)
#8 15.43 Collecting triton==3.8.0 (from -r requirements.lock (line 93))
#8 15.45   Downloading triton-3.8.0-cp312-cp312-manylinux_2_27_x86_64.manylinux_2_28_x86_64.whl.metadata (978 bytes)
#8 15.50 Collecting typer==0.27.2 (from -r requirements.lock (line 94))
#8 15.52   Downloading typer-0.27.2-py3-none-any.whl.metadata (16 kB)
#8 15.55 Collecting typing-inspection==0.4.4 (from -r requirements.lock (line 95))
#8 15.56   Downloading typing_inspection-0.4.4-py3-none-any.whl.metadata (2.6 kB)
#8 15.61 Collecting typing_extensions==4.16.0 (from -r requirements.lock (line 96))
#8 15.62   Downloading typing_extensions-4.16.0-py3-none-any.whl.metadata (3.3 kB)
#8 15.69 Collecting urllib3==2.8.0 (from -r requirements.lock (line 97))
#8 15.72   Downloading urllib3-2.8.0-py3-none-any.whl.metadata (7.4 kB)
#8 15.78 Collecting uvicorn==0.54.0 (from -r requirements.lock (line 98))
#8 15.80   Downloading uvicorn-0.54.0-py3-none-any.whl.metadata (6.6 kB)
#8 16.04 Collecting xxhash==4.0.1 (from -r requirements.lock (line 99))
#8 16.05   Downloading xxhash-4.0.1-cp312-cp312-manylinux2014_x86_64.manylinux_2_17_x86_64.manylinux_2_28_x86_64.whl.metadata (17 kB)
#8 16.77 Collecting yarl==1.25.1 (from -r requirements.lock (line 100))
#8 16.79   Downloading yarl-1.25.1-cp312-cp312-manylinux2014_x86_64.manylinux_2_17_x86_64.manylinux_2_28_x86_64.whl.metadata (111 kB)
#8 16.79      ━━━━━━━━━━━━━━━━━━━━━━━━━━━━━━━━━━━━━ 111.6/111.6 kB 196.1 MB/s eta 0:00:00
#8 19.94 Downloading accelerate-1.15.0-py3-none-any.whl (394 kB)
#8 19.95    ━━━━━━━━━━━━━━━━━━━━━━━━━━━━━━━━━━━━━━━━ 394.3/394.3 kB 42.0 MB/s eta 0:00:00
#8 19.97 Downloading aiohappyeyeballs-2.7.1-py3-none-any.whl (15 kB)
#8 19.98 Downloading aiohttp-3.14.3-cp312-cp312-manylinux2014_x86_64.manylinux_2_17_x86_64.manylinux_2_28_x86_64.whl (1.8 MB)
#8 20.01    ━━━━━━━━━━━━━━━━━━━━━━━━━━━━━━━━━━━━━━━━ 1.8/1.8 MB 66.9 MB/s eta 0:00:00
#8 20.03 Downloading aiosignal-1.4.0-py3-none-any.whl (7.5 kB)
#8 20.05 Downloading annotated_doc-0.0.5-py3-none-any.whl (5.3 kB)
#8 20.07 Downloading annotated_types-0.8.0-py3-none-any.whl (13 kB)
#8 20.09 Downloading anyio-4.15.1-py3-none-any.whl (132 kB)
#8 20.09    ━━━━━━━━━━━━━━━━━━━━━━━━━━━━━━━━━━━━━━━ 132.1/132.1 kB 236.3 MB/s eta 0:00:00
#8 20.10 Downloading attrs-26.1.0-py3-none-any.whl (67 kB)
#8 20.10    ━━━━━━━━━━━━━━━━━━━━━━━━━━━━━━━━━━━━━━━━ 67.5/67.5 kB 220.5 MB/s eta 0:00:00
#8 20.13 Downloading bitsandbytes-0.50.2-py3-none-manylinux_2_24_x86_64.whl (43.1 MB)
#8 20.76    ━━━━━━━━━━━━━━━━━━━━━━━━━━━━━━━━━━━━━━━━ 43.1/43.1 MB 55.6 MB/s eta 0:00:00
#8 20.78 Downloading certifi-2026.7.22-py3-none-any.whl (136 kB)
#8 20.79    ━━━━━━━━━━━━━━━━━━━━━━━━━━━━━━━━━━━━━━━ 137.0/137.0 kB 191.3 MB/s eta 0:00:00
#8 20.81 Downloading charset_normalizer-3.5.2-cp312-cp312-manylinux2014_x86_64.manylinux_2_17_x86_64.manylinux_2_28_x86_64.whl (257 kB)
#8 20.81    ━━━━━━━━━━━━━━━━━━━━━━━━━━━━━━━━━━━━━━━ 257.6/257.6 kB 132.6 MB/s eta 0:00:00
#8 20.82 Downloading click-8.5.0-py3-none-any.whl (125 kB)
#8 20.83    ━━━━━━━━━━━━━━━━━━━━━━━━━━━━━━━━━━━━━━━ 125.3/125.3 kB 217.8 MB/s eta 0:00:00
#8 20.84 Downloading cloudpickle-3.1.2-py3-none-any.whl (22 kB)
#8 20.86 Downloading contourpy-1.4.0-cp312-cp312-manylinux_2_27_x86_64.manylinux_2_28_x86_64.whl (383 kB)
#8 20.86    ━━━━━━━━━━━━━━━━━━━━━━━━━━━━━━━━━━━━━━━ 383.2/383.2 kB 122.1 MB/s eta 0:00:00
#8 20.88 Downloading cuda_bindings-13.4.3-cp312-cp312-manylinux_2_24_x86_64.manylinux_2_28_x86_64.whl (7.2 MB)
#8 21.00    ━━━━━━━━━━━━━━━━━━━━━━━━━━━━━━━━━━━━━━━━ 7.2/7.2 MB 60.3 MB/s eta 0:00:00
#8 21.02 Downloading cuda_pathfinder-1.8.3-py3-none-any.whl (62 kB)
#8 21.02    ━━━━━━━━━━━━━━━━━━━━━━━━━━━━━━━━━━━━━━━━ 62.6/62.6 kB 208.4 MB/s eta 0:00:00
#8 21.04 Downloading cuda_toolkit-13.0.3.0-py2.py3-none-any.whl (2.5 kB)
#8 21.05 Downloading cycler-0.12.1-py3-none-any.whl (8.3 kB)
#8 21.07 Downloading datasets-5.0.1-py3-none-any.whl (559 kB)
#8 21.08    ━━━━━━━━━━━━━━━━━━━━━━━━━━━━━━━━━━━━━━━ 559.1/559.1 kB 120.6 MB/s eta 0:00:00
#8 21.10 Downloading dill-0.4.1-py3-none-any.whl (120 kB)
#8 21.10    ━━━━━━━━━━━━━━━━━━━━━━━━━━━━━━━━━━━━━━━ 120.0/120.0 kB 177.8 MB/s eta 0:00:00
#8 21.12 Downloading fastapi-0.142.2-py3-none-any.whl (144 kB)
#8 21.12    ━━━━━━━━━━━━━━━━━━━━━━━━━━━━━━━━━━━━━━━ 144.4/144.4 kB 191.0 MB/s eta 0:00:00
#8 21.14 Downloading filelock-4.0.10-py3-none-any.whl (111 kB)
#8 21.14    ━━━━━━━━━━━━━━━━━━━━━━━━━━━━━━━━━━━━━━━ 111.2/111.2 kB 227.8 MB/s eta 0:00:00
#8 21.15 Downloading fonttools-4.66.1-cp312-cp312-manylinux2014_x86_64.manylinux_2_17_x86_64.whl (5.4 MB)
#8 21.25    ━━━━━━━━━━━━━━━━━━━━━━━━━━━━━━━━━━━━━━━━ 5.4/5.4 MB 57.0 MB/s eta 0:00:00
#8 21.27 Downloading frozenlist-1.8.0-cp312-cp312-manylinux1_x86_64.manylinux_2_28_x86_64.manylinux_2_5_x86_64.whl (242 kB)
#8 21.27    ━━━━━━━━━━━━━━━━━━━━━━━━━━━━━━━━━━━━━━━ 242.4/242.4 kB 238.0 MB/s eta 0:00:00
#8 21.29 Downloading fsspec-2026.6.0-py3-none-any.whl (203 kB)
#8 21.30    ━━━━━━━━━━━━━━━━━━━━━━━━━━━━━━━━━━━━━━━ 203.9/203.9 kB 179.5 MB/s eta 0:00:00
#8 21.31 Downloading h11-0.16.0-py3-none-any.whl (37 kB)
#8 21.33 Downloading hf_xet-1.6.0-cp38-abi3-manylinux2014_x86_64.manylinux_2_17_x86_64.whl (4.5 MB)
#8 21.41    ━━━━━━━━━━━━━━━━━━━━━━━━━━━━━━━━━━━━━━━━ 4.5/4.5 MB 56.2 MB/s eta 0:00:00
#8 21.43 Downloading httpcore-1.0.9-py3-none-any.whl (78 kB)
#8 21.43    ━━━━━━━━━━━━━━━━━━━━━━━━━━━━━━━━━━━━━━━━ 78.8/78.8 kB 237.2 MB/s eta 0:00:00
#8 21.45 Downloading httpx-0.28.1-py3-none-any.whl (73 kB)
#8 21.45    ━━━━━━━━━━━━━━━━━━━━━━━━━━━━━━━━━━━━━━━━ 73.5/73.5 kB 225.3 MB/s eta 0:00:00
#8 21.47 Downloading huggingface_hub-1.33.0-py3-none-any.whl (846 kB)
#8 21.48    ━━━━━━━━━━━━━━━━━━━━━━━━━━━━━━━━━━━━━━━━ 846.4/846.4 kB 75.1 MB/s eta 0:00:00
#8 21.50 Downloading idna-3.20-py3-none-any.whl (69 kB)
#8 21.50    ━━━━━━━━━━━━━━━━━━━━━━━━━━━━━━━━━━━━━━━━ 69.6/69.6 kB 219.0 MB/s eta 0:00:00
#8 21.52 Downloading iniconfig-2.3.0-py3-none-any.whl (7.5 kB)
#8 21.54 Downloading jinja2-3.1.6-py3-none-any.whl (134 kB)
#8 21.54    ━━━━━━━━━━━━━━━━━━━━━━━━━━━━━━━━━━━━━━━ 134.9/134.9 kB 183.3 MB/s eta 0:00:00
#8 21.56 Downloading joblib-1.6.0-py3-none-any.whl (306 kB)
#8 21.57    ━━━━━━━━━━━━━━━━━━━━━━━━━━━━━━━━━━━━━━━ 306.1/306.1 kB 134.2 MB/s eta 0:00:00
#8 21.58 Downloading kiwisolver-1.5.1-cp312-cp312-manylinux2014_x86_64.manylinux_2_17_x86_64.whl (1.5 MB)
#8 21.60    ━━━━━━━━━━━━━━━━━━━━━━━━━━━━━━━━━━━━━━━━ 1.5/1.5 MB 76.2 MB/s eta 0:00:00
#8 21.62 Downloading markdown_it_py-4.2.0-py3-none-any.whl (91 kB)
#8 21.63    ━━━━━━━━━━━━━━━━━━━━━━━━━━━━━━━━━━━━━━━━ 91.7/91.7 kB 218.2 MB/s eta 0:00:00
#8 21.64 Downloading markupsafe-3.0.4-cp312-cp312-manylinux2014_x86_64.manylinux_2_17_x86_64.manylinux_2_28_x86_64.whl (22 kB)
#8 21.66 Downloading matplotlib-3.11.2-cp312-cp312-manylinux2014_x86_64.manylinux_2_17_x86_64.whl (9.9 MB)
#8 21.82    ━━━━━━━━━━━━━━━━━━━━━━━━━━━━━━━━━━━━━━━━ 9.9/9.9 MB 61.8 MB/s eta 0:00:00
#8 21.84 Downloading mdurl-0.1.2-py3-none-any.whl (10.0 kB)
#8 21.85 Downloading mpmath-1.3.0-py3-none-any.whl (536 kB)
#8 21.86    ━━━━━━━━━━━━━━━━━━━━━━━━━━━━━━━━━━━━━━━ 536.2/536.2 kB 118.6 MB/s eta 0:00:00
#8 21.88 Downloading multidict-6.9.1-cp312-cp312-manylinux2014_x86_64.manylinux_2_17_x86_64.manylinux_2_28_x86_64.whl (336 kB)
#8 21.88    ━━━━━━━━━━━━━━━━━━━━━━━━━━━━━━━━━━━━━━━ 336.9/336.9 kB 121.7 MB/s eta 0:00:00
#8 21.90 Downloading multiprocess-0.70.19-py312-none-any.whl (150 kB)
#8 21.90    ━━━━━━━━━━━━━━━━━━━━━━━━━━━━━━━━━━━━━━━ 150.3/150.3 kB 176.7 MB/s eta 0:00:00
#8 21.92 Downloading narwhals-2.26.0-py3-none-any.whl (474 kB)
#8 21.92    ━━━━━━━━━━━━━━━━━━━━━━━━━━━━━━━━━━━━━━━ 474.0/474.0 kB 131.1 MB/s eta 0:00:00
#8 21.94 Downloading networkx-3.7-py3-none-any.whl (2.1 MB)
#8 21.98    ━━━━━━━━━━━━━━━━━━━━━━━━━━━━━━━━━━━━━━━━ 2.1/2.1 MB 67.8 MB/s eta 0:00:00
#8 21.99 Downloading numpy-2.5.3-cp312-cp312-manylinux_2_27_x86_64.manylinux_2_28_x86_64.whl (16.7 MB)
#8 22.28    ━━━━━━━━━━━━━━━━━━━━━━━━━━━━━━━━━━━━━━━━ 16.7/16.7 MB 55.4 MB/s eta 0:00:00
#8 22.30 Downloading nvidia_cublas-13.1.1.3-py3-none-manylinux_2_27_x86_64.whl (423.1 MB)
#8 29.24    ━━━━━━━━━━━━━━━━━━━━━━━━━━━━━━━━━━━━━━━━ 423.1/423.1 MB 42.6 MB/s eta 0:00:00
#8 29.26 Downloading nvidia_cuda_cupti-13.0.85-py3-none-manylinux_2_25_x86_64.whl (10.7 MB)
#8 29.50    ━━━━━━━━━━━━━━━━━━━━━━━━━━━━━━━━━━━━━━━━ 10.7/10.7 MB 45.5 MB/s eta 0:00:00
#8 29.51 Downloading nvidia_cuda_nvrtc-13.0.88-py3-none-manylinux2010_x86_64.manylinux_2_12_x86_64.whl (90.2 MB)
#8 31.34    ━━━━━━━━━━━━━━━━━━━━━━━━━━━━━━━━━━━━━━━━ 90.2/90.2 MB 54.6 MB/s eta 0:00:00
#8 31.35 Downloading nvidia_cuda_runtime-13.0.96-py3-none-manylinux2014_x86_64.manylinux_2_17_x86_64.whl (2.2 MB)
#8 31.40    ━━━━━━━━━━━━━━━━━━━━━━━━━━━━━━━━━━━━━━━━ 2.2/2.2 MB 50.3 MB/s eta 0:00:00
#8 31.41 Downloading nvidia_cudnn_cu13-9.24.0.43-py3-none-manylinux_2_27_x86_64.whl (553.1 MB)
#8 40.27    ━━━━━━━━━━━━━━━━━━━━━━━━━━━━━━━━━━━━━━━━ 553.1/553.1 MB 78.5 MB/s eta 0:00:00
#8 40.28 Downloading nvidia_cufft-12.0.0.61-py3-none-manylinux2014_x86_64.manylinux_2_17_x86_64.whl (214.1 MB)
#8 43.63    ━━━━━━━━━━━━━━━━━━━━━━━━━━━━━━━━━━━━━━━━ 214.1/214.1 MB 74.6 MB/s eta 0:00:00
#8 43.65 Downloading nvidia_cufile-1.15.1.6-py3-none-manylinux2014_x86_64.manylinux_2_17_x86_64.whl (1.2 MB)
#8 43.66    ━━━━━━━━━━━━━━━━━━━━━━━━━━━━━━━━━━━━━━━━ 1.2/1.2 MB 117.0 MB/s eta 0:00:00
#8 43.68 Downloading nvidia_curand-10.4.0.35-py3-none-manylinux_2_27_x86_64.whl (59.5 MB)
#8 44.52    ━━━━━━━━━━━━━━━━━━━━━━━━━━━━━━━━━━━━━━━━ 59.5/59.5 MB 76.9 MB/s eta 0:00:00
#8 44.54 Downloading nvidia_cusolver-12.0.4.66-py3-none-manylinux_2_27_x86_64.whl (200.9 MB)
#8 47.89    ━━━━━━━━━━━━━━━━━━━━━━━━━━━━━━━━━━━━━━━━ 200.9/200.9 MB 64.1 MB/s eta 0:00:00
#8 47.91 Downloading nvidia_cusparse-12.6.3.3-py3-none-manylinux2014_x86_64.manylinux_2_17_x86_64.whl (145.9 MB)
#8 50.16    ━━━━━━━━━━━━━━━━━━━━━━━━━━━━━━━━━━━━━━━━ 145.9/145.9 MB 62.4 MB/s eta 0:00:00
#8 50.19 Downloading nvidia_cusparselt_cu13-0.8.1-py3-none-manylinux2014_x86_64.whl (170.1 MB)
#8 52.63    ━━━━━━━━━━━━━━━━━━━━━━━━━━━━━━━━━━━━━━━━ 170.1/170.1 MB 55.6 MB/s eta 0:00:00
#8 52.65 Downloading nvidia_nccl_cu13-2.30.7-py3-none-manylinux_2_18_x86_64.whl (216.0 MB)
#8 56.04    ━━━━━━━━━━━━━━━━━━━━━━━━━━━━━━━━━━━━━━━━ 216.0/216.0 MB 74.0 MB/s eta 0:00:00
#8 56.06 Downloading nvidia_nvjitlink-13.4.92-py3-none-manylinux2010_x86_64.manylinux_2_12_x86_64.whl (42.5 MB)
#8 56.85    ━━━━━━━━━━━━━━━━━━━━━━━━━━━━━━━━━━━━━━━━ 42.5/42.5 MB 53.4 MB/s eta 0:00:00
#8 56.87 Downloading nvidia_nvshmem_cu13-3.4.5-py3-none-manylinux2014_x86_64.manylinux_2_17_x86_64.whl (60.4 MB)
#8 57.99    ━━━━━━━━━━━━━━━━━━━━━━━━━━━━━━━━━━━━━━━━ 60.4/60.4 MB 57.8 MB/s eta 0:00:00
#8 58.01 Downloading nvidia_nvtx-13.0.85-py3-none-manylinux1_x86_64.manylinux_2_5_x86_64.whl (148 kB)
#8 58.01    ━━━━━━━━━━━━━━━━━━━━━━━━━━━━━━━━━━━━━━━ 148.0/148.0 kB 236.1 MB/s eta 0:00:00
#8 58.03 Downloading opentelemetry_api-1.45.0-py3-none-any.whl (60 kB)
#8 58.03    ━━━━━━━━━━━━━━━━━━━━━━━━━━━━━━━━━━━━━━━━ 60.0/60.0 kB 216.3 MB/s eta 0:00:00
#8 58.04 Downloading packaging-26.3-py3-none-any.whl (129 kB)
#8 58.04    ━━━━━━━━━━━━━━━━━━━━━━━━━━━━━━━━━━━━━━━ 130.0/130.0 kB 127.3 MB/s eta 0:00:00
#8 58.06 Downloading pandas-3.0.6-cp312-cp312-manylinux_2_24_x86_64.manylinux_2_28_x86_64.whl (10.8 MB)
#8 58.24    ━━━━━━━━━━━━━━━━━━━━━━━━━━━━━━━━━━━━━━━━ 10.8/10.8 MB 62.3 MB/s eta 0:00:00
#8 58.25 Downloading peft-0.21.2-py3-none-any.whl (835 kB)
#8 58.26    ━━━━━━━━━━━━━━━━━━━━━━━━━━━━━━━━━━━━━━━━ 835.4/835.4 kB 96.3 MB/s eta 0:00:00
#8 58.27 Downloading pillow-12.3.0-cp312-cp312-manylinux_2_27_x86_64.manylinux_2_28_x86_64.whl (6.9 MB)
#8 58.38    ━━━━━━━━━━━━━━━━━━━━━━━━━━━━━━━━━━━━━━━━ 6.9/6.9 MB 65.4 MB/s eta 0:00:00
#8 58.40 Downloading pluggy-1.6.0-py3-none-any.whl (20 kB)
#8 58.41 Downloading propcache-0.5.4-cp312-cp312-manylinux2014_x86_64.manylinux_2_17_x86_64.manylinux_2_28_x86_64.whl (250 kB)
#8 58.42    ━━━━━━━━━━━━━━━━━━━━━━━━━━━━━━━━━━━━━━━━ 250.4/250.4 kB 91.6 MB/s eta 0:00:00
#8 58.43 Downloading psutil-7.2.2-cp36-abi3-manylinux2010_x86_64.manylinux_2_12_x86_64.manylinux_2_28_x86_64.whl (155 kB)
#8 58.43    ━━━━━━━━━━━━━━━━━━━━━━━━━━━━━━━━━━━━━━━ 155.6/155.6 kB 161.1 MB/s eta 0:00:00
#8 58.45 Downloading pyarrow-25.0.1-cp312-cp312-manylinux_2_28_x86_64.whl (50.1 MB)
#8 59.31    ━━━━━━━━━━━━━━━━━━━━━━━━━━━━━━━━━━━━━━━━ 50.1/50.1 MB 57.2 MB/s eta 0:00:00
#8 59.33 Downloading pydantic-2.13.5-py3-none-any.whl (472 kB)
#8 59.34    ━━━━━━━━━━━━━━━━━━━━━━━━━━━━━━━━━━━━━━━ 472.6/472.6 kB 138.7 MB/s eta 0:00:00
#8 59.35 Downloading pydantic_core-2.46.5-cp312-cp312-manylinux_2_17_x86_64.manylinux2014_x86_64.whl (2.1 MB)
#8 59.39    ━━━━━━━━━━━━━━━━━━━━━━━━━━━━━━━━━━━━━━━━ 2.1/2.1 MB 62.2 MB/s eta 0:00:00
#8 59.41 Downloading pygments-2.21.0-py3-none-any.whl (1.3 MB)
#8 59.44    ━━━━━━━━━━━━━━━━━━━━━━━━━━━━━━━━━━━━━━━━ 1.3/1.3 MB 62.0 MB/s eta 0:00:00
#8 59.45 Downloading pyparsing-3.3.3-py3-none-any.whl (126 kB)
#8 59.45    ━━━━━━━━━━━━━━━━━━━━━━━━━━━━━━━━━━━━━━━ 126.4/126.4 kB 268.4 MB/s eta 0:00:00
#8 59.47 Downloading pytest-9.1.1-py3-none-any.whl (386 kB)
#8 59.47    ━━━━━━━━━━━━━━━━━━━━━━━━━━━━━━━━━━━━━━━ 386.5/386.5 kB 154.6 MB/s eta 0:00:00
#8 59.49 Downloading python_dateutil-2.9.0.post0-py2.py3-none-any.whl (229 kB)
#8 59.50    ━━━━━━━━━━━━━━━━━━━━━━━━━━━━━━━━━━━━━━━ 229.9/229.9 kB 181.8 MB/s eta 0:00:00
#8 59.51 Downloading pyyaml-6.0.3-cp312-cp312-manylinux2014_x86_64.manylinux_2_17_x86_64.manylinux_2_28_x86_64.whl (807 kB)
#8 59.52    ━━━━━━━━━━━━━━━━━━━━━━━━━━━━━━━━━━━━━━━━ 807.9/807.9 kB 89.5 MB/s eta 0:00:00
#8 59.54 Downloading regex-2026.9.29-cp312-cp312-manylinux2014_x86_64.manylinux_2_17_x86_64.manylinux_2_28_x86_64.whl (807 kB)
#8 59.55    ━━━━━━━━━━━━━━━━━━━━━━━━━━━━━━━━━━━━━━━━ 807.8/807.8 kB 91.4 MB/s eta 0:00:00
#8 59.57 Downloading requests-2.34.2-py3-none-any.whl (73 kB)
#8 59.57    ━━━━━━━━━━━━━━━━━━━━━━━━━━━━━━━━━━━━━━━━ 73.1/73.1 kB 213.7 MB/s eta 0:00:00
#8 59.59 Downloading rich-15.0.0-py3-none-any.whl (310 kB)
#8 59.60    ━━━━━━━━━━━━━━━━━━━━━━━━━━━━━━━━━━━━━━━ 310.7/310.7 kB 123.2 MB/s eta 0:00:00
#8 59.61 Downloading safetensors-0.8.0-cp310-abi3-manylinux_2_17_x86_64.manylinux2014_x86_64.whl (516 kB)
#8 59.62    ━━━━━━━━━━━━━━━━━━━━━━━━━━━━━━━━━━━━━━━ 516.0/516.0 kB 101.9 MB/s eta 0:00:00
#8 59.64 Downloading scikit_learn-1.9.1-cp312-cp312-manylinux_2_27_x86_64.manylinux_2_28_x86_64.whl (9.2 MB)
#8 59.79    ━━━━━━━━━━━━━━━━━━━━━━━━━━━━━━━━━━━━━━━━ 9.2/9.2 MB 60.4 MB/s eta 0:00:00
#8 59.81 Downloading scipy-1.18.1-cp312-cp312-manylinux_2_27_x86_64.manylinux_2_28_x86_64.whl (35.3 MB)
#8 60.42    ━━━━━━━━━━━━━━━━━━━━━━━━━━━━━━━━━━━━━━━━ 35.3/35.3 MB 61.2 MB/s eta 0:00:00
#8 60.44 Downloading setuptools-84.0.0-py3-none-any.whl (818 kB)
#8 60.45    ━━━━━━━━━━━━━━━━━━━━━━━━━━━━━━━━━━━━━━━━ 818.2/818.2 kB 91.7 MB/s eta 0:00:00
#8 60.47 Downloading shellingham-1.5.4-py2.py3-none-any.whl (9.8 kB)
#8 60.49 Downloading six-1.17.0-py2.py3-none-any.whl (11 kB)
#8 60.51 Downloading starlette-1.7.0-py3-none-any.whl (78 kB)
#8 60.51    ━━━━━━━━━━━━━━━━━━━━━━━━━━━━━━━━━━━━━━━━ 79.0/79.0 kB 226.7 MB/s eta 0:00:00
#8 60.53 Downloading sympy-1.14.0-py3-none-any.whl (6.3 MB)
#8 60.65    ━━━━━━━━━━━━━━━━━━━━━━━━━━━━━━━━━━━━━━━━ 6.3/6.3 MB 50.3 MB/s eta 0:00:00
#8 60.67 Downloading threadpoolctl-3.7.0-py3-none-any.whl (26 kB)
#8 60.69 Downloading tokenizers-0.23.2-cp310-abi3-manylinux_2_17_x86_64.manylinux2014_x86_64.whl (3.4 MB)
#8 60.75    ━━━━━━━━━━━━━━━━━━━━━━━━━━━━━━━━━━━━━━━━ 3.4/3.4 MB 56.7 MB/s eta 0:00:00
#8 60.77 Downloading torch-2.14.1-cp312-cp312-manylinux_2_28_x86_64.whl (554.6 MB)
#8 69.17    ━━━━━━━━━━━━━━━━━━━━━━━━━━━━━━━━━━━━━━━━ 554.6/554.6 MB 49.8 MB/s eta 0:00:00
#8 69.19 Downloading tqdm-4.70.1-py3-none-any.whl (80 kB)
#8 69.19    ━━━━━━━━━━━━━━━━━━━━━━━━━━━━━━━━━━━━━━━━ 80.2/80.2 kB 243.8 MB/s eta 0:00:00
#8 69.21 Downloading transformers-5.18.0-py3-none-any.whl (12.6 MB)
#8 69.45    ━━━━━━━━━━━━━━━━━━━━━━━━━━━━━━━━━━━━━━━━ 12.6/12.6 MB 53.6 MB/s eta 0:00:00
#8 69.47 Downloading triton-3.8.0-cp312-cp312-manylinux_2_27_x86_64.manylinux_2_28_x86_64.whl (248.0 MB)
#8 73.68    ━━━━━━━━━━━━━━━━━━━━━━━━━━━━━━━━━━━━━━━━ 248.0/248.0 MB 55.3 MB/s eta 0:00:00
#8 73.70 Downloading typer-0.27.2-py3-none-any.whl (123 kB)
#8 73.70    ━━━━━━━━━━━━━━━━━━━━━━━━━━━━━━━━━━━━━━━ 123.1/123.1 kB 222.4 MB/s eta 0:00:00
#8 73.73 Downloading typing_inspection-0.4.4-py3-none-any.whl (14 kB)
#8 73.75 Downloading typing_extensions-4.16.0-py3-none-any.whl (45 kB)
#8 73.75    ━━━━━━━━━━━━━━━━━━━━━━━━━━━━━━━━━━━━━━━━ 45.6/45.6 kB 200.5 MB/s eta 0:00:00
#8 73.77 Downloading urllib3-2.8.0-py3-none-any.whl (135 kB)
#8 73.77    ━━━━━━━━━━━━━━━━━━━━━━━━━━━━━━━━━━━━━━━ 135.7/135.7 kB 211.1 MB/s eta 0:00:00
#8 73.79 Downloading uvicorn-0.54.0-py3-none-any.whl (87 kB)
#8 73.79    ━━━━━━━━━━━━━━━━━━━━━━━━━━━━━━━━━━━━━━━━ 87.4/87.4 kB 237.4 MB/s eta 0:00:00
#8 73.81 Downloading xxhash-4.0.1-cp312-cp312-manylinux2014_x86_64.manylinux_2_17_x86_64.manylinux_2_28_x86_64.whl (261 kB)
#8 73.82    ━━━━━━━━━━━━━━━━━━━━━━━━━━━━━━━━━━━━━━━ 261.8/261.8 kB 174.1 MB/s eta 0:00:00
#8 73.83 Downloading yarl-1.25.1-cp312-cp312-manylinux2014_x86_64.manylinux_2_17_x86_64.manylinux_2_28_x86_64.whl (117 kB)
#8 73.84    ━━━━━━━━━━━━━━━━━━━━━━━━━━━━━━━━━━━━━━━ 117.0/117.0 kB 230.1 MB/s eta 0:00:00
#8 79.53 Installing collected packages: nvidia-cusparselt-cu13, mpmath, cuda-toolkit, xxhash, urllib3, typing_extensions, triton, tqdm, threadpoolctl, sympy, six, shellingham, setuptools, safetensors, regex, PyYAML, pyparsing, Pygments, pyarrow, psutil, propcache, pluggy, pillow, packaging, nvidia-nvtx, nvidia-nvshmem-cu13, nvidia-nvjitlink, nvidia-nccl-cu13, nvidia-curand, nvidia-cufile, nvidia-cuda-runtime, nvidia-cuda-nvrtc, nvidia-cuda-cupti, numpy, networkx, narwhals, multidict, mdurl, MarkupSafe, kiwisolver, iniconfig, idna, hf-xet, h11, fsspec, frozenlist, fonttools, filelock, dill, cycler, cuda-pathfinder, cloudpickle, click, charset-normalizer, certifi, attrs, annotated-types, annotated-doc, aiohappyeyeballs, yarl, uvicorn, typing-inspection, scipy, requests, python-dateutil, pytest, pydantic_core, opentelemetry-api, nvidia-cusparse, nvidia-cufft, nvidia-cublas, multiprocess, markdown-it-py, joblib, Jinja2, httpcore, cuda-bindings, contourpy, anyio, aiosignal, starlette, scikit-learn, rich, pydantic, pandas, nvidia-cusolver, nvidia-cudnn-cu13, matplotlib, httpx, aiohttp, typer, huggingface_hub, fastapi, torch, tokenizers, datasets, transformers, bitsandbytes, accelerate, peft
#8 90.11   Attempting uninstall: setuptools
#8 90.12     Found existing installation: setuptools 69.5.1
#8 90.15     Uninstalling setuptools-69.5.1:
#8 90.33       Successfully uninstalled setuptools-69.5.1
#8 152.3 Successfully installed Jinja2-3.1.6 MarkupSafe-3.0.4 PyYAML-6.0.3 Pygments-2.21.0 accelerate-1.15.0 aiohappyeyeballs-2.7.1 aiohttp-3.14.3 aiosignal-1.4.0 annotated-doc-0.0.5 annotated-types-0.8.0 anyio-4.15.1 attrs-26.1.0 bitsandbytes-0.50.2 certifi-2026.7.22 charset-normalizer-3.5.2 click-8.5.0 cloudpickle-3.1.2 contourpy-1.4.0 cuda-bindings-13.4.3 cuda-pathfinder-1.8.3 cuda-toolkit-13.0.3.0 cycler-0.12.1 datasets-5.0.1 dill-0.4.1 fastapi-0.142.2 filelock-4.0.10 fonttools-4.66.1 frozenlist-1.8.0 fsspec-2026.6.0 h11-0.16.0 hf-xet-1.6.0 httpcore-1.0.9 httpx-0.28.1 huggingface_hub-1.33.0 idna-3.20 iniconfig-2.3.0 joblib-1.6.0 kiwisolver-1.5.1 markdown-it-py-4.2.0 matplotlib-3.11.2 mdurl-0.1.2 mpmath-1.3.0 multidict-6.9.1 multiprocess-0.70.19 narwhals-2.26.0 networkx-3.7 numpy-2.5.3 nvidia-cublas-13.1.1.3 nvidia-cuda-cupti-13.0.85 nvidia-cuda-nvrtc-13.0.88 nvidia-cuda-runtime-13.0.96 nvidia-cudnn-cu13-9.24.0.43 nvidia-cufft-12.0.0.61 nvidia-cufile-1.15.1.6 nvidia-curand-10.4.0.35 nvidia-cusolver-12.0.4.66 nvidia-cusparse-12.6.3.3 nvidia-cusparselt-cu13-0.8.1 nvidia-nccl-cu13-2.30.7 nvidia-nvjitlink-13.4.92 nvidia-nvshmem-cu13-3.4.5 nvidia-nvtx-13.0.85 opentelemetry-api-1.45.0 packaging-26.3 pandas-3.0.6 peft-0.21.2 pillow-12.3.0 pluggy-1.6.0 propcache-0.5.4 psutil-7.2.2 pyarrow-25.0.1 pydantic-2.13.5 pydantic_core-2.46.5 pyparsing-3.3.3 pytest-9.1.1 python-dateutil-2.9.0.post0 regex-2026.9.29 requests-2.34.2 rich-15.0.0 safetensors-0.8.0 scikit-learn-1.9.1 scipy-1.18.1 setuptools-84.0.0 shellingham-1.5.4 six-1.17.0 starlette-1.7.0 sympy-1.14.0 threadpoolctl-3.7.0 tokenizers-0.23.2 torch-2.14.1 tqdm-4.70.1 transformers-5.18.0 triton-3.8.0 typer-0.27.2 typing-inspection-0.4.4 typing_extensions-4.16.0 urllib3-2.8.0 uvicorn-0.54.0 xxhash-4.0.1 yarl-1.25.1
#8 152.3 WARNING: Running pip as the 'root' user can result in broken permissions and conflicting behaviour with the system package manager. It is recommended to use a virtual environment instead: https://pip.pypa.io/warnings/venv
#8 152.6 
#8 152.6 [notice] A new release of pip is available: 24.0 -> 26.2.1
#8 152.6 [notice] To update, run: pip install --upgrade pip
#8 DONE 158.4s

#9 [5/7] RUN apt-get update && apt-get install --no-install-recommends -y gcc libc6-dev && rm -rf /var/lib/apt/lists/*
#9 0.942 Get:1 http://deb.debian.org/debian bookworm InRelease [151 kB]
#9 1.217 Get:2 http://deb.debian.org/debian bookworm-updates InRelease [55.4 kB]
#9 1.312 Get:3 http://deb.debian.org/debian-security bookworm-security InRelease [34.8 kB]
#9 1.411 Get:4 http://deb.debian.org/debian bookworm/main amd64 Packages [8790 kB]
#9 1.897 Get:5 http://deb.debian.org/debian bookworm-updates/main amd64 Packages [6924 B]
#9 1.980 Get:6 http://deb.debian.org/debian-security bookworm-security/main amd64 Packages [349 kB]
#9 2.634 Fetched 9387 kB in 2s (4541 kB/s)
#9 2.634 Reading package lists...
#9 3.125 Reading package lists...
#9 3.594 Building dependency tree...
#9 3.750 Reading state information...
#9 3.902 The following additional packages will be installed:
#9 3.903   binutils binutils-common binutils-x86-64-linux-gnu cpp cpp-12 gcc-12
#9 3.903   gcc-12-base libasan8 libatomic1 libbinutils libc-bin libc-dev-bin libc6
#9 3.903   libcc1-0 libcrypt-dev libctf-nobfd0 libctf0 libgcc-12-dev libgcc-s1 libgomp1
#9 3.903   libgprofng0 libisl23 libitm1 libjansson4 liblsan0 libmpc3 libmpfr6
#9 3.904   libnsl-dev libquadmath0 libstdc++6 libtirpc-dev libtsan2 libubsan1
#9 3.904   linux-libc-dev rpcsvc-proto
#9 3.905 Suggested packages:
#9 3.905   binutils-doc cpp-doc gcc-12-locales cpp-12-doc gcc-multilib make
#9 3.905   manpages-dev autoconf automake libtool flex bison gdb gcc-doc
#9 3.905   gcc-12-multilib gcc-12-doc glibc-doc libc-l10n locales libnss-nis
#9 3.905   libnss-nisplus
#9 3.905 Recommended packages:
#9 3.905   manpages manpages-dev libc-devtools
#9 4.025 The following NEW packages will be installed:
#9 4.026   binutils binutils-common binutils-x86-64-linux-gnu cpp cpp-12 gcc gcc-12
#9 4.026   libasan8 libatomic1 libbinutils libc-dev-bin libc6-dev libcc1-0 libcrypt-dev
#9 4.026   libctf-nobfd0 libctf0 libgcc-12-dev libgomp1 libgprofng0 libisl23 libitm1
#9 4.027   libjansson4 liblsan0 libmpc3 libmpfr6 libnsl-dev libquadmath0 libtirpc-dev
#9 4.027   libtsan2 libubsan1 linux-libc-dev rpcsvc-proto
#9 4.027 The following packages will be upgraded:
#9 4.028   gcc-12-base libc-bin libc6 libgcc-s1 libstdc++6
#9 4.219 5 upgraded, 32 newly installed, 0 to remove and 46 not upgraded.
#9 4.219 Need to get 54.8 MB of archives.
#9 4.219 After this operation, 202 MB of additional disk space will be used.
#9 4.219 Get:1 http://deb.debian.org/debian bookworm/main amd64 gcc-12-base amd64 12.2.0-14+deb12u1 [37.6 kB]
#9 4.329 Get:2 http://deb.debian.org/debian bookworm/main amd64 libgcc-s1 amd64 12.2.0-14+deb12u1 [49.9 kB]
#9 4.355 Get:3 http://deb.debian.org/debian bookworm/main amd64 libstdc++6 amd64 12.2.0-14+deb12u1 [613 kB]
#9 4.580 Get:4 http://deb.debian.org/debian bookworm/main amd64 libc6 amd64 2.36-9+deb12u14 [2759 kB]
#9 4.837 Get:5 http://deb.debian.org/debian bookworm/main amd64 libc-bin amd64 2.36-9+deb12u14 [609 kB]
#9 4.929 Get:6 http://deb.debian.org/debian bookworm/main amd64 binutils-common amd64 2.40-2 [2487 kB]
#9 4.958 Get:7 http://deb.debian.org/debian bookworm/main amd64 libbinutils amd64 2.40-2 [572 kB]
#9 4.964 Get:8 http://deb.debian.org/debian bookworm/main amd64 libctf-nobfd0 amd64 2.40-2 [153 kB]
#9 4.966 Get:9 http://deb.debian.org/debian bookworm/main amd64 libctf0 amd64 2.40-2 [89.8 kB]
#9 4.967 Get:10 http://deb.debian.org/debian bookworm/main amd64 libgprofng0 amd64 2.40-2 [812 kB]
#9 5.019 Get:11 http://deb.debian.org/debian bookworm/main amd64 libjansson4 amd64 2.14-2 [40.8 kB]
#9 5.100 Get:12 http://deb.debian.org/debian bookworm/main amd64 binutils-x86-64-linux-gnu amd64 2.40-2 [2246 kB]
#9 5.201 Get:13 http://deb.debian.org/debian bookworm/main amd64 binutils amd64 2.40-2 [65.0 kB]
#9 5.202 Get:14 http://deb.debian.org/debian bookworm/main amd64 libisl23 amd64 0.25-1.1 [683 kB]
#9 5.205 Get:15 http://deb.debian.org/debian bookworm/main amd64 libmpfr6 amd64 4.2.0-1 [701 kB]
#9 5.268 Get:16 http://deb.debian.org/debian bookworm/main amd64 libmpc3 amd64 1.3.1-1 [51.5 kB]
#9 5.349 Get:17 http://deb.debian.org/debian bookworm/main amd64 cpp-12 amd64 12.2.0-14+deb12u1 [9768 kB]
#9 5.620 Get:18 http://deb.debian.org/debian bookworm/main amd64 cpp amd64 4:12.2.0-3 [6836 B]
#9 5.620 Get:19 http://deb.debian.org/debian bookworm/main amd64 libcc1-0 amd64 12.2.0-14+deb12u1 [41.7 kB]
#9 5.621 Get:20 http://deb.debian.org/debian bookworm/main amd64 libgomp1 amd64 12.2.0-14+deb12u1 [116 kB]
#9 5.624 Get:21 http://deb.debian.org/debian bookworm/main amd64 libitm1 amd64 12.2.0-14+deb12u1 [26.1 kB]
#9 5.624 Get:22 http://deb.debian.org/debian bookworm/main amd64 libatomic1 amd64 12.2.0-14+deb12u1 [9376 B]
#9 5.624 Get:23 http://deb.debian.org/debian bookworm/main amd64 libasan8 amd64 12.2.0-14+deb12u1 [2193 kB]
#9 5.666 Get:24 http://deb.debian.org/debian bookworm/main amd64 liblsan0 amd64 12.2.0-14+deb12u1 [969 kB]
#9 5.689 Get:25 http://deb.debian.org/debian bookworm/main amd64 libtsan2 amd64 12.2.0-14+deb12u1 [2197 kB]
#9 5.744 Get:26 http://deb.debian.org/debian bookworm/main amd64 libubsan1 amd64 12.2.0-14+deb12u1 [883 kB]
#9 5.761 Get:27 http://deb.debian.org/debian bookworm/main amd64 libquadmath0 amd64 12.2.0-14+deb12u1 [145 kB]
#9 5.847 Get:28 http://deb.debian.org/debian bookworm/main amd64 libgcc-12-dev amd64 12.2.0-14+deb12u1 [2437 kB]
#9 5.966 Get:29 http://deb.debian.org/debian bookworm/main amd64 gcc-12 amd64 12.2.0-14+deb12u1 [19.3 MB]
#9 6.406 Get:30 http://deb.debian.org/debian bookworm/main amd64 gcc amd64 4:12.2.0-3 [5216 B]
#9 6.406 Get:31 http://deb.debian.org/debian bookworm/main amd64 libc-dev-bin amd64 2.36-9+deb12u14 [48.1 kB]
#9 6.407 Get:32 http://deb.debian.org/debian-security bookworm-security/main amd64 linux-libc-dev amd64 6.1.187-1 [2357 kB]
#9 6.448 Get:33 http://deb.debian.org/debian bookworm/main amd64 libcrypt-dev amd64 1:4.4.33-2 [118 kB]
#9 6.449 Get:34 http://deb.debian.org/debian bookworm/main amd64 libtirpc-dev amd64 1.3.3+ds-1 [191 kB]
#9 6.453 Get:35 http://deb.debian.org/debian bookworm/main amd64 libnsl-dev amd64 1.3.0-2 [66.4 kB]
#9 6.454 Get:36 http://deb.debian.org/debian bookworm/main amd64 rpcsvc-proto amd64 1.4.3-1 [63.3 kB]
#9 6.535 Get:37 http://deb.debian.org/debian bookworm/main amd64 libc6-dev amd64 2.36-9+deb12u14 [1904 kB]
#9 6.710 debconf: delaying package configuration, since apt-utils is not installed
#9 6.747 Fetched 54.8 MB in 3s (21.7 MB/s)
#9 6.768 (Reading database ... (Reading database ... 5%(Reading database ... 10%(Reading database ... 15%(Reading database ... 20%(Reading database ... 25%(Reading database ... 30%(Reading database ... 35%(Reading database ... 40%(Reading database ... 45%(Reading database ... 50%(Reading database ... 55%(Reading database ... 60%(Reading database ... 65%(Reading database ... 70%(Reading database ... 75%(Reading database ... 80%(Reading database ... 85%(Reading database ... 90%(Reading database ... 95%(Reading database ... 100%(Reading database ... 6697 files and directories currently installed.)
#9 6.788 Preparing to unpack .../gcc-12-base_12.2.0-14+deb12u1_amd64.deb ...
#9 6.795 Unpacking gcc-12-base:amd64 (12.2.0-14+deb12u1) over (12.2.0-14) ...
#9 6.830 Setting up gcc-12-base:amd64 (12.2.0-14+deb12u1) ...
#9 6.859 (Reading database ... (Reading database ... 5%(Reading database ... 10%(Reading database ... 15%(Reading database ... 20%(Reading database ... 25%(Reading database ... 30%(Reading database ... 35%(Reading database ... 40%(Reading database ... 45%(Reading database ... 50%(Reading database ... 55%(Reading database ... 60%(Reading database ... 65%(Reading database ... 70%(Reading database ... 75%(Reading database ... 80%(Reading database ... 85%(Reading database ... 90%(Reading database ... 95%(Reading database ... 100%(Reading database ... 6697 files and directories currently installed.)
#9 6.866 Preparing to unpack .../libgcc-s1_12.2.0-14+deb12u1_amd64.deb ...
#9 6.875 Unpacking libgcc-s1:amd64 (12.2.0-14+deb12u1) over (12.2.0-14) ...
#9 6.906 Setting up libgcc-s1:amd64 (12.2.0-14+deb12u1) ...
#9 6.939 (Reading database ... (Reading database ... 5%(Reading database ... 10%(Reading database ... 15%(Reading database ... 20%(Reading database ... 25%(Reading database ... 30%(Reading database ... 35%(Reading database ... 40%(Reading database ... 45%(Reading database ... 50%(Reading database ... 55%(Reading database ... 60%(Reading database ... 65%(Reading database ... 70%(Reading database ... 75%(Reading database ... 80%(Reading database ... 85%(Reading database ... 90%(Reading database ... 95%(Reading database ... 100%(Reading database ... 6697 files and directories currently installed.)
#9 6.946 Preparing to unpack .../libstdc++6_12.2.0-14+deb12u1_amd64.deb ...
#9 6.969 Unpacking libstdc++6:amd64 (12.2.0-14+deb12u1) over (12.2.0-14) ...
#9 7.049 Setting up libstdc++6:amd64 (12.2.0-14+deb12u1) ...
#9 7.084 (Reading database ... (Reading database ... 5%(Reading database ... 10%(Reading database ... 15%(Reading database ... 20%(Reading database ... 25%(Reading database ... 30%(Reading database ... 35%(Reading database ... 40%(Reading database ... 45%(Reading database ... 50%(Reading database ... 55%(Reading database ... 60%(Reading database ... 65%(Reading database ... 70%(Reading database ... 75%(Reading database ... 80%(Reading database ... 85%(Reading database ... 90%(Reading database ... 95%(Reading database ... 100%(Reading database ... 6697 files and directories currently installed.)
#9 7.091 Preparing to unpack .../libc6_2.36-9+deb12u14_amd64.deb ...
#9 7.182 debconf: unable to initialize frontend: Dialog
#9 7.182 debconf: (TERM is not set, so the dialog frontend is not usable.)
#9 7.182 debconf: falling back to frontend: Readline
#9 7.182 debconf: unable to initialize frontend: Readline
#9 7.182 debconf: (Can't locate Term/ReadLine.pm in @INC (you may need to install the Term::ReadLine module) (@INC contains: /etc/perl /usr/local/lib/x86_64-linux-gnu/perl/5.36.0 /usr/local/share/perl/5.36.0 /usr/lib/x86_64-linux-gnu/perl5/5.36 /usr/share/perl5 /usr/lib/x86_64-linux-gnu/perl-base /usr/lib/x86_64-linux-gnu/perl/5.36 /usr/share/perl/5.36 /usr/local/lib/site_perl) at /usr/share/perl5/Debconf/FrontEnd/Readline.pm line 7.)
#9 7.182 debconf: falling back to frontend: Teletype
#9 7.227 Unpacking libc6:amd64 (2.36-9+deb12u14) over (2.36-9+deb12u7) ...
#9 7.802 Setting up libc6:amd64 (2.36-9+deb12u14) ...
#9 7.878 debconf: unable to initialize frontend: Dialog
#9 7.878 debconf: (TERM is not set, so the dialog frontend is not usable.)
#9 7.878 debconf: falling back to frontend: Readline
#9 7.879 debconf: unable to initialize frontend: Readline
#9 7.879 debconf: (Can't locate Term/ReadLine.pm in @INC (you may need to install the Term::ReadLine module) (@INC contains: /etc/perl /usr/local/lib/x86_64-linux-gnu/perl/5.36.0 /usr/local/share/perl/5.36.0 /usr/lib/x86_64-linux-gnu/perl5/5.36 /usr/share/perl5 /usr/lib/x86_64-linux-gnu/perl-base /usr/lib/x86_64-linux-gnu/perl/5.36 /usr/share/perl/5.36 /usr/local/lib/site_perl) at /usr/share/perl5/Debconf/FrontEnd/Readline.pm line 7.)
#9 7.879 debconf: falling back to frontend: Teletype
#9 8.960 (Reading database ... (Reading database ... 5%(Reading database ... 10%(Reading database ... 15%(Reading database ... 20%(Reading database ... 25%(Reading database ... 30%(Reading database ... 35%(Reading database ... 40%(Reading database ... 45%(Reading database ... 50%(Reading database ... 55%(Reading database ... 60%(Reading database ... 65%(Reading database ... 70%(Reading database ... 75%(Reading database ... 80%(Reading database ... 85%(Reading database ... 90%(Reading database ... 95%(Reading database ... 100%(Reading database ... 6697 files and directories currently installed.)
#9 8.967 Preparing to unpack .../libc-bin_2.36-9+deb12u14_amd64.deb ...
#9 8.975 Unpacking libc-bin (2.36-9+deb12u14) over (2.36-9+deb12u7) ...
#9 9.102 Setting up libc-bin (2.36-9+deb12u14) ...
#9 9.171 Selecting previously unselected package binutils-common:amd64.
#9 9.171 (Reading database ... (Reading database ... 5%(Reading database ... 10%(Reading database ... 15%(Reading database ... 20%(Reading database ... 25%(Reading database ... 30%(Reading database ... 35%(Reading database ... 40%(Reading database ... 45%(Reading database ... 50%(Reading database ... 55%(Reading database ... 60%(Reading database ... 65%(Reading database ... 70%(Reading database ... 75%(Reading database ... 80%(Reading database ... 85%(Reading database ... 90%(Reading database ... 95%(Reading database ... 100%(Reading database ... 6697 files and directories currently installed.)
#9 9.178 Preparing to unpack .../00-binutils-common_2.40-2_amd64.deb ...
#9 9.180 Unpacking binutils-common:amd64 (2.40-2) ...
#9 9.370 Selecting previously unselected package libbinutils:amd64.
#9 9.373 Preparing to unpack .../01-libbinutils_2.40-2_amd64.deb ...
#9 9.378 Unpacking libbinutils:amd64 (2.40-2) ...
#9 9.447 Selecting previously unselected package libctf-nobfd0:amd64.
#9 9.450 Preparing to unpack .../02-libctf-nobfd0_2.40-2_amd64.deb ...
#9 9.452 Unpacking libctf-nobfd0:amd64 (2.40-2) ...
#9 9.488 Selecting previously unselected package libctf0:amd64.
#9 9.491 Preparing to unpack .../03-libctf0_2.40-2_amd64.deb ...
#9 9.493 Unpacking libctf0:amd64 (2.40-2) ...
#9 9.528 Selecting previously unselected package libgprofng0:amd64.
#9 9.530 Preparing to unpack .../04-libgprofng0_2.40-2_amd64.deb ...
#9 9.532 Unpacking libgprofng0:amd64 (2.40-2) ...
#9 9.608 Selecting previously unselected package libjansson4:amd64.
#9 9.610 Preparing to unpack .../05-libjansson4_2.14-2_amd64.deb ...
#9 9.613 Unpacking libjansson4:amd64 (2.14-2) ...
#9 9.642 Selecting previously unselected package binutils-x86-64-linux-gnu.
#9 9.646 Preparing to unpack .../06-binutils-x86-64-linux-gnu_2.40-2_amd64.deb ...
#9 9.649 Unpacking binutils-x86-64-linux-gnu (2.40-2) ...
#9 9.838 Selecting previously unselected package binutils.
#9 9.841 Preparing to unpack .../07-binutils_2.40-2_amd64.deb ...
#9 9.844 Unpacking binutils (2.40-2) ...
#9 9.884 Selecting previously unselected package libisl23:amd64.
#9 9.886 Preparing to unpack .../08-libisl23_0.25-1.1_amd64.deb ...
#9 9.889 Unpacking libisl23:amd64 (0.25-1.1) ...
#9 9.960 Selecting previously unselected package libmpfr6:amd64.
#9 9.963 Preparing to unpack .../09-libmpfr6_4.2.0-1_amd64.deb ...
#9 9.966 Unpacking libmpfr6:amd64 (4.2.0-1) ...
#9 10.02 Selecting previously unselected package libmpc3:amd64.
#9 10.02 Preparing to unpack .../10-libmpc3_1.3.1-1_amd64.deb ...
#9 10.03 Unpacking libmpc3:amd64 (1.3.1-1) ...
#9 10.06 Selecting previously unselected package cpp-12.
#9 10.06 Preparing to unpack .../11-cpp-12_12.2.0-14+deb12u1_amd64.deb ...
#9 10.06 Unpacking cpp-12 (12.2.0-14+deb12u1) ...
#9 10.57 Selecting previously unselected package cpp.
#9 10.57 Preparing to unpack .../12-cpp_4%3a12.2.0-3_amd64.deb ...
#9 10.57 Unpacking cpp (4:12.2.0-3) ...
#9 10.60 Selecting previously unselected package libcc1-0:amd64.
#9 10.60 Preparing to unpack .../13-libcc1-0_12.2.0-14+deb12u1_amd64.deb ...
#9 10.60 Unpacking libcc1-0:amd64 (12.2.0-14+deb12u1) ...
#9 10.63 Selecting previously unselected package libgomp1:amd64.
#9 10.63 Preparing to unpack .../14-libgomp1_12.2.0-14+deb12u1_amd64.deb ...
#9 10.63 Unpacking libgomp1:amd64 (12.2.0-14+deb12u1) ...
#9 10.67 Selecting previously unselected package libitm1:amd64.
#9 10.67 Preparing to unpack .../15-libitm1_12.2.0-14+deb12u1_amd64.deb ...
#9 10.67 Unpacking libitm1:amd64 (12.2.0-14+deb12u1) ...
#9 10.70 Selecting previously unselected package libatomic1:amd64.
#9 10.70 Preparing to unpack .../16-libatomic1_12.2.0-14+deb12u1_amd64.deb ...
#9 10.71 Unpacking libatomic1:amd64 (12.2.0-14+deb12u1) ...
#9 10.73 Selecting previously unselected package libasan8:amd64.
#9 10.73 Preparing to unpack .../17-libasan8_12.2.0-14+deb12u1_amd64.deb ...
#9 10.74 Unpacking libasan8:amd64 (12.2.0-14+deb12u1) ...
#9 10.90 Selecting previously unselected package liblsan0:amd64.
#9 10.90 Preparing to unpack .../18-liblsan0_12.2.0-14+deb12u1_amd64.deb ...
#9 10.91 Unpacking liblsan0:amd64 (12.2.0-14+deb12u1) ...
#9 10.99 Selecting previously unselected package libtsan2:amd64.
#9 10.99 Preparing to unpack .../19-libtsan2_12.2.0-14+deb12u1_amd64.deb ...
#9 11.00 Unpacking libtsan2:amd64 (12.2.0-14+deb12u1) ...
#9 11.16 Selecting previously unselected package libubsan1:amd64.
#9 11.16 Preparing to unpack .../20-libubsan1_12.2.0-14+deb12u1_amd64.deb ...
#9 11.17 Unpacking libubsan1:amd64 (12.2.0-14+deb12u1) ...
#9 11.25 Selecting previously unselected package libquadmath0:amd64.
#9 11.25 Preparing to unpack .../21-libquadmath0_12.2.0-14+deb12u1_amd64.deb ...
#9 11.26 Unpacking libquadmath0:amd64 (12.2.0-14+deb12u1) ...
#9 11.29 Selecting previously unselected package libgcc-12-dev:amd64.
#9 11.30 Preparing to unpack .../22-libgcc-12-dev_12.2.0-14+deb12u1_amd64.deb ...
#9 11.30 Unpacking libgcc-12-dev:amd64 (12.2.0-14+deb12u1) ...
#9 11.47 Selecting previously unselected package gcc-12.
#9 11.47 Preparing to unpack .../23-gcc-12_12.2.0-14+deb12u1_amd64.deb ...
#9 11.47 Unpacking gcc-12 (12.2.0-14+deb12u1) ...
#9 12.07 Selecting previously unselected package gcc.
#9 12.07 Preparing to unpack .../24-gcc_4%3a12.2.0-3_amd64.deb ...
#9 12.07 Unpacking gcc (4:12.2.0-3) ...
#9 12.10 Selecting previously unselected package libc-dev-bin.
#9 12.11 Preparing to unpack .../25-libc-dev-bin_2.36-9+deb12u14_amd64.deb ...
#9 12.11 Unpacking libc-dev-bin (2.36-9+deb12u14) ...
#9 12.14 Selecting previously unselected package linux-libc-dev:amd64.
#9 12.14 Preparing to unpack .../26-linux-libc-dev_6.1.187-1_amd64.deb ...
#9 12.14 Unpacking linux-libc-dev:amd64 (6.1.187-1) ...
#9 12.36 Selecting previously unselected package libcrypt-dev:amd64.
#9 12.36 Preparing to unpack .../27-libcrypt-dev_1%3a4.4.33-2_amd64.deb ...
#9 12.37 Unpacking libcrypt-dev:amd64 (1:4.4.33-2) ...
#9 12.40 Selecting previously unselected package libtirpc-dev:amd64.
#9 12.41 Preparing to unpack .../28-libtirpc-dev_1.3.3+ds-1_amd64.deb ...
#9 12.41 Unpacking libtirpc-dev:amd64 (1.3.3+ds-1) ...
#9 12.45 Selecting previously unselected package libnsl-dev:amd64.
#9 12.45 Preparing to unpack .../29-libnsl-dev_1.3.0-2_amd64.deb ...
#9 12.46 Unpacking libnsl-dev:amd64 (1.3.0-2) ...
#9 12.49 Selecting previously unselected package rpcsvc-proto.
#9 12.49 Preparing to unpack .../30-rpcsvc-proto_1.4.3-1_amd64.deb ...
#9 12.49 Unpacking rpcsvc-proto (1.4.3-1) ...
#9 12.53 Selecting previously unselected package libc6-dev:amd64.
#9 12.53 Preparing to unpack .../31-libc6-dev_2.36-9+deb12u14_amd64.deb ...
#9 12.53 Unpacking libc6-dev:amd64 (2.36-9+deb12u14) ...
#9 12.70 Setting up binutils-common:amd64 (2.40-2) ...
#9 12.71 Setting up linux-libc-dev:amd64 (6.1.187-1) ...
#9 12.72 Setting up libctf-nobfd0:amd64 (2.40-2) ...
#9 12.73 Setting up libgomp1:amd64 (12.2.0-14+deb12u1) ...
#9 12.73 Setting up libjansson4:amd64 (2.14-2) ...
#9 12.74 Setting up libtirpc-dev:amd64 (1.3.3+ds-1) ...
#9 12.75 Setting up rpcsvc-proto (1.4.3-1) ...
#9 12.75 Setting up libmpfr6:amd64 (4.2.0-1) ...
#9 12.76 Setting up libquadmath0:amd64 (12.2.0-14+deb12u1) ...
#9 12.77 Setting up libmpc3:amd64 (1.3.1-1) ...
#9 12.77 Setting up libatomic1:amd64 (12.2.0-14+deb12u1) ...
#9 12.78 Setting up libubsan1:amd64 (12.2.0-14+deb12u1) ...
#9 12.79 Setting up libnsl-dev:amd64 (1.3.0-2) ...
#9 12.80 Setting up libcrypt-dev:amd64 (1:4.4.33-2) ...
#9 12.81 Setting up libasan8:amd64 (12.2.0-14+deb12u1) ...
#9 12.82 Setting up libtsan2:amd64 (12.2.0-14+deb12u1) ...
#9 12.82 Setting up libbinutils:amd64 (2.40-2) ...
#9 12.83 Setting up libisl23:amd64 (0.25-1.1) ...
#9 12.83 Setting up libc-dev-bin (2.36-9+deb12u14) ...
#9 12.84 Setting up libcc1-0:amd64 (12.2.0-14+deb12u1) ...
#9 12.84 Setting up liblsan0:amd64 (12.2.0-14+deb12u1) ...
#9 12.85 Setting up libitm1:amd64 (12.2.0-14+deb12u1) ...
#9 12.87 Setting up libctf0:amd64 (2.40-2) ...
#9 12.88 Setting up cpp-12 (12.2.0-14+deb12u1) ...
#9 12.88 Setting up libgprofng0:amd64 (2.40-2) ...
#9 12.89 Setting up libgcc-12-dev:amd64 (12.2.0-14+deb12u1) ...
#9 12.90 Setting up cpp (4:12.2.0-3) ...
#9 12.91 Setting up libc6-dev:amd64 (2.36-9+deb12u14) ...
#9 12.92 Setting up binutils-x86-64-linux-gnu (2.40-2) ...
#9 12.92 Setting up binutils (2.40-2) ...
#9 12.93 Setting up gcc-12 (12.2.0-14+deb12u1) ...
#9 12.94 Setting up gcc (4:12.2.0-3) ...
#9 12.96 Processing triggers for libc-bin (2.36-9+deb12u14) ...
#9 DONE 13.2s

#10 [6/7] COPY src ./src
#10 DONE 0.1s

#11 [7/7] RUN pip install --no-deps .
#11 0.776 Processing /app
#11 0.779   Installing build dependencies: started
#11 3.607   Installing build dependencies: finished with status 'done'
#11 3.607   Getting requirements to build wheel: started
#11 3.867   Getting requirements to build wheel: finished with status 'done'
#11 3.868   Preparing metadata (pyproject.toml): started
#11 4.073   Preparing metadata (pyproject.toml): finished with status 'done'
#11 4.077 Building wheels for collected packages: myjev
#11 4.078   Building wheel for myjev (pyproject.toml): started
#11 4.293   Building wheel for myjev (pyproject.toml): finished with status 'done'
#11 4.294   Created wheel for myjev: filename=myjev-0.1.0-py3-none-any.whl size=27054 sha256=156dd09806db3a438c883c96f5b9ca80c93b391b7928ce34a09acd2a4fea40c6
#11 4.294   Stored in directory: /tmp/pip-ephem-wheel-cache-ws82cxip/wheels/54/1b/b7/aa63e25c8f14f4f2ae7b04e6097bdecb770e455c5c1ee0a600
#11 4.298 Successfully built myjev
#11 4.298 Installing collected packages: myjev
#11 4.332 Successfully installed myjev-0.1.0
#11 4.333 WARNING: Running pip as the 'root' user can result in broken permissions and conflicting behaviour with the system package manager. It is recommended to use a virtual environment instead: https://pip.pypa.io/warnings/venv
#11 4.632 
#11 4.632 [notice] A new release of pip is available: 24.0 -> 26.2.1
#11 4.632 [notice] To update, run: pip install --upgrade pip
#11 DONE 4.8s

#12 exporting to image
#12 exporting layers
#12 exporting layers 197.2s done
#12 exporting manifest sha256:65381836669d33cdfd2be20feeb4303c95239ef6f05786c4fa345b8688f46743 done
#12 exporting config sha256:09e56e5f7f8ddef8c7a60c0e2121f3b5df69d7568870861f22f8cc270eedcf61 done
#12 exporting attestation manifest sha256:81dfebf8c811bf8e0de2597d37299db0eff77420c71a6953bca8ade4afa45b26 done
#12 exporting manifest list sha256:a17967b4d9364d318f3905a84b6b7d93ed3b801f9872b8563c61c82ab22e9ee4 0.0s done
#12 naming to docker.io/library/myjev:scratch-checkpoint done
#12 unpacking to docker.io/library/myjev:scratch-checkpoint
#12 unpacking to docker.io/library/myjev:scratch-checkpoint 28.1s done
#12 DONE 225.3s
