
{"utc": "2026-10-05T18:32:31.533251+00:00", "command": ["-m", "myjev.train", "--config", "results/longer-v1/4b/main/seed-33/sampled/config.json", "--data", "data/banking77/train.jsonl", "--output", "artifacts/longer-v1/4b/main/seed-33/sampled", "--method", "sampled", "--seed", "33", "--initial", "artifacts/longer-v1/4b/main/seed-33/sft/artifact"]}
Loading weights:   0%|          | 0/426 [00:00<?, ?it/s]Loading weights:  78%|███████▊  | 333/426 [00:00<00:00, 3326.62it/s]Loading weights: 100%|██████████| 426/426 [00:00<00:00, 3370.57it/s]
wandb: Tracking run with wandb version 0.30.0
wandb: W&B syncing is set to `offline` in this directory. Run `wandb online` or set WANDB_MODE=online to enable cloud syncing.
wandb: Run data is saved locally in artifacts/longer-v1/4b/main/seed-33/sampled/tracking/wandb/offline-run-20261005_113244-enbuv5tn
wandb: View this run in the terminal with `wandb leet`
[transformers] `causal_conv1d_fn` is falling back to its reference PyTorch implementation because `causal_conv1d` is not installed. This is correct but much slower; install `causal_conv1d` for the optimized kernel.
[transformers] `chunk_gated_delta_rule` is falling back to its reference PyTorch implementation because `flash-linear-attention` is not installed. This is correct but much slower; install `flash-linear-attention` for the optimized kernel.
{"step": 10, "loss": -3.3571763424777856e-11, "examples": 10, "session_seconds": 13.561370558993076, "peak_vram_bytes": 9141600256}
{"step": 20, "loss": 0.0, "examples": 20, "session_seconds": 26.559671576993424, "peak_vram_bytes": 9179661824}
{"step": 30, "loss": 0.0, "examples": 30, "session_seconds": 39.0830762199912, "peak_vram_bytes": 9179661824}
{"step": 40, "loss": -5.230992028426584e-11, "examples": 40, "session_seconds": 50.844443647001754, "peak_vram_bytes": 9179661824}
{"step": 50, "loss": -3.6372106715365504e-11, "examples": 50, "session_seconds": 62.804016857990064, "peak_vram_bytes": 9179661824}
{"step": 60, "loss": -4.303681716555374e-11, "examples": 60, "session_seconds": 74.54076041399094, "peak_vram_bytes": 9179661824}
{"step": 70, "loss": -1.1755516005074185e-10, "examples": 70, "session_seconds": 86.44809527299367, "peak_vram_bytes": 9179661824}
{"step": 80, "loss": 0.0, "examples": 80, "session_seconds": 99.47368103599001, "peak_vram_bytes": 9179661824}
{"step": 90, "loss": 0.0, "examples": 90, "session_seconds": 112.01150429299742, "peak_vram_bytes": 9179661824}
{"step": 100, "loss": -3.528282180309539e-11, "examples": 100, "session_seconds": 125.02196231299604, "peak_vram_bytes": 9179661824}
Warning: You are sending unauthenticated requests to the HF Hub. Please set a HF_TOKEN to enable higher rate limits and faster downloads.
{"step": 110, "loss": -3.43025434446087e-11, "examples": 110, "session_seconds": 138.5971564509964, "peak_vram_bytes": 9179661824}
{"step": 120, "loss": -3.6475253373247085e-11, "examples": 120, "session_seconds": 151.37596564799605, "peak_vram_bytes": 9179661824}
{"step": 130, "loss": -3.486353220005789e-11, "examples": 130, "session_seconds": 164.79292645498936, "peak_vram_bytes": 9179661824}
{"step": 140, "loss": 0.0, "examples": 140, "session_seconds": 177.2857869569998, "peak_vram_bytes": 9179661824}
{"step": 150, "loss": 0.0, "examples": 150, "session_seconds": 189.91868810699088, "peak_vram_bytes": 9183731200}
{"step": 160, "loss": -2.4479220733786278e-11, "examples": 160, "session_seconds": 202.60973106199526, "peak_vram_bytes": 9183731200}
{"step": 170, "loss": -8.04314045921295e-11, "examples": 170, "session_seconds": 214.7433081509953, "peak_vram_bytes": 9183731200}
{"step": 180, "loss": 0.0, "examples": 180, "session_seconds": 226.60590296999726, "peak_vram_bytes": 9183731200}
{"step": 190, "loss": -0.06547190248966217, "examples": 190, "session_seconds": 238.50246481799695, "peak_vram_bytes": 9183731200}
{"step": 200, "loss": 0.0541326142847538, "examples": 200, "session_seconds": 250.6365670929954, "peak_vram_bytes": 9183731200}
{"step": 210, "loss": -3.567302703233466e-11, "examples": 210, "session_seconds": 262.8471944339981, "peak_vram_bytes": 9183731200}
{"step": 220, "loss": -0.06388575583696365, "examples": 220, "session_seconds": 274.63945478299865, "peak_vram_bytes": 9183731200}
{"step": 230, "loss": 0.06498543173074722, "examples": 230, "session_seconds": 286.8556993349921, "peak_vram_bytes": 9183731200}
{"step": 240, "loss": -2.943792432041903e-11, "examples": 240, "session_seconds": 298.7740138579975, "peak_vram_bytes": 9183731200}
{"step": 250, "loss": -9.19863907267171e-11, "examples": 250, "session_seconds": 311.35188945700065, "peak_vram_bytes": 9183731200}
{"step": 260, "loss": 0.0, "examples": 260, "session_seconds": 324.2832002209907, "peak_vram_bytes": 9183731200}
{"step": 270, "loss": -8.204459889249449e-10, "examples": 270, "session_seconds": 336.5723817979888, "peak_vram_bytes": 9184222208}
{"step": 280, "loss": -0.057757653295993805, "examples": 280, "session_seconds": 349.30547426699195, "peak_vram_bytes": 9184222208}
{"step": 290, "loss": -3.832519024360437e-11, "examples": 290, "session_seconds": 362.88246313999116, "peak_vram_bytes": 9184222208}
{"step": 300, "loss": -3.8632062826504665e-11, "examples": 300, "session_seconds": 375.70423277499503, "peak_vram_bytes": 9184222208}
{"step": 310, "loss": -3.498389078426811e-11, "examples": 310, "session_seconds": 389.14279124399764, "peak_vram_bytes": 9184222208}
{"step": 320, "loss": 0.0, "examples": 320, "session_seconds": 401.46224129399343, "peak_vram_bytes": 9184222208}
{"step": 330, "loss": -1.1456501719520062e-10, "examples": 330, "session_seconds": 414.40730220699334, "peak_vram_bytes": 9184222208}
{"step": 340, "loss": -0.07149413228034973, "examples": 340, "session_seconds": 426.30478837998817, "peak_vram_bytes": 9184222208}
{"step": 350, "loss": -4.290081137559021e-11, "examples": 350, "session_seconds": 438.1339489069942, "peak_vram_bytes": 9184222208}
{"step": 360, "loss": -3.0516710686212534e-11, "examples": 360, "session_seconds": 450.41652321099536, "peak_vram_bytes": 9184222208}
{"step": 370, "loss": 0.0, "examples": 370, "session_seconds": 462.95194878199254, "peak_vram_bytes": 9184222208}
{"step": 380, "loss": 0.0, "examples": 380, "session_seconds": 474.9288543129951, "peak_vram_bytes": 9184222208}
{"step": 390, "loss": -5.944902209398251e-11, "examples": 390, "session_seconds": 487.10516418499174, "peak_vram_bytes": 9184222208}
{"step": 400, "loss": 0.0, "examples": 400, "session_seconds": 498.9853477009892, "peak_vram_bytes": 9184222208}
{"step": 410, "loss": 0.0, "examples": 410, "session_seconds": 512.1839106499974, "peak_vram_bytes": 9184222208}
{"step": 420, "loss": 0.0, "examples": 420, "session_seconds": 525.3929660839931, "peak_vram_bytes": 9184222208}
{"step": 430, "loss": 0.0, "examples": 430, "session_seconds": 538.4068267440016, "peak_vram_bytes": 9184222208}
{"step": 440, "loss": 0.0, "examples": 440, "session_seconds": 551.3873907039961, "peak_vram_bytes": 9184222208}
{"step": 450, "loss": -2.6124434213126158e-11, "examples": 450, "session_seconds": 564.1806760569889, "peak_vram_bytes": 9184222208}
{"step": 460, "loss": 0.0, "examples": 460, "session_seconds": 577.266937649998, "peak_vram_bytes": 9184222208}
{"step": 470, "loss": -5.862282881352598e-11, "examples": 470, "session_seconds": 589.868597661989, "peak_vram_bytes": 9184222208}
{"step": 480, "loss": -3.1117129706270674e-11, "examples": 480, "session_seconds": 602.6826443149912, "peak_vram_bytes": 9184222208}
{"step": 490, "loss": 0.0, "examples": 490, "session_seconds": 615.8048050419893, "peak_vram_bytes": 9184222208}
{"step": 500, "loss": -2.5097113623417933e-11, "examples": 500, "session_seconds": 627.9194024719909, "peak_vram_bytes": 9184222208}
{"step": 510, "loss": 0.0, "examples": 510, "session_seconds": 640.9033653279912, "peak_vram_bytes": 9184222208}
{"step": 520, "loss": 0.0, "examples": 520, "session_seconds": 654.4001669279969, "peak_vram_bytes": 9184222208}
{"step": 530, "loss": -3.4959760780717275e-11, "examples": 530, "session_seconds": 667.2958698979928, "peak_vram_bytes": 9184222208}
{"step": 540, "loss": 0.0, "examples": 540, "session_seconds": 679.8596290809946, "peak_vram_bytes": 9184222208}
{"step": 550, "loss": 3.5616208333283383e-12, "examples": 550, "session_seconds": 693.4817588219885, "peak_vram_bytes": 9184222208}
{"step": 560, "loss": 0.0, "examples": 560, "session_seconds": 705.745372808, "peak_vram_bytes": 9184222208}
{"step": 570, "loss": -5.067816652437607e-11, "examples": 570, "session_seconds": 717.7762688160001, "peak_vram_bytes": 9184222208}
{"step": 580, "loss": -3.6654562718396733e-10, "examples": 580, "session_seconds": 729.9311154789903, "peak_vram_bytes": 9184222208}
{"step": 590, "loss": 0.0, "examples": 590, "session_seconds": 741.9657837609993, "peak_vram_bytes": 9184222208}
{"step": 600, "loss": 0.0, "examples": 600, "session_seconds": 754.3783418079984, "peak_vram_bytes": 9184222208}
{"step": 610, "loss": 0.2618180811405182, "examples": 610, "session_seconds": 767.3543551559997, "peak_vram_bytes": 9184222208}
{"step": 620, "loss": -1.0974483544146096e-09, "examples": 620, "session_seconds": 780.2004803239979, "peak_vram_bytes": 9184222208}
{"step": 630, "loss": 0.17738120257854462, "examples": 630, "session_seconds": 792.7882682069903, "peak_vram_bytes": 9184222208}
{"step": 640, "loss": -0.08364057540893555, "examples": 640, "session_seconds": 805.2767277609964, "peak_vram_bytes": 9184222208}
{"step": 650, "loss": -0.011358257383108139, "examples": 650, "session_seconds": 818.2670716229914, "peak_vram_bytes": 9184222208}
{"step": 660, "loss": -0.0004941839724779129, "examples": 660, "session_seconds": 831.27194821999, "peak_vram_bytes": 9184222208}
{"step": 670, "loss": -0.003264082595705986, "examples": 670, "session_seconds": 843.934870083991, "peak_vram_bytes": 9184222208}
{"step": 680, "loss": 0.5782884955406189, "examples": 680, "session_seconds": 856.1400673259923, "peak_vram_bytes": 9184222208}
{"step": 690, "loss": -0.041161298751831055, "examples": 690, "session_seconds": 868.5604570629948, "peak_vram_bytes": 9184222208}
{"step": 700, "loss": 0.7420743703842163, "examples": 700, "session_seconds": 881.1207054889965, "peak_vram_bytes": 9184222208}
{"step": 710, "loss": -0.13412797451019287, "examples": 710, "session_seconds": 893.987239738999, "peak_vram_bytes": 9184222208}
{"step": 720, "loss": -0.17455333471298218, "examples": 720, "session_seconds": 906.7462295430014, "peak_vram_bytes": 9184222208}
{"step": 730, "loss": -0.07541810721158981, "examples": 730, "session_seconds": 919.3837666189938, "peak_vram_bytes": 9184222208}
{"step": 740, "loss": -0.058348529040813446, "examples": 740, "session_seconds": 931.6186685799912, "peak_vram_bytes": 9184222208}
{"step": 750, "loss": 0.18227505683898926, "examples": 750, "session_seconds": 944.5756896800012, "peak_vram_bytes": 9184222208}
{"step": 760, "loss": -0.001340600661933422, "examples": 760, "session_seconds": 957.5834803089965, "peak_vram_bytes": 9184222208}
{"step": 770, "loss": -0.009976543486118317, "examples": 770, "session_seconds": 970.0292861619964, "peak_vram_bytes": 9184222208}
{"step": 780, "loss": -0.005211105570197105, "examples": 780, "session_seconds": 982.9172178949957, "peak_vram_bytes": 9184222208}
{"step": 790, "loss": -0.11760647594928741, "examples": 790, "session_seconds": 994.7425457299978, "peak_vram_bytes": 9184222208}
{"step": 800, "loss": -0.009667222388088703, "examples": 800, "session_seconds": 1006.6387356569903, "peak_vram_bytes": 9184222208}
{"step": 810, "loss": -0.026040177792310715, "examples": 810, "session_seconds": 1019.2767198379879, "peak_vram_bytes": 9184222208}
{"step": 820, "loss": -0.006654432043433189, "examples": 820, "session_seconds": 1032.0831706979952, "peak_vram_bytes": 9184222208}
{"step": 830, "loss": -0.0602155476808548, "examples": 830, "session_seconds": 1044.715193097989, "peak_vram_bytes": 9184222208}
{"step": 840, "loss": -0.06203598529100418, "examples": 840, "session_seconds": 1058.445067763998, "peak_vram_bytes": 9184222208}
{"step": 850, "loss": 0.007971864193677902, "examples": 850, "session_seconds": 1071.191998519993, "peak_vram_bytes": 9184222208}
{"step": 860, "loss": -0.008286647498607635, "examples": 860, "session_seconds": 1084.0841188829945, "peak_vram_bytes": 9184222208}
{"step": 870, "loss": -0.01813388243317604, "examples": 870, "session_seconds": 1097.0094626950013, "peak_vram_bytes": 9184222208}
{"step": 880, "loss": -0.02304740995168686, "examples": 880, "session_seconds": 1109.6788277500018, "peak_vram_bytes": 9184222208}
{"step": 890, "loss": -0.05199152231216431, "examples": 890, "session_seconds": 1121.6725979109906, "peak_vram_bytes": 9184222208}
{"step": 900, "loss": 0.13812941312789917, "examples": 900, "session_seconds": 1133.600494541999, "peak_vram_bytes": 9184222208}
{"step": 910, "loss": 0.10370417684316635, "examples": 910, "session_seconds": 1146.2544635829981, "peak_vram_bytes": 9184222208}
{"step": 920, "loss": -0.011361464858055115, "examples": 920, "session_seconds": 1158.3439114219946, "peak_vram_bytes": 9184222208}
{"step": 930, "loss": -0.01095669623464346, "examples": 930, "session_seconds": 1171.5919929859956, "peak_vram_bytes": 9184222208}
{"step": 940, "loss": -0.055844955146312714, "examples": 940, "session_seconds": 1184.886500315988, "peak_vram_bytes": 9184222208}
{"step": 950, "loss": -0.06271874904632568, "examples": 950, "session_seconds": 1197.944482507999, "peak_vram_bytes": 9184222208}
{"step": 960, "loss": -0.004513818770647049, "examples": 960, "session_seconds": 1209.8059022410016, "peak_vram_bytes": 9184222208}
{"step": 970, "loss": -0.044100597500801086, "examples": 970, "session_seconds": 1222.0229144549958, "peak_vram_bytes": 9184222208}
{"step": 980, "loss": -0.01032080128788948, "examples": 980, "session_seconds": 1234.171545514997, "peak_vram_bytes": 9184222208}
{"step": 990, "loss": 0.38540348410606384, "examples": 990, "session_seconds": 1245.9962451960018, "peak_vram_bytes": 9184222208}
{"step": 1000, "loss": -0.052109505981206894, "examples": 1000, "session_seconds": 1258.0954926949926, "peak_vram_bytes": 9184222208}
{"step": 1010, "loss": 0.0012939255684614182, "examples": 1010, "session_seconds": 1270.6065285410004, "peak_vram_bytes": 9184222208}
{"step": 1020, "loss": -0.17352798581123352, "examples": 1020, "session_seconds": 1283.0350210909965, "peak_vram_bytes": 9184222208}
{"step": 1030, "loss": 0.019607461988925934, "examples": 1030, "session_seconds": 1295.2969064659992, "peak_vram_bytes": 9184222208}
{"step": 1040, "loss": -0.02038044109940529, "examples": 1040, "session_seconds": 1308.204931425993, "peak_vram_bytes": 9184222208}
{"step": 1050, "loss": -0.010165797546505928, "examples": 1050, "session_seconds": 1320.8739048419957, "peak_vram_bytes": 9184222208}
{"step": 1060, "loss": -0.009642094373703003, "examples": 1060, "session_seconds": 1333.1421204279904, "peak_vram_bytes": 9184222208}
{"step": 1070, "loss": 4.6611763536930084e-05, "examples": 1070, "session_seconds": 1345.3423071909929, "peak_vram_bytes": 9184222208}
{"step": 1080, "loss": -0.02142864465713501, "examples": 1080, "session_seconds": 1358.058135233994, "peak_vram_bytes": 9184222208}
{"step": 1090, "loss": -0.12853042781352997, "examples": 1090, "session_seconds": 1370.6488562570012, "peak_vram_bytes": 9184222208}
{"step": 1100, "loss": 0.4695667028427124, "examples": 1100, "session_seconds": 1383.9833105149883, "peak_vram_bytes": 9184222208}
{"step": 1110, "loss": -0.007801564875990152, "examples": 1110, "session_seconds": 1396.501004338992, "peak_vram_bytes": 9184222208}
{"step": 1120, "loss": -0.012002876028418541, "examples": 1120, "session_seconds": 1408.3969303389895, "peak_vram_bytes": 9184222208}
{"step": 1130, "loss": -0.0030062980949878693, "examples": 1130, "session_seconds": 1421.4219289359899, "peak_vram_bytes": 9184222208}
{"step": 1140, "loss": -0.0017291568219661713, "examples": 1140, "session_seconds": 1433.9959798729979, "peak_vram_bytes": 9184222208}
{"step": 1150, "loss": -0.007340415380895138, "examples": 1150, "session_seconds": 1446.5820730269916, "peak_vram_bytes": 9184222208}
{"step": 1160, "loss": 0.3745165467262268, "examples": 1160, "session_seconds": 1459.0382357630006, "peak_vram_bytes": 9184222208}
{"step": 1170, "loss": -0.0026235487312078476, "examples": 1170, "session_seconds": 1471.8290306239942, "peak_vram_bytes": 9184222208}
{"step": 1180, "loss": -0.016559112817049026, "examples": 1180, "session_seconds": 1484.3551059729944, "peak_vram_bytes": 9184222208}
{"step": 1190, "loss": 0.29646241664886475, "examples": 1190, "session_seconds": 1497.049722538999, "peak_vram_bytes": 9184222208}
{"step": 1200, "loss": -0.04739626869559288, "examples": 1200, "session_seconds": 1509.8924082299927, "peak_vram_bytes": 9184222208}
{"step": 1210, "loss": -0.005940712988376617, "examples": 1210, "session_seconds": 1522.9890230419987, "peak_vram_bytes": 9184222208}
{"step": 1220, "loss": -0.0033643110655248165, "examples": 1220, "session_seconds": 1535.5416257229954, "peak_vram_bytes": 9184222208}
{"step": 1230, "loss": -0.0581153966486454, "examples": 1230, "session_seconds": 1548.9455010749953, "peak_vram_bytes": 9184222208}
{"step": 1240, "loss": -0.01110037136822939, "examples": 1240, "session_seconds": 1561.725318546989, "peak_vram_bytes": 9184222208}
{"step": 1250, "loss": -0.05564773082733154, "examples": 1250, "session_seconds": 1574.2891596659902, "peak_vram_bytes": 9184222208}
{"step": 1260, "loss": -0.0029783975332975388, "examples": 1260, "session_seconds": 1587.1936267069977, "peak_vram_bytes": 9184222208}
{"step": 1270, "loss": -0.006130826193839312, "examples": 1270, "session_seconds": 1600.0861666159908, "peak_vram_bytes": 9184222208}
{"step": 1280, "loss": -0.010498707182705402, "examples": 1280, "session_seconds": 1613.2289347389888, "peak_vram_bytes": 9184222208}
{"step": 1290, "loss": -0.01415803749114275, "examples": 1290, "session_seconds": 1626.7369335269905, "peak_vram_bytes": 9184222208}
{"step": 1300, "loss": 0.07984352111816406, "examples": 1300, "session_seconds": 1639.3263281209947, "peak_vram_bytes": 9184222208}
{"step": 1310, "loss": -0.011972029693424702, "examples": 1310, "session_seconds": 1652.3408135819918, "peak_vram_bytes": 9184222208}
{"step": 1320, "loss": -0.032567597925662994, "examples": 1320, "session_seconds": 1664.7386748930003, "peak_vram_bytes": 9184222208}
{"step": 1330, "loss": -0.025799758732318878, "examples": 1330, "session_seconds": 1677.8208131329884, "peak_vram_bytes": 9184222208}
{"step": 1340, "loss": -0.000451838131994009, "examples": 1340, "session_seconds": 1690.4663820379938, "peak_vram_bytes": 9184222208}
{"step": 1350, "loss": -0.00983334332704544, "examples": 1350, "session_seconds": 1703.0347186049912, "peak_vram_bytes": 9184222208}
{"step": 1360, "loss": -0.00914417952299118, "examples": 1360, "session_seconds": 1716.396144289989, "peak_vram_bytes": 9184222208}
{"step": 1370, "loss": -0.008741296827793121, "examples": 1370, "session_seconds": 1729.5473263289896, "peak_vram_bytes": 9184222208}
{"step": 1380, "loss": -0.001194253098219633, "examples": 1380, "session_seconds": 1742.3427525559964, "peak_vram_bytes": 9184222208}
{"step": 1390, "loss": -0.0018682880327105522, "examples": 1390, "session_seconds": 1755.9634076229995, "peak_vram_bytes": 9184222208}
{"step": 1400, "loss": -0.0002679151948541403, "examples": 1400, "session_seconds": 1768.9947707999963, "peak_vram_bytes": 9184222208}
{"step": 1410, "loss": -0.005923070944845676, "examples": 1410, "session_seconds": 1781.8905943680002, "peak_vram_bytes": 9184222208}
{"step": 1420, "loss": -0.05690298601984978, "examples": 1420, "session_seconds": 1794.992373216999, "peak_vram_bytes": 9184222208}
{"step": 1430, "loss": -0.013481244444847107, "examples": 1430, "session_seconds": 1807.393893439992, "peak_vram_bytes": 9184222208}
{"step": 1440, "loss": 0.01907108724117279, "examples": 1440, "session_seconds": 1820.392433748988, "peak_vram_bytes": 9184222208}
{"step": 1450, "loss": -0.0034439428709447384, "examples": 1450, "session_seconds": 1833.8579894399882, "peak_vram_bytes": 9184222208}
{"step": 1460, "loss": -0.3777059018611908, "examples": 1460, "session_seconds": 1846.642138857991, "peak_vram_bytes": 9184222208}
{"step": 1470, "loss": -0.11184671521186829, "examples": 1470, "session_seconds": 1859.168065312988, "peak_vram_bytes": 9184222208}
{"step": 1480, "loss": -0.05709978938102722, "examples": 1480, "session_seconds": 1872.0718815409928, "peak_vram_bytes": 9184222208}
{"step": 1490, "loss": -0.011168824508786201, "examples": 1490, "session_seconds": 1885.7757745849958, "peak_vram_bytes": 9184222208}
{"step": 1500, "loss": -0.0037273154594004154, "examples": 1500, "session_seconds": 1898.309630044998, "peak_vram_bytes": 9184222208}
{"step": 1510, "loss": -0.014185775071382523, "examples": 1510, "session_seconds": 1911.674698220988, "peak_vram_bytes": 9184222208}
{"step": 1520, "loss": -0.0014459268422797322, "examples": 1520, "session_seconds": 1925.469587968997, "peak_vram_bytes": 9184222208}
{"step": 1530, "loss": -0.007559779100120068, "examples": 1530, "session_seconds": 1938.4124111220008, "peak_vram_bytes": 9187023872}
{"step": 1540, "loss": 0.6225244998931885, "examples": 1540, "session_seconds": 1951.3678022339882, "peak_vram_bytes": 9187023872}
{"step": 1550, "loss": -0.007750779390335083, "examples": 1550, "session_seconds": 1964.9479954589915, "peak_vram_bytes": 9187023872}
{"step": 1560, "loss": -0.05977717787027359, "examples": 1560, "session_seconds": 1977.8963140729902, "peak_vram_bytes": 9187023872}
{"step": 1570, "loss": -0.005027965176850557, "examples": 1570, "session_seconds": 1990.6577806699934, "peak_vram_bytes": 9187023872}
{"step": 1580, "loss": -0.0685570165514946, "examples": 1580, "session_seconds": 2003.2334270759893, "peak_vram_bytes": 9187023872}
{"step": 1590, "loss": -0.009219599887728691, "examples": 1590, "session_seconds": 2016.8111907329876, "peak_vram_bytes": 9187023872}
{"step": 1600, "loss": -0.0030046668834984303, "examples": 1600, "session_seconds": 2030.0055203429947, "peak_vram_bytes": 9187023872}
{"step": 1610, "loss": -0.010493995621800423, "examples": 1610, "session_seconds": 2043.5604340199934, "peak_vram_bytes": 9187023872}
{"step": 1620, "loss": -0.1588859111070633, "examples": 1620, "session_seconds": 2056.9634982309944, "peak_vram_bytes": 9187023872}
{"step": 1630, "loss": -0.05740679055452347, "examples": 1630, "session_seconds": 2069.9656338560017, "peak_vram_bytes": 9187023872}
{"step": 1640, "loss": -0.0034294300712645054, "examples": 1640, "session_seconds": 2082.938474852999, "peak_vram_bytes": 9187023872}
{"step": 1650, "loss": -0.11344113945960999, "examples": 1650, "session_seconds": 2095.8836030189996, "peak_vram_bytes": 9187023872}
{"step": 1660, "loss": -0.0006315577775239944, "examples": 1660, "session_seconds": 2108.433861458994, "peak_vram_bytes": 9187023872}
{"step": 1670, "loss": 0.07183216512203217, "examples": 1670, "session_seconds": 2121.0926008589886, "peak_vram_bytes": 9187023872}
{"step": 1680, "loss": -0.002952432259917259, "examples": 1680, "session_seconds": 2134.16422744999, "peak_vram_bytes": 9187023872}
{"step": 1690, "loss": 0.0014116729144006968, "examples": 1690, "session_seconds": 2145.9157409559994, "peak_vram_bytes": 9187023872}
{"step": 1700, "loss": 0.0006879996508359909, "examples": 1700, "session_seconds": 2158.1206376109913, "peak_vram_bytes": 9187023872}
{"step": 1710, "loss": -0.0077547337859869, "examples": 1710, "session_seconds": 2171.650942552995, "peak_vram_bytes": 9187023872}
{"step": 1720, "loss": -0.007801239378750324, "examples": 1720, "session_seconds": 2184.066413465989, "peak_vram_bytes": 9187023872}
{"step": 1730, "loss": -0.059700168669223785, "examples": 1730, "session_seconds": 2196.6464183319913, "peak_vram_bytes": 9187023872}
{"step": 1740, "loss": -0.010345742106437683, "examples": 1740, "session_seconds": 2210.1086380099878, "peak_vram_bytes": 9187023872}
{"step": 1750, "loss": -0.0012606983073055744, "examples": 1750, "session_seconds": 2222.9035811059875, "peak_vram_bytes": 9187023872}
{"step": 1760, "loss": -0.014768371358513832, "examples": 1760, "session_seconds": 2235.7525207169965, "peak_vram_bytes": 9187023872}
{"step": 1770, "loss": -0.013808797113597393, "examples": 1770, "session_seconds": 2248.760988586, "peak_vram_bytes": 9188792320}
{"step": 1780, "loss": -0.014715999364852905, "examples": 1780, "session_seconds": 2262.3650712669914, "peak_vram_bytes": 9188792320}
{"step": 1790, "loss": -0.0032888860441744328, "examples": 1790, "session_seconds": 2275.33646469799, "peak_vram_bytes": 9188792320}
{"step": 1800, "loss": -0.015424633398652077, "examples": 1800, "session_seconds": 2287.527581329996, "peak_vram_bytes": 9188792320}
{"step": 1810, "loss": -0.007258958648890257, "examples": 1810, "session_seconds": 2301.221156776999, "peak_vram_bytes": 9188792320}
{"step": 1820, "loss": -0.05507025867700577, "examples": 1820, "session_seconds": 2313.9690182869963, "peak_vram_bytes": 9188792320}
{"step": 1830, "loss": -0.016971277073025703, "examples": 1830, "session_seconds": 2326.27812779299, "peak_vram_bytes": 9188792320}
{"step": 1840, "loss": -0.11395113170146942, "examples": 1840, "session_seconds": 2339.354849987998, "peak_vram_bytes": 9188792320}
{"step": 1850, "loss": -0.012394621968269348, "examples": 1850, "session_seconds": 2351.970796581998, "peak_vram_bytes": 9188792320}
{"step": 1860, "loss": -0.07042880356311798, "examples": 1860, "session_seconds": 2364.818868918999, "peak_vram_bytes": 9188792320}
{"step": 1870, "loss": 0.004419051110744476, "examples": 1870, "session_seconds": 2378.0221191989986, "peak_vram_bytes": 9188792320}
{"step": 1880, "loss": -0.0005639065057039261, "examples": 1880, "session_seconds": 2389.7843253839965, "peak_vram_bytes": 9188792320}
{"step": 1890, "loss": -0.005080917850136757, "examples": 1890, "session_seconds": 2401.6225440790004, "peak_vram_bytes": 9188792320}
{"step": 1900, "loss": -0.05963103473186493, "examples": 1900, "session_seconds": 2413.9013476249966, "peak_vram_bytes": 9188792320}
{"step": 1910, "loss": -0.007254805415868759, "examples": 1910, "session_seconds": 2426.1801143399935, "peak_vram_bytes": 9188792320}
{"step": 1920, "loss": -0.014349151402711868, "examples": 1920, "session_seconds": 2438.0321373459883, "peak_vram_bytes": 9188792320}
{"step": 1930, "loss": 0.007770247757434845, "examples": 1930, "session_seconds": 2449.970439118988, "peak_vram_bytes": 9188792320}
{"step": 1940, "loss": -0.012767424806952477, "examples": 1940, "session_seconds": 2462.0124072769977, "peak_vram_bytes": 9188792320}
{"step": 1950, "loss": -0.004836928565055132, "examples": 1950, "session_seconds": 2474.0232035379886, "peak_vram_bytes": 9188792320}
{"step": 1960, "loss": -0.016366519033908844, "examples": 1960, "session_seconds": 2485.8808269909932, "peak_vram_bytes": 9188792320}
{"step": 1970, "loss": -0.0024540575686842203, "examples": 1970, "session_seconds": 2498.0954204799928, "peak_vram_bytes": 9188792320}
{"step": 1980, "loss": -0.0720427930355072, "examples": 1980, "session_seconds": 2510.1253118469904, "peak_vram_bytes": 9188792320}
{"step": 1990, "loss": 0.0022406866773962975, "examples": 1990, "session_seconds": 2523.093758952993, "peak_vram_bytes": 9188792320}
{"step": 2000, "loss": 0.41805100440979004, "examples": 2000, "session_seconds": 2535.595878688997, "peak_vram_bytes": 9188792320}
{"step": 2010, "loss": 0.37693095207214355, "examples": 2010, "session_seconds": 2548.02393197699, "peak_vram_bytes": 9188792320}
{"step": 2020, "loss": -0.014788421802222729, "examples": 2020, "session_seconds": 2560.0454617299984, "peak_vram_bytes": 9188792320}
{"step": 2030, "loss": -0.011338485404849052, "examples": 2030, "session_seconds": 2572.5229939909914, "peak_vram_bytes": 9188792320}
{"step": 2040, "loss": -0.002170827239751816, "examples": 2040, "session_seconds": 2586.1409135189897, "peak_vram_bytes": 9188792320}
{"step": 2050, "loss": -0.0038097314536571503, "examples": 2050, "session_seconds": 2598.8723630899913, "peak_vram_bytes": 9188792320}
{"step": 2060, "loss": -0.06340084224939346, "examples": 2060, "session_seconds": 2611.8651036090014, "peak_vram_bytes": 9188792320}
{"step": 2070, "loss": -0.010432740673422813, "examples": 2070, "session_seconds": 2625.279485334002, "peak_vram_bytes": 9188792320}
{"step": 2080, "loss": 0.141198992729187, "examples": 2080, "session_seconds": 2638.1961116159946, "peak_vram_bytes": 9192157696}
{"step": 2090, "loss": 0.0004339665174484253, "examples": 2090, "session_seconds": 2651.238259082995, "peak_vram_bytes": 9192157696}
{"step": 2100, "loss": 0.004422780126333237, "examples": 2100, "session_seconds": 2665.1163022139954, "peak_vram_bytes": 9192157696}
{"step": 2110, "loss": -0.007503819651901722, "examples": 2110, "session_seconds": 2677.362658589991, "peak_vram_bytes": 9192157696}
{"step": 2120, "loss": 0.003686577081680298, "examples": 2120, "session_seconds": 2689.44224037799, "peak_vram_bytes": 9192157696}
{"step": 2130, "loss": -0.059485290199518204, "examples": 2130, "session_seconds": 2702.750023515997, "peak_vram_bytes": 9192157696}
{"step": 2140, "loss": -0.0064772795885801315, "examples": 2140, "session_seconds": 2715.2911803339957, "peak_vram_bytes": 9192157696}
{"step": 2150, "loss": -0.02794615551829338, "examples": 2150, "session_seconds": 2727.954442174989, "peak_vram_bytes": 9192157696}
{"step": 2160, "loss": -0.009934186935424805, "examples": 2160, "session_seconds": 2740.679022477998, "peak_vram_bytes": 9192157696}
{"step": 2170, "loss": -0.0021449350751936436, "examples": 2170, "session_seconds": 2753.2953571830003, "peak_vram_bytes": 9192157696}
{"step": 2180, "loss": -0.004050524905323982, "examples": 2180, "session_seconds": 2765.5178271490004, "peak_vram_bytes": 9192157696}
{"step": 2190, "loss": -0.06201288476586342, "examples": 2190, "session_seconds": 2777.912284550999, "peak_vram_bytes": 9192157696}
{"step": 2200, "loss": -0.19055524468421936, "examples": 2200, "session_seconds": 2790.939505926988, "peak_vram_bytes": 9192157696}
{"step": 2210, "loss": 0.13355478644371033, "examples": 2210, "session_seconds": 2804.4437580839876, "peak_vram_bytes": 9192157696}
{"step": 2220, "loss": -0.0007036621682345867, "examples": 2220, "session_seconds": 2817.2570681489888, "peak_vram_bytes": 9192157696}
{"step": 2230, "loss": 0.000992603600025177, "examples": 2230, "session_seconds": 2830.7593925139954, "peak_vram_bytes": 9192157696}
{"step": 2240, "loss": -0.008165750652551651, "examples": 2240, "session_seconds": 2843.4698761109903, "peak_vram_bytes": 9192157696}
{"step": 2250, "loss": -0.002266306895762682, "examples": 2250, "session_seconds": 2856.5308997300017, "peak_vram_bytes": 9192157696}
{"step": 2260, "loss": 0.07388052344322205, "examples": 2260, "session_seconds": 2869.7200534389995, "peak_vram_bytes": 9192157696}
{"step": 2270, "loss": -0.010744970291852951, "examples": 2270, "session_seconds": 2882.4178124030004, "peak_vram_bytes": 9192157696}
{"step": 2280, "loss": 0.2540455460548401, "examples": 2280, "session_seconds": 2895.3093870579905, "peak_vram_bytes": 9192157696}
{"step": 2290, "loss": -0.011742083355784416, "examples": 2290, "session_seconds": 2908.948262895996, "peak_vram_bytes": 9192157696}
{"step": 2300, "loss": -0.05834604799747467, "examples": 2300, "session_seconds": 2921.6602175129956, "peak_vram_bytes": 9192157696}
{"step": 2310, "loss": -0.010931409895420074, "examples": 2310, "session_seconds": 2935.075377727, "peak_vram_bytes": 9192157696}
{"step": 2320, "loss": -0.06994684785604477, "examples": 2320, "session_seconds": 2948.101317679, "peak_vram_bytes": 9192157696}
{"step": 2330, "loss": 0.0542205274105072, "examples": 2330, "session_seconds": 2959.9241127279965, "peak_vram_bytes": 9192157696}
{"step": 2340, "loss": -0.09048444032669067, "examples": 2340, "session_seconds": 2972.694877433998, "peak_vram_bytes": 9192157696}
{"step": 2350, "loss": -0.007819239050149918, "examples": 2350, "session_seconds": 2984.5178938109893, "peak_vram_bytes": 9192157696}
{"step": 2360, "loss": -0.003295931965112686, "examples": 2360, "session_seconds": 2996.6757841379876, "peak_vram_bytes": 9192157696}
{"step": 2370, "loss": 0.12911155819892883, "examples": 2370, "session_seconds": 3008.520867813, "peak_vram_bytes": 9192157696}
{"step": 2380, "loss": -0.0021439744159579277, "examples": 2380, "session_seconds": 3020.3631528589904, "peak_vram_bytes": 9192157696}
{"step": 2390, "loss": 0.06685768067836761, "examples": 2390, "session_seconds": 3033.2282522530004, "peak_vram_bytes": 9192157696}
{"step": 2400, "loss": -0.007364464923739433, "examples": 2400, "session_seconds": 3045.2521569300006, "peak_vram_bytes": 9192157696}
{"step": 2410, "loss": -0.008471806533634663, "examples": 2410, "session_seconds": 3057.6208590749884, "peak_vram_bytes": 9192157696}
{"step": 2420, "loss": -0.22017642855644226, "examples": 2420, "session_seconds": 3070.4306855920004, "peak_vram_bytes": 9192157696}
{"step": 2430, "loss": 0.08791118860244751, "examples": 2430, "session_seconds": 3082.3336941809976, "peak_vram_bytes": 9192157696}
{"step": 2440, "loss": 0.06094924360513687, "examples": 2440, "session_seconds": 3094.3723514049925, "peak_vram_bytes": 9192157696}
{"step": 2450, "loss": -0.004767751321196556, "examples": 2450, "session_seconds": 3107.3097503069876, "peak_vram_bytes": 9192157696}
{"step": 2460, "loss": -0.009868026711046696, "examples": 2460, "session_seconds": 3120.807616227001, "peak_vram_bytes": 9192157696}
{"step": 2470, "loss": -0.008619432337582111, "examples": 2470, "session_seconds": 3133.7239570300007, "peak_vram_bytes": 9192157696}
{"step": 2480, "loss": -0.05429425463080406, "examples": 2480, "session_seconds": 3146.3646114879957, "peak_vram_bytes": 9192157696}
{"step": 2490, "loss": -0.01737508550286293, "examples": 2490, "session_seconds": 3159.7178172079875, "peak_vram_bytes": 9192157696}
{"step": 2500, "loss": -0.0053331442177295685, "examples": 2500, "session_seconds": 3172.530934450988, "peak_vram_bytes": 9192157696}
{"step": 2510, "loss": -0.009141238406300545, "examples": 2510, "session_seconds": 3185.337218526998, "peak_vram_bytes": 9192157696}
{"step": 2520, "loss": -0.006693786010146141, "examples": 2520, "session_seconds": 3198.5657953609916, "peak_vram_bytes": 9192157696}
{"step": 2530, "loss": -0.022068914026021957, "examples": 2530, "session_seconds": 3211.466996076997, "peak_vram_bytes": 9192157696}
{"step": 2540, "loss": 0.002728979103267193, "examples": 2540, "session_seconds": 3224.6487587589945, "peak_vram_bytes": 9192157696}
{"step": 2550, "loss": -0.33651721477508545, "examples": 2550, "session_seconds": 3237.580982599, "peak_vram_bytes": 9192157696}
{"step": 2560, "loss": -0.007292581722140312, "examples": 2560, "session_seconds": 3251.142581245993, "peak_vram_bytes": 9192157696}
{"step": 2570, "loss": -0.26813846826553345, "examples": 2570, "session_seconds": 3264.148592564001, "peak_vram_bytes": 9192157696}
{"step": 2580, "loss": -0.15990538895130157, "examples": 2580, "session_seconds": 3276.837893607997, "peak_vram_bytes": 9192157696}
{"step": 2590, "loss": -0.008303679525852203, "examples": 2590, "session_seconds": 3289.4252621689957, "peak_vram_bytes": 9192157696}
{"step": 2600, "loss": -0.006412172690033913, "examples": 2600, "session_seconds": 3301.542923994988, "peak_vram_bytes": 9192157696}
{"step": 2610, "loss": -0.0077797044068574905, "examples": 2610, "session_seconds": 3314.183285854, "peak_vram_bytes": 9192157696}
{"step": 2620, "loss": 0.002972708083689213, "examples": 2620, "session_seconds": 3326.2709420299943, "peak_vram_bytes": 9192157696}
{"step": 2630, "loss": -0.01794673502445221, "examples": 2630, "session_seconds": 3338.11837385899, "peak_vram_bytes": 9192157696}
{"step": 2640, "loss": 0.003845191327854991, "examples": 2640, "session_seconds": 3350.0965581459895, "peak_vram_bytes": 9192157696}
{"step": 2650, "loss": -0.008798782713711262, "examples": 2650, "session_seconds": 3362.2564046459884, "peak_vram_bytes": 9192157696}
{"step": 2660, "loss": -0.005339840427041054, "examples": 2660, "session_seconds": 3374.077750817989, "peak_vram_bytes": 9192157696}
{"step": 2670, "loss": -0.005763737950474024, "examples": 2670, "session_seconds": 3385.8793933259876, "peak_vram_bytes": 9192157696}
{"step": 2680, "loss": -0.014257722534239292, "examples": 2680, "session_seconds": 3398.6826442439924, "peak_vram_bytes": 9192157696}
{"step": 2690, "loss": -0.008417422883212566, "examples": 2690, "session_seconds": 3410.657168820995, "peak_vram_bytes": 9192157696}
{"step": 2700, "loss": 0.00019897893071174622, "examples": 2700, "session_seconds": 3422.779556841997, "peak_vram_bytes": 9192157696}
{"step": 2710, "loss": -0.020677121356129646, "examples": 2710, "session_seconds": 3435.298873858992, "peak_vram_bytes": 9192157696}
{"step": 2720, "loss": 0.0023298636078834534, "examples": 2720, "session_seconds": 3447.0660542900005, "peak_vram_bytes": 9192157696}
{"step": 2730, "loss": 0.04330801963806152, "examples": 2730, "session_seconds": 3459.0210289940005, "peak_vram_bytes": 9192157696}
{"step": 2740, "loss": -0.005925251170992851, "examples": 2740, "session_seconds": 3470.8530662549892, "peak_vram_bytes": 9192157696}
{"step": 2750, "loss": -0.008744139224290848, "examples": 2750, "session_seconds": 3483.044369477997, "peak_vram_bytes": 9192157696}
{"step": 2760, "loss": -0.0039017274975776672, "examples": 2760, "session_seconds": 3495.799756674998, "peak_vram_bytes": 9192157696}
{"step": 2770, "loss": -0.010914008133113384, "examples": 2770, "session_seconds": 3508.4932018399995, "peak_vram_bytes": 9192157696}
{"step": 2780, "loss": 0.001489635556936264, "examples": 2780, "session_seconds": 3521.755564620995, "peak_vram_bytes": 9192157696}
{"step": 2790, "loss": -0.0068112993612885475, "examples": 2790, "session_seconds": 3534.696600598996, "peak_vram_bytes": 9192157696}
{"step": 2800, "loss": -0.007483430206775665, "examples": 2800, "session_seconds": 3547.3463657659886, "peak_vram_bytes": 9192157696}
{"step": 2810, "loss": -0.01759323850274086, "examples": 2810, "session_seconds": 3560.806162780995, "peak_vram_bytes": 9192157696}
{"step": 2820, "loss": 0.12401337921619415, "examples": 2820, "session_seconds": 3573.4723915059876, "peak_vram_bytes": 9192157696}
{"step": 2830, "loss": -0.01023783441632986, "examples": 2830, "session_seconds": 3586.1480529919936, "peak_vram_bytes": 9192157696}
{"step": 2840, "loss": -0.0046387012116611, "examples": 2840, "session_seconds": 3598.5526314079907, "peak_vram_bytes": 9192157696}
{"step": 2850, "loss": -0.014608481898903847, "examples": 2850, "session_seconds": 3610.705870683989, "peak_vram_bytes": 9192157696}
{"step": 2860, "loss": -0.09822715818881989, "examples": 2860, "session_seconds": 3623.786616225989, "peak_vram_bytes": 9192157696}
{"step": 2870, "loss": 0.00037858495488762856, "examples": 2870, "session_seconds": 3636.751999406988, "peak_vram_bytes": 9192157696}
{"step": 2880, "loss": -0.003581281751394272, "examples": 2880, "session_seconds": 3649.8768978809967, "peak_vram_bytes": 9192157696}
{"step": 2890, "loss": -0.005466077476739883, "examples": 2890, "session_seconds": 3661.884282556988, "peak_vram_bytes": 9192157696}
{"step": 2900, "loss": -0.0014250576496124268, "examples": 2900, "session_seconds": 3673.8703947289905, "peak_vram_bytes": 9192157696}
{"step": 2910, "loss": -0.00035457988269627094, "examples": 2910, "session_seconds": 3687.113444592993, "peak_vram_bytes": 9192157696}
{"step": 2920, "loss": -0.006421441212296486, "examples": 2920, "session_seconds": 3699.722223140998, "peak_vram_bytes": 9192157696}
{"step": 2930, "loss": -0.004673447459936142, "examples": 2930, "session_seconds": 3712.2193570859963, "peak_vram_bytes": 9192157696}
{"step": 2940, "loss": -0.0009206547401845455, "examples": 2940, "session_seconds": 3725.0961552419903, "peak_vram_bytes": 9192157696}
{"step": 2950, "loss": -0.00041828060057014227, "examples": 2950, "session_seconds": 3737.8894240759982, "peak_vram_bytes": 9192157696}
{"step": 2960, "loss": -0.00043662404641509056, "examples": 2960, "session_seconds": 3750.0885951620003, "peak_vram_bytes": 9192157696}
{"step": 2970, "loss": -0.007112419232726097, "examples": 2970, "session_seconds": 3762.28925359399, "peak_vram_bytes": 9192157696}
{"step": 2980, "loss": -0.013111280277371407, "examples": 2980, "session_seconds": 3775.394808393001, "peak_vram_bytes": 9192157696}
{"step": 2990, "loss": -0.02293609082698822, "examples": 2990, "session_seconds": 3788.401344425991, "peak_vram_bytes": 9192157696}
{"step": 3000, "loss": -0.007221538573503494, "examples": 3000, "session_seconds": 3801.470818635993, "peak_vram_bytes": 9192157696}
{"step": 3010, "loss": 0.162175253033638, "examples": 3010, "session_seconds": 3814.878892831999, "peak_vram_bytes": 9192157696}
{"step": 3020, "loss": 0.17028281092643738, "examples": 3020, "session_seconds": 3827.7890476710018, "peak_vram_bytes": 9192157696}
{"step": 3030, "loss": -0.008635720238089561, "examples": 3030, "session_seconds": 3840.698102355993, "peak_vram_bytes": 9192157696}
{"step": 3040, "loss": -0.12448745965957642, "examples": 3040, "session_seconds": 3852.925763769992, "peak_vram_bytes": 9192157696}
{"step": 3050, "loss": -0.017470255494117737, "examples": 3050, "session_seconds": 3864.7395203159977, "peak_vram_bytes": 9192157696}
{"step": 3060, "loss": 0.007195156533271074, "examples": 3060, "session_seconds": 3876.6350134509994, "peak_vram_bytes": 9192157696}
{"step": 3070, "loss": -0.014234762638807297, "examples": 3070, "session_seconds": 3888.7948121429945, "peak_vram_bytes": 9192157696}
{"step": 3080, "loss": -0.005690271966159344, "examples": 3080, "session_seconds": 3900.648200782991, "peak_vram_bytes": 9192157696}
{"step": 3090, "loss": -0.008943203836679459, "examples": 3090, "session_seconds": 3912.485531510989, "peak_vram_bytes": 9192157696}
{"step": 3100, "loss": -0.014453902840614319, "examples": 3100, "session_seconds": 3924.408223008999, "peak_vram_bytes": 9192157696}
{"step": 3110, "loss": -0.007415338885039091, "examples": 3110, "session_seconds": 3937.6782720779884, "peak_vram_bytes": 9192157696}
{"step": 3120, "loss": -0.0012515545822679996, "examples": 3120, "session_seconds": 3950.2045486649877, "peak_vram_bytes": 9192157696}
{"step": 3130, "loss": -0.004026410169899464, "examples": 3130, "session_seconds": 3962.8701203529927, "peak_vram_bytes": 9192157696}
{"step": 3140, "loss": -0.013726895675063133, "examples": 3140, "session_seconds": 3976.345966148001, "peak_vram_bytes": 9192157696}
{"step": 3150, "loss": -0.004721904173493385, "examples": 3150, "session_seconds": 3988.919677149999, "peak_vram_bytes": 9192157696}
{"step": 3160, "loss": -0.05230778083205223, "examples": 3160, "session_seconds": 4001.217079349997, "peak_vram_bytes": 9192157696}
{"step": 3170, "loss": -0.02650534175336361, "examples": 3170, "session_seconds": 4014.370017226989, "peak_vram_bytes": 9192157696}
{"step": 3180, "loss": 0.03618268296122551, "examples": 3180, "session_seconds": 4026.4639091409917, "peak_vram_bytes": 9192157696}
{"step": 3190, "loss": -0.054583463817834854, "examples": 3190, "session_seconds": 4039.273858953995, "peak_vram_bytes": 9192157696}
{"step": 3200, "loss": -0.020045174285769463, "examples": 3200, "session_seconds": 4051.993430546994, "peak_vram_bytes": 9192157696}
{"step": 3210, "loss": -0.0063056969083845615, "examples": 3210, "session_seconds": 4065.0730569759908, "peak_vram_bytes": 9192157696}
{"step": 3220, "loss": -0.017046138644218445, "examples": 3220, "session_seconds": 4077.907199961992, "peak_vram_bytes": 9192157696}
{"step": 3230, "loss": -0.8413184285163879, "examples": 3230, "session_seconds": 4090.760646745999, "peak_vram_bytes": 9192157696}
{"step": 3240, "loss": 0.7474524974822998, "examples": 3240, "session_seconds": 4103.319500389, "peak_vram_bytes": 9192157696}
{"step": 3250, "loss": -0.0056703584268689156, "examples": 3250, "session_seconds": 4115.668522407999, "peak_vram_bytes": 9192157696}
{"step": 3260, "loss": -0.0063165659084916115, "examples": 3260, "session_seconds": 4128.166158900989, "peak_vram_bytes": 9192157696}
{"step": 3270, "loss": -0.008690772578120232, "examples": 3270, "session_seconds": 4140.9036995439965, "peak_vram_bytes": 9192157696}
{"step": 3280, "loss": 0.09582623094320297, "examples": 3280, "session_seconds": 4153.660622292999, "peak_vram_bytes": 9192157696}
{"step": 3290, "loss": -0.011376839131116867, "examples": 3290, "session_seconds": 4165.734136364001, "peak_vram_bytes": 9192157696}
{"step": 3300, "loss": -0.0010070204734802246, "examples": 3300, "session_seconds": 4177.848903268998, "peak_vram_bytes": 9192157696}
{"step": 3310, "loss": 0.5173641443252563, "examples": 3310, "session_seconds": 4190.199429925997, "peak_vram_bytes": 9192157696}
{"step": 3320, "loss": -0.1300039291381836, "examples": 3320, "session_seconds": 4202.025779363001, "peak_vram_bytes": 9192157696}
{"step": 3330, "loss": -0.011389174498617649, "examples": 3330, "session_seconds": 4214.0470500849915, "peak_vram_bytes": 9192157696}
{"step": 3340, "loss": -0.009400985203683376, "examples": 3340, "session_seconds": 4226.101374234, "peak_vram_bytes": 9192157696}
{"step": 3350, "loss": -0.011179836466908455, "examples": 3350, "session_seconds": 4238.440979374995, "peak_vram_bytes": 9192157696}
{"step": 3360, "loss": -0.009720616042613983, "examples": 3360, "session_seconds": 4250.296567796991, "peak_vram_bytes": 9192157696}
{"step": 3370, "loss": 0.0009242824744433165, "examples": 3370, "session_seconds": 4262.352579642, "peak_vram_bytes": 9192157696}
{"step": 3380, "loss": -0.011608576402068138, "examples": 3380, "session_seconds": 4274.165335761994, "peak_vram_bytes": 9192157696}
{"step": 3390, "loss": -0.0067707449197769165, "examples": 3390, "session_seconds": 4286.112203452998, "peak_vram_bytes": 9192157696}
{"step": 3400, "loss": -0.1111782118678093, "examples": 3400, "session_seconds": 4298.258705872999, "peak_vram_bytes": 9192157696}
{"step": 3410, "loss": -0.009227177128195763, "examples": 3410, "session_seconds": 4311.559063328998, "peak_vram_bytes": 9192157696}
{"step": 3420, "loss": -0.02634076401591301, "examples": 3420, "session_seconds": 4324.092509664988, "peak_vram_bytes": 9192157696}
{"step": 3430, "loss": -0.01841343566775322, "examples": 3430, "session_seconds": 4337.668260712002, "peak_vram_bytes": 9192157696}
{"step": 3440, "loss": -0.0013536722399294376, "examples": 3440, "session_seconds": 4350.711112445992, "peak_vram_bytes": 9192157696}
{"step": 3450, "loss": 0.07776041328907013, "examples": 3450, "session_seconds": 4362.97915975099, "peak_vram_bytes": 9192157696}
{"step": 3460, "loss": 0.030725721269845963, "examples": 3460, "session_seconds": 4374.891767978988, "peak_vram_bytes": 9192157696}
{"step": 3470, "loss": -0.022129876539111137, "examples": 3470, "session_seconds": 4387.533326633988, "peak_vram_bytes": 9192157696}
{"step": 3480, "loss": -0.022863183170557022, "examples": 3480, "session_seconds": 4400.080655751997, "peak_vram_bytes": 9192157696}
{"step": 3490, "loss": -0.10268797725439072, "examples": 3490, "session_seconds": 4412.727716206995, "peak_vram_bytes": 9192157696}
{"step": 3500, "loss": -0.05185195431113243, "examples": 3500, "session_seconds": 4425.838295893991, "peak_vram_bytes": 9192157696}
{"step": 3510, "loss": -0.00884324312210083, "examples": 3510, "session_seconds": 4438.313625415001, "peak_vram_bytes": 9192157696}
{"step": 3520, "loss": -0.026636315509676933, "examples": 3520, "session_seconds": 4450.137858811999, "peak_vram_bytes": 9192157696}
{"step": 3530, "loss": -0.013848086819052696, "examples": 3530, "session_seconds": 4462.633118437996, "peak_vram_bytes": 9192157696}
{"step": 3540, "loss": -0.010835286229848862, "examples": 3540, "session_seconds": 4474.613244233988, "peak_vram_bytes": 9192157696}
{"step": 3550, "loss": -0.020520061254501343, "examples": 3550, "session_seconds": 4486.469435696999, "peak_vram_bytes": 9192157696}
{"step": 3560, "loss": -0.11978724598884583, "examples": 3560, "session_seconds": 4498.637802981, "peak_vram_bytes": 9192157696}
{"step": 3570, "loss": 0.6775568127632141, "examples": 3570, "session_seconds": 4510.596458241998, "peak_vram_bytes": 9192157696}
{"step": 3580, "loss": -0.0008164918981492519, "examples": 3580, "session_seconds": 4522.523145714993, "peak_vram_bytes": 9192157696}
{"step": 3590, "loss": 0.5515631437301636, "examples": 3590, "session_seconds": 4534.484608175, "peak_vram_bytes": 9192157696}
{"step": 3600, "loss": -0.012086272239685059, "examples": 3600, "session_seconds": 4547.060404379998, "peak_vram_bytes": 9192157696}
{"step": 3610, "loss": -0.004075937904417515, "examples": 3610, "session_seconds": 4559.428138083997, "peak_vram_bytes": 9192157696}
{"step": 3620, "loss": -0.028284359723329544, "examples": 3620, "session_seconds": 4571.498991488988, "peak_vram_bytes": 9192157696}
{"step": 3630, "loss": -0.008138537406921387, "examples": 3630, "session_seconds": 4584.581929422988, "peak_vram_bytes": 9192157696}
{"step": 3640, "loss": 0.5452976822853088, "examples": 3640, "session_seconds": 4596.554813287992, "peak_vram_bytes": 9192157696}
{"step": 3650, "loss": -0.04928664118051529, "examples": 3650, "session_seconds": 4608.420299409001, "peak_vram_bytes": 9192157696}
{"step": 3660, "loss": -0.00709499791264534, "examples": 3660, "session_seconds": 4621.297498062995, "peak_vram_bytes": 9192157696}
{"step": 3670, "loss": -0.008374468423426151, "examples": 3670, "session_seconds": 4633.518265873994, "peak_vram_bytes": 9192157696}
{"step": 3680, "loss": -0.005433512851595879, "examples": 3680, "session_seconds": 4645.3386766829935, "peak_vram_bytes": 9192157696}
{"step": 3690, "loss": 0.06160350516438484, "examples": 3690, "session_seconds": 4657.519416613999, "peak_vram_bytes": 9192157696}
{"step": 3700, "loss": -0.0012638205662369728, "examples": 3700, "session_seconds": 4669.652176603995, "peak_vram_bytes": 9192157696}
{"step": 3710, "loss": 0.006014952436089516, "examples": 3710, "session_seconds": 4682.045163075993, "peak_vram_bytes": 9192157696}
{"step": 3720, "loss": 0.00017578061670064926, "examples": 3720, "session_seconds": 4694.817305118995, "peak_vram_bytes": 9192157696}
{"step": 3730, "loss": -0.016226213425397873, "examples": 3730, "session_seconds": 4708.091590955999, "peak_vram_bytes": 9192157696}
{"step": 3740, "loss": -0.013854624703526497, "examples": 3740, "session_seconds": 4721.009811305994, "peak_vram_bytes": 9192157696}
{"step": 3750, "loss": 0.24182580411434174, "examples": 3750, "session_seconds": 4733.86014082699, "peak_vram_bytes": 9192157696}
{"step": 3760, "loss": 4.665972664952278e-05, "examples": 3760, "session_seconds": 4747.310548883994, "peak_vram_bytes": 9192157696}
{"step": 3770, "loss": -0.006152201443910599, "examples": 3770, "session_seconds": 4760.228722421991, "peak_vram_bytes": 9192157696}
{"step": 3780, "loss": -0.0068910811096429825, "examples": 3780, "session_seconds": 4772.770323149001, "peak_vram_bytes": 9192157696}
{"step": 3790, "loss": -0.012675945647060871, "examples": 3790, "session_seconds": 4785.260721916988, "peak_vram_bytes": 9192157696}
{"step": 3800, "loss": -0.0036360425874590874, "examples": 3800, "session_seconds": 4797.327712810002, "peak_vram_bytes": 9192157696}
{"step": 3810, "loss": -0.011692987754940987, "examples": 3810, "session_seconds": 4810.140708223, "peak_vram_bytes": 9192157696}
{"step": 3820, "loss": 0.6971449851989746, "examples": 3820, "session_seconds": 4822.890682316996, "peak_vram_bytes": 9192157696}
{"step": 3830, "loss": -0.003592892549932003, "examples": 3830, "session_seconds": 4835.130719011999, "peak_vram_bytes": 9192157696}
{"step": 3840, "loss": -0.0037077469751238823, "examples": 3840, "session_seconds": 4847.632942851997, "peak_vram_bytes": 9192157696}
{"step": 3850, "loss": -0.0031026448123157024, "examples": 3850, "session_seconds": 4860.393772653988, "peak_vram_bytes": 9192157696}
{"step": 3860, "loss": -0.010778488591313362, "examples": 3860, "session_seconds": 4873.264352115992, "peak_vram_bytes": 9192157696}
{"step": 3870, "loss": -0.028813276439905167, "examples": 3870, "session_seconds": 4885.783023933996, "peak_vram_bytes": 9192157696}
{"step": 3880, "loss": 0.07252566516399384, "examples": 3880, "session_seconds": 4898.954671626998, "peak_vram_bytes": 9192157696}
{"step": 3890, "loss": -0.013456916436553001, "examples": 3890, "session_seconds": 4911.490729182988, "peak_vram_bytes": 9192157696}
{"step": 3900, "loss": 0.0013607633300125599, "examples": 3900, "session_seconds": 4924.143119259999, "peak_vram_bytes": 9192157696}
{"step": 3910, "loss": -0.009573989547789097, "examples": 3910, "session_seconds": 4937.446170170995, "peak_vram_bytes": 9192157696}
{"step": 3920, "loss": 0.4933939576148987, "examples": 3920, "session_seconds": 4950.247962565001, "peak_vram_bytes": 9192157696}
{"step": 3930, "loss": -0.0031357109546661377, "examples": 3930, "session_seconds": 4962.966735372, "peak_vram_bytes": 9192157696}
{"step": 3940, "loss": -0.0024353396147489548, "examples": 3940, "session_seconds": 4975.571959756999, "peak_vram_bytes": 9192157696}
{"step": 3950, "loss": -0.007590452209115028, "examples": 3950, "session_seconds": 4988.78664450199, "peak_vram_bytes": 9192157696}
{"step": 3960, "loss": -0.0038509583100676537, "examples": 3960, "session_seconds": 5001.289944106989, "peak_vram_bytes": 9192157696}
{"step": 3970, "loss": -0.0070770494639873505, "examples": 3970, "session_seconds": 5013.703613653997, "peak_vram_bytes": 9192157696}
{"step": 3980, "loss": -0.008958491496741772, "examples": 3980, "session_seconds": 5025.760310136, "peak_vram_bytes": 9192157696}
{"step": 3990, "loss": -0.0074282241985201836, "examples": 3990, "session_seconds": 5038.256339103988, "peak_vram_bytes": 9192157696}
{"step": 4000, "loss": -0.052010197192430496, "examples": 4000, "session_seconds": 5051.246443398995, "peak_vram_bytes": 9192157696}
wandb: 
wandb: Run history:
wandb:        examples ▁▁▁▁▂▂▃▃▃▃▃▃▃▃▃▃▃▄▄▄▅▅▅▆▆▆▆▆▆▇▇▇▇▇▇█████
wandb:            loss ▅▅▅▅▅▅▅█▆▅▅▁▅▅▅▅▆▅▅▅▅▅▅█▅▅▅▅▅▅▅▅▅▅▅▅▅▆▅▆
wandb: peak_vram_bytes ▁▁▁▁▁▁▁▁▁▁▁▁▁▁▁▁▁▃▃▃▃▃▃▅▅███████████████
wandb: session_seconds ▁▁▁▁▁▂▂▂▃▃▃▃▃▃▄▄▄▄▄▄▄▄▅▅▅▅▅▅▆▆▆▆▇▇▇▇▇▇██
wandb:            step ▁▁▁▁▁▂▂▂▃▃▃▃▃▄▄▄▄▄▄▅▅▅▅▅▅▆▆▆▆▆▆▇▇▇▇▇▇▇██
wandb: 
wandb: Run summary:
wandb:        examples 4000
wandb:            loss -0.05201
wandb: peak_vram_bytes 9192157696
wandb: session_seconds 5051.24644
wandb:            step 4000
wandb: 
wandb: You can sync this run to the cloud by running:
wandb: wandb sync artifacts/longer-v1/4b/main/seed-33/sampled/tracking/wandb/offline-run-20261005_113244-enbuv5tn
wandb: Find logs at: artifacts/longer-v1/4b/main/seed-33/sampled/tracking/wandb/offline-run-20261005_113244-enbuv5tn/logs
{"artifact": "artifacts/longer-v1/4b/main/seed-33/sampled/artifact", "elapsed_seconds": 5051.7333116569935}
