
{"utc": "2026-10-05T07:58:08.903045+00:00", "command": ["-m", "myjev.train", "--config", "results/longer-v1/4b/main/seed-22/sft/config.json", "--data", "data/banking77/train.jsonl", "--output", "artifacts/longer-v1/4b/main/seed-22/sft", "--method", "sft", "--seed", "22"]}
Loading weights:   0%|          | 0/426 [00:00<?, ?it/s]Loading weights:  80%|████████  | 342/426 [00:00<00:00, 3417.90it/s]Loading weights: 100%|██████████| 426/426 [00:00<00:00, 3502.57it/s]
wandb: Tracking run with wandb version 0.30.0
wandb: W&B syncing is set to `offline` in this directory. Run `wandb online` or set WANDB_MODE=online to enable cloud syncing.
wandb: Run data is saved locally in artifacts/longer-v1/4b/main/seed-22/sft/tracking/wandb/offline-run-20261005_005822-57tqqfhf
wandb: View this run in the terminal with `wandb leet`
[transformers] `causal_conv1d_fn` is falling back to its reference PyTorch implementation because `causal_conv1d` is not installed. This is correct but much slower; install `causal_conv1d` for the optimized kernel.
[transformers] `chunk_gated_delta_rule` is falling back to its reference PyTorch implementation because `flash-linear-attention` is not installed. This is correct but much slower; install `flash-linear-attention` for the optimized kernel.
{"step": 10, "loss": 1.8948452472686768, "examples": 10, "session_seconds": 10.826203445001738, "peak_vram_bytes": 9170446336}
{"step": 20, "loss": 0.3846588730812073, "examples": 20, "session_seconds": 20.817060389999824, "peak_vram_bytes": 9170446336}
{"step": 30, "loss": 0.8123058676719666, "examples": 30, "session_seconds": 30.94573681199836, "peak_vram_bytes": 9170446336}
{"step": 40, "loss": 0.18003390729427338, "examples": 40, "session_seconds": 41.62360669999907, "peak_vram_bytes": 9170446336}
{"step": 50, "loss": 0.1349010467529297, "examples": 50, "session_seconds": 52.443136342997605, "peak_vram_bytes": 9170446336}
{"step": 60, "loss": 0.11023543775081635, "examples": 60, "session_seconds": 63.01578351500211, "peak_vram_bytes": 9170446336}
{"step": 70, "loss": 0.09761384129524231, "examples": 70, "session_seconds": 72.7803670170033, "peak_vram_bytes": 9170446336}
{"step": 80, "loss": 0.08779342472553253, "examples": 80, "session_seconds": 83.0050708609997, "peak_vram_bytes": 9170446336}
{"step": 90, "loss": 0.07950624078512192, "examples": 90, "session_seconds": 93.60787321200041, "peak_vram_bytes": 9170446336}
{"step": 100, "loss": 0.07807377725839615, "examples": 100, "session_seconds": 104.33296627800155, "peak_vram_bytes": 9170446336}
Warning: You are sending unauthenticated requests to the HF Hub. Please set a HF_TOKEN to enable higher rate limits and faster downloads.
{"step": 110, "loss": 0.06594255566596985, "examples": 110, "session_seconds": 115.52782891300012, "peak_vram_bytes": 9170446336}
{"step": 120, "loss": 0.07390016317367554, "examples": 120, "session_seconds": 126.00649770600285, "peak_vram_bytes": 9170446336}
{"step": 130, "loss": 0.05497356876730919, "examples": 130, "session_seconds": 136.29659755899775, "peak_vram_bytes": 9170446336}
{"step": 140, "loss": 0.053796861320734024, "examples": 140, "session_seconds": 146.61707981499785, "peak_vram_bytes": 9170446336}
{"step": 150, "loss": 7.268807411193848, "examples": 150, "session_seconds": 156.9463387709984, "peak_vram_bytes": 9170446336}
{"step": 160, "loss": 0.07502899318933487, "examples": 160, "session_seconds": 167.46401004800282, "peak_vram_bytes": 9170446336}
{"step": 170, "loss": 0.04195933789014816, "examples": 170, "session_seconds": 178.21834791100264, "peak_vram_bytes": 9170446336}
{"step": 180, "loss": 13.391096115112305, "examples": 180, "session_seconds": 188.28577112500352, "peak_vram_bytes": 9170446336}
{"step": 190, "loss": 0.03792554885149002, "examples": 190, "session_seconds": 198.37976740400336, "peak_vram_bytes": 9170446336}
{"step": 200, "loss": 0.03650001809000969, "examples": 200, "session_seconds": 209.1074848040007, "peak_vram_bytes": 9173447680}
{"step": 210, "loss": 15.173070907592773, "examples": 210, "session_seconds": 219.5842589879976, "peak_vram_bytes": 9173447680}
{"step": 220, "loss": 0.03329885005950928, "examples": 220, "session_seconds": 229.68897266400018, "peak_vram_bytes": 9173447680}
{"step": 230, "loss": 0.0317874513566494, "examples": 230, "session_seconds": 240.7188403379987, "peak_vram_bytes": 9173447680}
{"step": 240, "loss": 0.03400290012359619, "examples": 240, "session_seconds": 250.7683709990015, "peak_vram_bytes": 9173447680}
{"step": 250, "loss": 0.02949330396950245, "examples": 250, "session_seconds": 261.13664715999766, "peak_vram_bytes": 9173447680}
{"step": 260, "loss": 19.07049560546875, "examples": 260, "session_seconds": 271.6251474450037, "peak_vram_bytes": 9173447680}
{"step": 270, "loss": 0.032571107149124146, "examples": 270, "session_seconds": 281.94830039700173, "peak_vram_bytes": 9173447680}
{"step": 280, "loss": 0.027198122814297676, "examples": 280, "session_seconds": 292.22001933599677, "peak_vram_bytes": 9173447680}
{"step": 290, "loss": 0.026322901248931885, "examples": 290, "session_seconds": 302.67614274300286, "peak_vram_bytes": 9173447680}
{"step": 300, "loss": 0.026250464841723442, "examples": 300, "session_seconds": 313.1283947960037, "peak_vram_bytes": 9174573056}
{"step": 310, "loss": 0.02523851953446865, "examples": 310, "session_seconds": 323.820156406, "peak_vram_bytes": 9174573056}
{"step": 320, "loss": 0.02508745901286602, "examples": 320, "session_seconds": 333.8972131499977, "peak_vram_bytes": 9174573056}
{"step": 330, "loss": 0.09059278666973114, "examples": 330, "session_seconds": 344.983136376999, "peak_vram_bytes": 9174573056}
{"step": 340, "loss": 0.0355546697974205, "examples": 340, "session_seconds": 355.85878575099923, "peak_vram_bytes": 9174573056}
{"step": 350, "loss": 16.928133010864258, "examples": 350, "session_seconds": 366.21614626800147, "peak_vram_bytes": 9174573056}
{"step": 360, "loss": 13.769725799560547, "examples": 360, "session_seconds": 377.19476383500296, "peak_vram_bytes": 9174573056}
{"step": 370, "loss": 0.0314120352268219, "examples": 370, "session_seconds": 387.9979255119979, "peak_vram_bytes": 9174573056}
{"step": 380, "loss": 16.654788970947266, "examples": 380, "session_seconds": 398.7399001809972, "peak_vram_bytes": 9174573056}
{"step": 390, "loss": 8.687647819519043, "examples": 390, "session_seconds": 409.5476535199996, "peak_vram_bytes": 9174573056}
{"step": 400, "loss": 13.172167778015137, "examples": 400, "session_seconds": 420.5538764899975, "peak_vram_bytes": 9174573056}
{"step": 410, "loss": 0.022790443152189255, "examples": 410, "session_seconds": 431.7005295780036, "peak_vram_bytes": 9174573056}
{"step": 420, "loss": 0.022572021931409836, "examples": 420, "session_seconds": 442.1458214950035, "peak_vram_bytes": 9174573056}
{"step": 430, "loss": 10.08863639831543, "examples": 430, "session_seconds": 453.1809656059995, "peak_vram_bytes": 9174573056}
{"step": 440, "loss": 6.737421989440918, "examples": 440, "session_seconds": 463.9163549349978, "peak_vram_bytes": 9174573056}
{"step": 450, "loss": 0.05138268321752548, "examples": 450, "session_seconds": 474.68768317800277, "peak_vram_bytes": 9174573056}
{"step": 460, "loss": 15.152078628540039, "examples": 460, "session_seconds": 486.11959346599906, "peak_vram_bytes": 9174573056}
{"step": 470, "loss": 11.598321914672852, "examples": 470, "session_seconds": 496.4072602489978, "peak_vram_bytes": 9174573056}
{"step": 480, "loss": 0.02249297872185707, "examples": 480, "session_seconds": 506.38948090800113, "peak_vram_bytes": 9174573056}
{"step": 490, "loss": 17.107847213745117, "examples": 490, "session_seconds": 516.9728485660016, "peak_vram_bytes": 9174573056}
{"step": 500, "loss": 0.020169952884316444, "examples": 500, "session_seconds": 528.4530564700035, "peak_vram_bytes": 9174573056}
{"step": 510, "loss": 0.019872847944498062, "examples": 510, "session_seconds": 539.7028881290025, "peak_vram_bytes": 9174573056}
{"step": 520, "loss": 17.615079879760742, "examples": 520, "session_seconds": 550.5424382260026, "peak_vram_bytes": 9174573056}
{"step": 530, "loss": 0.025842927396297455, "examples": 530, "session_seconds": 561.2166614890011, "peak_vram_bytes": 9174573056}
{"step": 540, "loss": 0.02196955308318138, "examples": 540, "session_seconds": 571.4239212730026, "peak_vram_bytes": 9174573056}
{"step": 550, "loss": 0.022884944453835487, "examples": 550, "session_seconds": 582.2222306269978, "peak_vram_bytes": 9174573056}
{"step": 560, "loss": 0.020713962614536285, "examples": 560, "session_seconds": 593.2637580759983, "peak_vram_bytes": 9174573056}
{"step": 570, "loss": 13.483531951904297, "examples": 570, "session_seconds": 603.6630839060017, "peak_vram_bytes": 9174573056}
{"step": 580, "loss": 8.441853523254395, "examples": 580, "session_seconds": 614.3920122790005, "peak_vram_bytes": 9174573056}
{"step": 590, "loss": 0.020883925259113312, "examples": 590, "session_seconds": 625.1666358000002, "peak_vram_bytes": 9174573056}
{"step": 600, "loss": 0.01846841722726822, "examples": 600, "session_seconds": 635.448072981002, "peak_vram_bytes": 9174573056}
{"step": 610, "loss": 0.04635760933160782, "examples": 610, "session_seconds": 646.1637689589988, "peak_vram_bytes": 9174573056}
{"step": 620, "loss": 0.0179793331772089, "examples": 620, "session_seconds": 656.879175009999, "peak_vram_bytes": 9174573056}
{"step": 630, "loss": 0.01780625991523266, "examples": 630, "session_seconds": 666.8528063460035, "peak_vram_bytes": 9174573056}
{"step": 640, "loss": 0.017572414129972458, "examples": 640, "session_seconds": 677.0131534500033, "peak_vram_bytes": 9174573056}
{"step": 650, "loss": 0.01764312945306301, "examples": 650, "session_seconds": 687.6392860699998, "peak_vram_bytes": 9174573056}
{"step": 660, "loss": 0.017304152250289917, "examples": 660, "session_seconds": 698.6905880569975, "peak_vram_bytes": 9174573056}
{"step": 670, "loss": 0.017185835167765617, "examples": 670, "session_seconds": 709.9250542139998, "peak_vram_bytes": 9174573056}
{"step": 680, "loss": 0.018497899174690247, "examples": 680, "session_seconds": 720.7119367310006, "peak_vram_bytes": 9174573056}
{"step": 690, "loss": 0.017271962016820908, "examples": 690, "session_seconds": 731.741043162001, "peak_vram_bytes": 9174573056}
{"step": 700, "loss": 0.018056310713291168, "examples": 700, "session_seconds": 742.1653385649988, "peak_vram_bytes": 9174573056}
{"step": 710, "loss": 0.020445233210921288, "examples": 710, "session_seconds": 753.1279885469994, "peak_vram_bytes": 9174573056}
{"step": 720, "loss": 0.01855946145951748, "examples": 720, "session_seconds": 763.6881097040023, "peak_vram_bytes": 9174573056}
{"step": 730, "loss": 0.018501829355955124, "examples": 730, "session_seconds": 774.2800369350007, "peak_vram_bytes": 9174573056}
{"step": 740, "loss": 0.030484095215797424, "examples": 740, "session_seconds": 784.761646140003, "peak_vram_bytes": 9176807936}
{"step": 750, "loss": 0.017455514520406723, "examples": 750, "session_seconds": 795.8458675880029, "peak_vram_bytes": 9176807936}
{"step": 760, "loss": 0.01704983413219452, "examples": 760, "session_seconds": 806.5685290410038, "peak_vram_bytes": 9176807936}
{"step": 770, "loss": 0.019640542566776276, "examples": 770, "session_seconds": 817.5852658939984, "peak_vram_bytes": 9176807936}
{"step": 780, "loss": 0.017192644998431206, "examples": 780, "session_seconds": 828.8860385189982, "peak_vram_bytes": 9176807936}
{"step": 790, "loss": 0.024267088621854782, "examples": 790, "session_seconds": 839.6241791749999, "peak_vram_bytes": 9176807936}
{"step": 800, "loss": 0.018994133919477463, "examples": 800, "session_seconds": 850.7935368440012, "peak_vram_bytes": 9176807936}
{"step": 810, "loss": 0.016851510852575302, "examples": 810, "session_seconds": 862.5375138360032, "peak_vram_bytes": 9176807936}
{"step": 820, "loss": 12.268921852111816, "examples": 820, "session_seconds": 873.531466790002, "peak_vram_bytes": 9176807936}
{"step": 830, "loss": 0.6907573938369751, "examples": 830, "session_seconds": 883.8912130099998, "peak_vram_bytes": 9176807936}
{"step": 840, "loss": 0.01691313087940216, "examples": 840, "session_seconds": 894.1967151080025, "peak_vram_bytes": 9176807936}
{"step": 850, "loss": 0.016758648678660393, "examples": 850, "session_seconds": 905.0383189850036, "peak_vram_bytes": 9176807936}
{"step": 860, "loss": 0.02050306461751461, "examples": 860, "session_seconds": 915.953036992003, "peak_vram_bytes": 9176807936}
{"step": 870, "loss": 0.017901811748743057, "examples": 870, "session_seconds": 926.6471242650005, "peak_vram_bytes": 9176807936}
{"step": 880, "loss": 0.021390967071056366, "examples": 880, "session_seconds": 937.4775795099995, "peak_vram_bytes": 9176807936}
{"step": 890, "loss": 0.016538798809051514, "examples": 890, "session_seconds": 948.1809121879996, "peak_vram_bytes": 9176807936}
{"step": 900, "loss": 0.01682128943502903, "examples": 900, "session_seconds": 958.4085263789966, "peak_vram_bytes": 9176807936}
{"step": 910, "loss": 0.17021891474723816, "examples": 910, "session_seconds": 969.1703248690028, "peak_vram_bytes": 9176807936}
{"step": 920, "loss": 14.185831069946289, "examples": 920, "session_seconds": 979.812719061003, "peak_vram_bytes": 9176807936}
{"step": 930, "loss": 0.01763494685292244, "examples": 930, "session_seconds": 990.3934975619995, "peak_vram_bytes": 9176807936}
{"step": 940, "loss": 0.018548695370554924, "examples": 940, "session_seconds": 1001.5093588230011, "peak_vram_bytes": 9176807936}
{"step": 950, "loss": 13.292168617248535, "examples": 950, "session_seconds": 1011.993731331997, "peak_vram_bytes": 9176807936}
{"step": 960, "loss": 0.020115988329052925, "examples": 960, "session_seconds": 1022.1211310979998, "peak_vram_bytes": 9176807936}
{"step": 970, "loss": 0.017027664929628372, "examples": 970, "session_seconds": 1032.6558186659968, "peak_vram_bytes": 9176807936}
{"step": 980, "loss": 9.711455345153809, "examples": 980, "session_seconds": 1043.3876379040012, "peak_vram_bytes": 9176807936}
{"step": 990, "loss": 0.0174531452357769, "examples": 990, "session_seconds": 1053.9147731120029, "peak_vram_bytes": 9176807936}
{"step": 1000, "loss": 0.018968887627124786, "examples": 1000, "session_seconds": 1064.4221299650017, "peak_vram_bytes": 9176807936}
{"step": 1010, "loss": 7.954281330108643, "examples": 1010, "session_seconds": 1075.926289752002, "peak_vram_bytes": 9176807936}
{"step": 1020, "loss": 0.05707816407084465, "examples": 1020, "session_seconds": 1086.4446337760019, "peak_vram_bytes": 9176807936}
{"step": 1030, "loss": 0.018832899630069733, "examples": 1030, "session_seconds": 1096.442537748997, "peak_vram_bytes": 9176807936}
{"step": 1040, "loss": 0.020511673763394356, "examples": 1040, "session_seconds": 1106.5919367960014, "peak_vram_bytes": 9176807936}
{"step": 1050, "loss": 0.018947245553135872, "examples": 1050, "session_seconds": 1117.1341213139967, "peak_vram_bytes": 9176807936}
{"step": 1060, "loss": 0.01811019890010357, "examples": 1060, "session_seconds": 1127.5625993930007, "peak_vram_bytes": 9176807936}
{"step": 1070, "loss": 0.02230142429471016, "examples": 1070, "session_seconds": 1137.9968121249985, "peak_vram_bytes": 9176807936}
{"step": 1080, "loss": 11.8209228515625, "examples": 1080, "session_seconds": 1148.2918094889974, "peak_vram_bytes": 9176807936}
{"step": 1090, "loss": 0.016428742557764053, "examples": 1090, "session_seconds": 1158.7388583900029, "peak_vram_bytes": 9176807936}
{"step": 1100, "loss": 0.016342099756002426, "examples": 1100, "session_seconds": 1168.9969114580017, "peak_vram_bytes": 9176807936}
{"step": 1110, "loss": 0.016010241582989693, "examples": 1110, "session_seconds": 1180.2591601370004, "peak_vram_bytes": 9176807936}
{"step": 1120, "loss": 0.015946993604302406, "examples": 1120, "session_seconds": 1190.600508069001, "peak_vram_bytes": 9176807936}
{"step": 1130, "loss": 11.50135326385498, "examples": 1130, "session_seconds": 1201.0160116600018, "peak_vram_bytes": 9176807936}
{"step": 1140, "loss": 0.016038455069065094, "examples": 1140, "session_seconds": 1211.8304877510018, "peak_vram_bytes": 9176807936}
{"step": 1150, "loss": 0.017406782135367393, "examples": 1150, "session_seconds": 1222.170361753997, "peak_vram_bytes": 9176807936}
{"step": 1160, "loss": 0.017636094242334366, "examples": 1160, "session_seconds": 1232.4824167490005, "peak_vram_bytes": 9176807936}
{"step": 1170, "loss": 0.0169381033629179, "examples": 1170, "session_seconds": 1242.6352867090027, "peak_vram_bytes": 9176807936}
{"step": 1180, "loss": 0.017888758331537247, "examples": 1180, "session_seconds": 1252.4716558360014, "peak_vram_bytes": 9176807936}
{"step": 1190, "loss": 12.096931457519531, "examples": 1190, "session_seconds": 1262.375976563002, "peak_vram_bytes": 9176807936}
{"step": 1200, "loss": 0.016532111912965775, "examples": 1200, "session_seconds": 1273.4732626390032, "peak_vram_bytes": 9176807936}
{"step": 1210, "loss": 0.01619938760995865, "examples": 1210, "session_seconds": 1284.1970069559975, "peak_vram_bytes": 9176807936}
{"step": 1220, "loss": 0.016218066215515137, "examples": 1220, "session_seconds": 1294.3519302319983, "peak_vram_bytes": 9176807936}
{"step": 1230, "loss": 0.02968146651983261, "examples": 1230, "session_seconds": 1304.9444697200015, "peak_vram_bytes": 9176807936}
{"step": 1240, "loss": 0.0343158096075058, "examples": 1240, "session_seconds": 1315.1431543840008, "peak_vram_bytes": 9176807936}
{"step": 1250, "loss": 0.016735881567001343, "examples": 1250, "session_seconds": 1325.340758724, "peak_vram_bytes": 9176807936}
{"step": 1260, "loss": 0.019296851009130478, "examples": 1260, "session_seconds": 1335.881623743, "peak_vram_bytes": 9176807936}
{"step": 1270, "loss": 0.09134267270565033, "examples": 1270, "session_seconds": 1346.872896107001, "peak_vram_bytes": 9176807936}
{"step": 1280, "loss": 0.016029052436351776, "examples": 1280, "session_seconds": 1357.2256002330032, "peak_vram_bytes": 9176807936}
{"step": 1290, "loss": 0.01756519079208374, "examples": 1290, "session_seconds": 1367.7584642119982, "peak_vram_bytes": 9176807936}
{"step": 1300, "loss": 0.1655764877796173, "examples": 1300, "session_seconds": 1378.9667920970023, "peak_vram_bytes": 9176807936}
{"step": 1310, "loss": 0.015757620334625244, "examples": 1310, "session_seconds": 1389.8798728050024, "peak_vram_bytes": 9176807936}
{"step": 1320, "loss": 0.016005150973796844, "examples": 1320, "session_seconds": 1400.3647098479996, "peak_vram_bytes": 9176807936}
{"step": 1330, "loss": 0.016446927562355995, "examples": 1330, "session_seconds": 1411.3000478429967, "peak_vram_bytes": 9176807936}
{"step": 1340, "loss": 11.42850399017334, "examples": 1340, "session_seconds": 1421.790854441002, "peak_vram_bytes": 9176807936}
{"step": 1350, "loss": 19.858945846557617, "examples": 1350, "session_seconds": 1432.0321370059974, "peak_vram_bytes": 9176807936}
{"step": 1360, "loss": 12.037702560424805, "examples": 1360, "session_seconds": 1442.6015043720035, "peak_vram_bytes": 9176807936}
{"step": 1370, "loss": 0.01668856106698513, "examples": 1370, "session_seconds": 1452.7155762330003, "peak_vram_bytes": 9176807936}
{"step": 1380, "loss": 0.015727968886494637, "examples": 1380, "session_seconds": 1462.872808002001, "peak_vram_bytes": 9176807936}
{"step": 1390, "loss": 6.599998950958252, "examples": 1390, "session_seconds": 1472.872812982001, "peak_vram_bytes": 9176807936}
{"step": 1400, "loss": 0.01702043041586876, "examples": 1400, "session_seconds": 1483.391275779999, "peak_vram_bytes": 9176807936}
{"step": 1410, "loss": 13.182491302490234, "examples": 1410, "session_seconds": 1493.954655196001, "peak_vram_bytes": 9176807936}
{"step": 1420, "loss": 0.0176865141838789, "examples": 1420, "session_seconds": 1504.1458528250005, "peak_vram_bytes": 9176807936}
{"step": 1430, "loss": 0.01600574143230915, "examples": 1430, "session_seconds": 1514.8903677769995, "peak_vram_bytes": 9176807936}
{"step": 1440, "loss": 0.016282208263874054, "examples": 1440, "session_seconds": 1525.6566052799972, "peak_vram_bytes": 9176807936}
{"step": 1450, "loss": 0.01793268695473671, "examples": 1450, "session_seconds": 1535.8949098669982, "peak_vram_bytes": 9176807936}
{"step": 1460, "loss": 11.776695251464844, "examples": 1460, "session_seconds": 1546.550528838001, "peak_vram_bytes": 9176807936}
{"step": 1470, "loss": 12.181620597839355, "examples": 1470, "session_seconds": 1556.5780331549977, "peak_vram_bytes": 9176807936}
{"step": 1480, "loss": 0.08264629542827606, "examples": 1480, "session_seconds": 1567.4974830369974, "peak_vram_bytes": 9176807936}
{"step": 1490, "loss": 0.015588585287332535, "examples": 1490, "session_seconds": 1577.4487417900018, "peak_vram_bytes": 9176807936}
{"step": 1500, "loss": 0.015628769993782043, "examples": 1500, "session_seconds": 1588.2854757219975, "peak_vram_bytes": 9176807936}
{"step": 1510, "loss": 0.015301969833672047, "examples": 1510, "session_seconds": 1599.039241061997, "peak_vram_bytes": 9176807936}
{"step": 1520, "loss": 0.01515222154557705, "examples": 1520, "session_seconds": 1609.3104148740022, "peak_vram_bytes": 9176807936}
{"step": 1530, "loss": 12.109353065490723, "examples": 1530, "session_seconds": 1620.0349489770015, "peak_vram_bytes": 9176807936}
{"step": 1540, "loss": 0.37509480118751526, "examples": 1540, "session_seconds": 1629.9649110410028, "peak_vram_bytes": 9176807936}
{"step": 1550, "loss": 0.021992625668644905, "examples": 1550, "session_seconds": 1640.1103020890005, "peak_vram_bytes": 9176807936}
{"step": 1560, "loss": 0.05607927218079567, "examples": 1560, "session_seconds": 1650.6941168199992, "peak_vram_bytes": 9176807936}
{"step": 1570, "loss": 0.01570960134267807, "examples": 1570, "session_seconds": 1661.034912119001, "peak_vram_bytes": 9176807936}
{"step": 1580, "loss": 0.015392623841762543, "examples": 1580, "session_seconds": 1671.1577901959972, "peak_vram_bytes": 9176807936}
{"step": 1590, "loss": 0.015140947885811329, "examples": 1590, "session_seconds": 1681.188117865997, "peak_vram_bytes": 9176807936}
{"step": 1600, "loss": 0.014911753125488758, "examples": 1600, "session_seconds": 1690.923107034003, "peak_vram_bytes": 9176807936}
{"step": 1610, "loss": 0.04699953645467758, "examples": 1610, "session_seconds": 1701.1312867079978, "peak_vram_bytes": 9176807936}
{"step": 1620, "loss": 0.08936157077550888, "examples": 1620, "session_seconds": 1710.9604617009973, "peak_vram_bytes": 9176807936}
{"step": 1630, "loss": 0.015001276507973671, "examples": 1630, "session_seconds": 1720.9519170940039, "peak_vram_bytes": 9176807936}
{"step": 1640, "loss": 0.015866171568632126, "examples": 1640, "session_seconds": 1730.7191005400018, "peak_vram_bytes": 9176807936}
{"step": 1650, "loss": 0.28372952342033386, "examples": 1650, "session_seconds": 1740.798030609003, "peak_vram_bytes": 9176807936}
{"step": 1660, "loss": 0.015930796042084694, "examples": 1660, "session_seconds": 1751.3014932869992, "peak_vram_bytes": 9176807936}
{"step": 1670, "loss": 0.02123543992638588, "examples": 1670, "session_seconds": 1761.8137474350006, "peak_vram_bytes": 9176807936}
{"step": 1680, "loss": 8.87349796295166, "examples": 1680, "session_seconds": 1771.7117436260014, "peak_vram_bytes": 9176807936}
{"step": 1690, "loss": 0.02899697795510292, "examples": 1690, "session_seconds": 1782.1014724749984, "peak_vram_bytes": 9176807936}
{"step": 1700, "loss": 10.840950965881348, "examples": 1700, "session_seconds": 1792.527249863997, "peak_vram_bytes": 9176807936}
{"step": 1710, "loss": 0.05051523819565773, "examples": 1710, "session_seconds": 1803.5040252300023, "peak_vram_bytes": 9176807936}
{"step": 1720, "loss": 0.015578051097691059, "examples": 1720, "session_seconds": 1814.3548327110038, "peak_vram_bytes": 9176807936}
{"step": 1730, "loss": 0.015559234656393528, "examples": 1730, "session_seconds": 1824.9738524779968, "peak_vram_bytes": 9176807936}
{"step": 1740, "loss": 0.09523773938417435, "examples": 1740, "session_seconds": 1835.6812458690038, "peak_vram_bytes": 9176807936}
{"step": 1750, "loss": 0.018896998837590218, "examples": 1750, "session_seconds": 1846.373940489997, "peak_vram_bytes": 9176807936}
{"step": 1760, "loss": 0.01689838245511055, "examples": 1760, "session_seconds": 1857.7672873409974, "peak_vram_bytes": 9176807936}
{"step": 1770, "loss": 0.016178326681256294, "examples": 1770, "session_seconds": 1867.9870396159968, "peak_vram_bytes": 9176807936}
{"step": 1780, "loss": 0.016802215948700905, "examples": 1780, "session_seconds": 1878.1945413700014, "peak_vram_bytes": 9176807936}
{"step": 1790, "loss": 0.01536331046372652, "examples": 1790, "session_seconds": 1888.7917394260003, "peak_vram_bytes": 9176807936}
{"step": 1800, "loss": 12.282763481140137, "examples": 1800, "session_seconds": 1898.8734860070035, "peak_vram_bytes": 9176807936}
{"step": 1810, "loss": 0.015083852224051952, "examples": 1810, "session_seconds": 1909.2410246240033, "peak_vram_bytes": 9176807936}
{"step": 1820, "loss": 0.34210675954818726, "examples": 1820, "session_seconds": 1919.8690917720014, "peak_vram_bytes": 9176807936}
{"step": 1830, "loss": 0.020305441692471504, "examples": 1830, "session_seconds": 1930.6726929580036, "peak_vram_bytes": 9176807936}
{"step": 1840, "loss": 0.015109555795788765, "examples": 1840, "session_seconds": 1941.0145948659992, "peak_vram_bytes": 9176807936}
{"step": 1850, "loss": 0.014738322235643864, "examples": 1850, "session_seconds": 1950.9855245470026, "peak_vram_bytes": 9176807936}
{"step": 1860, "loss": 0.02184966951608658, "examples": 1860, "session_seconds": 1961.0487710290035, "peak_vram_bytes": 9176807936}
{"step": 1870, "loss": 0.014910323545336723, "examples": 1870, "session_seconds": 1970.9011975920002, "peak_vram_bytes": 9176807936}
{"step": 1880, "loss": 0.014644721522927284, "examples": 1880, "session_seconds": 1980.5801180830022, "peak_vram_bytes": 9176807936}
{"step": 1890, "loss": 0.021932750940322876, "examples": 1890, "session_seconds": 1990.9260342519992, "peak_vram_bytes": 9176807936}
{"step": 1900, "loss": 0.01455756090581417, "examples": 1900, "session_seconds": 2000.722371388998, "peak_vram_bytes": 9176807936}
{"step": 1910, "loss": 0.014486081898212433, "examples": 1910, "session_seconds": 2010.8066583300024, "peak_vram_bytes": 9176807936}
{"step": 1920, "loss": 15.140446662902832, "examples": 1920, "session_seconds": 2020.8301695240007, "peak_vram_bytes": 9176807936}
{"step": 1930, "loss": 0.024326825514435768, "examples": 1930, "session_seconds": 2030.5423665760027, "peak_vram_bytes": 9176807936}
{"step": 1940, "loss": 0.015189756639301777, "examples": 1940, "session_seconds": 2040.2971613670015, "peak_vram_bytes": 9176807936}
{"step": 1950, "loss": 0.016878698021173477, "examples": 1950, "session_seconds": 2050.3122810389978, "peak_vram_bytes": 9176807936}
{"step": 1960, "loss": 9.978323936462402, "examples": 1960, "session_seconds": 2060.030524576003, "peak_vram_bytes": 9176807936}
{"step": 1970, "loss": 0.018751418218016624, "examples": 1970, "session_seconds": 2069.769792621002, "peak_vram_bytes": 9176807936}
{"step": 1980, "loss": 0.015530540607869625, "examples": 1980, "session_seconds": 2079.4764850240026, "peak_vram_bytes": 9176807936}
{"step": 1990, "loss": 0.015399141237139702, "examples": 1990, "session_seconds": 2089.5878157499974, "peak_vram_bytes": 9176807936}
{"step": 2000, "loss": 7.588628768920898, "examples": 2000, "session_seconds": 2099.380390473001, "peak_vram_bytes": 9176807936}
{"step": 2010, "loss": 0.015703285112977028, "examples": 2010, "session_seconds": 2109.7816162040035, "peak_vram_bytes": 9176807936}
{"step": 2020, "loss": 0.014733809046447277, "examples": 2020, "session_seconds": 2119.793146607997, "peak_vram_bytes": 9176807936}
{"step": 2030, "loss": 9.341166496276855, "examples": 2030, "session_seconds": 2129.488142262002, "peak_vram_bytes": 9176807936}
{"step": 2040, "loss": 0.01491034496575594, "examples": 2040, "session_seconds": 2139.2763819169995, "peak_vram_bytes": 9176807936}
{"step": 2050, "loss": 0.01483932975679636, "examples": 2050, "session_seconds": 2149.3268173260003, "peak_vram_bytes": 9176807936}
{"step": 2060, "loss": 0.014680203050374985, "examples": 2060, "session_seconds": 2159.0488593390037, "peak_vram_bytes": 9176807936}
{"step": 2070, "loss": 0.02034798264503479, "examples": 2070, "session_seconds": 2168.768794992, "peak_vram_bytes": 9176807936}
{"step": 2080, "loss": 0.01627953164279461, "examples": 2080, "session_seconds": 2178.7946953659994, "peak_vram_bytes": 9176807936}
{"step": 2090, "loss": 0.014703662134706974, "examples": 2090, "session_seconds": 2188.6092665250035, "peak_vram_bytes": 9176807936}
{"step": 2100, "loss": 0.020714201033115387, "examples": 2100, "session_seconds": 2198.5619711510008, "peak_vram_bytes": 9176807936}
{"step": 2110, "loss": 0.01461983472108841, "examples": 2110, "session_seconds": 2209.6543358950003, "peak_vram_bytes": 9176807936}
{"step": 2120, "loss": 0.014999015256762505, "examples": 2120, "session_seconds": 2219.992900477999, "peak_vram_bytes": 9176807936}
{"step": 2130, "loss": 0.015499059110879898, "examples": 2130, "session_seconds": 2230.1325885359984, "peak_vram_bytes": 9176807936}
{"step": 2140, "loss": 0.014498276636004448, "examples": 2140, "session_seconds": 2240.6853484079984, "peak_vram_bytes": 9176807936}
{"step": 2150, "loss": 0.015540709719061852, "examples": 2150, "session_seconds": 2251.256399140002, "peak_vram_bytes": 9177356288}
{"step": 2160, "loss": 0.018512237817049026, "examples": 2160, "session_seconds": 2261.8355489649985, "peak_vram_bytes": 9177356288}
{"step": 2170, "loss": 8.211047172546387, "examples": 2170, "session_seconds": 2271.649621333003, "peak_vram_bytes": 9177356288}
{"step": 2180, "loss": 0.015320705249905586, "examples": 2180, "session_seconds": 2281.7126982010013, "peak_vram_bytes": 9177356288}
{"step": 2190, "loss": 0.016529805958271027, "examples": 2190, "session_seconds": 2291.4213481339975, "peak_vram_bytes": 9177356288}
{"step": 2200, "loss": 0.0208114180713892, "examples": 2200, "session_seconds": 2301.3955087290014, "peak_vram_bytes": 9177356288}
{"step": 2210, "loss": 0.01851976104080677, "examples": 2210, "session_seconds": 2311.8936276110035, "peak_vram_bytes": 9177356288}
{"step": 2220, "loss": 0.018388576805591583, "examples": 2220, "session_seconds": 2322.055372716997, "peak_vram_bytes": 9177356288}
{"step": 2230, "loss": 0.01494322158396244, "examples": 2230, "session_seconds": 2332.6848639860036, "peak_vram_bytes": 9177356288}
{"step": 2240, "loss": 0.01614956557750702, "examples": 2240, "session_seconds": 2342.8506974409975, "peak_vram_bytes": 9177356288}
{"step": 2250, "loss": 0.01652279496192932, "examples": 2250, "session_seconds": 2352.8026539970015, "peak_vram_bytes": 9177356288}
{"step": 2260, "loss": 12.299628257751465, "examples": 2260, "session_seconds": 2362.5232048129983, "peak_vram_bytes": 9177356288}
{"step": 2270, "loss": 0.017193781211972237, "examples": 2270, "session_seconds": 2372.2890182990013, "peak_vram_bytes": 9177356288}
{"step": 2280, "loss": 0.014631247147917747, "examples": 2280, "session_seconds": 2382.377946528999, "peak_vram_bytes": 9177356288}
{"step": 2290, "loss": 0.014730184338986874, "examples": 2290, "session_seconds": 2392.405416749003, "peak_vram_bytes": 9177356288}
{"step": 2300, "loss": 0.014544540084898472, "examples": 2300, "session_seconds": 2402.837827285999, "peak_vram_bytes": 9177356288}
{"step": 2310, "loss": 0.014565890654921532, "examples": 2310, "session_seconds": 2414.1165794539993, "peak_vram_bytes": 9177356288}
{"step": 2320, "loss": 0.01441887579858303, "examples": 2320, "session_seconds": 2424.3295462500027, "peak_vram_bytes": 9177356288}
{"step": 2330, "loss": 0.014223212376236916, "examples": 2330, "session_seconds": 2434.152828320999, "peak_vram_bytes": 9177356288}
{"step": 2340, "loss": 0.014645667746663094, "examples": 2340, "session_seconds": 2444.533683923997, "peak_vram_bytes": 9177356288}
{"step": 2350, "loss": 0.014211048372089863, "examples": 2350, "session_seconds": 2454.203752686997, "peak_vram_bytes": 9177356288}
{"step": 2360, "loss": 17.864425659179688, "examples": 2360, "session_seconds": 2464.695779644004, "peak_vram_bytes": 9177356288}
{"step": 2370, "loss": 0.014919722452759743, "examples": 2370, "session_seconds": 2475.148270953003, "peak_vram_bytes": 9177356288}
{"step": 2380, "loss": 0.01582779362797737, "examples": 2380, "session_seconds": 2485.442082718, "peak_vram_bytes": 9177356288}
{"step": 2390, "loss": 0.01871822215616703, "examples": 2390, "session_seconds": 2495.626208996997, "peak_vram_bytes": 9177356288}
{"step": 2400, "loss": 0.01579175516963005, "examples": 2400, "session_seconds": 2506.409749733997, "peak_vram_bytes": 9177356288}
{"step": 2410, "loss": 0.05227315425872803, "examples": 2410, "session_seconds": 2518.2950866679967, "peak_vram_bytes": 9177356288}
{"step": 2420, "loss": 0.025866184383630753, "examples": 2420, "session_seconds": 2528.6326869429977, "peak_vram_bytes": 9177356288}
{"step": 2430, "loss": 0.014347474090754986, "examples": 2430, "session_seconds": 2538.975814227997, "peak_vram_bytes": 9177356288}
{"step": 2440, "loss": 14.518771171569824, "examples": 2440, "session_seconds": 2549.7771916209967, "peak_vram_bytes": 9177356288}
{"step": 2450, "loss": 0.015503854490816593, "examples": 2450, "session_seconds": 2560.261346735999, "peak_vram_bytes": 9177356288}
{"step": 2460, "loss": 0.01508599054068327, "examples": 2460, "session_seconds": 2570.605407212999, "peak_vram_bytes": 9177356288}
{"step": 2470, "loss": 11.521971702575684, "examples": 2470, "session_seconds": 2581.814093392997, "peak_vram_bytes": 9177356288}
{"step": 2480, "loss": 0.014414907433092594, "examples": 2480, "session_seconds": 2592.4270649519967, "peak_vram_bytes": 9177356288}
{"step": 2490, "loss": 0.014400670304894447, "examples": 2490, "session_seconds": 2603.283623698997, "peak_vram_bytes": 9177356288}
{"step": 2500, "loss": 0.01580377295613289, "examples": 2500, "session_seconds": 2614.6729740969968, "peak_vram_bytes": 9177356288}
{"step": 2510, "loss": 0.014423872344195843, "examples": 2510, "session_seconds": 2625.949388164001, "peak_vram_bytes": 9177356288}
{"step": 2520, "loss": 0.04416515678167343, "examples": 2520, "session_seconds": 2636.6427834339993, "peak_vram_bytes": 9177356288}
{"step": 2530, "loss": 15.852938652038574, "examples": 2530, "session_seconds": 2647.0127505850032, "peak_vram_bytes": 9177356288}
{"step": 2540, "loss": 0.015065096318721771, "examples": 2540, "session_seconds": 2658.425162407002, "peak_vram_bytes": 9177356288}
{"step": 2550, "loss": 0.014417526312172413, "examples": 2550, "session_seconds": 2669.0579215789985, "peak_vram_bytes": 9177356288}
{"step": 2560, "loss": 0.014311768114566803, "examples": 2560, "session_seconds": 2679.7538334510027, "peak_vram_bytes": 9177356288}
{"step": 2570, "loss": 9.569402694702148, "examples": 2570, "session_seconds": 2691.184708679997, "peak_vram_bytes": 9182641664}
{"step": 2580, "loss": 8.520976066589355, "examples": 2580, "session_seconds": 2701.0781047519995, "peak_vram_bytes": 9182641664}
{"step": 2590, "loss": 0.014208653010427952, "examples": 2590, "session_seconds": 2711.492876322998, "peak_vram_bytes": 9182641664}
{"step": 2600, "loss": 0.019573017954826355, "examples": 2600, "session_seconds": 2721.495389640004, "peak_vram_bytes": 9182641664}
{"step": 2610, "loss": 0.015135841444134712, "examples": 2610, "session_seconds": 2732.5590503950007, "peak_vram_bytes": 9182641664}
{"step": 2620, "loss": 0.016557905822992325, "examples": 2620, "session_seconds": 2742.912954373998, "peak_vram_bytes": 9182641664}
{"step": 2630, "loss": 11.509930610656738, "examples": 2630, "session_seconds": 2753.2711585180004, "peak_vram_bytes": 9182641664}
{"step": 2640, "loss": 5.978334426879883, "examples": 2640, "session_seconds": 2764.363133881001, "peak_vram_bytes": 9182641664}
{"step": 2650, "loss": 0.014071110635995865, "examples": 2650, "session_seconds": 2774.841229329002, "peak_vram_bytes": 9182641664}
{"step": 2660, "loss": 0.014048152603209019, "examples": 2660, "session_seconds": 2785.580097195998, "peak_vram_bytes": 9182641664}
{"step": 2670, "loss": 7.525211811065674, "examples": 2670, "session_seconds": 2796.7278542839995, "peak_vram_bytes": 9182641664}
{"step": 2680, "loss": 7.392291069030762, "examples": 2680, "session_seconds": 2807.510214123002, "peak_vram_bytes": 9182641664}
{"step": 2690, "loss": 0.01433964166790247, "examples": 2690, "session_seconds": 2818.1837985469974, "peak_vram_bytes": 9182641664}
{"step": 2700, "loss": 7.224515914916992, "examples": 2700, "session_seconds": 2829.323124907998, "peak_vram_bytes": 9182641664}
{"step": 2710, "loss": 0.024536702781915665, "examples": 2710, "session_seconds": 2840.393327771999, "peak_vram_bytes": 9182641664}
{"step": 2720, "loss": 0.014383867383003235, "examples": 2720, "session_seconds": 2851.443364865998, "peak_vram_bytes": 9182641664}
{"step": 2730, "loss": 0.01479695551097393, "examples": 2730, "session_seconds": 2862.706424545002, "peak_vram_bytes": 9182641664}
{"step": 2740, "loss": 0.14526064693927765, "examples": 2740, "session_seconds": 2872.7600857729994, "peak_vram_bytes": 9182641664}
{"step": 2750, "loss": 0.014787605963647366, "examples": 2750, "session_seconds": 2883.043323222002, "peak_vram_bytes": 9182641664}
{"step": 2760, "loss": 0.021428098902106285, "examples": 2760, "session_seconds": 2893.836360663001, "peak_vram_bytes": 9182641664}
{"step": 2770, "loss": 0.014185389503836632, "examples": 2770, "session_seconds": 2904.2831275200006, "peak_vram_bytes": 9182641664}
{"step": 2780, "loss": 0.014064193703234196, "examples": 2780, "session_seconds": 2914.358756583999, "peak_vram_bytes": 9182641664}
{"step": 2790, "loss": 18.361557006835938, "examples": 2790, "session_seconds": 2924.207660156004, "peak_vram_bytes": 9182641664}
{"step": 2800, "loss": 0.014288769103586674, "examples": 2800, "session_seconds": 2934.3744794469967, "peak_vram_bytes": 9182641664}
{"step": 2810, "loss": 13.865480422973633, "examples": 2810, "session_seconds": 2945.0164179979984, "peak_vram_bytes": 9182641664}
{"step": 2820, "loss": 0.014106955379247665, "examples": 2820, "session_seconds": 2955.66472008, "peak_vram_bytes": 9182641664}
{"step": 2830, "loss": 0.013991110026836395, "examples": 2830, "session_seconds": 2965.7440748890003, "peak_vram_bytes": 9182641664}
{"step": 2840, "loss": 9.57746696472168, "examples": 2840, "session_seconds": 2975.443879764003, "peak_vram_bytes": 9182641664}
{"step": 2850, "loss": 0.014115823432803154, "examples": 2850, "session_seconds": 2985.161062883999, "peak_vram_bytes": 9182641664}
{"step": 2860, "loss": 19.347681045532227, "examples": 2860, "session_seconds": 2995.2219388800004, "peak_vram_bytes": 9182641664}
{"step": 2870, "loss": 0.01417542714625597, "examples": 2870, "session_seconds": 3004.9690934750033, "peak_vram_bytes": 9182641664}
{"step": 2880, "loss": 0.014393906109035015, "examples": 2880, "session_seconds": 3014.7287103869967, "peak_vram_bytes": 9182641664}
{"step": 2890, "loss": 0.016557656228542328, "examples": 2890, "session_seconds": 3025.3255328290034, "peak_vram_bytes": 9182641664}
{"step": 2900, "loss": 0.01675167866051197, "examples": 2900, "session_seconds": 3035.496832416, "peak_vram_bytes": 9182641664}
{"step": 2910, "loss": 0.0143871009349823, "examples": 2910, "session_seconds": 3045.6637017859975, "peak_vram_bytes": 9182641664}
{"step": 2920, "loss": 0.014431054703891277, "examples": 2920, "session_seconds": 3055.3959964090027, "peak_vram_bytes": 9182641664}
{"step": 2930, "loss": 0.02073698118329048, "examples": 2930, "session_seconds": 3065.6584219299984, "peak_vram_bytes": 9182641664}
{"step": 2940, "loss": 0.014142241328954697, "examples": 2940, "session_seconds": 3076.029395354002, "peak_vram_bytes": 9182641664}
{"step": 2950, "loss": 0.014300981536507607, "examples": 2950, "session_seconds": 3086.8088071500024, "peak_vram_bytes": 9182641664}
{"step": 2960, "loss": 14.737388610839844, "examples": 2960, "session_seconds": 3097.1077364520024, "peak_vram_bytes": 9182641664}
{"step": 2970, "loss": 0.014473595656454563, "examples": 2970, "session_seconds": 3106.979647942004, "peak_vram_bytes": 9182641664}
{"step": 2980, "loss": 0.013956710696220398, "examples": 2980, "session_seconds": 3117.490963834003, "peak_vram_bytes": 9182641664}
{"step": 2990, "loss": 0.014203186146914959, "examples": 2990, "session_seconds": 3127.4401746110016, "peak_vram_bytes": 9182641664}
{"step": 3000, "loss": 0.013914287090301514, "examples": 3000, "session_seconds": 3138.0088175889978, "peak_vram_bytes": 9182641664}
{"step": 3010, "loss": 0.013927362859249115, "examples": 3010, "session_seconds": 3149.0375042800006, "peak_vram_bytes": 9182641664}
{"step": 3020, "loss": 0.01714313216507435, "examples": 3020, "session_seconds": 3159.4628690289974, "peak_vram_bytes": 9182641664}
{"step": 3030, "loss": 0.01407838985323906, "examples": 3030, "session_seconds": 3170.007490654003, "peak_vram_bytes": 9182641664}
{"step": 3040, "loss": 12.274843215942383, "examples": 3040, "session_seconds": 3179.8655122120035, "peak_vram_bytes": 9182641664}
{"step": 3050, "loss": 0.01406397670507431, "examples": 3050, "session_seconds": 3189.748608478003, "peak_vram_bytes": 9182641664}
{"step": 3060, "loss": 0.015294350683689117, "examples": 3060, "session_seconds": 3200.0050549259977, "peak_vram_bytes": 9182641664}
{"step": 3070, "loss": 0.017563119530677795, "examples": 3070, "session_seconds": 3210.426270527998, "peak_vram_bytes": 9182641664}
{"step": 3080, "loss": 5.802694320678711, "examples": 3080, "session_seconds": 3220.4649288110013, "peak_vram_bytes": 9182641664}
{"step": 3090, "loss": 9.735074043273926, "examples": 3090, "session_seconds": 3230.6815222009973, "peak_vram_bytes": 9182641664}
{"step": 3100, "loss": 0.015783026814460754, "examples": 3100, "session_seconds": 3241.1627617850027, "peak_vram_bytes": 9182641664}
{"step": 3110, "loss": 0.014614611864089966, "examples": 3110, "session_seconds": 3252.0147157879983, "peak_vram_bytes": 9182641664}
{"step": 3120, "loss": 0.014487351290881634, "examples": 3120, "session_seconds": 3262.6771466360005, "peak_vram_bytes": 9182641664}
{"step": 3130, "loss": 0.017719116061925888, "examples": 3130, "session_seconds": 3273.006226516998, "peak_vram_bytes": 9182641664}
{"step": 3140, "loss": 0.014228804036974907, "examples": 3140, "session_seconds": 3283.283372774, "peak_vram_bytes": 9182641664}
{"step": 3150, "loss": 0.01629171334207058, "examples": 3150, "session_seconds": 3293.983798720001, "peak_vram_bytes": 9182641664}
{"step": 3160, "loss": 8.526261329650879, "examples": 3160, "session_seconds": 3304.008810530002, "peak_vram_bytes": 9182641664}
{"step": 3170, "loss": 0.014165759086608887, "examples": 3170, "session_seconds": 3313.7793252429983, "peak_vram_bytes": 9182641664}
{"step": 3180, "loss": 0.015296929515898228, "examples": 3180, "session_seconds": 3323.674866025998, "peak_vram_bytes": 9182641664}
{"step": 3190, "loss": 0.01404628623276949, "examples": 3190, "session_seconds": 3333.7299356139993, "peak_vram_bytes": 9182641664}
{"step": 3200, "loss": 20.219804763793945, "examples": 3200, "session_seconds": 3343.6116540150033, "peak_vram_bytes": 9182641664}
{"step": 3210, "loss": 0.01489211618900299, "examples": 3210, "session_seconds": 3353.7462464679993, "peak_vram_bytes": 9182641664}
{"step": 3220, "loss": 15.354036331176758, "examples": 3220, "session_seconds": 3363.895037178001, "peak_vram_bytes": 9182641664}
{"step": 3230, "loss": 0.2110910266637802, "examples": 3230, "session_seconds": 3373.6877346830006, "peak_vram_bytes": 9182641664}
{"step": 3240, "loss": 0.014318990521132946, "examples": 3240, "session_seconds": 3383.5140818240034, "peak_vram_bytes": 9182641664}
{"step": 3250, "loss": 0.01400427520275116, "examples": 3250, "session_seconds": 3393.5397701679976, "peak_vram_bytes": 9182641664}
{"step": 3260, "loss": 15.665877342224121, "examples": 3260, "session_seconds": 3403.4941366580024, "peak_vram_bytes": 9182641664}
{"step": 3270, "loss": 0.014175324700772762, "examples": 3270, "session_seconds": 3413.527189776003, "peak_vram_bytes": 9182641664}
{"step": 3280, "loss": 0.01661612093448639, "examples": 3280, "session_seconds": 3424.4010043419985, "peak_vram_bytes": 9182641664}
{"step": 3290, "loss": 9.648740768432617, "examples": 3290, "session_seconds": 3434.9424860200015, "peak_vram_bytes": 9182641664}
{"step": 3300, "loss": 0.013938039541244507, "examples": 3300, "session_seconds": 3445.626219880003, "peak_vram_bytes": 9182641664}
{"step": 3310, "loss": 0.01374510582536459, "examples": 3310, "session_seconds": 3456.353703285, "peak_vram_bytes": 9182641664}
{"step": 3320, "loss": 0.015259487554430962, "examples": 3320, "session_seconds": 3466.1063918610016, "peak_vram_bytes": 9182641664}
{"step": 3330, "loss": 12.47806453704834, "examples": 3330, "session_seconds": 3475.820704291, "peak_vram_bytes": 9182641664}
{"step": 3340, "loss": 0.015491659753024578, "examples": 3340, "session_seconds": 3486.2278493409976, "peak_vram_bytes": 9182641664}
{"step": 3350, "loss": 0.20891806483268738, "examples": 3350, "session_seconds": 3496.2487416720032, "peak_vram_bytes": 9182641664}
{"step": 3360, "loss": 13.3455171585083, "examples": 3360, "session_seconds": 3506.0247394269973, "peak_vram_bytes": 9182641664}
{"step": 3370, "loss": 8.891600608825684, "examples": 3370, "session_seconds": 3515.875808281002, "peak_vram_bytes": 9182641664}
{"step": 3380, "loss": 0.014739417470991611, "examples": 3380, "session_seconds": 3526.1158106090006, "peak_vram_bytes": 9182641664}
{"step": 3390, "loss": 5.364712715148926, "examples": 3390, "session_seconds": 3536.6530597180026, "peak_vram_bytes": 9182641664}
{"step": 3400, "loss": 0.051380958408117294, "examples": 3400, "session_seconds": 3547.030652039997, "peak_vram_bytes": 9182641664}
{"step": 3410, "loss": 0.015017267316579819, "examples": 3410, "session_seconds": 3558.342768385999, "peak_vram_bytes": 9182641664}
{"step": 3420, "loss": 0.014570566825568676, "examples": 3420, "session_seconds": 3568.622426834001, "peak_vram_bytes": 9182641664}
{"step": 3430, "loss": 18.454294204711914, "examples": 3430, "session_seconds": 3578.3736262989987, "peak_vram_bytes": 9182641664}
{"step": 3440, "loss": 0.015702826902270317, "examples": 3440, "session_seconds": 3588.436748373002, "peak_vram_bytes": 9182641664}
{"step": 3450, "loss": 3.8873796463012695, "examples": 3450, "session_seconds": 3598.2616127869987, "peak_vram_bytes": 9182641664}
{"step": 3460, "loss": 0.015364931896328926, "examples": 3460, "session_seconds": 3608.0763958690004, "peak_vram_bytes": 9182641664}
{"step": 3470, "loss": 0.016261620447039604, "examples": 3470, "session_seconds": 3617.798904053001, "peak_vram_bytes": 9182641664}
{"step": 3480, "loss": 0.014172885566949844, "examples": 3480, "session_seconds": 3627.934201361997, "peak_vram_bytes": 9182641664}
{"step": 3490, "loss": 0.1654212325811386, "examples": 3490, "session_seconds": 3638.5292755129994, "peak_vram_bytes": 9182641664}
{"step": 3500, "loss": 0.014115722849965096, "examples": 3500, "session_seconds": 3648.6328447479973, "peak_vram_bytes": 9182641664}
{"step": 3510, "loss": 0.0152814332395792, "examples": 3510, "session_seconds": 3659.821769009999, "peak_vram_bytes": 9182641664}
{"step": 3520, "loss": 18.346994400024414, "examples": 3520, "session_seconds": 3670.1898511089967, "peak_vram_bytes": 9182641664}
{"step": 3530, "loss": 0.014154358766973019, "examples": 3530, "session_seconds": 3680.882490304997, "peak_vram_bytes": 9182641664}
{"step": 3540, "loss": 0.015171580947935581, "examples": 3540, "session_seconds": 3692.1531135019977, "peak_vram_bytes": 9182641664}
{"step": 3550, "loss": 19.91152572631836, "examples": 3550, "session_seconds": 3702.848855743003, "peak_vram_bytes": 9182641664}
{"step": 3560, "loss": 0.01490853913128376, "examples": 3560, "session_seconds": 3713.543510497999, "peak_vram_bytes": 9182641664}
{"step": 3570, "loss": 23.272933959960938, "examples": 3570, "session_seconds": 3723.7718160259974, "peak_vram_bytes": 9182641664}
{"step": 3580, "loss": 0.014134769327938557, "examples": 3580, "session_seconds": 3733.627881307002, "peak_vram_bytes": 9182641664}
{"step": 3590, "loss": 0.014455653727054596, "examples": 3590, "session_seconds": 3744.044879563997, "peak_vram_bytes": 9182641664}
{"step": 3600, "loss": 0.01432124525308609, "examples": 3600, "session_seconds": 3755.188620481, "peak_vram_bytes": 9182641664}
{"step": 3610, "loss": 0.2903766632080078, "examples": 3610, "session_seconds": 3765.988436560001, "peak_vram_bytes": 9182641664}
{"step": 3620, "loss": 0.013942224904894829, "examples": 3620, "session_seconds": 3775.857433227, "peak_vram_bytes": 9182641664}
{"step": 3630, "loss": 0.014044155366718769, "examples": 3630, "session_seconds": 3785.9309845829994, "peak_vram_bytes": 9182641664}
{"step": 3640, "loss": 0.01401003822684288, "examples": 3640, "session_seconds": 3797.3393571709967, "peak_vram_bytes": 9182641664}
{"step": 3650, "loss": 0.2903406023979187, "examples": 3650, "session_seconds": 3808.044632145, "peak_vram_bytes": 9182641664}
{"step": 3660, "loss": 0.01408243365585804, "examples": 3660, "session_seconds": 3818.090532082002, "peak_vram_bytes": 9182641664}
{"step": 3670, "loss": 0.015317687764763832, "examples": 3670, "session_seconds": 3828.932200424999, "peak_vram_bytes": 9182641664}
{"step": 3680, "loss": 0.014035800471901894, "examples": 3680, "session_seconds": 3838.9855429710005, "peak_vram_bytes": 9182641664}
{"step": 3690, "loss": 0.01391576323658228, "examples": 3690, "session_seconds": 3848.6358102680024, "peak_vram_bytes": 9182641664}
{"step": 3700, "loss": 12.833598136901855, "examples": 3700, "session_seconds": 3858.604002740998, "peak_vram_bytes": 9182641664}
{"step": 3710, "loss": 7.380040645599365, "examples": 3710, "session_seconds": 3868.8754420839978, "peak_vram_bytes": 9182641664}
{"step": 3720, "loss": 0.013658946380019188, "examples": 3720, "session_seconds": 3879.1040543769996, "peak_vram_bytes": 9182641664}
{"step": 3730, "loss": 0.013702888041734695, "examples": 3730, "session_seconds": 3890.0204844679974, "peak_vram_bytes": 9182641664}
{"step": 3740, "loss": 0.013693112879991531, "examples": 3740, "session_seconds": 3900.1655268460017, "peak_vram_bytes": 9182641664}
{"step": 3750, "loss": 0.6673765778541565, "examples": 3750, "session_seconds": 3910.128032485998, "peak_vram_bytes": 9182641664}
{"step": 3760, "loss": 0.013736173510551453, "examples": 3760, "session_seconds": 3920.084492998998, "peak_vram_bytes": 9182641664}
{"step": 3770, "loss": 0.025462433695793152, "examples": 3770, "session_seconds": 3930.374186031004, "peak_vram_bytes": 9182641664}
{"step": 3780, "loss": 0.013872253708541393, "examples": 3780, "session_seconds": 3940.2433672089974, "peak_vram_bytes": 9182641664}
{"step": 3790, "loss": 0.02874346636235714, "examples": 3790, "session_seconds": 3950.6963768850037, "peak_vram_bytes": 9182641664}
{"step": 3800, "loss": 0.013573992997407913, "examples": 3800, "session_seconds": 3961.2532434509994, "peak_vram_bytes": 9182641664}
{"step": 3810, "loss": 0.013545850291848183, "examples": 3810, "session_seconds": 3972.338145037, "peak_vram_bytes": 9182641664}
{"step": 3820, "loss": 0.013496560975909233, "examples": 3820, "session_seconds": 3982.533605933997, "peak_vram_bytes": 9182641664}
{"step": 3830, "loss": 8.07187271118164, "examples": 3830, "session_seconds": 3993.3079850020004, "peak_vram_bytes": 9182641664}
{"step": 3840, "loss": 0.01360729057341814, "examples": 3840, "session_seconds": 4003.5951490939988, "peak_vram_bytes": 9182641664}
{"step": 3850, "loss": 0.013578413985669613, "examples": 3850, "session_seconds": 4013.7878197840037, "peak_vram_bytes": 9182641664}
{"step": 3860, "loss": 0.0135452626273036, "examples": 3860, "session_seconds": 4023.825486955, "peak_vram_bytes": 9182641664}
{"step": 3870, "loss": 0.013526134192943573, "examples": 3870, "session_seconds": 4033.882391076004, "peak_vram_bytes": 9182641664}
{"step": 3880, "loss": 0.013852054253220558, "examples": 3880, "session_seconds": 4043.643287396997, "peak_vram_bytes": 9182641664}
{"step": 3890, "loss": 0.0138575229793787, "examples": 3890, "session_seconds": 4053.414163788999, "peak_vram_bytes": 9182641664}
{"step": 3900, "loss": 0.013649586588144302, "examples": 3900, "session_seconds": 4063.6772897400006, "peak_vram_bytes": 9182641664}
{"step": 3910, "loss": 0.013581405393779278, "examples": 3910, "session_seconds": 4074.1346960489973, "peak_vram_bytes": 9182641664}
{"step": 3920, "loss": 7.7530317306518555, "examples": 3920, "session_seconds": 4084.7561953730037, "peak_vram_bytes": 9182641664}
{"step": 3930, "loss": 0.013610665686428547, "examples": 3930, "session_seconds": 4096.059212307999, "peak_vram_bytes": 9182641664}
{"step": 3940, "loss": 0.01793871819972992, "examples": 3940, "session_seconds": 4106.744277520003, "peak_vram_bytes": 9182641664}
{"step": 3950, "loss": 0.013582191430032253, "examples": 3950, "session_seconds": 4117.576515134999, "peak_vram_bytes": 9182641664}
{"step": 3960, "loss": 5.246936321258545, "examples": 3960, "session_seconds": 4128.6921663739995, "peak_vram_bytes": 9182641664}
{"step": 3970, "loss": 20.788484573364258, "examples": 3970, "session_seconds": 4139.389870029001, "peak_vram_bytes": 9182641664}
{"step": 3980, "loss": 0.013775017112493515, "examples": 3980, "session_seconds": 4149.7363480139975, "peak_vram_bytes": 9182641664}
{"step": 3990, "loss": 15.259342193603516, "examples": 3990, "session_seconds": 4160.497868614999, "peak_vram_bytes": 9182641664}
{"step": 4000, "loss": 0.013838527724146843, "examples": 4000, "session_seconds": 4170.698283619, "peak_vram_bytes": 9182641664}
wandb: 
wandb: Run history:
wandb:        examples ▁▁▁▁▁▂▂▂▂▃▃▃▃▃▃▄▄▄▄▄▄▅▅▅▅▅▅▅▆▆▆▆▆▇▇█████
wandb:            loss ▃▃▆▁▁▁▁▁▁▁█▆▁▁▁▅▁▁▁▁▁▄▁▁▅▁▁▆▁▁▁▁▁▁▁▁▁▁▁▁
wandb: peak_vram_bytes ▁▁▃▃▃▃▃▃▅▅▅▅▅▅▅▅▅▅▅▅▅▅▅▅▅▅▅▅████████████
wandb: session_seconds ▁▁▁▁▁▂▂▃▃▃▃▃▄▄▄▄▄▅▅▅▅▅▅▆▆▆▆▆▆▆▇▇▇▇▇▇▇▇██
wandb:            step ▁▁▁▁▁▂▂▂▃▃▃▃▃▃▃▄▄▄▄▄▅▅▅▅▅▆▆▆▆▆▇▇▇▇▇▇▇███
wandb: 
wandb: Run summary:
wandb:        examples 4000
wandb:            loss 0.01384
wandb: peak_vram_bytes 9182641664
wandb: session_seconds 4170.69828
wandb:            step 4000
wandb: 
wandb: You can sync this run to the cloud by running:
wandb: wandb sync artifacts/longer-v1/4b/main/seed-22/sft/tracking/wandb/offline-run-20261005_005822-57tqqfhf
wandb: Find logs at: artifacts/longer-v1/4b/main/seed-22/sft/tracking/wandb/offline-run-20261005_005822-57tqqfhf/logs
{"artifact": "artifacts/longer-v1/4b/main/seed-22/sft/artifact", "elapsed_seconds": 4171.132044172999}
