{"completed": "results/review-calibration-v1/0.8b/seed-11/sft", "fits": {"selection_temperature": 1.8404152600576957, "learned_temperature": 4.0103886616341144, "learned_source": "scalar", "identity_calibration_nll": 1.0302134738902982, "fitted_calibration_nll": 0.47237222392848377}}
{"completed": "results/review-calibration-v1/0.8b/seed-11/continued_sft", "fits": {"selection_temperature": 1.8020729493967285, "learned_temperature": 3.623393586503231, "learned_source": "scalar", "identity_calibration_nll": 0.8770416608179519, "fitted_calibration_nll": 0.3984711946771373}}
{"completed": "results/review-calibration-v1/0.8b/seed-11/exact", "fits": {"selection_temperature": 3.2648842864874448, "learned_temperature": 1.4391757087005121, "learned_source": "policy", "identity_calibration_nll": 0.5137559873623663, "fitted_calibration_nll": 0.48896255294789087}}
{"completed": "results/review-calibration-v1/0.8b/seed-11/sampled", "fits": {"selection_temperature": 2.5392669905842116, "learned_temperature": 1.1826499897039684, "learned_source": "policy", "identity_calibration_nll": 0.46279840180953646, "fitted_calibration_nll": 0.45745438882572376}}
{"completed": "results/review-calibration-v1/0.8b/seed-22/sft", "fits": {"selection_temperature": 1.9402107805489477, "learned_temperature": 5.0151672359331805, "learned_source": "scalar", "identity_calibration_nll": 1.344807484655419, "fitted_calibration_nll": 0.49752710265032823}}
{"completed": "results/review-calibration-v1/0.8b/seed-22/continued_sft", "fits": {"selection_temperature": 1.8188063958392098, "learned_temperature": 3.8125600505662036, "learned_source": "scalar", "identity_calibration_nll": 0.9629389495224402, "fitted_calibration_nll": 0.4345104814088737}}
{"completed": "results/review-calibration-v1/0.8b/seed-22/exact", "fits": {"selection_temperature": 2.652963951530162, "learned_temperature": 1.9976903261597985, "learned_source": "policy", "identity_calibration_nll": 0.6221088301041944, "fitted_calibration_nll": 0.5484400322295719}}
{"completed": "results/review-calibration-v1/0.8b/seed-22/sampled", "fits": {"selection_temperature": 2.3436826352325513, "learned_temperature": 1.7444437563852795, "learned_source": "policy", "identity_calibration_nll": 0.5825755185278092, "fitted_calibration_nll": 0.5336801501902553}}
{"completed": "results/review-calibration-v1/0.8b/seed-33/sft", "fits": {"selection_temperature": 2.0984550020704864, "learned_temperature": 5.017770861034337, "learned_source": "scalar", "identity_calibration_nll": 1.3725755428399211, "fitted_calibration_nll": 0.5106532483824057}}
{"completed": "results/review-calibration-v1/0.8b/seed-33/continued_sft", "fits": {"selection_temperature": 1.8705072543876071, "learned_temperature": 3.512521229224208, "learned_source": "scalar", "identity_calibration_nll": 0.8090298939419877, "fitted_calibration_nll": 0.4075824237725216}}
{"completed": "results/review-calibration-v1/0.8b/seed-33/exact", "fits": {"selection_temperature": 2.9303801695249523, "learned_temperature": 1.375905036679121, "learned_source": "policy", "identity_calibration_nll": 0.514806769865113, "fitted_calibration_nll": 0.49861893253515244}}
{"completed": "results/review-calibration-v1/0.8b/seed-33/sampled", "fits": {"selection_temperature": 2.5420845376146537, "learned_temperature": 1.6475056060468949, "learned_source": "policy", "identity_calibration_nll": 0.5844178168492907, "fitted_calibration_nll": 0.550192258713835}}
{"completed": "results/review-calibration-v1/4b/seed-11/sft", "fits": {"selection_temperature": 1.7533660887002134, "learned_temperature": 2.9587655375753505, "learned_source": "scalar", "identity_calibration_nll": 0.6824036942461551, "fitted_calibration_nll": 0.36401662969550774}}
{"completed": "results/review-calibration-v1/4b/seed-11/continued_sft", "fits": {"selection_temperature": 1.930306851519972, "learned_temperature": 2.7944469727674806, "learned_source": "scalar", "identity_calibration_nll": 0.5729782437558688, "fitted_calibration_nll": 0.3096088341393933}}
{"completed": "results/review-calibration-v1/4b/seed-11/exact", "fits": {"selection_temperature": 3.2566230986068248, "learned_temperature": 0.9516168987569653, "learned_source": "policy", "identity_calibration_nll": 0.3909820455306872, "fitted_calibration_nll": 0.39051128035743515}}
{"completed": "results/review-calibration-v1/4b/seed-11/sampled", "fits": {"selection_temperature": 2.624580405128644, "learned_temperature": 0.8068373476025493, "learned_source": "policy", "identity_calibration_nll": 0.3610021634798886, "fitted_calibration_nll": 0.3522973275471923}}
{"completed": "results/review-calibration-v1/4b/seed-22/sft", "fits": {"selection_temperature": 1.7409975683214092, "learned_temperature": 3.5487622124577043, "learned_source": "scalar", "identity_calibration_nll": 0.8449862959084337, "fitted_calibration_nll": 0.38437609675864715}}
{"completed": "results/review-calibration-v1/4b/seed-22/continued_sft", "fits": {"selection_temperature": 1.9320283243226262, "learned_temperature": 3.3779196732716255, "learned_source": "scalar", "identity_calibration_nll": 0.7653257978637805, "fitted_calibration_nll": 0.3436065196864955}}
{"completed": "results/review-calibration-v1/4b/seed-22/exact", "fits": {"selection_temperature": 3.360047198174618, "learned_temperature": 0.8308488975119322, "learned_source": "policy", "identity_calibration_nll": 0.3501173115656019, "fitted_calibration_nll": 0.3434883518538182}}
{"completed": "results/review-calibration-v1/4b/seed-22/sampled", "fits": {"selection_temperature": 2.8745408672589803, "learned_temperature": 0.8166143307342905, "learned_source": "policy", "identity_calibration_nll": 0.33178564595231935, "fitted_calibration_nll": 0.32373801723808676}}
{"completed": "results/review-calibration-v1/4b/seed-33/sft", "fits": {"selection_temperature": 1.8256503503224528, "learned_temperature": 3.0507986356092602, "learned_source": "scalar", "identity_calibration_nll": 0.7137767600835295, "fitted_calibration_nll": 0.38666896834368114}}
{"completed": "results/review-calibration-v1/4b/seed-33/continued_sft", "fits": {"selection_temperature": 1.8988640019427325, "learned_temperature": 3.48819700366078, "learned_source": "scalar", "identity_calibration_nll": 0.7500387795291683, "fitted_calibration_nll": 0.33062271053646375}}
{"completed": "results/review-calibration-v1/4b/seed-33/exact", "fits": {"selection_temperature": 3.42779914992599, "learned_temperature": 0.7447749012720046, "learned_source": "policy", "identity_calibration_nll": 0.32942005541922365, "fitted_calibration_nll": 0.3133375052675398}}
{"completed": "results/review-calibration-v1/4b/seed-33/sampled", "fits": {"selection_temperature": 3.2558591351471597, "learned_temperature": 0.867652040991632, "learned_source": "policy", "identity_calibration_nll": 0.44947488962877524, "fitted_calibration_nll": 0.446132709445007}}
{"completed": "results/review-calibration-v1/9b/seed-11/sft", "fits": {"selection_temperature": 1.897653476610851, "learned_temperature": 3.288980117605743, "learned_source": "scalar", "identity_calibration_nll": 0.772544797001228, "fitted_calibration_nll": 0.38158199745525406}}
{"completed": "results/review-calibration-v1/9b/seed-11/continued_sft", "fits": {"selection_temperature": 1.948626997528114, "learned_temperature": 3.5685149993645773, "learned_source": "scalar", "identity_calibration_nll": 0.8459193321701479, "fitted_calibration_nll": 0.36465137690850735}}
{"completed": "results/review-calibration-v1/9b/seed-11/exact", "fits": {"selection_temperature": 3.1253190785965224, "learned_temperature": 1.0250951311817789, "learned_source": "policy", "identity_calibration_nll": 0.3728277891744159, "fitted_calibration_nll": 0.3727083452842773}}
{"completed": "results/review-calibration-v1/9b/seed-11/sampled", "fits": {"selection_temperature": 2.41717146766899, "learned_temperature": 0.9224216783359144, "learned_source": "policy", "identity_calibration_nll": 0.3542581793829329, "fitted_calibration_nll": 0.35300497734507474}}
{"completed": "results/review-calibration-v1/9b/seed-22/sft", "fits": {"selection_temperature": 1.7219127384023147, "learned_temperature": 3.4246993495241917, "learned_source": "scalar", "identity_calibration_nll": 0.8075774128806769, "fitted_calibration_nll": 0.37442479500082665}}
{"completed": "results/review-calibration-v1/9b/seed-22/continued_sft", "fits": {"selection_temperature": 1.911048528488997, "learned_temperature": 3.3252396014128345, "learned_source": "scalar", "identity_calibration_nll": 0.7378329526739547, "fitted_calibration_nll": 0.34156963736915386}}
{"completed": "results/review-calibration-v1/9b/seed-22/exact", "fits": {"selection_temperature": 2.589534599642285, "learned_temperature": 1.1291813232539198, "learned_source": "policy", "identity_calibration_nll": 0.41107863104215825, "fitted_calibration_nll": 0.4081002468492776}}
{"completed": "results/review-calibration-v1/9b/seed-22/sampled", "fits": {"selection_temperature": 2.912752959001689, "learned_temperature": 1.1760888513453203, "learned_source": "policy", "identity_calibration_nll": 0.4552304890374485, "fitted_calibration_nll": 0.4502053783221337}}
{"completed": "results/review-calibration-v1/9b/seed-33/sft", "fits": {"selection_temperature": 1.8075861102168762, "learned_temperature": 2.7495792839438726, "learned_source": "scalar", "identity_calibration_nll": 0.545399719425161, "fitted_calibration_nll": 0.32761352976201247}}
{"completed": "results/review-calibration-v1/9b/seed-33/continued_sft", "fits": {"selection_temperature": 2.075811154010072, "learned_temperature": 3.312858088950532, "learned_source": "scalar", "identity_calibration_nll": 0.6975336124196098, "fitted_calibration_nll": 0.32051788870886017}}
{"completed": "results/review-calibration-v1/9b/seed-33/exact", "fits": {"selection_temperature": 3.025515808114356, "learned_temperature": 0.7404701245230924, "learned_source": "policy", "identity_calibration_nll": 0.3426053806467785, "fitted_calibration_nll": 0.32604959125089794}}
{"completed": "results/review-calibration-v1/9b/seed-33/sampled", "fits": {"selection_temperature": 3.3620201426493295, "learned_temperature": 0.7499657688437679, "learned_source": "policy", "identity_calibration_nll": 0.3791778550271835, "fitted_calibration_nll": 0.3643581852684774}}
