
{"utc": "2026-10-05T01:52:26.266664+00:00", "command": ["-m", "myjev.train", "--config", "results/longer-v1/4b/main/seed-11/sft/config.json", "--data", "data/banking77/train.jsonl", "--output", "artifacts/longer-v1/4b/main/seed-11/sft", "--method", "sft", "--seed", "11"]}
Loading weights:   0%|          | 0/426 [00:00<?, ?it/s]Loading weights:  87%|████████▋ | 369/426 [00:00<00:00, 3685.85it/s]Loading weights: 100%|██████████| 426/426 [00:00<00:00, 3692.21it/s]
wandb: Tracking run with wandb version 0.30.0
wandb: W&B syncing is set to `offline` in this directory. Run `wandb online` or set WANDB_MODE=online to enable cloud syncing.
wandb: Run data is saved locally in artifacts/longer-v1/4b/main/seed-11/sft/tracking/wandb/offline-run-20261004_185239-off1b9y8
wandb: View this run in the terminal with `wandb leet`
[transformers] `causal_conv1d_fn` is falling back to its reference PyTorch implementation because `causal_conv1d` is not installed. This is correct but much slower; install `causal_conv1d` for the optimized kernel.
[transformers] `chunk_gated_delta_rule` is falling back to its reference PyTorch implementation because `flash-linear-attention` is not installed. This is correct but much slower; install `flash-linear-attention` for the optimized kernel.
{"step": 10, "loss": 3.2036292552948, "examples": 10, "session_seconds": 11.12735519999842, "peak_vram_bytes": 9170765312}
{"step": 20, "loss": 6.609213352203369, "examples": 20, "session_seconds": 21.496359567998297, "peak_vram_bytes": 9170765312}
{"step": 30, "loss": 8.530437469482422, "examples": 30, "session_seconds": 31.726599655001337, "peak_vram_bytes": 9170765312}
{"step": 40, "loss": 0.3692900538444519, "examples": 40, "session_seconds": 41.81530712200038, "peak_vram_bytes": 9170765312}
{"step": 50, "loss": 0.24246037006378174, "examples": 50, "session_seconds": 51.961795343999256, "peak_vram_bytes": 9170765312}
{"step": 60, "loss": 0.16308307647705078, "examples": 60, "session_seconds": 62.268864673998905, "peak_vram_bytes": 9170765312}
{"step": 70, "loss": 10.6557035446167, "examples": 70, "session_seconds": 72.03041429199948, "peak_vram_bytes": 9170765312}
{"step": 80, "loss": 5.6484599113464355, "examples": 80, "session_seconds": 82.5124811329988, "peak_vram_bytes": 9170765312}
{"step": 90, "loss": 0.11105918884277344, "examples": 90, "session_seconds": 93.1976560769981, "peak_vram_bytes": 9170765312}
{"step": 100, "loss": 0.5545429587364197, "examples": 100, "session_seconds": 103.80435047799983, "peak_vram_bytes": 9170765312}
Warning: You are sending unauthenticated requests to the HF Hub. Please set a HF_TOKEN to enable higher rate limits and faster downloads.
{"step": 110, "loss": 5.877691745758057, "examples": 110, "session_seconds": 115.45066377799958, "peak_vram_bytes": 9170765312}
{"step": 120, "loss": 29.24021339416504, "examples": 120, "session_seconds": 126.06161777899979, "peak_vram_bytes": 9170765312}
{"step": 130, "loss": 7.7401885986328125, "examples": 130, "session_seconds": 136.8623148709994, "peak_vram_bytes": 9170765312}
{"step": 140, "loss": 5.234371185302734, "examples": 140, "session_seconds": 147.8433139910012, "peak_vram_bytes": 9170765312}
{"step": 150, "loss": 16.351848602294922, "examples": 150, "session_seconds": 158.63950868299798, "peak_vram_bytes": 9173664768}
{"step": 160, "loss": 9.041214942932129, "examples": 160, "session_seconds": 169.19084140599807, "peak_vram_bytes": 9173664768}
{"step": 170, "loss": 0.07658599317073822, "examples": 170, "session_seconds": 180.2363415840009, "peak_vram_bytes": 9173664768}
{"step": 180, "loss": 0.0715947076678276, "examples": 180, "session_seconds": 190.656976287999, "peak_vram_bytes": 9173664768}
{"step": 190, "loss": 0.06831660866737366, "examples": 190, "session_seconds": 201.55671982499916, "peak_vram_bytes": 9173664768}
{"step": 200, "loss": 0.40899762511253357, "examples": 200, "session_seconds": 212.35316528899784, "peak_vram_bytes": 9173664768}
{"step": 210, "loss": 0.0629909336566925, "examples": 210, "session_seconds": 222.79149022699858, "peak_vram_bytes": 9173664768}
{"step": 220, "loss": 0.0612858422100544, "examples": 220, "session_seconds": 233.127020205, "peak_vram_bytes": 9173664768}
{"step": 230, "loss": 0.05944448709487915, "examples": 230, "session_seconds": 243.63390903899926, "peak_vram_bytes": 9173664768}
{"step": 240, "loss": 0.05830353870987892, "examples": 240, "session_seconds": 254.82547733400133, "peak_vram_bytes": 9173664768}
{"step": 250, "loss": 17.423442840576172, "examples": 250, "session_seconds": 265.2426353769988, "peak_vram_bytes": 9173664768}
{"step": 260, "loss": 5.696679592132568, "examples": 260, "session_seconds": 275.60576102100094, "peak_vram_bytes": 9173664768}
{"step": 270, "loss": 6.565087795257568, "examples": 270, "session_seconds": 286.978775268999, "peak_vram_bytes": 9173664768}
{"step": 280, "loss": 15.353635787963867, "examples": 280, "session_seconds": 297.0820521860005, "peak_vram_bytes": 9173664768}
{"step": 290, "loss": 1.1140424013137817, "examples": 290, "session_seconds": 307.8956206469993, "peak_vram_bytes": 9173664768}
{"step": 300, "loss": 0.059640467166900635, "examples": 300, "session_seconds": 318.7964875939979, "peak_vram_bytes": 9173664768}
{"step": 310, "loss": 0.05619806423783302, "examples": 310, "session_seconds": 329.8097873070001, "peak_vram_bytes": 9173664768}
{"step": 320, "loss": 13.708695411682129, "examples": 320, "session_seconds": 340.33392916400044, "peak_vram_bytes": 9173664768}
{"step": 330, "loss": 0.05340791121125221, "examples": 330, "session_seconds": 351.10152718899917, "peak_vram_bytes": 9173664768}
{"step": 340, "loss": 0.051298368722200394, "examples": 340, "session_seconds": 361.9298626810014, "peak_vram_bytes": 9173664768}
{"step": 350, "loss": 0.04843771830201149, "examples": 350, "session_seconds": 372.7446852139983, "peak_vram_bytes": 9173664768}
{"step": 360, "loss": 0.046655405312776566, "examples": 360, "session_seconds": 382.780018636, "peak_vram_bytes": 9173664768}
{"step": 370, "loss": 0.045000724494457245, "examples": 370, "session_seconds": 393.5369116330003, "peak_vram_bytes": 9173664768}
{"step": 380, "loss": 0.045475073158741, "examples": 380, "session_seconds": 403.3420340999983, "peak_vram_bytes": 9173664768}
{"step": 390, "loss": 5.561266899108887, "examples": 390, "session_seconds": 414.07322747799844, "peak_vram_bytes": 9173664768}
{"step": 400, "loss": 0.03796862065792084, "examples": 400, "session_seconds": 425.4719254090014, "peak_vram_bytes": 9173664768}
{"step": 410, "loss": 8.469827651977539, "examples": 410, "session_seconds": 436.3427949830002, "peak_vram_bytes": 9173664768}
{"step": 420, "loss": 0.03974456712603569, "examples": 420, "session_seconds": 446.62905263300127, "peak_vram_bytes": 9173664768}
{"step": 430, "loss": 0.03831339627504349, "examples": 430, "session_seconds": 457.4025677210011, "peak_vram_bytes": 9173664768}
{"step": 440, "loss": 6.673038482666016, "examples": 440, "session_seconds": 467.9280763409988, "peak_vram_bytes": 9173664768}
{"step": 450, "loss": 0.03051154501736164, "examples": 450, "session_seconds": 478.6748741759984, "peak_vram_bytes": 9173664768}
{"step": 460, "loss": 0.028342433273792267, "examples": 460, "session_seconds": 489.96028339999975, "peak_vram_bytes": 9173664768}
{"step": 470, "loss": 0.027228442952036858, "examples": 470, "session_seconds": 500.38618098499865, "peak_vram_bytes": 9173664768}
{"step": 480, "loss": 7.34284782409668, "examples": 480, "session_seconds": 511.1610888180003, "peak_vram_bytes": 9173664768}
{"step": 490, "loss": 16.971694946289062, "examples": 490, "session_seconds": 521.9909806120013, "peak_vram_bytes": 9173664768}
{"step": 500, "loss": 0.05416719615459442, "examples": 500, "session_seconds": 533.0610610410004, "peak_vram_bytes": 9173664768}
{"step": 510, "loss": 0.027797669172286987, "examples": 510, "session_seconds": 544.2208396659989, "peak_vram_bytes": 9173664768}
{"step": 520, "loss": 11.529553413391113, "examples": 520, "session_seconds": 553.9504283630013, "peak_vram_bytes": 9173664768}
{"step": 530, "loss": 0.023638391867280006, "examples": 530, "session_seconds": 564.1390539120002, "peak_vram_bytes": 9173664768}
{"step": 540, "loss": 0.02208678051829338, "examples": 540, "session_seconds": 574.4829359659998, "peak_vram_bytes": 9173664768}
{"step": 550, "loss": 0.021557115018367767, "examples": 550, "session_seconds": 585.0471795089979, "peak_vram_bytes": 9173664768}
{"step": 560, "loss": 0.0431496724486351, "examples": 560, "session_seconds": 596.0889625319978, "peak_vram_bytes": 9173664768}
{"step": 570, "loss": 12.934279441833496, "examples": 570, "session_seconds": 606.4328393159994, "peak_vram_bytes": 9173664768}
{"step": 580, "loss": 0.021287240087985992, "examples": 580, "session_seconds": 616.5835200939982, "peak_vram_bytes": 9173664768}
{"step": 590, "loss": 7.486801624298096, "examples": 590, "session_seconds": 627.8433973639985, "peak_vram_bytes": 9173664768}
{"step": 600, "loss": 0.020110994577407837, "examples": 600, "session_seconds": 638.4862771820008, "peak_vram_bytes": 9173664768}
{"step": 610, "loss": 0.019970441237092018, "examples": 610, "session_seconds": 649.4565501420002, "peak_vram_bytes": 9174999040}
{"step": 620, "loss": 6.376798152923584, "examples": 620, "session_seconds": 660.2045452679995, "peak_vram_bytes": 9174999040}
{"step": 630, "loss": 0.02319551631808281, "examples": 630, "session_seconds": 670.5343784979996, "peak_vram_bytes": 9174999040}
{"step": 640, "loss": 0.2584904730319977, "examples": 640, "session_seconds": 681.1721815679994, "peak_vram_bytes": 9174999040}
{"step": 650, "loss": 0.019554026424884796, "examples": 650, "session_seconds": 691.9593269139987, "peak_vram_bytes": 9174999040}
{"step": 660, "loss": 0.03743591159582138, "examples": 660, "session_seconds": 703.3521011109988, "peak_vram_bytes": 9174999040}
{"step": 670, "loss": 0.057524196803569794, "examples": 670, "session_seconds": 713.8975764079987, "peak_vram_bytes": 9174999040}
{"step": 680, "loss": 0.020992320030927658, "examples": 680, "session_seconds": 724.4042194159993, "peak_vram_bytes": 9175237632}
{"step": 690, "loss": 0.021968772634863853, "examples": 690, "session_seconds": 735.0228590139996, "peak_vram_bytes": 9175237632}
{"step": 700, "loss": 0.01778329350054264, "examples": 700, "session_seconds": 745.0516595490008, "peak_vram_bytes": 9175237632}
{"step": 710, "loss": 0.01801602728664875, "examples": 710, "session_seconds": 755.6377248300014, "peak_vram_bytes": 9175237632}
{"step": 720, "loss": 0.020418260246515274, "examples": 720, "session_seconds": 766.6199391150003, "peak_vram_bytes": 9175237632}
{"step": 730, "loss": 0.019268043339252472, "examples": 730, "session_seconds": 777.4196494349999, "peak_vram_bytes": 9175237632}
{"step": 740, "loss": 0.0197967030107975, "examples": 740, "session_seconds": 787.9933363220007, "peak_vram_bytes": 9175237632}
{"step": 750, "loss": 0.02176375314593315, "examples": 750, "session_seconds": 798.623122762001, "peak_vram_bytes": 9175237632}
{"step": 760, "loss": 12.955821990966797, "examples": 760, "session_seconds": 809.1855684699985, "peak_vram_bytes": 9175237632}
{"step": 770, "loss": 0.026973359286785126, "examples": 770, "session_seconds": 819.8124227810004, "peak_vram_bytes": 9175237632}
{"step": 780, "loss": 0.020610760897397995, "examples": 780, "session_seconds": 830.063807958999, "peak_vram_bytes": 9175237632}
{"step": 790, "loss": 8.881637573242188, "examples": 790, "session_seconds": 841.10926492, "peak_vram_bytes": 9175237632}
{"step": 800, "loss": 0.03323076665401459, "examples": 800, "session_seconds": 850.8398321370005, "peak_vram_bytes": 9175237632}
{"step": 810, "loss": 0.020007142797112465, "examples": 810, "session_seconds": 860.9461283669989, "peak_vram_bytes": 9175237632}
{"step": 820, "loss": 0.017349356785416603, "examples": 820, "session_seconds": 870.870133010998, "peak_vram_bytes": 9175237632}
{"step": 830, "loss": 8.13118839263916, "examples": 830, "session_seconds": 881.1974599120003, "peak_vram_bytes": 9175237632}
{"step": 840, "loss": 0.016982538625597954, "examples": 840, "session_seconds": 891.5535750109993, "peak_vram_bytes": 9175237632}
{"step": 850, "loss": 0.016838114708662033, "examples": 850, "session_seconds": 901.8434654320008, "peak_vram_bytes": 9175237632}
{"step": 860, "loss": 0.024264689534902573, "examples": 860, "session_seconds": 911.675219050001, "peak_vram_bytes": 9175237632}
{"step": 870, "loss": 18.147777557373047, "examples": 870, "session_seconds": 921.8094587470005, "peak_vram_bytes": 9175237632}
{"step": 880, "loss": 0.017348118126392365, "examples": 880, "session_seconds": 932.803709142001, "peak_vram_bytes": 9175237632}
{"step": 890, "loss": 0.016464106738567352, "examples": 890, "session_seconds": 943.7263139579991, "peak_vram_bytes": 9177815552}
{"step": 900, "loss": 0.01707015559077263, "examples": 900, "session_seconds": 954.7297194679995, "peak_vram_bytes": 9177815552}
{"step": 910, "loss": 0.017038656398653984, "examples": 910, "session_seconds": 965.7684183300007, "peak_vram_bytes": 9177815552}
{"step": 920, "loss": 0.020103303715586662, "examples": 920, "session_seconds": 976.6389054889987, "peak_vram_bytes": 9179279360}
{"step": 930, "loss": 6.671101093292236, "examples": 930, "session_seconds": 986.8833766610005, "peak_vram_bytes": 9179279360}
{"step": 940, "loss": 0.01616043597459793, "examples": 940, "session_seconds": 997.6550634150008, "peak_vram_bytes": 9179279360}
{"step": 950, "loss": 0.016040753573179245, "examples": 950, "session_seconds": 1008.2491889049998, "peak_vram_bytes": 9179279360}
{"step": 960, "loss": 0.016057534143328667, "examples": 960, "session_seconds": 1018.6015052570001, "peak_vram_bytes": 9179279360}
{"step": 970, "loss": 0.3267512619495392, "examples": 970, "session_seconds": 1028.744105329999, "peak_vram_bytes": 9179279360}
{"step": 980, "loss": 0.03223489224910736, "examples": 980, "session_seconds": 1038.7428332220006, "peak_vram_bytes": 9179279360}
{"step": 990, "loss": 0.022036710754036903, "examples": 990, "session_seconds": 1049.0257898249984, "peak_vram_bytes": 9179279360}
{"step": 1000, "loss": 0.05150269344449043, "examples": 1000, "session_seconds": 1058.812466334999, "peak_vram_bytes": 9179279360}
{"step": 1010, "loss": 0.018606014549732208, "examples": 1010, "session_seconds": 1069.050597466001, "peak_vram_bytes": 9179279360}
{"step": 1020, "loss": 9.660229682922363, "examples": 1020, "session_seconds": 1079.6355245779996, "peak_vram_bytes": 9179279360}
{"step": 1030, "loss": 0.017354538664221764, "examples": 1030, "session_seconds": 1089.757396052999, "peak_vram_bytes": 9179279360}
{"step": 1040, "loss": 10.387560844421387, "examples": 1040, "session_seconds": 1100.5419312939994, "peak_vram_bytes": 9179279360}
{"step": 1050, "loss": 0.020668426528573036, "examples": 1050, "session_seconds": 1111.4855483169995, "peak_vram_bytes": 9179279360}
{"step": 1060, "loss": 0.10282206535339355, "examples": 1060, "session_seconds": 1121.4035975379993, "peak_vram_bytes": 9179279360}
{"step": 1070, "loss": 0.518316388130188, "examples": 1070, "session_seconds": 1131.711951284, "peak_vram_bytes": 9179279360}
{"step": 1080, "loss": 0.018630893900990486, "examples": 1080, "session_seconds": 1142.6697586209993, "peak_vram_bytes": 9179279360}
{"step": 1090, "loss": 0.01624116860330105, "examples": 1090, "session_seconds": 1152.5145651569983, "peak_vram_bytes": 9179279360}
{"step": 1100, "loss": 0.01706307753920555, "examples": 1100, "session_seconds": 1162.4405188399978, "peak_vram_bytes": 9179279360}
{"step": 1110, "loss": 0.015613711439073086, "examples": 1110, "session_seconds": 1173.955752752001, "peak_vram_bytes": 9179279360}
{"step": 1120, "loss": 0.01708255335688591, "examples": 1120, "session_seconds": 1183.9263492299979, "peak_vram_bytes": 9179279360}
{"step": 1130, "loss": 0.015542169101536274, "examples": 1130, "session_seconds": 1193.8215735630001, "peak_vram_bytes": 9179279360}
{"step": 1140, "loss": 0.016390355303883553, "examples": 1140, "session_seconds": 1205.1749413879988, "peak_vram_bytes": 9179279360}
{"step": 1150, "loss": 0.015755051746964455, "examples": 1150, "session_seconds": 1215.9495426969988, "peak_vram_bytes": 9179279360}
{"step": 1160, "loss": 11.389171600341797, "examples": 1160, "session_seconds": 1226.1657457319998, "peak_vram_bytes": 9179279360}
{"step": 1170, "loss": 0.018129343166947365, "examples": 1170, "session_seconds": 1235.9788658020007, "peak_vram_bytes": 9179279360}
{"step": 1180, "loss": 0.02228360064327717, "examples": 1180, "session_seconds": 1246.075665815999, "peak_vram_bytes": 9179279360}
{"step": 1190, "loss": 13.570981979370117, "examples": 1190, "session_seconds": 1255.9079603649989, "peak_vram_bytes": 9179279360}
{"step": 1200, "loss": 0.019669901579618454, "examples": 1200, "session_seconds": 1265.8455021269983, "peak_vram_bytes": 9179279360}
{"step": 1210, "loss": 12.40262222290039, "examples": 1210, "session_seconds": 1277.7500244149996, "peak_vram_bytes": 9179279360}
{"step": 1220, "loss": 0.016454782336950302, "examples": 1220, "session_seconds": 1288.517126423998, "peak_vram_bytes": 9179279360}
{"step": 1230, "loss": 13.393013954162598, "examples": 1230, "session_seconds": 1299.2927998919986, "peak_vram_bytes": 9179279360}
{"step": 1240, "loss": 10.220735549926758, "examples": 1240, "session_seconds": 1309.8819930620011, "peak_vram_bytes": 9179279360}
{"step": 1250, "loss": 0.01948288083076477, "examples": 1250, "session_seconds": 1319.466468745999, "peak_vram_bytes": 9179279360}
{"step": 1260, "loss": 0.015360030345618725, "examples": 1260, "session_seconds": 1329.9377005889983, "peak_vram_bytes": 9179279360}
{"step": 1270, "loss": 0.01514529250562191, "examples": 1270, "session_seconds": 1341.1602690709988, "peak_vram_bytes": 9179279360}
{"step": 1280, "loss": 13.728960990905762, "examples": 1280, "session_seconds": 1351.612274441999, "peak_vram_bytes": 9179279360}
{"step": 1290, "loss": 0.015602795407176018, "examples": 1290, "session_seconds": 1361.7132738149994, "peak_vram_bytes": 9179279360}
{"step": 1300, "loss": 0.015468728728592396, "examples": 1300, "session_seconds": 1372.459811263001, "peak_vram_bytes": 9179279360}
{"step": 1310, "loss": 15.517051696777344, "examples": 1310, "session_seconds": 1383.6152626420007, "peak_vram_bytes": 9179279360}
{"step": 1320, "loss": 0.01667487993836403, "examples": 1320, "session_seconds": 1393.4714161949996, "peak_vram_bytes": 9179279360}
{"step": 1330, "loss": 0.016057297587394714, "examples": 1330, "session_seconds": 1403.398473743, "peak_vram_bytes": 9179279360}
{"step": 1340, "loss": 0.017306901514530182, "examples": 1340, "session_seconds": 1413.5161923839987, "peak_vram_bytes": 9179279360}
{"step": 1350, "loss": 0.01651948317885399, "examples": 1350, "session_seconds": 1423.3292557899986, "peak_vram_bytes": 9179279360}
{"step": 1360, "loss": 0.015948504209518433, "examples": 1360, "session_seconds": 1433.1266602379983, "peak_vram_bytes": 9179279360}
{"step": 1370, "loss": 0.016675367951393127, "examples": 1370, "session_seconds": 1443.2020043390003, "peak_vram_bytes": 9179279360}
{"step": 1380, "loss": 18.706966400146484, "examples": 1380, "session_seconds": 1453.1905771950005, "peak_vram_bytes": 9179279360}
{"step": 1390, "loss": 0.016767513006925583, "examples": 1390, "session_seconds": 1463.526434522999, "peak_vram_bytes": 9179279360}
{"step": 1400, "loss": 0.01806359551846981, "examples": 1400, "session_seconds": 1473.3563725929998, "peak_vram_bytes": 9179279360}
{"step": 1410, "loss": 0.017084140330553055, "examples": 1410, "session_seconds": 1483.8672700940006, "peak_vram_bytes": 9179279360}
{"step": 1420, "loss": 0.014882951974868774, "examples": 1420, "session_seconds": 1493.978543246998, "peak_vram_bytes": 9179279360}
{"step": 1430, "loss": 0.015084419399499893, "examples": 1430, "session_seconds": 1503.8009378069983, "peak_vram_bytes": 9179279360}
{"step": 1440, "loss": 0.01592031680047512, "examples": 1440, "session_seconds": 1514.5997027960002, "peak_vram_bytes": 9179279360}
{"step": 1450, "loss": 13.435711860656738, "examples": 1450, "session_seconds": 1524.7159726690006, "peak_vram_bytes": 9179279360}
{"step": 1460, "loss": 0.015993308275938034, "examples": 1460, "session_seconds": 1535.4105174020006, "peak_vram_bytes": 9179279360}
{"step": 1470, "loss": 9.475191116333008, "examples": 1470, "session_seconds": 1546.2290869999997, "peak_vram_bytes": 9179279360}
{"step": 1480, "loss": 0.03814021870493889, "examples": 1480, "session_seconds": 1556.9215814359995, "peak_vram_bytes": 9179279360}
{"step": 1490, "loss": 0.014786891639232635, "examples": 1490, "session_seconds": 1567.6196251439978, "peak_vram_bytes": 9179279360}
{"step": 1500, "loss": 9.747647285461426, "examples": 1500, "session_seconds": 1577.971926252998, "peak_vram_bytes": 9179279360}
{"step": 1510, "loss": 0.08545002341270447, "examples": 1510, "session_seconds": 1588.4463870299987, "peak_vram_bytes": 9179279360}
{"step": 1520, "loss": 0.174142524600029, "examples": 1520, "session_seconds": 1598.119769746998, "peak_vram_bytes": 9179279360}
{"step": 1530, "loss": 0.01477983221411705, "examples": 1530, "session_seconds": 1608.1344617040013, "peak_vram_bytes": 9179279360}
{"step": 1540, "loss": 0.01451034378260374, "examples": 1540, "session_seconds": 1617.848425016, "peak_vram_bytes": 9179279360}
{"step": 1550, "loss": 0.014673639088869095, "examples": 1550, "session_seconds": 1628.116950997999, "peak_vram_bytes": 9179279360}
{"step": 1560, "loss": 0.014553862623870373, "examples": 1560, "session_seconds": 1638.3740909759981, "peak_vram_bytes": 9179279360}
{"step": 1570, "loss": 0.05830494686961174, "examples": 1570, "session_seconds": 1648.4701534779997, "peak_vram_bytes": 9179279360}
{"step": 1580, "loss": 0.020294565707445145, "examples": 1580, "session_seconds": 1658.342905606998, "peak_vram_bytes": 9179279360}
{"step": 1590, "loss": 0.014588819816708565, "examples": 1590, "session_seconds": 1669.0669762280013, "peak_vram_bytes": 9179279360}
{"step": 1600, "loss": 0.04171380400657654, "examples": 1600, "session_seconds": 1679.7685859169978, "peak_vram_bytes": 9179279360}
{"step": 1610, "loss": 0.01835039258003235, "examples": 1610, "session_seconds": 1690.8982311979998, "peak_vram_bytes": 9179279360}
{"step": 1620, "loss": 16.476346969604492, "examples": 1620, "session_seconds": 1701.671080420001, "peak_vram_bytes": 9179279360}
{"step": 1630, "loss": 0.014887135475873947, "examples": 1630, "session_seconds": 1712.580010914, "peak_vram_bytes": 9179279360}
{"step": 1640, "loss": 0.014652719721198082, "examples": 1640, "session_seconds": 1722.6061580370006, "peak_vram_bytes": 9179279360}
{"step": 1650, "loss": 8.805288314819336, "examples": 1650, "session_seconds": 1732.7942920099995, "peak_vram_bytes": 9179279360}
{"step": 1660, "loss": 0.014214588329195976, "examples": 1660, "session_seconds": 1743.3353822050012, "peak_vram_bytes": 9179279360}
{"step": 1670, "loss": 0.014276472851634026, "examples": 1670, "session_seconds": 1753.444385914001, "peak_vram_bytes": 9179279360}
{"step": 1680, "loss": 0.014903869479894638, "examples": 1680, "session_seconds": 1763.2650889319993, "peak_vram_bytes": 9179279360}
{"step": 1690, "loss": 0.015150665305554867, "examples": 1690, "session_seconds": 1773.361227376001, "peak_vram_bytes": 9179279360}
{"step": 1700, "loss": 0.01823221705853939, "examples": 1700, "session_seconds": 1783.1412012440014, "peak_vram_bytes": 9179279360}
{"step": 1710, "loss": 0.016444526612758636, "examples": 1710, "session_seconds": 1793.234335707999, "peak_vram_bytes": 9179279360}
{"step": 1720, "loss": 0.014716651290655136, "examples": 1720, "session_seconds": 1802.914637165999, "peak_vram_bytes": 9179279360}
{"step": 1730, "loss": 0.01431437861174345, "examples": 1730, "session_seconds": 1812.9510261719988, "peak_vram_bytes": 9179279360}
{"step": 1740, "loss": 0.01448147650808096, "examples": 1740, "session_seconds": 1822.7468431039997, "peak_vram_bytes": 9179279360}
{"step": 1750, "loss": 0.014176556840538979, "examples": 1750, "session_seconds": 1832.5933865019979, "peak_vram_bytes": 9179279360}
{"step": 1760, "loss": 0.014116700738668442, "examples": 1760, "session_seconds": 1842.7740443660005, "peak_vram_bytes": 9179279360}
{"step": 1770, "loss": 0.01411257404834032, "examples": 1770, "session_seconds": 1852.6133478429983, "peak_vram_bytes": 9179279360}
{"step": 1780, "loss": 11.679899215698242, "examples": 1780, "session_seconds": 1862.3601481459991, "peak_vram_bytes": 9179279360}
{"step": 1790, "loss": 0.015583030879497528, "examples": 1790, "session_seconds": 1872.4165800459996, "peak_vram_bytes": 9179279360}
{"step": 1800, "loss": 0.014094265177845955, "examples": 1800, "session_seconds": 1882.1442659979984, "peak_vram_bytes": 9179279360}
{"step": 1810, "loss": 14.257611274719238, "examples": 1810, "session_seconds": 1892.3850217209983, "peak_vram_bytes": 9179279360}
{"step": 1820, "loss": 0.014468329958617687, "examples": 1820, "session_seconds": 1902.1488603789985, "peak_vram_bytes": 9179279360}
{"step": 1830, "loss": 18.82262420654297, "examples": 1830, "session_seconds": 1912.1678838099979, "peak_vram_bytes": 9179279360}
{"step": 1840, "loss": 0.014167672954499722, "examples": 1840, "session_seconds": 1921.9013067039996, "peak_vram_bytes": 9179279360}
{"step": 1850, "loss": 0.015402562916278839, "examples": 1850, "session_seconds": 1931.7113571010013, "peak_vram_bytes": 9179279360}
{"step": 1860, "loss": 0.015906983986496925, "examples": 1860, "session_seconds": 1941.7381278920002, "peak_vram_bytes": 9179279360}
{"step": 1870, "loss": 0.014499259181320667, "examples": 1870, "session_seconds": 1952.1309811520005, "peak_vram_bytes": 9179279360}
{"step": 1880, "loss": 0.013998813927173615, "examples": 1880, "session_seconds": 1962.6152639930006, "peak_vram_bytes": 9179279360}
{"step": 1890, "loss": 0.017895180732011795, "examples": 1890, "session_seconds": 1973.373280306001, "peak_vram_bytes": 9179279360}
{"step": 1900, "loss": 9.166311264038086, "examples": 1900, "session_seconds": 1983.768014915, "peak_vram_bytes": 9179279360}
{"step": 1910, "loss": 0.014262838289141655, "examples": 1910, "session_seconds": 1994.962585475998, "peak_vram_bytes": 9179279360}
{"step": 1920, "loss": 0.014195027761161327, "examples": 1920, "session_seconds": 2005.3307110960013, "peak_vram_bytes": 9179279360}
{"step": 1930, "loss": 0.016350949183106422, "examples": 1930, "session_seconds": 2015.8157991129992, "peak_vram_bytes": 9179279360}
{"step": 1940, "loss": 0.01408100500702858, "examples": 1940, "session_seconds": 2025.9484067099984, "peak_vram_bytes": 9179279360}
{"step": 1950, "loss": 0.013876409269869328, "examples": 1950, "session_seconds": 2036.035294229001, "peak_vram_bytes": 9179279360}
{"step": 1960, "loss": 13.008204460144043, "examples": 1960, "session_seconds": 2046.2815762729988, "peak_vram_bytes": 9179279360}
{"step": 1970, "loss": 0.014273609034717083, "examples": 1970, "session_seconds": 2056.9774500800013, "peak_vram_bytes": 9179279360}
{"step": 1980, "loss": 0.022805025801062584, "examples": 1980, "session_seconds": 2067.3543602110003, "peak_vram_bytes": 9179279360}
{"step": 1990, "loss": 0.017083091661334038, "examples": 1990, "session_seconds": 2078.7266406960007, "peak_vram_bytes": 9179279360}
{"step": 2000, "loss": 0.014424516819417477, "examples": 2000, "session_seconds": 2089.619249182, "peak_vram_bytes": 9179279360}
{"step": 2010, "loss": 0.05497429892420769, "examples": 2010, "session_seconds": 2100.494351489, "peak_vram_bytes": 9179279360}
{"step": 2020, "loss": 0.07659862190485, "examples": 2020, "session_seconds": 2110.6814901280013, "peak_vram_bytes": 9179279360}
{"step": 2030, "loss": 0.016484493389725685, "examples": 2030, "session_seconds": 2121.262311210001, "peak_vram_bytes": 9179279360}
{"step": 2040, "loss": 0.015470264479517937, "examples": 2040, "session_seconds": 2132.101221445999, "peak_vram_bytes": 9180705280}
{"step": 2050, "loss": 0.01610662415623665, "examples": 2050, "session_seconds": 2142.951332077999, "peak_vram_bytes": 9180705280}
{"step": 2060, "loss": 0.01755295880138874, "examples": 2060, "session_seconds": 2153.9323318040006, "peak_vram_bytes": 9180705280}
{"step": 2070, "loss": 0.09828915446996689, "examples": 2070, "session_seconds": 2163.660537177999, "peak_vram_bytes": 9180705280}
{"step": 2080, "loss": 0.013975346460938454, "examples": 2080, "session_seconds": 2173.351328403998, "peak_vram_bytes": 9180705280}
{"step": 2090, "loss": 0.01412387564778328, "examples": 2090, "session_seconds": 2183.3510344259994, "peak_vram_bytes": 9180705280}
{"step": 2100, "loss": 11.205658912658691, "examples": 2100, "session_seconds": 2193.16527433, "peak_vram_bytes": 9180705280}
{"step": 2110, "loss": 0.014986728318035603, "examples": 2110, "session_seconds": 2203.2530658219985, "peak_vram_bytes": 9180705280}
{"step": 2120, "loss": 0.11838963627815247, "examples": 2120, "session_seconds": 2213.3277696389996, "peak_vram_bytes": 9180705280}
{"step": 2130, "loss": 0.022560659795999527, "examples": 2130, "session_seconds": 2223.0957486199986, "peak_vram_bytes": 9180705280}
{"step": 2140, "loss": 0.014111439697444439, "examples": 2140, "session_seconds": 2232.824039272, "peak_vram_bytes": 9180705280}
{"step": 2150, "loss": 0.01408064179122448, "examples": 2150, "session_seconds": 2243.3715216300006, "peak_vram_bytes": 9180705280}
{"step": 2160, "loss": 0.015011616051197052, "examples": 2160, "session_seconds": 2253.190065843999, "peak_vram_bytes": 9180705280}
{"step": 2170, "loss": 7.625072956085205, "examples": 2170, "session_seconds": 2262.967826936998, "peak_vram_bytes": 9180705280}
{"step": 2180, "loss": 0.014354434795677662, "examples": 2180, "session_seconds": 2273.0238856180003, "peak_vram_bytes": 9180705280}
{"step": 2190, "loss": 0.015499990433454514, "examples": 2190, "session_seconds": 2282.876004457001, "peak_vram_bytes": 9180705280}
{"step": 2200, "loss": 0.024257229641079903, "examples": 2200, "session_seconds": 2292.643432205001, "peak_vram_bytes": 9180705280}
{"step": 2210, "loss": 0.017717115581035614, "examples": 2210, "session_seconds": 2302.827642338998, "peak_vram_bytes": 9180705280}
{"step": 2220, "loss": 0.014069564640522003, "examples": 2220, "session_seconds": 2312.9599581859984, "peak_vram_bytes": 9180705280}
{"step": 2230, "loss": 10.236310005187988, "examples": 2230, "session_seconds": 2322.7575826969987, "peak_vram_bytes": 9180705280}
{"step": 2240, "loss": 0.02078506350517273, "examples": 2240, "session_seconds": 2332.571768141999, "peak_vram_bytes": 9180705280}
{"step": 2250, "loss": 0.24545270204544067, "examples": 2250, "session_seconds": 2343.562846116998, "peak_vram_bytes": 9180705280}
{"step": 2260, "loss": 0.015488110482692719, "examples": 2260, "session_seconds": 2354.531823934998, "peak_vram_bytes": 9180705280}
{"step": 2270, "loss": 0.01844402775168419, "examples": 2270, "session_seconds": 2364.7063825160003, "peak_vram_bytes": 9180705280}
{"step": 2280, "loss": 0.014182883314788342, "examples": 2280, "session_seconds": 2376.002699443001, "peak_vram_bytes": 9180705280}
{"step": 2290, "loss": 0.01507678721100092, "examples": 2290, "session_seconds": 2386.4974514940004, "peak_vram_bytes": 9180705280}
{"step": 2300, "loss": 17.05757713317871, "examples": 2300, "session_seconds": 2396.6661183469987, "peak_vram_bytes": 9180705280}
{"step": 2310, "loss": 0.015072550624608994, "examples": 2310, "session_seconds": 2407.2086913169987, "peak_vram_bytes": 9180705280}
{"step": 2320, "loss": 8.926820755004883, "examples": 2320, "session_seconds": 2416.990497923998, "peak_vram_bytes": 9180705280}
{"step": 2330, "loss": 0.01438911072909832, "examples": 2330, "session_seconds": 2426.8109754139987, "peak_vram_bytes": 9180705280}
{"step": 2340, "loss": 0.015340106561779976, "examples": 2340, "session_seconds": 2436.613938123999, "peak_vram_bytes": 9180705280}
{"step": 2350, "loss": 0.017455585300922394, "examples": 2350, "session_seconds": 2446.8110032990007, "peak_vram_bytes": 9180705280}
{"step": 2360, "loss": 0.014708654955029488, "examples": 2360, "session_seconds": 2456.5641864930003, "peak_vram_bytes": 9180705280}
{"step": 2370, "loss": 0.014121975749731064, "examples": 2370, "session_seconds": 2466.208356226998, "peak_vram_bytes": 9180705280}
{"step": 2380, "loss": 0.017160911113023758, "examples": 2380, "session_seconds": 2476.3027557839996, "peak_vram_bytes": 9180705280}
{"step": 2390, "loss": 0.01439216360449791, "examples": 2390, "session_seconds": 2486.0339819049987, "peak_vram_bytes": 9180705280}
{"step": 2400, "loss": 0.014104392379522324, "examples": 2400, "session_seconds": 2495.7171085439986, "peak_vram_bytes": 9180705280}
{"step": 2410, "loss": 0.014250217005610466, "examples": 2410, "session_seconds": 2506.116029351, "peak_vram_bytes": 9180705280}
{"step": 2420, "loss": 0.015674961730837822, "examples": 2420, "session_seconds": 2515.833482807, "peak_vram_bytes": 9180705280}
{"step": 2430, "loss": 0.014510772190988064, "examples": 2430, "session_seconds": 2525.7152942329994, "peak_vram_bytes": 9180705280}
{"step": 2440, "loss": 13.95632553100586, "examples": 2440, "session_seconds": 2535.764000659001, "peak_vram_bytes": 9180705280}
{"step": 2450, "loss": 0.01431792788207531, "examples": 2450, "session_seconds": 2545.8944637079985, "peak_vram_bytes": 9180705280}
{"step": 2460, "loss": 0.014083280228078365, "examples": 2460, "session_seconds": 2555.707170474998, "peak_vram_bytes": 9180705280}
{"step": 2470, "loss": 0.014543999917805195, "examples": 2470, "session_seconds": 2565.4924469430007, "peak_vram_bytes": 9180705280}
{"step": 2480, "loss": 0.014360981062054634, "examples": 2480, "session_seconds": 2575.497457256999, "peak_vram_bytes": 9180705280}
{"step": 2490, "loss": 0.19056911766529083, "examples": 2490, "session_seconds": 2585.3529856839996, "peak_vram_bytes": 9180705280}
{"step": 2500, "loss": 0.014071126468479633, "examples": 2500, "session_seconds": 2595.0250268769996, "peak_vram_bytes": 9180705280}
{"step": 2510, "loss": 5.573691368103027, "examples": 2510, "session_seconds": 2605.549674555001, "peak_vram_bytes": 9180705280}
{"step": 2520, "loss": 0.014014081098139286, "examples": 2520, "session_seconds": 2615.231355832999, "peak_vram_bytes": 9180705280}
{"step": 2530, "loss": 0.047679878771305084, "examples": 2530, "session_seconds": 2625.022322056, "peak_vram_bytes": 9185131520}
{"step": 2540, "loss": 0.02760232985019684, "examples": 2540, "session_seconds": 2635.038329398001, "peak_vram_bytes": 9185131520}
{"step": 2550, "loss": 0.017828714102506638, "examples": 2550, "session_seconds": 2645.285499955, "peak_vram_bytes": 9185131520}
{"step": 2560, "loss": 0.026769831776618958, "examples": 2560, "session_seconds": 2655.4985894269994, "peak_vram_bytes": 9185131520}
{"step": 2570, "loss": 0.014219031669199467, "examples": 2570, "session_seconds": 2666.615786817998, "peak_vram_bytes": 9185131520}
{"step": 2580, "loss": 0.014360740780830383, "examples": 2580, "session_seconds": 2677.121017007001, "peak_vram_bytes": 9185131520}
{"step": 2590, "loss": 0.014901639893651009, "examples": 2590, "session_seconds": 2687.951665157001, "peak_vram_bytes": 9185131520}
{"step": 2600, "loss": 0.013970071449875832, "examples": 2600, "session_seconds": 2699.2006142389982, "peak_vram_bytes": 9185131520}
{"step": 2610, "loss": 18.99810791015625, "examples": 2610, "session_seconds": 2710.204029206001, "peak_vram_bytes": 9185131520}
{"step": 2620, "loss": 0.014027584344148636, "examples": 2620, "session_seconds": 2720.522188859999, "peak_vram_bytes": 9185131520}
{"step": 2630, "loss": 0.015659842640161514, "examples": 2630, "session_seconds": 2730.881080528001, "peak_vram_bytes": 9185131520}
{"step": 2640, "loss": 0.030037887394428253, "examples": 2640, "session_seconds": 2742.0249974260005, "peak_vram_bytes": 9185131520}
{"step": 2650, "loss": 0.01846381090581417, "examples": 2650, "session_seconds": 2752.3018629809994, "peak_vram_bytes": 9185131520}
{"step": 2660, "loss": 0.015293936245143414, "examples": 2660, "session_seconds": 2762.6742368820014, "peak_vram_bytes": 9185131520}
{"step": 2670, "loss": 0.014663487672805786, "examples": 2670, "session_seconds": 2773.3505483260014, "peak_vram_bytes": 9185131520}
{"step": 2680, "loss": 0.014868620783090591, "examples": 2680, "session_seconds": 2784.277431431001, "peak_vram_bytes": 9185131520}
{"step": 2690, "loss": 0.01475884485989809, "examples": 2690, "session_seconds": 2794.6745268039995, "peak_vram_bytes": 9185131520}
{"step": 2700, "loss": 13.950721740722656, "examples": 2700, "session_seconds": 2805.673353391001, "peak_vram_bytes": 9185131520}
{"step": 2710, "loss": 0.014494006521999836, "examples": 2710, "session_seconds": 2816.466128657001, "peak_vram_bytes": 9185131520}
{"step": 2720, "loss": 0.014502335339784622, "examples": 2720, "session_seconds": 2826.2032745200013, "peak_vram_bytes": 9185131520}
{"step": 2730, "loss": 0.014510414563119411, "examples": 2730, "session_seconds": 2835.9144962540013, "peak_vram_bytes": 9185131520}
{"step": 2740, "loss": 10.572461128234863, "examples": 2740, "session_seconds": 2845.916473409001, "peak_vram_bytes": 9185131520}
{"step": 2750, "loss": 0.01492049265652895, "examples": 2750, "session_seconds": 2855.8559545610005, "peak_vram_bytes": 9185131520}
{"step": 2760, "loss": 0.0147724449634552, "examples": 2760, "session_seconds": 2865.6488145820003, "peak_vram_bytes": 9185131520}
{"step": 2770, "loss": 19.763425827026367, "examples": 2770, "session_seconds": 2876.755709986999, "peak_vram_bytes": 9185131520}
{"step": 2780, "loss": 14.132513999938965, "examples": 2780, "session_seconds": 2887.457020198999, "peak_vram_bytes": 9185131520}
{"step": 2790, "loss": 0.015334149822592735, "examples": 2790, "session_seconds": 2897.3053816909996, "peak_vram_bytes": 9185131520}
{"step": 2800, "loss": 0.014977028593420982, "examples": 2800, "session_seconds": 2908.0128106429984, "peak_vram_bytes": 9185131520}
{"step": 2810, "loss": 0.055386219173669815, "examples": 2810, "session_seconds": 2919.4309725460007, "peak_vram_bytes": 9185131520}
{"step": 2820, "loss": 0.02347324788570404, "examples": 2820, "session_seconds": 2930.499653767998, "peak_vram_bytes": 9185131520}
{"step": 2830, "loss": 0.014355379156768322, "examples": 2830, "session_seconds": 2941.711133615998, "peak_vram_bytes": 9185131520}
{"step": 2840, "loss": 0.014410536736249924, "examples": 2840, "session_seconds": 2951.995011769999, "peak_vram_bytes": 9185131520}
{"step": 2850, "loss": 0.021609317511320114, "examples": 2850, "session_seconds": 2961.794945556001, "peak_vram_bytes": 9185131520}
{"step": 2860, "loss": 0.020737553015351295, "examples": 2860, "session_seconds": 2972.137238984, "peak_vram_bytes": 9185131520}
{"step": 2870, "loss": 0.02384081482887268, "examples": 2870, "session_seconds": 2982.9782278429993, "peak_vram_bytes": 9185131520}
{"step": 2880, "loss": 0.014994043856859207, "examples": 2880, "session_seconds": 2993.7519371730014, "peak_vram_bytes": 9185131520}
{"step": 2890, "loss": 0.014923181384801865, "examples": 2890, "session_seconds": 3004.461121065, "peak_vram_bytes": 9185131520}
{"step": 2900, "loss": 0.014453941956162453, "examples": 2900, "session_seconds": 3014.3635551959997, "peak_vram_bytes": 9185131520}
{"step": 2910, "loss": 0.01484593003988266, "examples": 2910, "session_seconds": 3024.8104804600007, "peak_vram_bytes": 9185131520}
{"step": 2920, "loss": 0.015533993020653725, "examples": 2920, "session_seconds": 3035.2800439439998, "peak_vram_bytes": 9185131520}
{"step": 2930, "loss": 0.01417146809399128, "examples": 2930, "session_seconds": 3045.591806864999, "peak_vram_bytes": 9185131520}
{"step": 2940, "loss": 0.013894704170525074, "examples": 2940, "session_seconds": 3055.3769411430003, "peak_vram_bytes": 9185131520}
{"step": 2950, "loss": 0.013954324647784233, "examples": 2950, "session_seconds": 3065.144819893001, "peak_vram_bytes": 9185131520}
{"step": 2960, "loss": 0.0224052295088768, "examples": 2960, "session_seconds": 3075.7677805329986, "peak_vram_bytes": 9185131520}
{"step": 2970, "loss": 0.014378782361745834, "examples": 2970, "session_seconds": 3085.6431185049987, "peak_vram_bytes": 9185131520}
{"step": 2980, "loss": 0.013842029497027397, "examples": 2980, "session_seconds": 3095.576309609998, "peak_vram_bytes": 9185131520}
{"step": 2990, "loss": 0.014472807757556438, "examples": 2990, "session_seconds": 3106.5920064210004, "peak_vram_bytes": 9185131520}
{"step": 3000, "loss": 0.02909676358103752, "examples": 3000, "session_seconds": 3117.0189472269994, "peak_vram_bytes": 9185131520}
{"step": 3010, "loss": 4.2350640296936035, "examples": 3010, "session_seconds": 3128.1321767400004, "peak_vram_bytes": 9185131520}
{"step": 3020, "loss": 0.015605353750288486, "examples": 3020, "session_seconds": 3139.077378869999, "peak_vram_bytes": 9185131520}
{"step": 3030, "loss": 0.014000370167195797, "examples": 3030, "session_seconds": 3149.845792846998, "peak_vram_bytes": 9185131520}
{"step": 3040, "loss": 0.5606392621994019, "examples": 3040, "session_seconds": 3160.260943410998, "peak_vram_bytes": 9185131520}
{"step": 3050, "loss": 16.772560119628906, "examples": 3050, "session_seconds": 3170.5997864700003, "peak_vram_bytes": 9185131520}
{"step": 3060, "loss": 14.184370040893555, "examples": 3060, "session_seconds": 3181.6463542579986, "peak_vram_bytes": 9185131520}
{"step": 3070, "loss": 18.88795280456543, "examples": 3070, "session_seconds": 3192.3158400499997, "peak_vram_bytes": 9185131520}
{"step": 3080, "loss": 0.016833622008562088, "examples": 3080, "session_seconds": 3202.9340694950006, "peak_vram_bytes": 9185131520}
{"step": 3090, "loss": 0.01530678104609251, "examples": 3090, "session_seconds": 3214.167606930998, "peak_vram_bytes": 9185131520}
{"step": 3100, "loss": 0.01599712483584881, "examples": 3100, "session_seconds": 3224.8020722209985, "peak_vram_bytes": 9185131520}
{"step": 3110, "loss": 0.08556966483592987, "examples": 3110, "session_seconds": 3235.9678841589994, "peak_vram_bytes": 9185131520}
{"step": 3120, "loss": 0.015463893301784992, "examples": 3120, "session_seconds": 3246.9956370580003, "peak_vram_bytes": 9185131520}
{"step": 3130, "loss": 0.014176903292536736, "examples": 3130, "session_seconds": 3257.7518892219996, "peak_vram_bytes": 9185131520}
{"step": 3140, "loss": 0.016182919964194298, "examples": 3140, "session_seconds": 3268.1721855610012, "peak_vram_bytes": 9185131520}
{"step": 3150, "loss": 0.014056304469704628, "examples": 3150, "session_seconds": 3279.5728557170005, "peak_vram_bytes": 9185131520}
{"step": 3160, "loss": 0.014393883757293224, "examples": 3160, "session_seconds": 3289.7276107200014, "peak_vram_bytes": 9185131520}
{"step": 3170, "loss": 0.013847931288182735, "examples": 3170, "session_seconds": 3299.801491309001, "peak_vram_bytes": 9185131520}
{"step": 3180, "loss": 0.014342602342367172, "examples": 3180, "session_seconds": 3311.203477521998, "peak_vram_bytes": 9185131520}
{"step": 3190, "loss": 0.013890651054680347, "examples": 3190, "session_seconds": 3322.019442099998, "peak_vram_bytes": 9185131520}
{"step": 3200, "loss": 9.295243263244629, "examples": 3200, "session_seconds": 3332.846934514, "peak_vram_bytes": 9185131520}
{"step": 3210, "loss": 0.015271698124706745, "examples": 3210, "session_seconds": 3343.817055648, "peak_vram_bytes": 9185131520}
{"step": 3220, "loss": 0.01462353765964508, "examples": 3220, "session_seconds": 3354.776109218001, "peak_vram_bytes": 9185131520}
{"step": 3230, "loss": 0.014154370874166489, "examples": 3230, "session_seconds": 3364.7795457739994, "peak_vram_bytes": 9185131520}
{"step": 3240, "loss": 0.014036841690540314, "examples": 3240, "session_seconds": 3374.5918214119993, "peak_vram_bytes": 9185131520}
{"step": 3250, "loss": 0.01404841523617506, "examples": 3250, "session_seconds": 3384.823387206001, "peak_vram_bytes": 9185131520}
{"step": 3260, "loss": 5.867462158203125, "examples": 3260, "session_seconds": 3394.6863078749993, "peak_vram_bytes": 9185131520}
{"step": 3270, "loss": 0.01363438181579113, "examples": 3270, "session_seconds": 3405.5441246439987, "peak_vram_bytes": 9185131520}
{"step": 3280, "loss": 4.047204971313477, "examples": 3280, "session_seconds": 3416.371050057998, "peak_vram_bytes": 9185131520}
{"step": 3290, "loss": 0.013881564140319824, "examples": 3290, "session_seconds": 3426.9270754710014, "peak_vram_bytes": 9185131520}
{"step": 3300, "loss": 0.014173873700201511, "examples": 3300, "session_seconds": 3437.7961055099986, "peak_vram_bytes": 9185131520}
{"step": 3310, "loss": 0.013763146474957466, "examples": 3310, "session_seconds": 3448.9092445349997, "peak_vram_bytes": 9185131520}
{"step": 3320, "loss": 0.01366110797971487, "examples": 3320, "session_seconds": 3459.431199791001, "peak_vram_bytes": 9185131520}
{"step": 3330, "loss": 6.108665943145752, "examples": 3330, "session_seconds": 3470.392419276999, "peak_vram_bytes": 9185131520}
{"step": 3340, "loss": 0.022899910807609558, "examples": 3340, "session_seconds": 3481.4205598519984, "peak_vram_bytes": 9185131520}
{"step": 3350, "loss": 0.013670237734913826, "examples": 3350, "session_seconds": 3492.302823643, "peak_vram_bytes": 9185131520}
{"step": 3360, "loss": 0.013619327917695045, "examples": 3360, "session_seconds": 3502.863677376001, "peak_vram_bytes": 9185131520}
{"step": 3370, "loss": 0.014229768887162209, "examples": 3370, "session_seconds": 3512.8398911959994, "peak_vram_bytes": 9185131520}
{"step": 3380, "loss": 0.059409547597169876, "examples": 3380, "session_seconds": 3522.8821503280014, "peak_vram_bytes": 9185131520}
{"step": 3390, "loss": 0.014047362841665745, "examples": 3390, "session_seconds": 3532.6664576879994, "peak_vram_bytes": 9185131520}
{"step": 3400, "loss": 0.014239776879549026, "examples": 3400, "session_seconds": 3543.4197711279994, "peak_vram_bytes": 9185131520}
{"step": 3410, "loss": 0.013856075704097748, "examples": 3410, "session_seconds": 3554.9118163640014, "peak_vram_bytes": 9185131520}
{"step": 3420, "loss": 10.656371116638184, "examples": 3420, "session_seconds": 3565.172048745, "peak_vram_bytes": 9185131520}
{"step": 3430, "loss": 0.013737568631768227, "examples": 3430, "session_seconds": 3574.9982903419987, "peak_vram_bytes": 9185131520}
{"step": 3440, "loss": 0.013722563162446022, "examples": 3440, "session_seconds": 3585.649077572998, "peak_vram_bytes": 9185131520}
{"step": 3450, "loss": 12.05566692352295, "examples": 3450, "session_seconds": 3596.2509700240007, "peak_vram_bytes": 9185131520}
{"step": 3460, "loss": 0.014354776591062546, "examples": 3460, "session_seconds": 3607.094200675998, "peak_vram_bytes": 9185131520}
{"step": 3470, "loss": 0.04293106123805046, "examples": 3470, "session_seconds": 3617.727799491, "peak_vram_bytes": 9185131520}
{"step": 3480, "loss": 0.014486498199403286, "examples": 3480, "session_seconds": 3628.4507542009997, "peak_vram_bytes": 9185131520}
{"step": 3490, "loss": 0.014395360834896564, "examples": 3490, "session_seconds": 3639.368586525001, "peak_vram_bytes": 9185131520}
{"step": 3500, "loss": 0.017811717465519905, "examples": 3500, "session_seconds": 3650.998944191, "peak_vram_bytes": 9185131520}
{"step": 3510, "loss": 0.013916648924350739, "examples": 3510, "session_seconds": 3661.2894966940003, "peak_vram_bytes": 9185131520}
{"step": 3520, "loss": 0.013811938464641571, "examples": 3520, "session_seconds": 3671.148134785999, "peak_vram_bytes": 9185131520}
{"step": 3530, "loss": 0.013729133643209934, "examples": 3530, "session_seconds": 3680.9803917809986, "peak_vram_bytes": 9185131520}
{"step": 3540, "loss": 0.014753893949091434, "examples": 3540, "session_seconds": 3691.1104079340002, "peak_vram_bytes": 9185131520}
{"step": 3550, "loss": 0.018737204372882843, "examples": 3550, "session_seconds": 3700.9407741940013, "peak_vram_bytes": 9185131520}
{"step": 3560, "loss": 0.014035741798579693, "examples": 3560, "session_seconds": 3710.7706793459984, "peak_vram_bytes": 9185131520}
{"step": 3570, "loss": 0.020922228693962097, "examples": 3570, "session_seconds": 3720.758612870999, "peak_vram_bytes": 9185131520}
{"step": 3580, "loss": 0.014904242940247059, "examples": 3580, "session_seconds": 3730.5943293329983, "peak_vram_bytes": 9185131520}
{"step": 3590, "loss": 0.014074068516492844, "examples": 3590, "session_seconds": 3740.6543832149982, "peak_vram_bytes": 9185131520}
{"step": 3600, "loss": 0.013756120577454567, "examples": 3600, "session_seconds": 3751.023282913, "peak_vram_bytes": 9185131520}
{"step": 3610, "loss": 0.017985213547945023, "examples": 3610, "session_seconds": 3761.210821375, "peak_vram_bytes": 9185131520}
{"step": 3620, "loss": 0.01785016432404518, "examples": 3620, "session_seconds": 3771.0538133070004, "peak_vram_bytes": 9185131520}
{"step": 3630, "loss": 0.014507760293781757, "examples": 3630, "session_seconds": 3780.959154188, "peak_vram_bytes": 9185131520}
{"step": 3640, "loss": 0.013986097648739815, "examples": 3640, "session_seconds": 3791.5612775400004, "peak_vram_bytes": 9185131520}
{"step": 3650, "loss": 0.021810926496982574, "examples": 3650, "session_seconds": 3801.9936015159983, "peak_vram_bytes": 9185131520}
{"step": 3660, "loss": 0.014001863077282906, "examples": 3660, "session_seconds": 3812.582384145, "peak_vram_bytes": 9185131520}
{"step": 3670, "loss": 0.013954932801425457, "examples": 3670, "session_seconds": 3823.7176524569986, "peak_vram_bytes": 9185131520}
{"step": 3680, "loss": 0.01463716197758913, "examples": 3680, "session_seconds": 3834.5277479590004, "peak_vram_bytes": 9185131520}
{"step": 3690, "loss": 0.013777000829577446, "examples": 3690, "session_seconds": 3845.2332259489995, "peak_vram_bytes": 9185131520}
{"step": 3700, "loss": 0.026829253882169724, "examples": 3700, "session_seconds": 3856.2490156489985, "peak_vram_bytes": 9185131520}
{"step": 3710, "loss": 0.014827960170805454, "examples": 3710, "session_seconds": 3867.698869014999, "peak_vram_bytes": 9185131520}
{"step": 3720, "loss": 0.014829608611762524, "examples": 3720, "session_seconds": 3878.399549425001, "peak_vram_bytes": 9185131520}
{"step": 3730, "loss": 0.016023604199290276, "examples": 3730, "session_seconds": 3890.028413994998, "peak_vram_bytes": 9185131520}
{"step": 3740, "loss": 0.013650760054588318, "examples": 3740, "session_seconds": 3900.945001158001, "peak_vram_bytes": 9185131520}
{"step": 3750, "loss": 0.014915398322045803, "examples": 3750, "session_seconds": 3911.6098740380003, "peak_vram_bytes": 9185131520}
{"step": 3760, "loss": 0.01602177321910858, "examples": 3760, "session_seconds": 3922.09029656, "peak_vram_bytes": 9185131520}
{"step": 3770, "loss": 0.014106358401477337, "examples": 3770, "session_seconds": 3932.8302100719993, "peak_vram_bytes": 9185131520}
{"step": 3780, "loss": 0.01389400102198124, "examples": 3780, "session_seconds": 3942.8473121360003, "peak_vram_bytes": 9185131520}
{"step": 3790, "loss": 0.013723306357860565, "examples": 3790, "session_seconds": 3952.867939956999, "peak_vram_bytes": 9185131520}
{"step": 3800, "loss": 0.01408772636204958, "examples": 3800, "session_seconds": 3963.586525431998, "peak_vram_bytes": 9185131520}
{"step": 3810, "loss": 0.022843364626169205, "examples": 3810, "session_seconds": 3974.5464063789987, "peak_vram_bytes": 9185131520}
{"step": 3820, "loss": 0.014078843407332897, "examples": 3820, "session_seconds": 3985.2211651840007, "peak_vram_bytes": 9185131520}
{"step": 3830, "loss": 0.024019069969654083, "examples": 3830, "session_seconds": 3996.074221589999, "peak_vram_bytes": 9185131520}
{"step": 3840, "loss": 0.014535629190504551, "examples": 3840, "session_seconds": 4006.608473627999, "peak_vram_bytes": 9185131520}
{"step": 3850, "loss": 0.013857042416930199, "examples": 3850, "session_seconds": 4017.0095819470007, "peak_vram_bytes": 9185131520}
{"step": 3860, "loss": 0.590088963508606, "examples": 3860, "session_seconds": 4028.0084613239997, "peak_vram_bytes": 9185131520}
{"step": 3870, "loss": 14.137797355651855, "examples": 3870, "session_seconds": 4038.756802535001, "peak_vram_bytes": 9185131520}
{"step": 3880, "loss": 0.0938192754983902, "examples": 3880, "session_seconds": 4049.2507256499994, "peak_vram_bytes": 9185131520}
{"step": 3890, "loss": 10.873793601989746, "examples": 3890, "session_seconds": 4059.839767764999, "peak_vram_bytes": 9185131520}
{"step": 3900, "loss": 0.013509660959243774, "examples": 3900, "session_seconds": 4070.894783456999, "peak_vram_bytes": 9185131520}
{"step": 3910, "loss": 0.015360110439360142, "examples": 3910, "session_seconds": 4081.9294657200007, "peak_vram_bytes": 9185131520}
{"step": 3920, "loss": 0.013816642574965954, "examples": 3920, "session_seconds": 4092.4083392559987, "peak_vram_bytes": 9185131520}
{"step": 3930, "loss": 11.1264009475708, "examples": 3930, "session_seconds": 4103.893114413, "peak_vram_bytes": 9185131520}
{"step": 3940, "loss": 0.01509458664804697, "examples": 3940, "session_seconds": 4114.687503123001, "peak_vram_bytes": 9185131520}
{"step": 3950, "loss": 0.013804846443235874, "examples": 3950, "session_seconds": 4125.291513225999, "peak_vram_bytes": 9185131520}
{"step": 3960, "loss": 0.013645783066749573, "examples": 3960, "session_seconds": 4136.269580734999, "peak_vram_bytes": 9185131520}
{"step": 3970, "loss": 0.013577129691839218, "examples": 3970, "session_seconds": 4146.703214272999, "peak_vram_bytes": 9185131520}
{"step": 3980, "loss": 19.870452880859375, "examples": 3980, "session_seconds": 4157.043379529001, "peak_vram_bytes": 9185131520}
{"step": 3990, "loss": 8.559229850769043, "examples": 3990, "session_seconds": 4167.951840505, "peak_vram_bytes": 9185131520}
{"step": 4000, "loss": 0.014706918969750404, "examples": 4000, "session_seconds": 4178.665844638999, "peak_vram_bytes": 9185131520}
wandb: 
wandb: Run history:
wandb:        examples ▁▁▁▁▁▂▂▂▂▂▂▂▂▂▃▃▃▃▃▃▄▄▅▅▅▅▅▆▆▆▆▆▆▇▇▇████
wandb:            loss ▁▁▁▁▅▄▁▁▆▇▁▁▁▁▄▁▁▁▁▁▁█▁▁█▁▁▁▁▁▁▁▁▁▁▆▁▁▁▅
wandb: peak_vram_bytes ▁▁▁▁▁▁▁▂▂▂▄▄▄▄▄▄▅▅▅▅▅▅██████████████████
wandb: session_seconds ▁▂▂▂▂▂▂▃▃▃▃▃▃▃▃▄▄▄▄▄▅▅▅▅▅▅▅▅▅▅▆▆▇▇▇█████
wandb:            step ▁▁▁▁▁▂▂▂▂▂▂▂▂▂▃▃▃▃▃▃▄▄▄▄▅▅▅▅▆▆▆▆▇▇▇▇▇▇▇█
wandb: 
wandb: Run summary:
wandb:        examples 4000
wandb:            loss 0.01471
wandb: peak_vram_bytes 9185131520
wandb: session_seconds 4178.66584
wandb:            step 4000
wandb: 
wandb: You can sync this run to the cloud by running:
wandb: wandb sync artifacts/longer-v1/4b/main/seed-11/sft/tracking/wandb/offline-run-20261004_185239-off1b9y8
wandb: Find logs at: artifacts/longer-v1/4b/main/seed-11/sft/tracking/wandb/offline-run-20261004_185239-off1b9y8/logs
{"artifact": "artifacts/longer-v1/4b/main/seed-11/sft/artifact", "elapsed_seconds": 4179.096259741}
