
{"utc": "2026-10-05T12:22:17.137678+00:00", "command": ["-m", "myjev.train", "--config", "results/longer-v1/0.8b/main/seed-33/sampled/config.json", "--data", "data/banking77/train.jsonl", "--output", "artifacts/longer-v1/0.8b/main/seed-33/sampled", "--method", "sampled", "--seed", "33", "--initial", "artifacts/longer-v1/0.8b/main/seed-33/sft/artifact"]}
Loading weights:   0%|          | 0/320 [00:00<?, ?it/s]Loading weights: 100%|██████████| 320/320 [00:00<00:00, 3614.00it/s]
wandb: Tracking run with wandb version 0.30.0
wandb: W&B syncing is set to `offline` in this directory. Run `wandb online` or set WANDB_MODE=online to enable cloud syncing.
wandb: Run data is saved locally in artifacts/longer-v1/0.8b/main/seed-33/sampled/tracking/wandb/offline-run-20261005_052226-x5mhdy5g
wandb: View this run in the terminal with `wandb leet`
[transformers] `causal_conv1d_fn` is falling back to its reference PyTorch implementation because `causal_conv1d` is not installed. This is correct but much slower; install `causal_conv1d` for the optimized kernel.
[transformers] `chunk_gated_delta_rule` is falling back to its reference PyTorch implementation because `flash-linear-attention` is not installed. This is correct but much slower; install `flash-linear-attention` for the optimized kernel.
{"step": 10, "loss": -9.71710903134213e-18, "examples": 10, "session_seconds": 9.84844190000149, "peak_vram_bytes": 1818653184}
{"step": 20, "loss": -4.2981204600761776e-15, "examples": 20, "session_seconds": 18.249725611996837, "peak_vram_bytes": 1828141568}
{"step": 30, "loss": -4.629985280473422e-19, "examples": 30, "session_seconds": 26.440372755998396, "peak_vram_bytes": 1828141568}
{"step": 40, "loss": 0.0, "examples": 40, "session_seconds": 35.42299776599975, "peak_vram_bytes": 1828141568}
{"step": 50, "loss": 0.0, "examples": 50, "session_seconds": 44.87378956300381, "peak_vram_bytes": 1828141568}
{"step": 60, "loss": 0.0, "examples": 60, "session_seconds": 54.41824845600058, "peak_vram_bytes": 1828141568}
{"step": 70, "loss": 0.0, "examples": 70, "session_seconds": 63.5704105909972, "peak_vram_bytes": 1828141568}
{"step": 80, "loss": -1.1863354200319578e-16, "examples": 80, "session_seconds": 72.84413569000026, "peak_vram_bytes": 1828141568}
{"step": 90, "loss": 0.0, "examples": 90, "session_seconds": 82.05351938899548, "peak_vram_bytes": 1828141568}
{"step": 100, "loss": -8.275626376471292e-17, "examples": 100, "session_seconds": 91.11624412199308, "peak_vram_bytes": 1828141568}
Warning: You are sending unauthenticated requests to the HF Hub. Please set a HF_TOKEN to enable higher rate limits and faster downloads.
{"step": 110, "loss": 0.0, "examples": 110, "session_seconds": 101.39225443000032, "peak_vram_bytes": 1828141568}
{"step": 120, "loss": -4.1329283889334997e-16, "examples": 120, "session_seconds": 110.41069172199059, "peak_vram_bytes": 1828141568}
{"step": 130, "loss": -1.1707594105742373e-16, "examples": 130, "session_seconds": 120.16362881699752, "peak_vram_bytes": 1828141568}
{"step": 140, "loss": 0.0, "examples": 140, "session_seconds": 129.55089157099428, "peak_vram_bytes": 1828141568}
{"step": 150, "loss": 0.0, "examples": 150, "session_seconds": 139.38465259798977, "peak_vram_bytes": 1830562816}
{"step": 160, "loss": 0.0, "examples": 160, "session_seconds": 149.15041099399969, "peak_vram_bytes": 1830562816}
{"step": 170, "loss": 4.8745567044622407e-14, "examples": 170, "session_seconds": 158.87003753500176, "peak_vram_bytes": 1830562816}
{"step": 180, "loss": 0.0, "examples": 180, "session_seconds": 168.66236490900337, "peak_vram_bytes": 1830562816}
{"step": 190, "loss": -1.1739182081927854e-15, "examples": 190, "session_seconds": 178.50687435400323, "peak_vram_bytes": 1830562816}
{"step": 200, "loss": 0.0, "examples": 200, "session_seconds": 188.03815097900224, "peak_vram_bytes": 1830562816}
{"step": 210, "loss": 0.0, "examples": 210, "session_seconds": 197.69631279799796, "peak_vram_bytes": 1830562816}
{"step": 220, "loss": 0.025207720696926117, "examples": 220, "session_seconds": 206.82493152900133, "peak_vram_bytes": 1830562816}
{"step": 230, "loss": -4.68431157984962e-15, "examples": 230, "session_seconds": 216.1248496729968, "peak_vram_bytes": 1831750656}
{"step": 240, "loss": -3.897575519978564e-16, "examples": 240, "session_seconds": 225.78883975799545, "peak_vram_bytes": 1831750656}
{"step": 250, "loss": 0.0, "examples": 250, "session_seconds": 234.86963832400215, "peak_vram_bytes": 1831750656}
{"step": 260, "loss": -1.9491247202836116e-16, "examples": 260, "session_seconds": 243.85699758099508, "peak_vram_bytes": 1831750656}
{"step": 270, "loss": 0.0, "examples": 270, "session_seconds": 253.36040270999365, "peak_vram_bytes": 1832005632}
{"step": 280, "loss": -1.4050858661795139e-14, "examples": 280, "session_seconds": 262.6823035499983, "peak_vram_bytes": 1832005632}
{"step": 290, "loss": -3.847660133094664e-16, "examples": 290, "session_seconds": 271.86774102499476, "peak_vram_bytes": 1832005632}
{"step": 300, "loss": -3.8178723666198945e-16, "examples": 300, "session_seconds": 280.95928404599545, "peak_vram_bytes": 1832005632}
{"step": 310, "loss": 0.0, "examples": 310, "session_seconds": 290.9287212789932, "peak_vram_bytes": 1832005632}
{"step": 320, "loss": -2.5494397340131917e-16, "examples": 320, "session_seconds": 299.62488956199377, "peak_vram_bytes": 1832005632}
{"step": 330, "loss": -1.1108386058195736e-15, "examples": 330, "session_seconds": 308.77670722900075, "peak_vram_bytes": 1832005632}
{"step": 340, "loss": -4.594063183934989e-16, "examples": 340, "session_seconds": 317.6284310530027, "peak_vram_bytes": 1832005632}
{"step": 350, "loss": -9.014576728515861e-16, "examples": 350, "session_seconds": 326.07632166599797, "peak_vram_bytes": 1832005632}
{"step": 360, "loss": 0.0, "examples": 360, "session_seconds": 334.44816675600305, "peak_vram_bytes": 1832005632}
{"step": 370, "loss": -7.908532329177747e-15, "examples": 370, "session_seconds": 342.7772688260011, "peak_vram_bytes": 1832005632}
{"step": 380, "loss": -4.0629020576016185e-16, "examples": 380, "session_seconds": 352.14759349799715, "peak_vram_bytes": 1832005632}
{"step": 390, "loss": 0.07330518960952759, "examples": 390, "session_seconds": 361.52929265899, "peak_vram_bytes": 1832005632}
{"step": 400, "loss": 0.0, "examples": 400, "session_seconds": 370.92251716299506, "peak_vram_bytes": 1832005632}
{"step": 410, "loss": -0.007923698052763939, "examples": 410, "session_seconds": 380.5350384249905, "peak_vram_bytes": 1832005632}
{"step": 420, "loss": 3.099218909225008e-16, "examples": 420, "session_seconds": 389.761182688002, "peak_vram_bytes": 1832005632}
{"step": 430, "loss": 0.0, "examples": 430, "session_seconds": 398.43494918200304, "peak_vram_bytes": 1832005632}
{"step": 440, "loss": 0.0, "examples": 440, "session_seconds": 406.7357928440033, "peak_vram_bytes": 1832005632}
{"step": 450, "loss": -7.219034698739419e-16, "examples": 450, "session_seconds": 414.8843869239936, "peak_vram_bytes": 1832005632}
{"step": 460, "loss": 0.0, "examples": 460, "session_seconds": 423.5577110919985, "peak_vram_bytes": 1832005632}
{"step": 470, "loss": 0.0, "examples": 470, "session_seconds": 432.64593603600224, "peak_vram_bytes": 1832005632}
{"step": 480, "loss": 0.0, "examples": 480, "session_seconds": 440.89140571399184, "peak_vram_bytes": 1832005632}
{"step": 490, "loss": 0.0, "examples": 490, "session_seconds": 449.31553374299256, "peak_vram_bytes": 1832005632}
{"step": 500, "loss": -4.895733438704016e-16, "examples": 500, "session_seconds": 457.6959869400016, "peak_vram_bytes": 1832005632}
{"step": 510, "loss": 0.0, "examples": 510, "session_seconds": 466.40057714199065, "peak_vram_bytes": 1832005632}
{"step": 520, "loss": -7.250379682348157e-16, "examples": 520, "session_seconds": 474.87571876899165, "peak_vram_bytes": 1832005632}
{"step": 530, "loss": -1.1941814597525948e-15, "examples": 530, "session_seconds": 483.8962626510038, "peak_vram_bytes": 1832005632}
{"step": 540, "loss": 0.0, "examples": 540, "session_seconds": 492.63073696399806, "peak_vram_bytes": 1832005632}
{"step": 550, "loss": 0.0, "examples": 550, "session_seconds": 501.3274205339985, "peak_vram_bytes": 1832005632}
{"step": 560, "loss": -3.4526221247640652e-15, "examples": 560, "session_seconds": 509.6918564529915, "peak_vram_bytes": 1832005632}
{"step": 570, "loss": -4.838099728786058e-15, "examples": 570, "session_seconds": 518.1411806129909, "peak_vram_bytes": 1832005632}
{"step": 580, "loss": 0.0, "examples": 580, "session_seconds": 526.7978821529978, "peak_vram_bytes": 1832005632}
{"step": 590, "loss": -1.2452818986692627e-15, "examples": 590, "session_seconds": 535.2255327919993, "peak_vram_bytes": 1832005632}
{"step": 600, "loss": 0.0, "examples": 600, "session_seconds": 544.0504740799952, "peak_vram_bytes": 1832005632}
{"step": 610, "loss": 0.0, "examples": 610, "session_seconds": 553.4970668769965, "peak_vram_bytes": 1832005632}
{"step": 620, "loss": 0.0, "examples": 620, "session_seconds": 562.8610878829932, "peak_vram_bytes": 1832005632}
{"step": 630, "loss": -1.131497739403106e-15, "examples": 630, "session_seconds": 571.920397363996, "peak_vram_bytes": 1832005632}
{"step": 640, "loss": -1.7881442854195129e-12, "examples": 640, "session_seconds": 581.1496835360012, "peak_vram_bytes": 1832005632}
{"step": 650, "loss": -2.1691865798977982e-15, "examples": 650, "session_seconds": 589.588970027995, "peak_vram_bytes": 1832005632}
{"step": 660, "loss": -1.5677961519625604e-15, "examples": 660, "session_seconds": 597.9541299639968, "peak_vram_bytes": 1832005632}
{"step": 670, "loss": 0.0, "examples": 670, "session_seconds": 606.4697285059956, "peak_vram_bytes": 1832005632}
{"step": 680, "loss": 7.246094225030642e-16, "examples": 680, "session_seconds": 615.5642125939921, "peak_vram_bytes": 1832005632}
{"step": 690, "loss": -6.379404501806766e-15, "examples": 690, "session_seconds": 624.6188394850033, "peak_vram_bytes": 1832005632}
{"step": 700, "loss": 0.0, "examples": 700, "session_seconds": 633.7035176539939, "peak_vram_bytes": 1832005632}
{"step": 710, "loss": 0.0, "examples": 710, "session_seconds": 643.1168428590026, "peak_vram_bytes": 1832005632}
{"step": 720, "loss": 0.0, "examples": 720, "session_seconds": 652.3360147499916, "peak_vram_bytes": 1832005632}
{"step": 730, "loss": -5.7346104115883235e-15, "examples": 730, "session_seconds": 661.3086077039916, "peak_vram_bytes": 1832005632}
{"step": 740, "loss": 0.0, "examples": 740, "session_seconds": 670.7862638439983, "peak_vram_bytes": 1832005632}
{"step": 750, "loss": 0.0, "examples": 750, "session_seconds": 679.2961590439954, "peak_vram_bytes": 1832005632}
{"step": 760, "loss": 0.0, "examples": 760, "session_seconds": 687.6020508959919, "peak_vram_bytes": 1832005632}
{"step": 770, "loss": 5.511976695248477e-15, "examples": 770, "session_seconds": 696.0179862009973, "peak_vram_bytes": 1832005632}
{"step": 780, "loss": -2.4086059481533834e-15, "examples": 780, "session_seconds": 704.475083953992, "peak_vram_bytes": 1832005632}
{"step": 790, "loss": 0.0, "examples": 790, "session_seconds": 712.8711950839934, "peak_vram_bytes": 1832005632}
{"step": 800, "loss": 0.0, "examples": 800, "session_seconds": 721.331960423995, "peak_vram_bytes": 1832005632}
{"step": 810, "loss": 0.0, "examples": 810, "session_seconds": 730.126804694999, "peak_vram_bytes": 1832005632}
{"step": 820, "loss": -2.0045149046220897e-15, "examples": 820, "session_seconds": 738.5928796160006, "peak_vram_bytes": 1832005632}
{"step": 830, "loss": -2.4428040563658285e-15, "examples": 830, "session_seconds": 747.1010916829982, "peak_vram_bytes": 1832005632}
{"step": 840, "loss": 5.824245599694855e-12, "examples": 840, "session_seconds": 755.6315959729982, "peak_vram_bytes": 1832005632}
{"step": 850, "loss": -2.335233413163374e-15, "examples": 850, "session_seconds": 764.087093234004, "peak_vram_bytes": 1832005632}
{"step": 860, "loss": -5.7786535837467054e-15, "examples": 860, "session_seconds": 772.8733366989909, "peak_vram_bytes": 1832005632}
{"step": 870, "loss": 0.0, "examples": 870, "session_seconds": 781.2557604250032, "peak_vram_bytes": 1832005632}
{"step": 880, "loss": -3.018259182489087e-15, "examples": 880, "session_seconds": 789.6999542159901, "peak_vram_bytes": 1832005632}
{"step": 890, "loss": 0.0, "examples": 890, "session_seconds": 798.0888288029964, "peak_vram_bytes": 1832005632}
{"step": 900, "loss": -1.076386070085597e-15, "examples": 900, "session_seconds": 806.4481468519953, "peak_vram_bytes": 1832005632}
{"step": 910, "loss": 0.21395647525787354, "examples": 910, "session_seconds": 815.1618363140005, "peak_vram_bytes": 1832005632}
{"step": 920, "loss": 0.0, "examples": 920, "session_seconds": 823.4293657029921, "peak_vram_bytes": 1832005632}
{"step": 930, "loss": 0.0, "examples": 930, "session_seconds": 831.7834982249915, "peak_vram_bytes": 1832005632}
{"step": 940, "loss": 0.0231595728546381, "examples": 940, "session_seconds": 840.1591776459973, "peak_vram_bytes": 1832005632}
{"step": 950, "loss": -0.05081405118107796, "examples": 950, "session_seconds": 848.4427311420004, "peak_vram_bytes": 1832005632}
{"step": 960, "loss": 0.0, "examples": 960, "session_seconds": 856.4404130159965, "peak_vram_bytes": 1832005632}
{"step": 970, "loss": -2.9753899979955995e-15, "examples": 970, "session_seconds": 864.8266037849971, "peak_vram_bytes": 1832005632}
{"step": 980, "loss": 0.0, "examples": 980, "session_seconds": 873.1928243889997, "peak_vram_bytes": 1832005632}
{"step": 990, "loss": 0.06658045947551727, "examples": 990, "session_seconds": 881.5445235679945, "peak_vram_bytes": 1832005632}
{"step": 1000, "loss": 0.026464179158210754, "examples": 1000, "session_seconds": 889.9158214799972, "peak_vram_bytes": 1832005632}
{"step": 1010, "loss": 2.547877013536759e-11, "examples": 1010, "session_seconds": 898.6392215069936, "peak_vram_bytes": 1832005632}
{"step": 1020, "loss": -6.6931175533825e-15, "examples": 1020, "session_seconds": 907.7332673929923, "peak_vram_bytes": 1832005632}
{"step": 1030, "loss": -1.712014014441151e-14, "examples": 1030, "session_seconds": 917.0346120670001, "peak_vram_bytes": 1832005632}
{"step": 1040, "loss": 0.0, "examples": 1040, "session_seconds": 926.6140068759996, "peak_vram_bytes": 1832005632}
{"step": 1050, "loss": 0.05127967521548271, "examples": 1050, "session_seconds": 935.9491382429987, "peak_vram_bytes": 1832005632}
{"step": 1060, "loss": 0.0, "examples": 1060, "session_seconds": 945.492030961992, "peak_vram_bytes": 1832005632}
{"step": 1070, "loss": -6.446614025072553e-15, "examples": 1070, "session_seconds": 954.3684501829994, "peak_vram_bytes": 1832005632}
{"step": 1080, "loss": -2.1846568743497455e-14, "examples": 1080, "session_seconds": 963.6744325969921, "peak_vram_bytes": 1832005632}
{"step": 1090, "loss": 4.340150743138704e-14, "examples": 1090, "session_seconds": 972.6762948889955, "peak_vram_bytes": 1832005632}
{"step": 1100, "loss": 0.12122474610805511, "examples": 1100, "session_seconds": 981.8697432490007, "peak_vram_bytes": 1832005632}
{"step": 1110, "loss": -2.3971789654751545e-14, "examples": 1110, "session_seconds": 991.5881541209965, "peak_vram_bytes": 1832005632}
{"step": 1120, "loss": -2.6137951056478224e-14, "examples": 1120, "session_seconds": 1001.1265432279906, "peak_vram_bytes": 1832005632}
{"step": 1130, "loss": -1.9348282335020575e-14, "examples": 1130, "session_seconds": 1010.8707170459966, "peak_vram_bytes": 1832005632}
{"step": 1140, "loss": 0.0, "examples": 1140, "session_seconds": 1020.4415023089969, "peak_vram_bytes": 1832005632}
{"step": 1150, "loss": 0.0, "examples": 1150, "session_seconds": 1030.039257010998, "peak_vram_bytes": 1832005632}
{"step": 1160, "loss": 0.0, "examples": 1160, "session_seconds": 1039.1243652629928, "peak_vram_bytes": 1832005632}
{"step": 1170, "loss": 0.0, "examples": 1170, "session_seconds": 1048.6213171620038, "peak_vram_bytes": 1832005632}
{"step": 1180, "loss": 0.0, "examples": 1180, "session_seconds": 1058.1788215449924, "peak_vram_bytes": 1832005632}
{"step": 1190, "loss": 0.0, "examples": 1190, "session_seconds": 1067.8407105419901, "peak_vram_bytes": 1832005632}
{"step": 1200, "loss": -7.828785363039881e-14, "examples": 1200, "session_seconds": 1077.7146348169917, "peak_vram_bytes": 1832005632}
{"step": 1210, "loss": -6.85672899751813e-14, "examples": 1210, "session_seconds": 1087.6858046470006, "peak_vram_bytes": 1832005632}
{"step": 1220, "loss": -7.797857953968645e-13, "examples": 1220, "session_seconds": 1096.9849165959895, "peak_vram_bytes": 1832005632}
{"step": 1230, "loss": -1.8042789755746275e-13, "examples": 1230, "session_seconds": 1106.0671538699971, "peak_vram_bytes": 1832005632}
{"step": 1240, "loss": -2.237981799662822e-13, "examples": 1240, "session_seconds": 1115.451879343993, "peak_vram_bytes": 1832005632}
{"step": 1250, "loss": -2.699697019756253e-13, "examples": 1250, "session_seconds": 1124.299260889995, "peak_vram_bytes": 1832005632}
{"step": 1260, "loss": 0.0, "examples": 1260, "session_seconds": 1132.682100823993, "peak_vram_bytes": 1832005632}
{"step": 1270, "loss": -9.494980485452026e-14, "examples": 1270, "session_seconds": 1141.2467461019987, "peak_vram_bytes": 1832005632}
{"step": 1280, "loss": 0.0, "examples": 1280, "session_seconds": 1150.226902636001, "peak_vram_bytes": 1832005632}
{"step": 1290, "loss": 3.6425423788344347e-10, "examples": 1290, "session_seconds": 1159.389713297991, "peak_vram_bytes": 1832005632}
{"step": 1300, "loss": 1.0268835087812178e-10, "examples": 1300, "session_seconds": 1168.3832648309908, "peak_vram_bytes": 1832005632}
{"step": 1310, "loss": -2.860967485054239e-13, "examples": 1310, "session_seconds": 1177.394070897004, "peak_vram_bytes": 1832005632}
{"step": 1320, "loss": 0.0, "examples": 1320, "session_seconds": 1186.1596567929955, "peak_vram_bytes": 1832005632}
{"step": 1330, "loss": 0.0, "examples": 1330, "session_seconds": 1194.9340647289937, "peak_vram_bytes": 1832005632}
{"step": 1340, "loss": -6.119949924436596e-14, "examples": 1340, "session_seconds": 1203.4327123949915, "peak_vram_bytes": 1832005632}
{"step": 1350, "loss": -2.659321601903436e-13, "examples": 1350, "session_seconds": 1211.8677613479958, "peak_vram_bytes": 1832005632}
{"step": 1360, "loss": -1.7660258834744508e-13, "examples": 1360, "session_seconds": 1220.4655691880034, "peak_vram_bytes": 1832005632}
{"step": 1370, "loss": 0.0, "examples": 1370, "session_seconds": 1229.0759372119937, "peak_vram_bytes": 1832005632}
{"step": 1380, "loss": -6.885769352708154e-14, "examples": 1380, "session_seconds": 1237.357377991997, "peak_vram_bytes": 1832005632}
{"step": 1390, "loss": -0.08382020890712738, "examples": 1390, "session_seconds": 1246.0582857800036, "peak_vram_bytes": 1832005632}
{"step": 1400, "loss": -7.16637103934277e-14, "examples": 1400, "session_seconds": 1254.5072928729933, "peak_vram_bytes": 1832005632}
{"step": 1410, "loss": -2.1589061918389496e-13, "examples": 1410, "session_seconds": 1263.5310501539934, "peak_vram_bytes": 1832005632}
{"step": 1420, "loss": -8.510515426066179e-14, "examples": 1420, "session_seconds": 1272.3742803399946, "peak_vram_bytes": 1832005632}
{"step": 1430, "loss": 0.0, "examples": 1430, "session_seconds": 1281.6244166179968, "peak_vram_bytes": 1832005632}
{"step": 1440, "loss": 0.0, "examples": 1440, "session_seconds": 1290.8347162110003, "peak_vram_bytes": 1832005632}
{"step": 1450, "loss": -9.384365029854735e-13, "examples": 1450, "session_seconds": 1299.2145403899922, "peak_vram_bytes": 1832005632}
{"step": 1460, "loss": 0.354387104511261, "examples": 1460, "session_seconds": 1307.6379571589932, "peak_vram_bytes": 1832005632}
{"step": 1470, "loss": -1.0251359223306666e-12, "examples": 1470, "session_seconds": 1316.002805926997, "peak_vram_bytes": 1832005632}
{"step": 1480, "loss": 0.0, "examples": 1480, "session_seconds": 1324.1640498319903, "peak_vram_bytes": 1832005632}
{"step": 1490, "loss": -1.165829151966724e-12, "examples": 1490, "session_seconds": 1333.3585073849972, "peak_vram_bytes": 1832005632}
{"step": 1500, "loss": 2.1405648364947183e-09, "examples": 1500, "session_seconds": 1342.3462219659996, "peak_vram_bytes": 1832005632}
{"step": 1510, "loss": -0.02047973871231079, "examples": 1510, "session_seconds": 1351.1197771839943, "peak_vram_bytes": 1832005632}
{"step": 1520, "loss": -1.1928721899145955e-12, "examples": 1520, "session_seconds": 1359.6452255189943, "peak_vram_bytes": 1832005632}
{"step": 1530, "loss": 0.0, "examples": 1530, "session_seconds": 1368.8106432740024, "peak_vram_bytes": 1832790016}
{"step": 1540, "loss": -4.027932501426967e-12, "examples": 1540, "session_seconds": 1378.0568821030029, "peak_vram_bytes": 1832790016}
{"step": 1550, "loss": 0.0, "examples": 1550, "session_seconds": 1386.7462675879942, "peak_vram_bytes": 1832790016}
{"step": 1560, "loss": -1.1387367828200046e-12, "examples": 1560, "session_seconds": 1395.0489111100032, "peak_vram_bytes": 1832790016}
{"step": 1570, "loss": 0.0, "examples": 1570, "session_seconds": 1403.386590715003, "peak_vram_bytes": 1832790016}
{"step": 1580, "loss": 0.0, "examples": 1580, "session_seconds": 1411.7730949219986, "peak_vram_bytes": 1832790016}
{"step": 1590, "loss": -9.554462256089469e-12, "examples": 1590, "session_seconds": 1420.2513988260034, "peak_vram_bytes": 1832790016}
{"step": 1600, "loss": 0.0, "examples": 1600, "session_seconds": 1428.6643725089962, "peak_vram_bytes": 1832790016}
{"step": 1610, "loss": -1.1164368041161055e-12, "examples": 1610, "session_seconds": 1437.5008976809913, "peak_vram_bytes": 1832790016}
{"step": 1620, "loss": 0.0, "examples": 1620, "session_seconds": 1446.8955184789957, "peak_vram_bytes": 1832790016}
{"step": 1630, "loss": -1.1525550479285496e-12, "examples": 1630, "session_seconds": 1456.0486168770003, "peak_vram_bytes": 1832790016}
{"step": 1640, "loss": 0.0, "examples": 1640, "session_seconds": 1465.1165171320026, "peak_vram_bytes": 1832790016}
{"step": 1650, "loss": 0.0, "examples": 1650, "session_seconds": 1473.7106999509997, "peak_vram_bytes": 1832790016}
{"step": 1660, "loss": 0.0, "examples": 1660, "session_seconds": 1482.9430212470033, "peak_vram_bytes": 1832790016}
{"step": 1670, "loss": 0.029461143538355827, "examples": 1670, "session_seconds": 1492.1981238899898, "peak_vram_bytes": 1832790016}
{"step": 1680, "loss": -9.791562092381634e-13, "examples": 1680, "session_seconds": 1501.7938877999986, "peak_vram_bytes": 1832790016}
{"step": 1690, "loss": 0.0, "examples": 1690, "session_seconds": 1511.4943628570036, "peak_vram_bytes": 1832790016}
{"step": 1700, "loss": 5.916749312717684e-09, "examples": 1700, "session_seconds": 1521.1016356070031, "peak_vram_bytes": 1832790016}
{"step": 1710, "loss": -7.377202147773598e-13, "examples": 1710, "session_seconds": 1530.7878332359978, "peak_vram_bytes": 1832790016}
{"step": 1720, "loss": 0.0, "examples": 1720, "session_seconds": 1539.3191891089955, "peak_vram_bytes": 1832790016}
{"step": 1730, "loss": -6.676949032731472e-13, "examples": 1730, "session_seconds": 1548.8646816399996, "peak_vram_bytes": 1832790016}
{"step": 1740, "loss": -2.7254343530278e-13, "examples": 1740, "session_seconds": 1557.425263017998, "peak_vram_bytes": 1832790016}
{"step": 1750, "loss": 0.0, "examples": 1750, "session_seconds": 1565.8945029210008, "peak_vram_bytes": 1832790016}
{"step": 1760, "loss": 0.0, "examples": 1760, "session_seconds": 1574.5906554389949, "peak_vram_bytes": 1832790016}
{"step": 1770, "loss": -2.62695437234714e-13, "examples": 1770, "session_seconds": 1583.703303782997, "peak_vram_bytes": 1835414016}
{"step": 1780, "loss": -2.3822900574975436e-13, "examples": 1780, "session_seconds": 1592.8095501689968, "peak_vram_bytes": 1835414016}
{"step": 1790, "loss": 0.0, "examples": 1790, "session_seconds": 1602.0338120550005, "peak_vram_bytes": 1835414016}
{"step": 1800, "loss": 0.0, "examples": 1800, "session_seconds": 1611.3769154829934, "peak_vram_bytes": 1835414016}
{"step": 1810, "loss": -2.170731313883706e-13, "examples": 1810, "session_seconds": 1621.279780094992, "peak_vram_bytes": 1835414016}
{"step": 1820, "loss": 0.0, "examples": 1820, "session_seconds": 1631.1341633729899, "peak_vram_bytes": 1835414016}
{"step": 1830, "loss": 0.0, "examples": 1830, "session_seconds": 1640.4881075349986, "peak_vram_bytes": 1835414016}
{"step": 1840, "loss": -1.9129724117706443e-13, "examples": 1840, "session_seconds": 1649.6317533760011, "peak_vram_bytes": 1835414016}
{"step": 1850, "loss": -2.579328352465826e-13, "examples": 1850, "session_seconds": 1658.566504855, "peak_vram_bytes": 1835414016}
{"step": 1860, "loss": 0.0, "examples": 1860, "session_seconds": 1667.5464163029974, "peak_vram_bytes": 1835414016}
{"step": 1870, "loss": 0.0, "examples": 1870, "session_seconds": 1676.8734778119979, "peak_vram_bytes": 1835414016}
{"step": 1880, "loss": -2.7343473080372604e-13, "examples": 1880, "session_seconds": 1685.650276440996, "peak_vram_bytes": 1835414016}
{"step": 1890, "loss": -2.887068839205198e-13, "examples": 1890, "session_seconds": 1694.0936065739952, "peak_vram_bytes": 1835414016}
{"step": 1900, "loss": -7.354135746553969e-13, "examples": 1900, "session_seconds": 1702.4316270479903, "peak_vram_bytes": 1835414016}
{"step": 1910, "loss": -2.534124982338931e-13, "examples": 1910, "session_seconds": 1711.1285329669918, "peak_vram_bytes": 1835414016}
{"step": 1920, "loss": -2.368749185514829e-13, "examples": 1920, "session_seconds": 1719.4638419629919, "peak_vram_bytes": 1835414016}
{"step": 1930, "loss": -0.09432215988636017, "examples": 1930, "session_seconds": 1728.649698535999, "peak_vram_bytes": 1835414016}
{"step": 1940, "loss": 0.0, "examples": 1940, "session_seconds": 1737.1783224259998, "peak_vram_bytes": 1835414016}
{"step": 1950, "loss": 0.0, "examples": 1950, "session_seconds": 1745.6131689239992, "peak_vram_bytes": 1835414016}
{"step": 1960, "loss": -8.975444627974671e-13, "examples": 1960, "session_seconds": 1753.9130757649982, "peak_vram_bytes": 1835414016}
{"step": 1970, "loss": 0.0, "examples": 1970, "session_seconds": 1762.2272227939975, "peak_vram_bytes": 1835414016}
{"step": 1980, "loss": 0.0, "examples": 1980, "session_seconds": 1770.5691333189898, "peak_vram_bytes": 1835414016}
{"step": 1990, "loss": -2.50991474782733e-13, "examples": 1990, "session_seconds": 1778.8845415779942, "peak_vram_bytes": 1835414016}
{"step": 2000, "loss": 0.0, "examples": 2000, "session_seconds": 1787.14833872499, "peak_vram_bytes": 1835414016}
{"step": 2010, "loss": 0.042755432426929474, "examples": 2010, "session_seconds": 1796.0861667409918, "peak_vram_bytes": 1835414016}
{"step": 2020, "loss": -2.6111868201526833e-13, "examples": 2020, "session_seconds": 1805.0107212199946, "peak_vram_bytes": 1835414016}
{"step": 2030, "loss": -8.360583818138589e-13, "examples": 2030, "session_seconds": 1813.8613100419898, "peak_vram_bytes": 1835414016}
{"step": 2040, "loss": -1.118204595758343e-12, "examples": 2040, "session_seconds": 1822.0734929030004, "peak_vram_bytes": 1835414016}
{"step": 2050, "loss": -2.6743808990287166e-13, "examples": 2050, "session_seconds": 1830.5119387290033, "peak_vram_bytes": 1835414016}
{"step": 2060, "loss": -8.613437111996969e-13, "examples": 2060, "session_seconds": 1839.1062362609955, "peak_vram_bytes": 1835414016}
{"step": 2070, "loss": -1.1213536609683272e-12, "examples": 2070, "session_seconds": 1848.1218213819957, "peak_vram_bytes": 1835414016}
{"step": 2080, "loss": 0.0, "examples": 2080, "session_seconds": 1857.7337239359913, "peak_vram_bytes": 1835414016}
{"step": 2090, "loss": 0.01451694592833519, "examples": 2090, "session_seconds": 1867.3079034529947, "peak_vram_bytes": 1835414016}
{"step": 2100, "loss": -0.07641392201185226, "examples": 2100, "session_seconds": 1876.3193749209895, "peak_vram_bytes": 1835414016}
{"step": 2110, "loss": -2.4963889462548128e-12, "examples": 2110, "session_seconds": 1885.8890273369907, "peak_vram_bytes": 1835414016}
{"step": 2120, "loss": 0.0, "examples": 2120, "session_seconds": 1895.3810267899971, "peak_vram_bytes": 1835414016}
{"step": 2130, "loss": 0.0, "examples": 2130, "session_seconds": 1904.9796314760024, "peak_vram_bytes": 1835414016}
{"step": 2140, "loss": -4.167251179548748e-12, "examples": 2140, "session_seconds": 1914.5151234499936, "peak_vram_bytes": 1835414016}
{"step": 2150, "loss": -0.020561804994940758, "examples": 2150, "session_seconds": 1924.1946409749944, "peak_vram_bytes": 1835414016}
{"step": 2160, "loss": 0.0, "examples": 2160, "session_seconds": 1933.1396124530002, "peak_vram_bytes": 1835414016}
{"step": 2170, "loss": -0.01117758359760046, "examples": 2170, "session_seconds": 1942.012827817991, "peak_vram_bytes": 1835414016}
{"step": 2180, "loss": -0.049196407198905945, "examples": 2180, "session_seconds": 1951.1510690029972, "peak_vram_bytes": 1835414016}
{"step": 2190, "loss": -0.00431758863851428, "examples": 2190, "session_seconds": 1960.7612425639963, "peak_vram_bytes": 1835414016}
{"step": 2200, "loss": 0.2739076614379883, "examples": 2200, "session_seconds": 1970.2326189909945, "peak_vram_bytes": 1835414016}
{"step": 2210, "loss": -0.1048252135515213, "examples": 2210, "session_seconds": 1980.2553647769964, "peak_vram_bytes": 1835414016}
{"step": 2220, "loss": 0.0, "examples": 2220, "session_seconds": 1989.773738207994, "peak_vram_bytes": 1835414016}
{"step": 2230, "loss": -0.007614864967763424, "examples": 2230, "session_seconds": 1998.9117724739917, "peak_vram_bytes": 1835414016}
{"step": 2240, "loss": 0.0, "examples": 2240, "session_seconds": 2008.4396661339997, "peak_vram_bytes": 1835414016}
{"step": 2250, "loss": 0.06609770655632019, "examples": 2250, "session_seconds": 2017.8923549750034, "peak_vram_bytes": 1835414016}
{"step": 2260, "loss": -0.9092073440551758, "examples": 2260, "session_seconds": 2027.013523732996, "peak_vram_bytes": 1835414016}
{"step": 2270, "loss": 0.02699343115091324, "examples": 2270, "session_seconds": 2036.6836027779937, "peak_vram_bytes": 1835414016}
{"step": 2280, "loss": 0.0038436949253082275, "examples": 2280, "session_seconds": 2046.1708644079918, "peak_vram_bytes": 1835414016}
{"step": 2290, "loss": -0.10633563250303268, "examples": 2290, "session_seconds": 2055.3562159659923, "peak_vram_bytes": 1835414016}
{"step": 2300, "loss": 0.0430540032684803, "examples": 2300, "session_seconds": 2064.9161869569944, "peak_vram_bytes": 1835414016}
{"step": 2310, "loss": 0.05525294691324234, "examples": 2310, "session_seconds": 2073.737185439997, "peak_vram_bytes": 1835414016}
{"step": 2320, "loss": -0.009042344987392426, "examples": 2320, "session_seconds": 2082.729994509995, "peak_vram_bytes": 1835414016}
{"step": 2330, "loss": -1.2031372785568237, "examples": 2330, "session_seconds": 2091.7385570059996, "peak_vram_bytes": 1835414016}
{"step": 2340, "loss": -0.09841667115688324, "examples": 2340, "session_seconds": 2100.646701147998, "peak_vram_bytes": 1835414016}
{"step": 2350, "loss": -0.032292190939188004, "examples": 2350, "session_seconds": 2110.1628183629946, "peak_vram_bytes": 1835414016}
{"step": 2360, "loss": -0.08375637233257294, "examples": 2360, "session_seconds": 2119.439944092999, "peak_vram_bytes": 1835414016}
{"step": 2370, "loss": -0.7678601741790771, "examples": 2370, "session_seconds": 2128.957910144003, "peak_vram_bytes": 1835414016}
{"step": 2380, "loss": -0.008248168975114822, "examples": 2380, "session_seconds": 2138.379698527002, "peak_vram_bytes": 1835414016}
{"step": 2390, "loss": -0.013825599104166031, "examples": 2390, "session_seconds": 2147.5149988710036, "peak_vram_bytes": 1835414016}
{"step": 2400, "loss": -0.032714374363422394, "examples": 2400, "session_seconds": 2156.847199290991, "peak_vram_bytes": 1835414016}
{"step": 2410, "loss": -0.08583259582519531, "examples": 2410, "session_seconds": 2166.0827378129907, "peak_vram_bytes": 1835414016}
{"step": 2420, "loss": -0.2043580710887909, "examples": 2420, "session_seconds": 2174.241499597003, "peak_vram_bytes": 1835414016}
{"step": 2430, "loss": 0.12551555037498474, "examples": 2430, "session_seconds": 2182.551787695993, "peak_vram_bytes": 1835414016}
{"step": 2440, "loss": -0.004245328716933727, "examples": 2440, "session_seconds": 2191.2639297179994, "peak_vram_bytes": 1835414016}
{"step": 2450, "loss": 0.25716811418533325, "examples": 2450, "session_seconds": 2200.5975515309983, "peak_vram_bytes": 1835414016}
{"step": 2460, "loss": -0.01826772652566433, "examples": 2460, "session_seconds": 2209.8660318149923, "peak_vram_bytes": 1835414016}
{"step": 2470, "loss": 0.2131820023059845, "examples": 2470, "session_seconds": 2219.1529569839913, "peak_vram_bytes": 1835414016}
{"step": 2480, "loss": -0.19303160905838013, "examples": 2480, "session_seconds": 2228.4558467419993, "peak_vram_bytes": 1835414016}
{"step": 2490, "loss": -0.09446083754301071, "examples": 2490, "session_seconds": 2237.0609243289946, "peak_vram_bytes": 1835414016}
{"step": 2500, "loss": -0.015849418938159943, "examples": 2500, "session_seconds": 2245.817273441993, "peak_vram_bytes": 1835414016}
{"step": 2510, "loss": -0.018116604536771774, "examples": 2510, "session_seconds": 2254.2943960519915, "peak_vram_bytes": 1835414016}
{"step": 2520, "loss": -0.049437157809734344, "examples": 2520, "session_seconds": 2262.7118955189944, "peak_vram_bytes": 1835414016}
{"step": 2530, "loss": -0.09129060804843903, "examples": 2530, "session_seconds": 2271.1292100510036, "peak_vram_bytes": 1835414016}
{"step": 2540, "loss": 0.009415190666913986, "examples": 2540, "session_seconds": 2279.6740853880037, "peak_vram_bytes": 1835414016}
{"step": 2550, "loss": -0.06275168061256409, "examples": 2550, "session_seconds": 2288.9595952429954, "peak_vram_bytes": 1835414016}
{"step": 2560, "loss": -0.03653600066900253, "examples": 2560, "session_seconds": 2298.32598847599, "peak_vram_bytes": 1835414016}
{"step": 2570, "loss": -3.3753490447998047, "examples": 2570, "session_seconds": 2307.6628384959913, "peak_vram_bytes": 1835414016}
{"step": 2580, "loss": -0.15140928328037262, "examples": 2580, "session_seconds": 2316.5157103719976, "peak_vram_bytes": 1835414016}
{"step": 2590, "loss": -0.012230705469846725, "examples": 2590, "session_seconds": 2325.0271379890037, "peak_vram_bytes": 1835414016}
{"step": 2600, "loss": -0.007529864087700844, "examples": 2600, "session_seconds": 2333.5809547389945, "peak_vram_bytes": 1835414016}
{"step": 2610, "loss": 0.020654359832406044, "examples": 2610, "session_seconds": 2343.1331959809904, "peak_vram_bytes": 1835414016}
{"step": 2620, "loss": 0.0037308107130229473, "examples": 2620, "session_seconds": 2352.1762264849967, "peak_vram_bytes": 1835414016}
{"step": 2630, "loss": -0.02573382295668125, "examples": 2630, "session_seconds": 2361.269970141002, "peak_vram_bytes": 1835414016}
{"step": 2640, "loss": -0.00021721003577113152, "examples": 2640, "session_seconds": 2370.2389872369968, "peak_vram_bytes": 1835414016}
{"step": 2650, "loss": -0.019028326496481895, "examples": 2650, "session_seconds": 2379.416090992003, "peak_vram_bytes": 1835414016}
{"step": 2660, "loss": -0.0038677859120070934, "examples": 2660, "session_seconds": 2388.745235751994, "peak_vram_bytes": 1835414016}
{"step": 2670, "loss": -0.0010657673701643944, "examples": 2670, "session_seconds": 2397.965917972004, "peak_vram_bytes": 1835414016}
{"step": 2680, "loss": -0.054039373993873596, "examples": 2680, "session_seconds": 2407.2339987089945, "peak_vram_bytes": 1835414016}
{"step": 2690, "loss": -0.005557639990001917, "examples": 2690, "session_seconds": 2416.100543758992, "peak_vram_bytes": 1835414016}
{"step": 2700, "loss": 0.19004355370998383, "examples": 2700, "session_seconds": 2424.9952559859958, "peak_vram_bytes": 1835414016}
{"step": 2710, "loss": -0.0514276921749115, "examples": 2710, "session_seconds": 2434.77686896699, "peak_vram_bytes": 1835414016}
{"step": 2720, "loss": 0.02724441885948181, "examples": 2720, "session_seconds": 2443.8678917880025, "peak_vram_bytes": 1835414016}
{"step": 2730, "loss": 0.02228664979338646, "examples": 2730, "session_seconds": 2452.3894846030016, "peak_vram_bytes": 1835414016}
{"step": 2740, "loss": -0.07927697151899338, "examples": 2740, "session_seconds": 2461.0722902760026, "peak_vram_bytes": 1835414016}
{"step": 2750, "loss": -0.02120096981525421, "examples": 2750, "session_seconds": 2469.6911831820034, "peak_vram_bytes": 1835414016}
{"step": 2760, "loss": 0.013783693313598633, "examples": 2760, "session_seconds": 2478.1543273650022, "peak_vram_bytes": 1835414016}
{"step": 2770, "loss": -0.01822228729724884, "examples": 2770, "session_seconds": 2486.672814559992, "peak_vram_bytes": 1835414016}
{"step": 2780, "loss": 0.005465151742100716, "examples": 2780, "session_seconds": 2495.159799806992, "peak_vram_bytes": 1835414016}
{"step": 2790, "loss": -0.01110520027577877, "examples": 2790, "session_seconds": 2504.0168763160036, "peak_vram_bytes": 1835414016}
{"step": 2800, "loss": 0.05577407777309418, "examples": 2800, "session_seconds": 2512.6558957929956, "peak_vram_bytes": 1835414016}
{"step": 2810, "loss": 0.005200408399105072, "examples": 2810, "session_seconds": 2521.8301025690016, "peak_vram_bytes": 1835414016}
{"step": 2820, "loss": -0.07910247147083282, "examples": 2820, "session_seconds": 2531.3049969429994, "peak_vram_bytes": 1835414016}
{"step": 2830, "loss": -0.002079601865261793, "examples": 2830, "session_seconds": 2540.0133260189905, "peak_vram_bytes": 1835414016}
{"step": 2840, "loss": -0.33468782901763916, "examples": 2840, "session_seconds": 2549.39685982799, "peak_vram_bytes": 1835414016}
{"step": 2850, "loss": -0.2811727523803711, "examples": 2850, "session_seconds": 2558.5311472019966, "peak_vram_bytes": 1835414016}
{"step": 2860, "loss": -0.13550233840942383, "examples": 2860, "session_seconds": 2567.476284784003, "peak_vram_bytes": 1835414016}
{"step": 2870, "loss": -0.0009557381272315979, "examples": 2870, "session_seconds": 2576.806859887991, "peak_vram_bytes": 1835414016}
{"step": 2880, "loss": -0.11590274423360825, "examples": 2880, "session_seconds": 2585.313092819997, "peak_vram_bytes": 1835414016}
{"step": 2890, "loss": -0.013840027153491974, "examples": 2890, "session_seconds": 2593.516749331, "peak_vram_bytes": 1835414016}
{"step": 2900, "loss": -0.006867582444101572, "examples": 2900, "session_seconds": 2601.885431646995, "peak_vram_bytes": 1835414016}
{"step": 2910, "loss": -0.0020963349379599094, "examples": 2910, "session_seconds": 2610.6106653919996, "peak_vram_bytes": 1835414016}
{"step": 2920, "loss": 0.024101130664348602, "examples": 2920, "session_seconds": 2619.0238588509965, "peak_vram_bytes": 1835414016}
{"step": 2930, "loss": -0.009380079805850983, "examples": 2930, "session_seconds": 2627.3756266359997, "peak_vram_bytes": 1835414016}
{"step": 2940, "loss": -0.0029970966279506683, "examples": 2940, "session_seconds": 2635.653966755999, "peak_vram_bytes": 1835414016}
{"step": 2950, "loss": 0.06799261271953583, "examples": 2950, "session_seconds": 2644.0140337839985, "peak_vram_bytes": 1835414016}
{"step": 2960, "loss": 0.0012310510501265526, "examples": 2960, "session_seconds": 2652.2899079579947, "peak_vram_bytes": 1835414016}
{"step": 2970, "loss": 0.006958132144063711, "examples": 2970, "session_seconds": 2660.6058359519957, "peak_vram_bytes": 1835414016}
{"step": 2980, "loss": 0.027108877897262573, "examples": 2980, "session_seconds": 2668.939660235992, "peak_vram_bytes": 1835414016}
{"step": 2990, "loss": -0.05353253334760666, "examples": 2990, "session_seconds": 2677.2045652789966, "peak_vram_bytes": 1835414016}
{"step": 3000, "loss": -0.012224623933434486, "examples": 3000, "session_seconds": 2685.538487850994, "peak_vram_bytes": 1835414016}
{"step": 3010, "loss": -0.05387280136346817, "examples": 3010, "session_seconds": 2694.2146198959963, "peak_vram_bytes": 1835414016}
{"step": 3020, "loss": 0.2612082064151764, "examples": 3020, "session_seconds": 2702.8895560439996, "peak_vram_bytes": 1835414016}
{"step": 3030, "loss": -0.0038001351058483124, "examples": 3030, "session_seconds": 2711.398256714994, "peak_vram_bytes": 1835414016}
{"step": 3040, "loss": -0.4375353157520294, "examples": 3040, "session_seconds": 2719.6831887290027, "peak_vram_bytes": 1835414016}
{"step": 3050, "loss": -0.05377233773469925, "examples": 3050, "session_seconds": 2727.9138035880023, "peak_vram_bytes": 1835414016}
{"step": 3060, "loss": -1.8230255846574117e-11, "examples": 3060, "session_seconds": 2736.207606153999, "peak_vram_bytes": 1835414016}
{"step": 3070, "loss": -0.015659810975193977, "examples": 3070, "session_seconds": 2744.2706770939985, "peak_vram_bytes": 1835414016}
{"step": 3080, "loss": 0.004755438305437565, "examples": 3080, "session_seconds": 2752.5420157920016, "peak_vram_bytes": 1835414016}
{"step": 3090, "loss": -0.38585540652275085, "examples": 3090, "session_seconds": 2760.8901270839997, "peak_vram_bytes": 1835414016}
{"step": 3100, "loss": -0.09305130690336227, "examples": 3100, "session_seconds": 2769.1082480100013, "peak_vram_bytes": 1835414016}
{"step": 3110, "loss": 0.19918040931224823, "examples": 3110, "session_seconds": 2777.760613851002, "peak_vram_bytes": 1835414016}
{"step": 3120, "loss": -0.0006688479334115982, "examples": 3120, "session_seconds": 2786.0989048379997, "peak_vram_bytes": 1835414016}
{"step": 3130, "loss": -0.0029678423888981342, "examples": 3130, "session_seconds": 2794.4004236659966, "peak_vram_bytes": 1835414016}
{"step": 3140, "loss": 0.09975017607212067, "examples": 3140, "session_seconds": 2802.7405989819963, "peak_vram_bytes": 1835414016}
{"step": 3150, "loss": -0.0006757546216249466, "examples": 3150, "session_seconds": 2811.0556906659913, "peak_vram_bytes": 1835414016}
{"step": 3160, "loss": -0.18514375388622284, "examples": 3160, "session_seconds": 2819.3850299609912, "peak_vram_bytes": 1835414016}
{"step": 3170, "loss": -0.3113919794559479, "examples": 3170, "session_seconds": 2827.6197730179993, "peak_vram_bytes": 1835414016}
{"step": 3180, "loss": -0.009551405906677246, "examples": 3180, "session_seconds": 2835.906306136996, "peak_vram_bytes": 1835414016}
{"step": 3190, "loss": -0.17882996797561646, "examples": 3190, "session_seconds": 2844.5381959980004, "peak_vram_bytes": 1835414016}
{"step": 3200, "loss": -0.05247100815176964, "examples": 3200, "session_seconds": 2853.5051001569955, "peak_vram_bytes": 1835414016}
{"step": 3210, "loss": -0.0038274312391877174, "examples": 3210, "session_seconds": 2863.3299630389956, "peak_vram_bytes": 1835414016}
{"step": 3220, "loss": -0.02076817862689495, "examples": 3220, "session_seconds": 2872.1725672030007, "peak_vram_bytes": 1835414016}
{"step": 3230, "loss": 0.0020860249642282724, "examples": 3230, "session_seconds": 2880.8339776889916, "peak_vram_bytes": 1835414016}
{"step": 3240, "loss": 0.2663528025150299, "examples": 3240, "session_seconds": 2890.1090546049963, "peak_vram_bytes": 1835414016}
{"step": 3250, "loss": -0.08400551974773407, "examples": 3250, "session_seconds": 2899.7579820429964, "peak_vram_bytes": 1835414016}
{"step": 3260, "loss": -0.0020309658721089363, "examples": 3260, "session_seconds": 2909.2423516589915, "peak_vram_bytes": 1835414016}
{"step": 3270, "loss": -0.0009200116619467735, "examples": 3270, "session_seconds": 2918.4914058369905, "peak_vram_bytes": 1835414016}
{"step": 3280, "loss": 0.10091282427310944, "examples": 3280, "session_seconds": 2926.9793661769945, "peak_vram_bytes": 1835414016}
{"step": 3290, "loss": -0.014363642781972885, "examples": 3290, "session_seconds": 2935.5518236279895, "peak_vram_bytes": 1835414016}
{"step": 3300, "loss": -0.0028980118222534657, "examples": 3300, "session_seconds": 2944.9313770070003, "peak_vram_bytes": 1835414016}
{"step": 3310, "loss": 0.23045384883880615, "examples": 3310, "session_seconds": 2954.1566517799947, "peak_vram_bytes": 1835414016}
{"step": 3320, "loss": -0.04032853990793228, "examples": 3320, "session_seconds": 2962.5847231149965, "peak_vram_bytes": 1835414016}
{"step": 3330, "loss": -0.011849161237478256, "examples": 3330, "session_seconds": 2970.839355652992, "peak_vram_bytes": 1835414016}
{"step": 3340, "loss": -0.026821061968803406, "examples": 3340, "session_seconds": 2980.1983819040033, "peak_vram_bytes": 1835414016}
{"step": 3350, "loss": -0.0020733149722218513, "examples": 3350, "session_seconds": 2989.605373571001, "peak_vram_bytes": 1835414016}
{"step": 3360, "loss": -0.005838142707943916, "examples": 3360, "session_seconds": 2999.3368425189983, "peak_vram_bytes": 1835414016}
{"step": 3370, "loss": -0.8461174368858337, "examples": 3370, "session_seconds": 3008.87321696899, "peak_vram_bytes": 1835414016}
{"step": 3380, "loss": -0.008566725999116898, "examples": 3380, "session_seconds": 3018.567976831997, "peak_vram_bytes": 1835414016}
{"step": 3390, "loss": -0.0004265489988029003, "examples": 3390, "session_seconds": 3028.0486791579897, "peak_vram_bytes": 1835414016}
{"step": 3400, "loss": -0.041701726615428925, "examples": 3400, "session_seconds": 3037.660203139996, "peak_vram_bytes": 1835414016}
{"step": 3410, "loss": -0.02494005486369133, "examples": 3410, "session_seconds": 3046.7710847499984, "peak_vram_bytes": 1835414016}
{"step": 3420, "loss": -0.09086181968450546, "examples": 3420, "session_seconds": 3055.019843418995, "peak_vram_bytes": 1835414016}
{"step": 3430, "loss": -0.018610231578350067, "examples": 3430, "session_seconds": 3063.4178703200014, "peak_vram_bytes": 1835414016}
{"step": 3440, "loss": 0.0036099273711442947, "examples": 3440, "session_seconds": 3072.7820836750034, "peak_vram_bytes": 1835414016}
{"step": 3450, "loss": -0.0024721333757042885, "examples": 3450, "session_seconds": 3082.3214193919994, "peak_vram_bytes": 1835414016}
{"step": 3460, "loss": 0.04629180580377579, "examples": 3460, "session_seconds": 3091.094982124996, "peak_vram_bytes": 1835414016}
{"step": 3470, "loss": -0.060785531997680664, "examples": 3470, "session_seconds": 3100.3249442300003, "peak_vram_bytes": 1835414016}
{"step": 3480, "loss": 0.4105244576931, "examples": 3480, "session_seconds": 3109.950700950998, "peak_vram_bytes": 1835414016}
{"step": 3490, "loss": 0.32228603959083557, "examples": 3490, "session_seconds": 3119.549187850993, "peak_vram_bytes": 1835414016}
{"step": 3500, "loss": -0.17000505328178406, "examples": 3500, "session_seconds": 3129.045724265001, "peak_vram_bytes": 1835414016}
{"step": 3510, "loss": -0.005112884566187859, "examples": 3510, "session_seconds": 3139.007571754002, "peak_vram_bytes": 1835414016}
{"step": 3520, "loss": -0.04660743474960327, "examples": 3520, "session_seconds": 3148.572828003991, "peak_vram_bytes": 1835414016}
{"step": 3530, "loss": -0.01716688647866249, "examples": 3530, "session_seconds": 3158.2123547039955, "peak_vram_bytes": 1835414016}
{"step": 3540, "loss": 0.05913013592362404, "examples": 3540, "session_seconds": 3167.3806817279983, "peak_vram_bytes": 1835414016}
{"step": 3550, "loss": -0.01657702960073948, "examples": 3550, "session_seconds": 3176.5308732239937, "peak_vram_bytes": 1835414016}
{"step": 3560, "loss": -0.04256157577037811, "examples": 3560, "session_seconds": 3185.963390208999, "peak_vram_bytes": 1835414016}
{"step": 3570, "loss": -2.0828113555908203, "examples": 3570, "session_seconds": 3195.5700932549953, "peak_vram_bytes": 1835414016}
{"step": 3580, "loss": -0.0019621415995061398, "examples": 3580, "session_seconds": 3204.9674927799933, "peak_vram_bytes": 1835414016}
{"step": 3590, "loss": -0.009786419570446014, "examples": 3590, "session_seconds": 3213.849336690997, "peak_vram_bytes": 1835414016}
{"step": 3600, "loss": -0.008345983922481537, "examples": 3600, "session_seconds": 3222.8810907709994, "peak_vram_bytes": 1835414016}
{"step": 3610, "loss": 0.17972859740257263, "examples": 3610, "session_seconds": 3232.4376104679977, "peak_vram_bytes": 1835414016}
{"step": 3620, "loss": -0.09386962652206421, "examples": 3620, "session_seconds": 3241.105000957992, "peak_vram_bytes": 1835414016}
{"step": 3630, "loss": -0.0024242980871349573, "examples": 3630, "session_seconds": 3250.1423107309965, "peak_vram_bytes": 1835414016}
{"step": 3640, "loss": 0.6208463311195374, "examples": 3640, "session_seconds": 3259.504652439995, "peak_vram_bytes": 1835414016}
{"step": 3650, "loss": 0.44039005041122437, "examples": 3650, "session_seconds": 3268.2653314709896, "peak_vram_bytes": 1835414016}
{"step": 3660, "loss": -0.002025104593485594, "examples": 3660, "session_seconds": 3277.1563514430018, "peak_vram_bytes": 1835414016}
{"step": 3670, "loss": -0.0024603295605629683, "examples": 3670, "session_seconds": 3286.530729249993, "peak_vram_bytes": 1835414016}
{"step": 3680, "loss": -0.003237815573811531, "examples": 3680, "session_seconds": 3296.0134864389984, "peak_vram_bytes": 1835414016}
{"step": 3690, "loss": -0.10273320227861404, "examples": 3690, "session_seconds": 3305.321422708992, "peak_vram_bytes": 1835414016}
{"step": 3700, "loss": -0.0027507240884006023, "examples": 3700, "session_seconds": 3314.346744347, "peak_vram_bytes": 1835414016}
{"step": 3710, "loss": 0.0, "examples": 3710, "session_seconds": 3323.9514022270014, "peak_vram_bytes": 1835414016}
{"step": 3720, "loss": -0.005124079529196024, "examples": 3720, "session_seconds": 3333.500306981994, "peak_vram_bytes": 1835414016}
{"step": 3730, "loss": -0.03960605710744858, "examples": 3730, "session_seconds": 3342.726933938, "peak_vram_bytes": 1835414016}
{"step": 3740, "loss": -0.05469247326254845, "examples": 3740, "session_seconds": 3351.814743611001, "peak_vram_bytes": 1835414016}
{"step": 3750, "loss": 0.3961210548877716, "examples": 3750, "session_seconds": 3361.2709924709925, "peak_vram_bytes": 1835414016}
{"step": 3760, "loss": 0.008270206861197948, "examples": 3760, "session_seconds": 3370.8979917230026, "peak_vram_bytes": 1835414016}
{"step": 3770, "loss": -0.010242237709462643, "examples": 3770, "session_seconds": 3380.4207402969914, "peak_vram_bytes": 1835414016}
{"step": 3780, "loss": -0.002522760070860386, "examples": 3780, "session_seconds": 3389.5839866669994, "peak_vram_bytes": 1835414016}
{"step": 3790, "loss": -0.005967847071588039, "examples": 3790, "session_seconds": 3398.7582156599965, "peak_vram_bytes": 1835414016}
{"step": 3800, "loss": -0.0014053215272724628, "examples": 3800, "session_seconds": 3407.853667427, "peak_vram_bytes": 1835414016}
{"step": 3810, "loss": -0.01360753271728754, "examples": 3810, "session_seconds": 3417.3982059219998, "peak_vram_bytes": 1835414016}
{"step": 3820, "loss": 0.663485586643219, "examples": 3820, "session_seconds": 3426.22107931599, "peak_vram_bytes": 1835414016}
{"step": 3830, "loss": -0.0025140391662716866, "examples": 3830, "session_seconds": 3435.035716339, "peak_vram_bytes": 1835414016}
{"step": 3840, "loss": -0.0011934684589505196, "examples": 3840, "session_seconds": 3443.574059734994, "peak_vram_bytes": 1835414016}
{"step": 3850, "loss": 0.7170900702476501, "examples": 3850, "session_seconds": 3452.2063494769973, "peak_vram_bytes": 1835414016}
{"step": 3860, "loss": -0.013685911893844604, "examples": 3860, "session_seconds": 3460.6237027799943, "peak_vram_bytes": 1835414016}
{"step": 3870, "loss": -0.040427252650260925, "examples": 3870, "session_seconds": 3469.2379022120003, "peak_vram_bytes": 1835414016}
{"step": 3880, "loss": -0.8678971529006958, "examples": 3880, "session_seconds": 3477.7362178869953, "peak_vram_bytes": 1835414016}
{"step": 3890, "loss": 0.16623082756996155, "examples": 3890, "session_seconds": 3486.822625228, "peak_vram_bytes": 1835414016}
{"step": 3900, "loss": -0.0007639247924089432, "examples": 3900, "session_seconds": 3495.538598735002, "peak_vram_bytes": 1835414016}
{"step": 3910, "loss": -0.006502616219222546, "examples": 3910, "session_seconds": 3504.3215325549972, "peak_vram_bytes": 1835414016}
{"step": 3920, "loss": 0.8159666061401367, "examples": 3920, "session_seconds": 3512.7516324669996, "peak_vram_bytes": 1835414016}
{"step": 3930, "loss": -0.0011418387293815613, "examples": 3930, "session_seconds": 3521.1964226080017, "peak_vram_bytes": 1835414016}
{"step": 3940, "loss": 0.0, "examples": 3940, "session_seconds": 3530.0858373719966, "peak_vram_bytes": 1835414016}
{"step": 3950, "loss": -0.0022575734183192253, "examples": 3950, "session_seconds": 3539.079704439995, "peak_vram_bytes": 1835414016}
{"step": 3960, "loss": -0.0009196342434734106, "examples": 3960, "session_seconds": 3548.576522328003, "peak_vram_bytes": 1835414016}
{"step": 3970, "loss": -0.0057486239820718765, "examples": 3970, "session_seconds": 3558.1524556689983, "peak_vram_bytes": 1835414016}
{"step": 3980, "loss": -0.013911611400544643, "examples": 3980, "session_seconds": 3567.012823832003, "peak_vram_bytes": 1835414016}
{"step": 3990, "loss": -0.0007402002811431885, "examples": 3990, "session_seconds": 3576.004420022, "peak_vram_bytes": 1835414016}
{"step": 4000, "loss": -0.13813434541225433, "examples": 4000, "session_seconds": 3585.215941998991, "peak_vram_bytes": 1835414016}
wandb: 
wandb: Run history:
wandb:        examples ▁▁▁▁▂▂▂▃▃▃▃▃▃▃▃▄▄▄▄▄▄▄▄▅▅▅▅▅▅▅▆▆▆▇▇▇▇▇██
wandb:            loss █▇▇▇▇▇▇▇▇▇▇▅▇▇▇▇▇▇▇▆▇▂▆▆▆▇▆▁▆▆▇▆▆▇▆▆▇▇▆▇
wandb: peak_vram_bytes ▁▁▃▅▅▅▅▅▅▅▅▅▅▅▅▅▅▅██████████████████████
wandb: session_seconds ▁▁▂▂▂▃▃▃▃▃▄▄▄▄▄▅▅▅▅▅▆▆▆▆▆▆▆▇▇▇▇▇▇▇▇█████
wandb:            step ▁▁▁▂▂▂▂▂▂▂▃▄▄▄▄▄▄▄▅▅▅▅▅▅▅▆▆▆▆▆▇▇▇▇▇█████
wandb: 
wandb: Run summary:
wandb:        examples 4000
wandb:            loss -0.13813
wandb: peak_vram_bytes 1835414016
wandb: session_seconds 3585.21594
wandb:            step 4000
wandb: 
wandb: You can sync this run to the cloud by running:
wandb: wandb sync artifacts/longer-v1/0.8b/main/seed-33/sampled/tracking/wandb/offline-run-20261005_052226-x5mhdy5g
wandb: Find logs at: artifacts/longer-v1/0.8b/main/seed-33/sampled/tracking/wandb/offline-run-20261005_052226-x5mhdy5g/logs
{"artifact": "artifacts/longer-v1/0.8b/main/seed-33/sampled/artifact", "elapsed_seconds": 3585.5717766290036}
